<6>[    0.000000] Initializing cgroup subsys cpuset
<6>[    0.000000] Initializing cgroup subsys cpu
<6>[    0.000000] Initializing cgroup subsys cpuacct
<5>[    0.000000] Linux version 4.2.0-18-generic (buildd@lgw01-55) (gcc version 4.8.2 (Ubuntu 4.8.2-19ubuntu1) ) #22~14.04.1-Ubuntu SMP Fri Nov 6 22:20:11 UTC 2015 (Ubuntu 4.2.0-18.22~14.04.1-generic 4.2.3)
<6>[    0.000000] Command line: initrd=/casper/initrd.lz boot=casper config ip=frommedia persistent noprompt splash quiet FWTS_AUTO_SHUTDOWN=1 username=ubuntu hostname=fwts-live  quiet BOOT_IMAGE=/casper/vmlinuz 
<6>[    0.000000] KERNEL supported cpus:
<6>[    0.000000]   Intel GenuineIntel
<6>[    0.000000]   AMD AuthenticAMD
<6>[    0.000000]   Centaur CentaurHauls
<6>[    0.000000] x86/fpu: xstate_offset[2]: 0240, xstate_sizes[2]: 0100
<6>[    0.000000] x86/fpu: Supporting XSAVE feature 0x01: 'x87 floating point registers'
<6>[    0.000000] x86/fpu: Supporting XSAVE feature 0x02: 'SSE registers'
<6>[    0.000000] x86/fpu: Supporting XSAVE feature 0x04: 'AVX registers'
<6>[    0.000000] x86/fpu: Enabled xstate features 0x7, context size is 0x340 bytes, using 'standard' format.
<6>[    0.000000] x86/fpu: Using 'eager' FPU context switches.
<6>[    0.000000] e820: BIOS-provided physical RAM map:
<6>[    0.000000] BIOS-e820: [mem 0x0000000000000000-0x000000000009d7ff] usable
<6>[    0.000000] BIOS-e820: [mem 0x000000000009d800-0x000000000009ffff] reserved
<6>[    0.000000] BIOS-e820: [mem 0x00000000000e0000-0x00000000000fffff] reserved
<6>[    0.000000] BIOS-e820: [mem 0x0000000000100000-0x000000001fffffff] usable
<6>[    0.000000] BIOS-e820: [mem 0x0000000020000000-0x00000000201fffff] reserved
<6>[    0.000000] BIOS-e820: [mem 0x0000000020200000-0x0000000040003fff] usable
<6>[    0.000000] BIOS-e820: [mem 0x0000000040004000-0x0000000040004fff] reserved
<6>[    0.000000] BIOS-e820: [mem 0x0000000040005000-0x00000000cec30fff] usable
<6>[    0.000000] BIOS-e820: [mem 0x00000000cec31000-0x00000000dae9efff] reserved
<6>[    0.000000] BIOS-e820: [mem 0x00000000dae9f000-0x00000000daf9efff] ACPI NVS
<6>[    0.000000] BIOS-e820: [mem 0x00000000daf9f000-0x00000000daffefff] ACPI data
<6>[    0.000000] BIOS-e820: [mem 0x00000000dafff000-0x00000000df9fffff] reserved
<6>[    0.000000] BIOS-e820: [mem 0x00000000f8000000-0x00000000fbffffff] reserved
<6>[    0.000000] BIOS-e820: [mem 0x00000000fec00000-0x00000000fec00fff] reserved
<6>[    0.000000] BIOS-e820: [mem 0x00000000fed08000-0x00000000fed08fff] reserved
<6>[    0.000000] BIOS-e820: [mem 0x00000000fed10000-0x00000000fed19fff] reserved
<6>[    0.000000] BIOS-e820: [mem 0x00000000fed1c000-0x00000000fed1ffff] reserved
<6>[    0.000000] BIOS-e820: [mem 0x00000000fee00000-0x00000000fee00fff] reserved
<6>[    0.000000] BIOS-e820: [mem 0x00000000ffc00000-0x00000000ffffffff] reserved
<6>[    0.000000] BIOS-e820: [mem 0x0000000100000000-0x000000011e5fffff] usable
<6>[    0.000000] NX (Execute Disable) protection: active
<6>[    0.000000] SMBIOS 2.7 present.
<7>[    0.000000] DMI: LENOVO 2325EL2/2325EL2, BIOS G2ET94WW (2.54 ) 04/30/2013
<7>[    0.000000] e820: update [mem 0x00000000-0x00000fff] usable ==> reserved
<7>[    0.000000] e820: remove [mem 0x000a0000-0x000fffff] usable
<6>[    0.000000] e820: last_pfn = 0x11e600 max_arch_pfn = 0x400000000
<7>[    0.000000] MTRR default type: uncachable
<7>[    0.000000] MTRR fixed ranges enabled:
<7>[    0.000000]   00000-9FFFF write-back
<7>[    0.000000]   A0000-BFFFF uncachable
<7>[    0.000000]   C0000-FFFFF write-protect
<7>[    0.000000] MTRR variable ranges enabled:
<7>[    0.000000]   0 base 0FFC00000 mask FFFC00000 write-protect
<7>[    0.000000]   1 base 000000000 mask F80000000 write-back
<7>[    0.000000]   2 base 080000000 mask FC0000000 write-back
<7>[    0.000000]   3 base 0C0000000 mask FE0000000 write-back
<7>[    0.000000]   4 base 0DC000000 mask FFC000000 uncachable
<7>[    0.000000]   5 base 0DB000000 mask FFF000000 uncachable
<7>[    0.000000]   6 base 100000000 mask FE0000000 write-back
<7>[    0.000000]   7 base 11F000000 mask FFF000000 uncachable
<7>[    0.000000]   8 base 11E800000 mask FFF800000 uncachable
<7>[    0.000000]   9 base 11E600000 mask FFFE00000 uncachable
<6>[    0.000000] x86/PAT: Configuration [0-7]: WB  WC  UC- UC  WB  WC  UC- WT  
<6>[    0.000000] e820: last_pfn = 0xcec31 max_arch_pfn = 0x400000000
<6>[    0.000000] found SMP MP-table at [mem 0x000f0100-0x000f010f] mapped at [ffff8800000f0100]
<6>[    0.000000] Scanning 1 areas for low memory corruption
<7>[    0.000000] Base memory trampoline at [ffff880000097000] 97000 size 24576
<6>[    0.000000] init_memory_mapping: [mem 0x00000000-0x000fffff]
<7>[    0.000000]  [mem 0x00000000-0x000fffff] page 4k
<7>[    0.000000] BRK [0x01ff2000, 0x01ff2fff] PGTABLE
<7>[    0.000000] BRK [0x01ff3000, 0x01ff3fff] PGTABLE
<7>[    0.000000] BRK [0x01ff4000, 0x01ff4fff] PGTABLE
<6>[    0.000000] init_memory_mapping: [mem 0x11e400000-0x11e5fffff]
<7>[    0.000000]  [mem 0x11e400000-0x11e5fffff] page 2M
<7>[    0.000000] BRK [0x01ff5000, 0x01ff5fff] PGTABLE
<6>[    0.000000] init_memory_mapping: [mem 0x100000000-0x11e3fffff]
<7>[    0.000000]  [mem 0x100000000-0x11e3fffff] page 2M
<6>[    0.000000] init_memory_mapping: [mem 0xc0000000-0xcec30fff]
<7>[    0.000000]  [mem 0xc0000000-0xcebfffff] page 2M
<7>[    0.000000]  [mem 0xcec00000-0xcec30fff] page 4k
<7>[    0.000000] BRK [0x01ff6000, 0x01ff6fff] PGTABLE
<7>[    0.000000] BRK [0x01ff7000, 0x01ff7fff] PGTABLE
<6>[    0.000000] init_memory_mapping: [mem 0x00100000-0x1fffffff]
<7>[    0.000000]  [mem 0x00100000-0x001fffff] page 4k
<7>[    0.000000]  [mem 0x00200000-0x1fffffff] page 2M
<6>[    0.000000] init_memory_mapping: [mem 0x20200000-0x40003fff]
<7>[    0.000000]  [mem 0x20200000-0x3fffffff] page 2M
<7>[    0.000000]  [mem 0x40000000-0x40003fff] page 4k
<6>[    0.000000] init_memory_mapping: [mem 0x40005000-0xbfffffff]
<7>[    0.000000]  [mem 0x40005000-0x401fffff] page 4k
<7>[    0.000000]  [mem 0x40200000-0xbfffffff] page 2M
<6>[    0.000000] RAMDISK: [mem 0x1f2bd000-0x1fffefff]
<6>[    0.000000] ACPI: Early table checksum verification disabled
<4>[    0.000000] ACPI: RSDP 0x00000000000F0120 000024 (v02 LENOVO)
<4>[    0.000000] ACPI: XSDT 0x00000000DAFFE170 0000C4 (v01 LENOVO TP-G2    00002540 PTL  00000002)
<4>[    0.000000] ACPI: FACP 0x00000000DAFE6000 00010C (v05 LENOVO TP-G2    00002540 PTL  00000002)
<4>[    0.000000] ACPI: DSDT 0x00000000DAFE8000 010E11 (v01 LENOVO TP-G2    00002540 INTL 20061109)
<4>[    0.000000] ACPI: FACS 0x00000000DAF5A000 000040
<4>[    0.000000] ACPI: SLIC 0x00000000DAFFD000 000176 (v01 LENOVO TP-G2    00002540 PTL  00000001)
<4>[    0.000000] ACPI: TCPA 0x00000000DAFFC000 000032 (v02 PTL    LENOVO   06040000 LNVO 00000001)
<4>[    0.000000] ACPI: SSDT 0x00000000DAFFB000 000408 (v01 LENOVO TP-SSDT2 00000200 INTL 20061109)
<4>[    0.000000] ACPI: SSDT 0x00000000DAFFA000 000033 (v01 LENOVO TP-SSDT1 00000100 INTL 20061109)
<4>[    0.000000] ACPI: SSDT 0x00000000DAFF9000 0007A8 (v01 LENOVO SataAhci 00001000 INTL 20061109)
<4>[    0.000000] ACPI: HPET 0x00000000DAFE4000 000038 (v01 LENOVO TP-G2    00002540 PTL  00000002)
<4>[    0.000000] ACPI: APIC 0x00000000DAFE3000 000098 (v01 LENOVO TP-G2    00002540 PTL  00000002)
<4>[    0.000000] ACPI: MCFG 0x00000000DAFE2000 00003C (v01 LENOVO TP-G2    00002540 PTL  00000002)
<4>[    0.000000] ACPI: ECDT 0x00000000DAFE1000 000052 (v01 LENOVO TP-G2    00002540 PTL  00000002)
<4>[    0.000000] ACPI: FPDT 0x00000000DAFE0000 000064 (v01 LENOVO TP-G2    00002540 PTL  00000002)
<4>[    0.000000] ACPI: ASF! 0x00000000DAFE7000 0000A5 (v32 LENOVO TP-G2    00002540 PTL  00000002)
<4>[    0.000000] ACPI: UEFI 0x00000000DAFDF000 00003E (v01 LENOVO TP-G2    00002540 PTL  00000002)
<4>[    0.000000] ACPI: UEFI 0x00000000DAFDE000 000042 (v01 PTL    COMBUF   00000001 PTL  00000001)
<4>[    0.000000] ACPI: POAT 0x00000000DAFDD000 000055 (v03 LENOVO TP-G2    00002540 PTL  00000002)
<4>[    0.000000] ACPI: SSDT 0x00000000DAFDC000 000C79 (v01 PmRef  Cpu0Ist  00003000 INTL 20061109)
<4>[    0.000000] ACPI: SSDT 0x00000000DAFDB000 000A83 (v01 PmRef  CpuPm    00003000 INTL 20061109)
<4>[    0.000000] ACPI: SSDT 0x00000000DAFDA000 0000D0 (v01 LENOVO IffsAsl  00003000 INTL 20061109)
<4>[    0.000000] ACPI: UEFI 0x00000000DAFD9000 0002A6 (v01 LENOVO TP-G2    00002540 PTL  00000002)
<4>[    0.000000] ACPI: DBG2 0x00000000DAFD8000 0000E9 (v00 LENOVO TP-G2    00002540 PTL  00000002)
<5>[    0.000000] ACPI: DMI detected: Lenovo ThinkPad X230
<7>[    0.000000] ACPI: Local APIC address 0xfee00000
<6>[    0.000000] No NUMA configuration found
<6>[    0.000000] Faking a node at [mem 0x0000000000000000-0x000000011e5fffff]
<6>[    0.000000] NODE_DATA(0) allocated [mem 0x11e5f8000-0x11e5fcfff]
<7>[    0.000000]  [ffffea0000000000-ffffea00047fffff] PMD -> [ffff88011a000000-ffff88011dbfffff] on node 0
<6>[    0.000000] Zone ranges:
<6>[    0.000000]   DMA      [mem 0x0000000000001000-0x0000000000ffffff]
<6>[    0.000000]   DMA32    [mem 0x0000000001000000-0x00000000ffffffff]
<6>[    0.000000]   Normal   [mem 0x0000000100000000-0x000000011e5fffff]
<6>[    0.000000] Movable zone start for each node
<6>[    0.000000] Early memory node ranges
<6>[    0.000000]   node   0: [mem 0x0000000000001000-0x000000000009cfff]
<6>[    0.000000]   node   0: [mem 0x0000000000100000-0x000000001fffffff]
<6>[    0.000000]   node   0: [mem 0x0000000020200000-0x0000000040003fff]
<6>[    0.000000]   node   0: [mem 0x0000000040005000-0x00000000cec30fff]
<6>[    0.000000]   node   0: [mem 0x0000000100000000-0x000000011e5fffff]
<6>[    0.000000] Initmem setup node 0 [mem 0x0000000000001000-0x000000011e5fffff]
<7>[    0.000000] On node 0 totalpages: 970700
<7>[    0.000000]   DMA zone: 64 pages used for memmap
<7>[    0.000000]   DMA zone: 21 pages reserved
<7>[    0.000000]   DMA zone: 3996 pages, LIFO batch:0
<7>[    0.000000]   DMA32 zone: 13161 pages used for memmap
<7>[    0.000000]   DMA32 zone: 842288 pages, LIFO batch:31
<7>[    0.000000]   Normal zone: 1944 pages used for memmap
<7>[    0.000000]   Normal zone: 124416 pages, LIFO batch:31
<6>[    0.000000] Reserving Intel graphics stolen memory at 0xdba00000-0xdf9fffff
<6>[    0.000000] ACPI: PM-Timer IO Port: 0x408
<7>[    0.000000] ACPI: Local APIC address 0xfee00000
<6>[    0.000000] ACPI: LAPIC_NMI (acpi_id[0x00] high edge lint[0x1])
<6>[    0.000000] ACPI: LAPIC_NMI (acpi_id[0x01] high edge lint[0x1])
<6>[    0.000000] IOAPIC[0]: apic_id 2, version 32, address 0xfec00000, GSI 0-23
<6>[    0.000000] ACPI: INT_SRC_OVR (bus 0 bus_irq 0 global_irq 2 dfl dfl)
<6>[    0.000000] ACPI: INT_SRC_OVR (bus 0 bus_irq 9 global_irq 9 high level)
<7>[    0.000000] ACPI: IRQ0 used by override.
<7>[    0.000000] ACPI: IRQ9 used by override.
<6>[    0.000000] Using ACPI (MADT) for SMP configuration information
<6>[    0.000000] ACPI: HPET id: 0x8086a301 base: 0xfed00000
<6>[    0.000000] smpboot: Allowing 8 CPUs, 4 hotplug CPUs
<6>[    0.000000] PM: Registered nosave memory: [mem 0x00000000-0x00000fff]
<6>[    0.000000] PM: Registered nosave memory: [mem 0x0009d000-0x0009dfff]
<6>[    0.000000] PM: Registered nosave memory: [mem 0x0009e000-0x0009ffff]
<6>[    0.000000] PM: Registered nosave memory: [mem 0x000a0000-0x000dffff]
<6>[    0.000000] PM: Registered nosave memory: [mem 0x000e0000-0x000fffff]
<6>[    0.000000] PM: Registered nosave memory: [mem 0x20000000-0x201fffff]
<6>[    0.000000] PM: Registered nosave memory: [mem 0x40004000-0x40004fff]
<6>[    0.000000] PM: Registered nosave memory: [mem 0xcec31000-0xdae9efff]
<6>[    0.000000] PM: Registered nosave memory: [mem 0xdae9f000-0xdaf9efff]
<6>[    0.000000] PM: Registered nosave memory: [mem 0xdaf9f000-0xdaffefff]
<6>[    0.000000] PM: Registered nosave memory: [mem 0xdafff000-0xdf9fffff]
<6>[    0.000000] PM: Registered nosave memory: [mem 0xdfa00000-0xf7ffffff]
<6>[    0.000000] PM: Registered nosave memory: [mem 0xf8000000-0xfbffffff]
<6>[    0.000000] PM: Registered nosave memory: [mem 0xfc000000-0xfebfffff]
<6>[    0.000000] PM: Registered nosave memory: [mem 0xfec00000-0xfec00fff]
<6>[    0.000000] PM: Registered nosave memory: [mem 0xfec01000-0xfed07fff]
<6>[    0.000000] PM: Registered nosave memory: [mem 0xfed08000-0xfed08fff]
<6>[    0.000000] PM: Registered nosave memory: [mem 0xfed09000-0xfed0ffff]
<6>[    0.000000] PM: Registered nosave memory: [mem 0xfed10000-0xfed19fff]
<6>[    0.000000] PM: Registered nosave memory: [mem 0xfed1a000-0xfed1bfff]
<6>[    0.000000] PM: Registered nosave memory: [mem 0xfed1c000-0xfed1ffff]
<6>[    0.000000] PM: Registered nosave memory: [mem 0xfed20000-0xfedfffff]
<6>[    0.000000] PM: Registered nosave memory: [mem 0xfee00000-0xfee00fff]
<6>[    0.000000] PM: Registered nosave memory: [mem 0xfee01000-0xffbfffff]
<6>[    0.000000] PM: Registered nosave memory: [mem 0xffc00000-0xffffffff]
<6>[    0.000000] e820: [mem 0xdfa00000-0xf7ffffff] available for PCI devices
<6>[    0.000000] Booting paravirtualized kernel on bare hardware
<6>[    0.000000] clocksource: refined-jiffies: mask: 0xffffffff max_cycles: 0xffffffff, max_idle_ns: 7645519600211568 ns
<6>[    0.000000] setup_percpu: NR_CPUS:256 nr_cpumask_bits:256 nr_cpu_ids:8 nr_node_ids:1
<6>[    0.000000] PERCPU: Embedded 33 pages/cpu @ffff88011e200000 s96728 r8192 d30248 u262144
<7>[    0.000000] pcpu-alloc: s96728 r8192 d30248 u262144 alloc=1*2097152
<7>[    0.000000] pcpu-alloc: [0] 0 1 2 3 4 5 6 7 
<6>[    0.000000] Built 1 zonelists in Node order, mobility grouping on.  Total pages: 955510
<6>[    0.000000] Policy zone: Normal
<5>[    0.000000] Kernel command line: initrd=/casper/initrd.lz boot=casper config ip=frommedia persistent noprompt splash quiet FWTS_AUTO_SHUTDOWN=1 username=ubuntu hostname=fwts-live  quiet BOOT_IMAGE=/casper/vmlinuz 
<6>[    0.000000] PID hash table entries: 4096 (order: 3, 32768 bytes)
<7>[    0.000000] Calgary: detecting Calgary via BIOS EBDA area
<7>[    0.000000] Calgary: Unable to locate Rio Grande table in EBDA - bailing!
<6>[    0.000000] Memory: 3723956K/3882800K available (7932K kernel code, 1242K rwdata, 3812K rodata, 1464K init, 1292K bss, 158844K reserved, 0K cma-reserved)
<6>[    0.000000] SLUB: HWalign=64, Order=0-3, MinObjects=0, CPUs=8, Nodes=1
<6>[    0.000000] Hierarchical RCU implementation.
<6>[    0.000000] 	Build-time adjustment of leaf fanout to 64.
<6>[    0.000000] 	RCU restricting CPUs from NR_CPUS=256 to nr_cpu_ids=8.
<6>[    0.000000] RCU: Adjusting geometry for rcu_fanout_leaf=64, nr_cpu_ids=8
<6>[    0.000000] NR_IRQS:16640 nr_irqs:488 16
<6>[    0.000000] 	Offload RCU callbacks from all CPUs
<6>[    0.000000] 	Offload RCU callbacks from CPUs: 0-7.
<6>[    0.000000] Console: colour VGA+ 80x25
<6>[    0.000000] console [tty0] enabled
<6>[    0.000000] clocksource: hpet: mask: 0xffffffff max_cycles: 0xffffffff, max_idle_ns: 133484882848 ns
<7>[    0.000000] hpet clockevent registered
<6>[    0.000000] tsc: Fast TSC calibration using PIT
<6>[    0.000000] tsc: Detected 2594.027 MHz processor
<6>[    0.000067] Calibrating delay loop (skipped), value calculated using timer frequency.. 5188.05 BogoMIPS (lpj=10376108)
<6>[    0.000072] pid_max: default: 32768 minimum: 301
<6>[    0.000081] ACPI: Core revision 20150619
<4>[    0.024587] ACPI: All ACPI Tables successfully acquired
<6>[    0.024622] Security Framework initialized
<6>[    0.024640] AppArmor: AppArmor initialized
<6>[    0.024641] Yama: becoming mindful.
<6>[    0.025174] Dentry cache hash table entries: 524288 (order: 10, 4194304 bytes)
<6>[    0.027239] Inode-cache hash table entries: 262144 (order: 9, 2097152 bytes)
<6>[    0.028142] Mount-cache hash table entries: 8192 (order: 4, 65536 bytes)
<6>[    0.028152] Mountpoint-cache hash table entries: 8192 (order: 4, 65536 bytes)
<6>[    0.028503] Initializing cgroup subsys blkio
<6>[    0.028508] Initializing cgroup subsys memory
<6>[    0.028520] Initializing cgroup subsys devices
<6>[    0.028524] Initializing cgroup subsys freezer
<6>[    0.028527] Initializing cgroup subsys net_cls
<6>[    0.028530] Initializing cgroup subsys perf_event
<6>[    0.028536] Initializing cgroup subsys net_prio
<6>[    0.028540] Initializing cgroup subsys hugetlb
<6>[    0.028576] CPU: Physical Processor ID: 0
<6>[    0.028578] CPU: Processor Core ID: 0
<4>[    0.028586] ENERGY_PERF_BIAS: Set to 'normal', was 'performance'
<4>[    0.028588] ENERGY_PERF_BIAS: View and update with x86_energy_perf_policy(8)
<6>[    0.029327] mce: CPU supports 7 MCE banks
<6>[    0.029347] CPU0: Thermal monitoring enabled (TM1)
<6>[    0.029359] process: using mwait in idle threads
<6>[    0.029364] Last level iTLB entries: 4KB 512, 2MB 8, 4MB 8
<6>[    0.029366] Last level dTLB entries: 4KB 512, 2MB 32, 4MB 32, 1GB 0
<6>[    0.029639] Freeing SMP alternatives memory: 28K (ffffffff81ea6000 - ffffffff81ead000)
<6>[    0.034445] ftrace: allocating 30954 entries in 121 pages
<6>[    0.062487] x2apic: IRQ remapping doesn't support X2APIC mode
<6>[    0.062982] ..TIMER: vector=0x30 apic1=0 pin1=2 apic2=-1 pin2=-1
<7>[    0.102702] TSC deadline timer enabled
<6>[    0.102709] smpboot: CPU0: Intel(R) Core(TM) i5-3320M CPU @ 2.60GHz (fam: 06, model: 3a, stepping: 09)
<6>[    0.102753] Performance Events: PEBS fmt1+, 16-deep LBR, IvyBridge events, full-width counters, Intel PMU driver.
<6>[    0.102790] ... version:                3
<6>[    0.102792] ... bit width:              48
<6>[    0.102793] ... generic registers:      4
<6>[    0.102795] ... value mask:             0000ffffffffffff
<6>[    0.102797] ... max period:             0000ffffffffffff
<6>[    0.102799] ... fixed-purpose events:   3
<6>[    0.102800] ... event mask:             000000070000000f
<6>[    0.104372] x86: Booting SMP configuration:
<6>[    0.104376] .... node  #0, CPUs:      #1
<6>[    0.108711] NMI watchdog: enabled on all CPUs, permanently consumes one hw-PMU counter.
<4>[    0.108882]  #2 #3
<6>[    0.116951] x86: Booted up 1 node, 4 CPUs
<6>[    0.116956] smpboot: Total of 4 processors activated (20752.21 BogoMIPS)
<6>[    0.122847] devtmpfs: initialized
<6>[    0.127762] evm: security.selinux
<6>[    0.127764] evm: security.SMACK64
<6>[    0.127766] evm: security.SMACK64EXEC
<6>[    0.127768] evm: security.SMACK64TRANSMUTE
<6>[    0.127769] evm: security.SMACK64MMAP
<6>[    0.127771] evm: security.ima
<6>[    0.127772] evm: security.capability
<6>[    0.127927] PM: Registering ACPI NVS region [mem 0xdae9f000-0xdaf9efff] (1048576 bytes)
<6>[    0.128090] clocksource: jiffies: mask: 0xffffffff max_cycles: 0xffffffff, max_idle_ns: 7645041785100000 ns
<6>[    0.128244] pinctrl core: initialized pinctrl subsystem
<6>[    0.128431] RTC time: 15:48:49, date: 02/10/16
<6>[    0.128630] NET: Registered protocol family 16
<6>[    0.130559] cpuidle: using governor ladder
<6>[    0.134561] cpuidle: using governor menu
<6>[    0.134743] ACPI FADT declares the system doesn't support PCIe ASPM, so disable it
<6>[    0.134746] ACPI: bus type PCI registered
<6>[    0.134749] acpiphp: ACPI Hot Plug PCI Controller Driver version: 0.5
<6>[    0.135038] PCI: MMCONFIG for domain 0000 [bus 00-3f] at [mem 0xf8000000-0xfbffffff] (base 0xf8000000)
<6>[    0.135043] PCI: MMCONFIG at [mem 0xf8000000-0xfbffffff] reserved in E820
<6>[    0.135053] PCI: Using configuration type 1 for base access
<6>[    0.135456] perf_event_intel: PMU erratum BJ122, BV98, HSD29 worked around, HT is on
<6>[    0.139192] ACPI: Added _OSI(Module Device)
<6>[    0.139195] ACPI: Added _OSI(Processor Device)
<6>[    0.139197] ACPI: Added _OSI(3.0 _SCP Extensions)
<6>[    0.139200] ACPI: Added _OSI(Processor Aggregator Device)
<6>[    0.139202] ACPI: Deleted _OSI(Windows 2012)
<6>[    0.141892] ACPI : EC: EC description table is found, configuring boot EC
<6>[    0.141910] ACPI : EC: EC started
<5>[    0.149681] [Firmware Bug]: ACPI: BIOS _OSI(Linux) query ignored
<4>[    0.153173] ACPI: Dynamic OEM Table Load:
<4>[    0.153196] ACPI: SSDT 0xFFFF8801193D0000 000A01 (v01 PmRef  Cpu0Cst  00003001 INTL 20061109)
<4>[    0.154235] ACPI: Dynamic OEM Table Load:
<4>[    0.154252] ACPI: SSDT 0xFFFF8801193C0C00 000303 (v01 PmRef  ApIst    00003000 INTL 20061109)
<4>[    0.155182] ACPI: Dynamic OEM Table Load:
<4>[    0.155196] ACPI: SSDT 0xFFFF8801193BC000 000119 (v01 PmRef  ApCst    00003000 INTL 20061109)
<6>[    0.156869] ACPI: Interpreter enabled
<4>[    0.156880] ACPI Exception: AE_NOT_FOUND, While evaluating Sleep State [\_S1_] (20150619/hwxface-580)
<4>[    0.156888] ACPI Exception: AE_NOT_FOUND, While evaluating Sleep State [\_S2_] (20150619/hwxface-580)
<6>[    0.156912] ACPI: (supports S0 S3 S4 S5)
<6>[    0.156915] ACPI: Using IOAPIC for interrupt routing
<6>[    0.156956] PCI: Using host bridge windows from ACPI; if necessary, use "pci=nocrs" and report a bug
<6>[    0.161366] ACPI: Power Resource [PUBS] (on)
<6>[    0.162052] acpi PNP0C0A:01: ACPI dock station (docks/bays count: 1)
<6>[    0.163824] acpi LNXIOBAY:00: ACPI dock station (docks/bays count: 2)
<6>[    0.167059] acpi IBM0079:00: ACPI dock station (docks/bays count: 3)
<6>[    0.167896] ACPI: PCI Interrupt Link [LNKA] (IRQs 3 4 5 6 7 9 10 *11)
<6>[    0.168034] ACPI: PCI Interrupt Link [LNKB] (IRQs 3 4 5 6 *7 9 10 11)
<6>[    0.168168] ACPI: PCI Interrupt Link [LNKC] (IRQs 3 4 5 6 7 9 10 *11)
<6>[    0.168302] ACPI: PCI Interrupt Link [LNKD] (IRQs 3 4 5 6 7 9 *10 11)
<6>[    0.168435] ACPI: PCI Interrupt Link [LNKE] (IRQs 3 4 5 6 *7 9 10 11)
<6>[    0.168565] ACPI: PCI Interrupt Link [LNKF] (IRQs 3 4 5 6 7 9 *10 11)
<6>[    0.168698] ACPI: PCI Interrupt Link [LNKG] (IRQs 3 4 5 6 7 9 10 *11)
<6>[    0.168830] ACPI: PCI Interrupt Link [LNKH] (IRQs 3 4 5 6 7 9 *10 11)
<6>[    0.168985] ACPI: PCI Root Bridge [PCI0] (domain 0000 [bus 00-3f])
<6>[    0.168993] acpi PNP0A08:00: _OSC: OS supports [ExtendedConfig ASPM ClockPM Segments MSI]
<6>[    0.169185] acpi PNP0A08:00: _OSC: platform does not support [PCIeCapability]
<6>[    0.169269] acpi PNP0A08:00: _OSC: not requesting control; platform does not support [PCIeCapability]
<6>[    0.169273] acpi PNP0A08:00: _OSC: OS requested [PCIeHotplug PME AER PCIeCapability]
<6>[    0.169277] acpi PNP0A08:00: _OSC: platform willing to grant [PCIeHotplug PME AER]
<6>[    0.169280] acpi PNP0A08:00: _OSC failed (AE_SUPPORT); disabling ASPM
<6>[    0.169546] PCI host bridge to bus 0000:00
<6>[    0.169551] pci_bus 0000:00: root bus resource [bus 00-3f]
<6>[    0.169555] pci_bus 0000:00: root bus resource [io  0x0000-0x0cf7 window]
<6>[    0.169559] pci_bus 0000:00: root bus resource [io  0x0d00-0xffff window]
<6>[    0.169562] pci_bus 0000:00: root bus resource [mem 0x000a0000-0x000bffff window]
<6>[    0.169565] pci_bus 0000:00: root bus resource [mem 0xdfa00000-0xfebfffff window]
<6>[    0.169569] pci_bus 0000:00: root bus resource [mem 0xfed40000-0xfed4bfff window]
<7>[    0.169582] pci 0000:00:00.0: [8086:0154] type 00 class 0x060000
<7>[    0.169717] pci 0000:00:02.0: [8086:0166] type 00 class 0x030000
<7>[    0.169741] pci 0000:00:02.0: reg 0x10: [mem 0xf0000000-0xf03fffff 64bit]
<7>[    0.169752] pci 0000:00:02.0: reg 0x18: [mem 0xe0000000-0xefffffff 64bit pref]
<7>[    0.169760] pci 0000:00:02.0: reg 0x20: [io  0x5000-0x503f]
<7>[    0.169923] pci 0000:00:14.0: [8086:1e31] type 00 class 0x0c0330
<7>[    0.169982] pci 0000:00:14.0: reg 0x10: [mem 0xf2520000-0xf252ffff 64bit]
<7>[    0.170092] pci 0000:00:14.0: PME# supported from D3hot D3cold
<6>[    0.170144] pci 0000:00:14.0: System wakeup disabled by ACPI
<7>[    0.170218] pci 0000:00:16.0: [8086:1e3a] type 00 class 0x078000
<7>[    0.170278] pci 0000:00:16.0: reg 0x10: [mem 0xf2535000-0xf253500f 64bit]
<7>[    0.170388] pci 0000:00:16.0: PME# supported from D0 D3hot D3cold
<7>[    0.170497] pci 0000:00:16.3: [8086:1e3d] type 00 class 0x070002
<7>[    0.170543] pci 0000:00:16.3: reg 0x10: [io  0x50b0-0x50b7]
<7>[    0.170558] pci 0000:00:16.3: reg 0x14: [mem 0xf253c000-0xf253cfff]
<7>[    0.170765] pci 0000:00:19.0: [8086:1502] type 00 class 0x020000
<7>[    0.170814] pci 0000:00:19.0: reg 0x10: [mem 0xf2500000-0xf251ffff]
<7>[    0.170830] pci 0000:00:19.0: reg 0x14: [mem 0xf253b000-0xf253bfff]
<7>[    0.170845] pci 0000:00:19.0: reg 0x18: [io  0x5080-0x509f]
<7>[    0.170940] pci 0000:00:19.0: PME# supported from D0 D3hot D3cold
<6>[    0.170987] pci 0000:00:19.0: System wakeup disabled by ACPI
<7>[    0.171057] pci 0000:00:1a.0: [8086:1e2d] type 00 class 0x0c0320
<7>[    0.171107] pci 0000:00:1a.0: reg 0x10: [mem 0xf253a000-0xf253a3ff]
<7>[    0.171233] pci 0000:00:1a.0: PME# supported from D0 D3hot D3cold
<6>[    0.171286] pci 0000:00:1a.0: System wakeup disabled by ACPI
<7>[    0.171363] pci 0000:00:1b.0: [8086:1e20] type 00 class 0x040300
<7>[    0.171419] pci 0000:00:1b.0: reg 0x10: [mem 0xf2530000-0xf2533fff 64bit]
<7>[    0.171539] pci 0000:00:1b.0: PME# supported from D0 D3hot D3cold
<6>[    0.171599] pci 0000:00:1b.0: System wakeup disabled by ACPI
<7>[    0.171670] pci 0000:00:1c.0: [8086:1e10] type 01 class 0x060400
<7>[    0.171804] pci 0000:00:1c.0: PME# supported from D0 D3hot D3cold
<7>[    0.171920] pci 0000:00:1c.1: [8086:1e12] type 01 class 0x060400
<7>[    0.172062] pci 0000:00:1c.1: PME# supported from D0 D3hot D3cold
<7>[    0.172180] pci 0000:00:1c.2: [8086:1e14] type 01 class 0x060400
<7>[    0.172314] pci 0000:00:1c.2: PME# supported from D0 D3hot D3cold
<6>[    0.172368] pci 0000:00:1c.2: System wakeup disabled by ACPI
<7>[    0.172452] pci 0000:00:1d.0: [8086:1e26] type 00 class 0x0c0320
<7>[    0.172504] pci 0000:00:1d.0: reg 0x10: [mem 0xf2539000-0xf25393ff]
<7>[    0.172627] pci 0000:00:1d.0: PME# supported from D0 D3hot D3cold
<6>[    0.172677] pci 0000:00:1d.0: System wakeup disabled by ACPI
<7>[    0.172746] pci 0000:00:1f.0: [8086:1e55] type 00 class 0x060100
<7>[    0.172997] pci 0000:00:1f.2: [8086:1e03] type 00 class 0x010601
<7>[    0.173054] pci 0000:00:1f.2: reg 0x10: [io  0x50a8-0x50af]
<7>[    0.173071] pci 0000:00:1f.2: reg 0x14: [io  0x50bc-0x50bf]
<7>[    0.173088] pci 0000:00:1f.2: reg 0x18: [io  0x50a0-0x50a7]
<7>[    0.173106] pci 0000:00:1f.2: reg 0x1c: [io  0x50b8-0x50bb]
<7>[    0.173123] pci 0000:00:1f.2: reg 0x20: [io  0x5060-0x507f]
<7>[    0.173141] pci 0000:00:1f.2: reg 0x24: [mem 0xf2538000-0xf25387ff]
<7>[    0.173203] pci 0000:00:1f.2: PME# supported from D3hot
<7>[    0.173311] pci 0000:00:1f.3: [8086:1e22] type 00 class 0x0c0500
<7>[    0.173347] pci 0000:00:1f.3: reg 0x10: [mem 0xf2534000-0xf25340ff 64bit]
<7>[    0.173394] pci 0000:00:1f.3: reg 0x20: [io  0xefa0-0xefbf]
<7>[    0.173776] pci 0000:02:00.0: [1180:e823] type 00 class 0x088001
<5>[    0.173829] pci 0000:02:00.0: MMC controller base frequency changed to 50Mhz.
<7>[    0.173860] pci 0000:02:00.0: reg 0x10: [mem 0xf1d00000-0xf1d000ff]
<7>[    0.174083] pci 0000:02:00.0: supports D1 D2
<7>[    0.174086] pci 0000:02:00.0: PME# supported from D0 D1 D2 D3hot D3cold
<6>[    0.178739] pci 0000:00:1c.0: PCI bridge to [bus 02]
<7>[    0.178747] pci 0000:00:1c.0:   bridge window [io  0x4000-0x4fff]
<7>[    0.178754] pci 0000:00:1c.0:   bridge window [mem 0xf1d00000-0xf24fffff]
<7>[    0.178766] pci 0000:00:1c.0:   bridge window [mem 0xf0400000-0xf0bfffff 64bit pref]
<7>[    0.179079] pci 0000:03:00.0: [8086:0085] type 00 class 0x028000
<7>[    0.179719] pci 0000:03:00.0: reg 0x10: [mem 0xf1c00000-0xf1c01fff 64bit]
<7>[    0.181037] pci 0000:03:00.0: PME# supported from D0 D3hot D3cold
<6>[    0.186784] pci 0000:00:1c.1: PCI bridge to [bus 03]
<7>[    0.186799] pci 0000:00:1c.1:   bridge window [mem 0xf1c00000-0xf1cfffff]
<6>[    0.186938] acpiphp: Slot [1] registered
<6>[    0.186951] pci 0000:00:1c.2: PCI bridge to [bus 04-0b]
<7>[    0.186958] pci 0000:00:1c.2:   bridge window [io  0x3000-0x3fff]
<7>[    0.186965] pci 0000:00:1c.2:   bridge window [mem 0xf1400000-0xf1bfffff]
<7>[    0.186977] pci 0000:00:1c.2:   bridge window [mem 0xf0c00000-0xf13fffff 64bit pref]
<4>[    0.188456] ACPI: Enabled 4 GPEs in block 00 to 3F
<6>[    0.188576] ACPI : EC: GPE = 0x11, I/O: command/status = 0x66, data = 0x62
<6>[    0.188769] vgaarb: setting as boot device: PCI:0000:00:02.0
<6>[    0.188772] vgaarb: device added: PCI:0000:00:02.0,decodes=io+mem,owns=io+mem,locks=none
<6>[    0.188777] vgaarb: loaded
<6>[    0.188779] vgaarb: bridge control possible 0000:00:02.0
<5>[    0.189178] SCSI subsystem initialized
<7>[    0.189256] libata version 3.00 loaded.
<6>[    0.189300] ACPI: bus type USB registered
<6>[    0.189332] usbcore: registered new interface driver usbfs
<6>[    0.189351] usbcore: registered new interface driver hub
<6>[    0.189384] usbcore: registered new device driver usb
<6>[    0.189651] PCI: Using ACPI for IRQ routing
<7>[    0.193396] PCI: pci_cache_line_size set to 64 bytes
<7>[    0.193879] e820: reserve RAM buffer [mem 0x0009d800-0x0009ffff]
<7>[    0.193883] e820: reserve RAM buffer [mem 0x40004000-0x43ffffff]
<7>[    0.193885] e820: reserve RAM buffer [mem 0xcec31000-0xcfffffff]
<7>[    0.193888] e820: reserve RAM buffer [mem 0x11e600000-0x11fffffff]
<6>[    0.194089] NetLabel: Initializing
<6>[    0.194091] NetLabel:  domain hash size = 128
<6>[    0.194093] NetLabel:  protocols = UNLABELED CIPSOv4
<6>[    0.194114] NetLabel:  unlabeled traffic allowed by default
<6>[    0.194294] hpet0: at MMIO 0xfed00000, IRQs 2, 8, 0, 0, 0, 0, 0, 0
<6>[    0.194303] hpet0: 8 comparators, 64-bit 14.318180 MHz counter
<6>[    0.197361] clocksource: Switched to clocksource hpet
<6>[    0.207326] AppArmor: AppArmor Filesystem Enabled
<6>[    0.207449] pnp: PnP ACPI init
<6>[    0.208131] system 00:00: [mem 0x00000000-0x0009ffff] could not be reserved
<6>[    0.208136] system 00:00: [mem 0x000c0000-0x000c3fff] could not be reserved
<6>[    0.208139] system 00:00: [mem 0x000c4000-0x000c7fff] could not be reserved
<6>[    0.208143] system 00:00: [mem 0x000c8000-0x000cbfff] has been reserved
<6>[    0.208146] system 00:00: [mem 0x000cc000-0x000cffff] has been reserved
<6>[    0.208149] system 00:00: [mem 0x000d0000-0x000d3fff] could not be reserved
<6>[    0.208153] system 00:00: [mem 0x000d4000-0x000d7fff] has been reserved
<6>[    0.208156] system 00:00: [mem 0x000d8000-0x000dbfff] has been reserved
<6>[    0.208159] system 00:00: [mem 0x000dc000-0x000dffff] has been reserved
<6>[    0.208162] system 00:00: [mem 0x000e0000-0x000e3fff] could not be reserved
<6>[    0.208166] system 00:00: [mem 0x000e4000-0x000e7fff] could not be reserved
<6>[    0.208169] system 00:00: [mem 0x000e8000-0x000ebfff] could not be reserved
<6>[    0.208172] system 00:00: [mem 0x000ec000-0x000effff] could not be reserved
<6>[    0.208175] system 00:00: [mem 0x000f0000-0x000fffff] could not be reserved
<6>[    0.208179] system 00:00: [mem 0x00100000-0xdf9fffff] could not be reserved
<6>[    0.208183] system 00:00: [mem 0xfec00000-0xfed3ffff] could not be reserved
<6>[    0.208186] system 00:00: [mem 0xfed4c000-0xffffffff] could not be reserved
<7>[    0.208193] system 00:00: Plug and Play ACPI device, IDs PNP0c01 (active)
<6>[    0.208337] pnp 00:01: [Firmware Bug]: PNP resource [mem 0xfed10000-0xfed13fff] covers only part of 0000:00:00.0 Intel MCH; extending to [mem 0xfed10000-0xfed17fff]
<6>[    0.208377] system 00:01: [io  0x0400-0x047f] could not be reserved
<6>[    0.208380] system 00:01: [io  0x0500-0x057f] has been reserved
<6>[    0.208383] system 00:01: [io  0x0800-0x080f] has been reserved
<6>[    0.208387] system 00:01: [io  0x15e0-0x15ef] has been reserved
<6>[    0.208390] system 00:01: [io  0x1600-0x167f] has been reserved
<6>[    0.208394] system 00:01: [mem 0xf8000000-0xfbffffff] has been reserved
<6>[    0.208400] system 00:01: [mem 0xfffff000-0xffffffff] has been reserved
<6>[    0.208403] system 00:01: [mem 0xfed1c000-0xfed1ffff] has been reserved
<6>[    0.208407] system 00:01: [mem 0xfed10000-0xfed17fff] has been reserved
<6>[    0.208410] system 00:01: [mem 0xfed18000-0xfed18fff] has been reserved
<6>[    0.208413] system 00:01: [mem 0xfed19000-0xfed19fff] has been reserved
<6>[    0.208417] system 00:01: [mem 0xfed45000-0xfed4bfff] has been reserved
<7>[    0.208422] system 00:01: Plug and Play ACPI device, IDs PNP0c02 (active)
<7>[    0.208509] pnp 00:02: Plug and Play ACPI device, IDs PNP0b00 (active)
<7>[    0.208549] pnp 00:03: Plug and Play ACPI device, IDs PNP0303 (active)
<7>[    0.208589] pnp 00:04: Plug and Play ACPI device, IDs LEN0020 PNP0f13 (active)
<7>[    0.208665] pnp 00:05: Plug and Play ACPI device, IDs SMO1200 PNP0c31 (active)
<6>[    0.209353] pnp: PnP ACPI: found 6 devices
<6>[    0.217660] clocksource: acpi_pm: mask: 0xffffff max_cycles: 0xffffff, max_idle_ns: 2085701024 ns
<6>[    0.217726] pci 0000:00:1c.0: PCI bridge to [bus 02]
<6>[    0.217736] pci 0000:00:1c.0:   bridge window [io  0x4000-0x4fff]
<6>[    0.217746] pci 0000:00:1c.0:   bridge window [mem 0xf1d00000-0xf24fffff]
<6>[    0.217754] pci 0000:00:1c.0:   bridge window [mem 0xf0400000-0xf0bfffff 64bit pref]
<6>[    0.217767] pci 0000:00:1c.1: PCI bridge to [bus 03]
<6>[    0.217776] pci 0000:00:1c.1:   bridge window [mem 0xf1c00000-0xf1cfffff]
<6>[    0.217792] pci 0000:00:1c.2: PCI bridge to [bus 04-0b]
<6>[    0.217797] pci 0000:00:1c.2:   bridge window [io  0x3000-0x3fff]
<6>[    0.217806] pci 0000:00:1c.2:   bridge window [mem 0xf1400000-0xf1bfffff]
<6>[    0.217814] pci 0000:00:1c.2:   bridge window [mem 0xf0c00000-0xf13fffff 64bit pref]
<7>[    0.217827] pci_bus 0000:00: resource 4 [io  0x0000-0x0cf7 window]
<7>[    0.217831] pci_bus 0000:00: resource 5 [io  0x0d00-0xffff window]
<7>[    0.217834] pci_bus 0000:00: resource 6 [mem 0x000a0000-0x000bffff window]
<7>[    0.217838] pci_bus 0000:00: resource 7 [mem 0xdfa00000-0xfebfffff window]
<7>[    0.217841] pci_bus 0000:00: resource 8 [mem 0xfed40000-0xfed4bfff window]
<7>[    0.217844] pci_bus 0000:02: resource 0 [io  0x4000-0x4fff]
<7>[    0.217847] pci_bus 0000:02: resource 1 [mem 0xf1d00000-0xf24fffff]
<7>[    0.217850] pci_bus 0000:02: resource 2 [mem 0xf0400000-0xf0bfffff 64bit pref]
<7>[    0.217854] pci_bus 0000:03: resource 1 [mem 0xf1c00000-0xf1cfffff]
<7>[    0.217857] pci_bus 0000:04: resource 0 [io  0x3000-0x3fff]
<7>[    0.217860] pci_bus 0000:04: resource 1 [mem 0xf1400000-0xf1bfffff]
<7>[    0.217863] pci_bus 0000:04: resource 2 [mem 0xf0c00000-0xf13fffff 64bit pref]
<6>[    0.217921] NET: Registered protocol family 2
<6>[    0.218200] TCP established hash table entries: 32768 (order: 6, 262144 bytes)
<6>[    0.218343] TCP bind hash table entries: 32768 (order: 7, 524288 bytes)
<6>[    0.218440] TCP: Hash tables configured (established 32768 bind 32768)
<6>[    0.218480] UDP hash table entries: 2048 (order: 4, 65536 bytes)
<6>[    0.218507] UDP-Lite hash table entries: 2048 (order: 4, 65536 bytes)
<6>[    0.218595] NET: Registered protocol family 1
<7>[    0.218623] pci 0000:00:02.0: Video device with shadowed ROM
<7>[    0.219514] PCI: CLS 64 bytes, default 64
<6>[    0.219618] Trying to unpack rootfs image as initramfs...
<6>[    5.874886] Freeing initrd memory: 13576K (ffff88001f2bd000 - ffff88001ffff000)
<6>[    5.874903] PCI-DMA: Using software bounce buffering for IO (SWIOTLB)
<6>[    5.874908] software IO TLB [mem 0xcac31000-0xcec31000] (64MB) mapped at [ffff8800cac31000-ffff8800cec30fff]
<6>[    5.875099] RAPL PMU detected, API unit is 2^-32 Joules, 3 fixed counters 163840 ms ovfl timer
<6>[    5.875101] hw unit of domain pp0-core 2^-16 Joules
<6>[    5.875103] hw unit of domain package 2^-16 Joules
<6>[    5.875105] hw unit of domain pp1-gpu 2^-16 Joules
<6>[    5.875315] microcode: CPU0 sig=0x306a9, pf=0x10, revision=0x17
<6>[    5.875328] microcode: CPU1 sig=0x306a9, pf=0x10, revision=0x17
<6>[    5.875340] microcode: CPU2 sig=0x306a9, pf=0x10, revision=0x17
<6>[    5.875353] microcode: CPU3 sig=0x306a9, pf=0x10, revision=0x17
<6>[    5.875454] microcode: Microcode Update Driver: v2.00 <tigran@aivazian.fsnet.co.uk>, Peter Oruba
<6>[    5.875615] Scanning for low memory corruption every 60 seconds
<6>[    5.876255] futex hash table entries: 2048 (order: 5, 131072 bytes)
<5>[    5.876295] Initialise system trusted keyring
<6>[    5.876332] audit: initializing netlink subsys (disabled)
<5>[    5.876357] audit: type=2000 audit(1455119333.852:1): initialized
<6>[    5.877014] HugeTLB registered 2 MB page size, pre-allocated 0 pages
<6>[    5.879610] zpool: loaded
<6>[    5.879614] zbud: loaded
<5>[    5.879959] VFS: Disk quotas dquot_6.6.0
<6>[    5.880018] VFS: Dquot-cache hash table entries: 512 (order 0, 4096 bytes)
<6>[    5.880884] fuse init (API version 7.23)
<5>[    5.881155] Key type big_key registered
<5>[    5.881755] Key type asymmetric registered
<5>[    5.881762] Asymmetric key parser 'x509' registered
<6>[    5.881789] Block layer SCSI generic (bsg) driver version 0.4 loaded (major 249)
<6>[    5.881858] io scheduler noop registered
<6>[    5.881865] io scheduler deadline registered (default)
<6>[    5.881921] io scheduler cfq registered
<6>[    5.882623] pci_hotplug: PCI Hot Plug PCI Core version: 0.5
<6>[    5.882637] pciehp: PCI Express Hot Plug Controller Driver version: 0.4
<7>[    5.882714] intel_idle: MWAIT substates: 0x21120
<7>[    5.882716] intel_idle: v0.4 model 0x3A
<7>[    5.882718] intel_idle: lapic_timer_reliable_states 0xffffffff
<6>[    5.883199] ACPI: AC Adapter [AC] (off-line)
<6>[    5.883310] input: Lid Switch as /devices/LNXSYSTM:00/LNXSYBUS:00/PNP0C0D:00/input/input0
<6>[    5.883460] ACPI: Lid Switch [LID]
<6>[    5.883530] input: Sleep Button as /devices/LNXSYSTM:00/LNXSYBUS:00/PNP0C0E:00/input/input1
<6>[    5.883536] ACPI: Sleep Button [SLPB]
<6>[    5.883611] input: Power Button as /devices/LNXSYSTM:00/LNXPWRBN:00/input/input2
<6>[    5.883615] ACPI: Power Button [PWRF]
<6>[    5.885302] thermal LNXTHERM:00: registered as thermal_zone0
<6>[    5.885306] ACPI: Thermal Zone [THM0] (41 C)
<6>[    5.885357] GHES: HEST is not enabled!
<6>[    5.885591] Serial: 8250/16550 driver, 32 ports, IRQ sharing enabled
<6>[    5.894513] ACPI: Battery Slot [BAT0] (battery present)
<6>[    5.909333] 0000:00:16.3: ttyS4 at I/O 0x50b0 (irq = 19, base_baud = 115200) is a 16550A
<6>[    5.909882] Linux agpgart interface v0.103
<6>[    5.921216] tpm_tis 00:05: 1.2 TPM (device-id 0x0, rev-id 78)
<6>[    5.986940] brd: module loaded
<6>[    5.988541] loop: module loaded
<6>[    5.988903] libphy: Fixed MDIO Bus: probed
<6>[    5.988910] tun: Universal TUN/TAP device driver, 1.6
<6>[    5.988912] tun: (C) 1999-2004 Max Krasnyansky <maxk@qualcomm.com>
<6>[    5.989003] PPP generic driver version 2.4.2
<6>[    5.989321] xhci_hcd 0000:00:14.0: xHCI Host Controller
<6>[    5.989334] xhci_hcd 0000:00:14.0: new USB bus registered, assigned bus number 1
<6>[    5.989450] xhci_hcd 0000:00:14.0: hcc params 0x20007181 hci version 0x100 quirks 0x0000b930
<7>[    5.989464] xhci_hcd 0000:00:14.0: cache line size of 64 is not supported
<6>[    5.989613] usb usb1: New USB device found, idVendor=1d6b, idProduct=0002
<6>[    5.989616] usb usb1: New USB device strings: Mfr=3, Product=2, SerialNumber=1
<6>[    5.989620] usb usb1: Product: xHCI Host Controller
<6>[    5.989622] usb usb1: Manufacturer: Linux 4.2.0-18-generic xhci-hcd
<6>[    5.989625] usb usb1: SerialNumber: 0000:00:14.0
<6>[    5.989835] hub 1-0:1.0: USB hub found
<6>[    5.989852] hub 1-0:1.0: 4 ports detected
<6>[    5.990511] xhci_hcd 0000:00:14.0: xHCI Host Controller
<6>[    5.990518] xhci_hcd 0000:00:14.0: new USB bus registered, assigned bus number 2
<6>[    5.990576] usb usb2: New USB device found, idVendor=1d6b, idProduct=0003
<6>[    5.990580] usb usb2: New USB device strings: Mfr=3, Product=2, SerialNumber=1
<6>[    5.990583] usb usb2: Product: xHCI Host Controller
<6>[    5.990585] usb usb2: Manufacturer: Linux 4.2.0-18-generic xhci-hcd
<6>[    5.990588] usb usb2: SerialNumber: 0000:00:14.0
<6>[    5.990774] hub 2-0:1.0: USB hub found
<6>[    5.990793] hub 2-0:1.0: 4 ports detected
<6>[    5.991510] ehci_hcd: USB 2.0 'Enhanced' Host Controller (EHCI) Driver
<6>[    5.991521] ehci-pci: EHCI PCI platform driver
<6>[    5.991653] ehci-pci 0000:00:1a.0: EHCI Host Controller
<6>[    5.991662] ehci-pci 0000:00:1a.0: new USB bus registered, assigned bus number 3
<6>[    5.991683] ehci-pci 0000:00:1a.0: debug port 2
<7>[    5.995597] ehci-pci 0000:00:1a.0: cache line size of 64 is not supported
<6>[    5.995614] ehci-pci 0000:00:1a.0: irq 16, io mem 0xf253a000
<6>[    6.005199] ehci-pci 0000:00:1a.0: USB 2.0 started, EHCI 1.00
<6>[    6.005262] usb usb3: New USB device found, idVendor=1d6b, idProduct=0002
<6>[    6.005266] usb usb3: New USB device strings: Mfr=3, Product=2, SerialNumber=1
<6>[    6.005269] usb usb3: Product: EHCI Host Controller
<6>[    6.005272] usb usb3: Manufacturer: Linux 4.2.0-18-generic ehci_hcd
<6>[    6.005274] usb usb3: SerialNumber: 0000:00:1a.0
<6>[    6.005496] hub 3-0:1.0: USB hub found
<6>[    6.005506] hub 3-0:1.0: 3 ports detected
<6>[    6.005833] ehci-pci 0000:00:1d.0: EHCI Host Controller
<6>[    6.005842] ehci-pci 0000:00:1d.0: new USB bus registered, assigned bus number 4
<6>[    6.005862] ehci-pci 0000:00:1d.0: debug port 2
<7>[    6.009767] ehci-pci 0000:00:1d.0: cache line size of 64 is not supported
<6>[    6.009785] ehci-pci 0000:00:1d.0: irq 23, io mem 0xf2539000
<6>[    6.021270] ehci-pci 0000:00:1d.0: USB 2.0 started, EHCI 1.00
<6>[    6.021390] usb usb4: New USB device found, idVendor=1d6b, idProduct=0002
<6>[    6.021395] usb usb4: New USB device strings: Mfr=3, Product=2, SerialNumber=1
<6>[    6.021399] usb usb4: Product: EHCI Host Controller
<6>[    6.021402] usb usb4: Manufacturer: Linux 4.2.0-18-generic ehci_hcd
<6>[    6.021404] usb usb4: SerialNumber: 0000:00:1d.0
<6>[    6.021778] hub 4-0:1.0: USB hub found
<6>[    6.021797] hub 4-0:1.0: 3 ports detected
<6>[    6.022112] ehci-platform: EHCI generic platform driver
<6>[    6.022145] ohci_hcd: USB 1.1 'Open' Host Controller (OHCI) Driver
<6>[    6.022161] ohci-pci: OHCI PCI platform driver
<6>[    6.022187] ohci-platform: OHCI generic platform driver
<6>[    6.022205] uhci_hcd: USB Universal Host Controller Interface driver
<6>[    6.022314] i8042: PNP: PS/2 Controller [PNP0303:KBD,PNP0f13:MOU] at 0x60,0x64 irq 1,12
<6>[    6.023925] serio: i8042 KBD port at 0x60,0x64 irq 1
<6>[    6.023937] serio: i8042 AUX port at 0x60,0x64 irq 12
<6>[    6.024357] mousedev: PS/2 mouse device common for all mice
<6>[    6.025073] rtc_cmos 00:02: RTC can wake from S4
<6>[    6.025362] rtc_cmos 00:02: rtc core: registered rtc_cmos as rtc0
<6>[    6.025401] rtc_cmos 00:02: alarms up to one month, y3k, 114 bytes nvram, hpet irqs
<6>[    6.025419] i2c /dev entries driver
<6>[    6.025578] device-mapper: uevent: version 1.0.3
<6>[    6.025778] device-mapper: ioctl: 4.33.0-ioctl (2015-8-18) initialised: dm-devel@redhat.com
<6>[    6.025824] Intel P-state driver initializing.
<6>[    6.026072] ledtrig-cpu: registered to indicate activity on CPUs
<6>[    6.026187] input: AT Translated Set 2 keyboard as /devices/platform/i8042/serio0/input/input3
<4>[    6.026396] PCCT header not found.
<6>[    6.026791] NET: Registered protocol family 10
<6>[    6.027109] NET: Registered protocol family 17
<5>[    6.027134] Key type dns_resolver registered
<5>[    6.027785] Loading compiled-in X.509 certificates
<5>[    6.029499] Loaded X.509 cert 'Build time autogenerated kernel key: 714df7ce1739f2da38b31837ada06c6e4fb64084'
<6>[    6.029523] registered taskstats version 1
<6>[    6.029564] zswap: loading zswap
<6>[    6.029567] zswap: using zbud pool
<6>[    6.029574] zswap: using lzo compressor
<5>[    6.033030] Key type trusted registered
<5>[    6.038447] Key type encrypted registered
<6>[    6.038453] AppArmor: AppArmor sha1 policy hashing enabled
<6>[    6.217500] evm: HMAC attrs: 0x1
<6>[    6.218049]   Magic number: 4:105:841
<6>[    6.218176] rtc_cmos 00:02: setting system clock to 2016-02-10 15:48:55 UTC (1455119335)
<6>[    6.218319] BIOS EDD facility v0.16 2004-Jun-25, 0 devices found
<6>[    6.218320] EDD information not available.
<6>[    6.301459] usb 1-2: new high-speed USB device number 2 using xhci_hcd
<6>[    6.317470] usb 3-1: new high-speed USB device number 2 using ehci-pci
<6>[    6.333476] usb 4-1: new high-speed USB device number 2 using ehci-pci
<6>[    6.430094] usb 1-2: New USB device found, idVendor=0781, idProduct=5575
<6>[    6.430101] usb 1-2: New USB device strings: Mfr=1, Product=2, SerialNumber=3
<6>[    6.430114] usb 1-2: Product: Cruzer Glide
<6>[    6.430115] usb 1-2: Manufacturer: SanDisk
<6>[    6.430116] usb 1-2: SerialNumber: 4C530300821116101093
<6>[    6.449881] usb 3-1: New USB device found, idVendor=8087, idProduct=0024
<6>[    6.449888] usb 3-1: New USB device strings: Mfr=0, Product=0, SerialNumber=0
<6>[    6.450336] hub 3-1:1.0: USB hub found
<6>[    6.450511] hub 3-1:1.0: 6 ports detected
<6>[    6.466341] usb 4-1: New USB device found, idVendor=8087, idProduct=0024
<6>[    6.466344] usb 4-1: New USB device strings: Mfr=0, Product=0, SerialNumber=0
<6>[    6.466776] hub 4-1:1.0: USB hub found
<6>[    6.466945] hub 4-1:1.0: 8 ports detected
<6>[    6.721738] usb 3-1.4: new full-speed USB device number 3 using ehci-pci
<6>[    6.818105] usb 3-1.4: New USB device found, idVendor=0a5c, idProduct=21e6
<6>[    6.818112] usb 3-1.4: New USB device strings: Mfr=1, Product=2, SerialNumber=3
<6>[    6.818116] usb 3-1.4: Product: BCM20702A0
<6>[    6.818119] usb 3-1.4: Manufacturer: Broadcom Corp
<6>[    6.818121] usb 3-1.4: SerialNumber: 24FD520303B0
<6>[    6.873833] tsc: Refined TSC clocksource calibration: 2594.106 MHz
<6>[    6.873841] clocksource: tsc: mask: 0xffffffffffffffff max_cycles: 0x25647bfab01, max_idle_ns: 440795211785 ns
<6>[    6.889847] usb 3-1.6: new high-speed USB device number 4 using ehci-pci
<6>[    6.990131] usb 3-1.6: New USB device found, idVendor=5986, idProduct=02d2
<6>[    6.990138] usb 3-1.6: New USB device strings: Mfr=1, Product=2, SerialNumber=0
<6>[    6.990142] usb 3-1.6: Product: Integrated Camera
<6>[    6.990145] usb 3-1.6: Manufacturer: Ricoh Company Ltd.
<6>[    7.874633] clocksource: Switched to clocksource tsc
<7>[   18.273293] PM: Hibernation image not present or could not be loaded.
<6>[   18.273642] Freeing unused kernel memory: 1464K (ffffffff81d38000 - ffffffff81ea6000)
<6>[   18.273644] Write protecting the kernel read-only data: 12288k
<6>[   18.273874] Freeing unused kernel memory: 248K (ffff8800017c2000 - ffff880001800000)
<6>[   18.273951] Freeing unused kernel memory: 284K (ffff880001bb9000 - ffff880001c00000)
<30>[   18.281783] systemd-udevd[123]: starting version 204
<6>[   18.297134] wmi: Mapper loaded
<6>[   18.298565] pps_core: LinuxPPS API ver. 1 registered
<6>[   18.298567] pps_core: Software ver. 5.3.6 - Copyright 2005-2007 Rodolfo Giometti <giometti@linux.it>
<6>[   18.299457] PTP clock support registered
<6>[   18.300883] [drm] Initialized drm 1.1.0 20060810
<6>[   18.303179] e1000e: Intel(R) PRO/1000 Network Driver - 3.2.5-k
<6>[   18.303181] e1000e: Copyright(c) 1999 - 2015 Intel Corporation.
<6>[   18.303338] e1000e 0000:00:19.0: Interrupt Throttling Rate (ints/sec) set to dynamic conservative mode
<6>[   18.304486] usb-storage 1-2:1.0: USB Mass Storage device detected
<6>[   18.304828] scsi host0: usb-storage 1-2:1.0
<6>[   18.304934] usbcore: registered new interface driver usb-storage
<6>[   18.305145] sdhci: Secure Digital Host Controller Interface driver
<6>[   18.305147] sdhci: Copyright(c) Pierre Ossman
<6>[   18.306452] usbcore: registered new interface driver uas
<6>[   18.306518] sdhci-pci 0000:02:00.0: SDHCI controller found [1180:e823] (rev 4)
<6>[   18.313424] sdhci-pci 0000:02:00.0: No vmmc regulator found
<6>[   18.313427] sdhci-pci 0000:02:00.0: No vqmmc regulator found
<6>[   18.315418] mmc0: SDHCI controller on PCI [0000:02:00.0] using DMA
<6>[   18.502969] e1000e 0000:00:19.0 eth0: registered PHC clock
<6>[   18.502981] e1000e 0000:00:19.0 eth0: (PCI Express:2.5GT/s:Width x1) 3c:97:0e:ab:ed:70
<6>[   18.502983] e1000e 0000:00:19.0 eth0: Intel(R) PRO/1000 Network Connection
<6>[   18.503033] e1000e 0000:00:19.0 eth0: MAC: 10, PHY: 11, PBA No: 1000FF-0FF
<7>[   18.503096] ahci 0000:00:1f.2: version 3.0
<6>[   18.503268] ahci 0000:00:1f.2: SSS flag set, parallel bus scan disabled
<6>[   18.503311] ahci 0000:00:1f.2: AHCI 0001.0300 32 slots 6 ports 6 Gbps 0x13 impl SATA mode
<6>[   18.503315] ahci 0000:00:1f.2: flags: 64bit ncq stag pm led clo pio slum part ems sxs apst 
<6>[   18.518060] scsi host1: ahci
<6>[   18.518135] scsi host2: ahci
<6>[   18.518197] scsi host3: ahci
<6>[   18.518254] scsi host4: ahci
<6>[   18.518308] scsi host5: ahci
<6>[   18.518360] scsi host6: ahci
<6>[   18.518396] ata1: SATA max UDMA/133 abar m2048@0xf2538000 port 0xf2538100 irq 26
<6>[   18.518399] ata2: SATA max UDMA/133 abar m2048@0xf2538000 port 0xf2538180 irq 26
<6>[   18.518400] ata3: DUMMY
<6>[   18.518401] ata4: DUMMY
<6>[   18.518402] ata5: SATA max UDMA/133 abar m2048@0xf2538000 port 0xf2538300 irq 26
<6>[   18.518403] ata6: DUMMY
<6>[   18.519057] [drm] Memory usable by graphics device = 2048M
<6>[   18.519059] [drm] Replacing VGA console driver
<6>[   18.519537] Console: switching to colour dummy device 80x25
<6>[   18.525438] [drm] Supports vblank timestamp caching Rev 2 (21.10.2013).
<6>[   18.525439] [drm] Driver supports precise vblank timestamp query.
<6>[   18.525500] vgaarb: device changed decodes: PCI:0000:00:02.0,olddecodes=io+mem,decodes=io+mem:owns=io+mem
<6>[   18.559555] ACPI: Video Device [VID] (multi-head: yes  rom: no  post: no)
<6>[   18.560298] acpi device:00: registered as cooling_device4
<6>[   18.560370] input: Video Bus as /devices/LNXSYSTM:00/LNXSYBUS:00/PNP0A08:00/LNXVIDEO:00/input/input6
<6>[   18.560474] [drm] Initialized i915 1.6.0 20150522 for 0000:00:02.0 on minor 0
<6>[   18.625525] [drm] GMBUS [i915 gmbus dpb] timed out, falling back to bit banging on pin 5
<6>[   18.643060] fbcon: inteldrmfb (fb0) is primary device
<6>[   18.837665] ata1: SATA link up 3.0 Gbps (SStatus 123 SControl 300)
<7>[   18.839540] ata1.00: ACPI cmd ef/02:00:00:00:00:a0 (SET FEATURES) succeeded
<6>[   18.839547] ata1.00: ACPI cmd f5/00:00:00:00:00:a0 (SECURITY FREEZE LOCK) filtered out
<6>[   18.839551] ata1.00: ACPI cmd ef/10:03:00:00:00:a0 (SET FEATURES) filtered out
<3>[   18.929747] [drm:intel_set_pch_fifo_underrun_reporting [i915]] *ERROR* uncleared pch fifo underrun on pch transcoder A
<3>[   18.929763] [drm:intel_pch_fifo_underrun_irq_handler [i915]] *ERROR* PCH transcoder A FIFO underrun
<6>[   19.097048] psmouse serio1: synaptics: queried max coordinates: x [..5768], y [..5062]
<6>[   19.106091] ata1.00: ATA-8: ST320LT007-9ZV142, 0007DEM1, max UDMA/133
<6>[   19.106094] ata1.00: 625142448 sectors, multi 16: LBA48 NCQ (depth 31/32)
<7>[   19.109631] ata1.00: ACPI cmd ef/02:00:00:00:00:a0 (SET FEATURES) succeeded
<6>[   19.109635] ata1.00: ACPI cmd f5/00:00:00:00:00:a0 (SECURITY FREEZE LOCK) filtered out
<6>[   19.109637] ata1.00: ACPI cmd ef/10:03:00:00:00:a0 (SET FEATURES) filtered out
<6>[   19.112737] ata1.00: configured for UDMA/133
<5>[   19.113018] scsi 1:0:0:0: Direct-Access     ATA      ST320LT007-9ZV14 DEM1 PQ: 0 ANSI: 5
<5>[   19.113380] sd 1:0:0:0: [sda] 625142448 512-byte logical blocks: (320 GB/298 GiB)
<5>[   19.113382] sd 1:0:0:0: [sda] 4096-byte physical blocks
<5>[   19.113408] sd 1:0:0:0: Attached scsi generic sg0 type 0
<5>[   19.113413] sd 1:0:0:0: [sda] Write Protect is off
<7>[   19.113415] sd 1:0:0:0: [sda] Mode Sense: 00 3a 00 00
<5>[   19.113429] sd 1:0:0:0: [sda] Write cache: enabled, read cache: enabled, doesn't support DPO or FUA
<6>[   19.128063] psmouse serio1: synaptics: queried min coordinates: x [1174..], y [790..]
<6>[   19.153869]  sda: sda1 sda2
<5>[   19.154320] sd 1:0:0:0: [sda] Attached SCSI disk
<6>[   19.188430] psmouse serio1: synaptics: Touchpad model: 1, fw: 8.1, id: 0x1e2b1, caps: 0xd002a3/0x940300/0x123800/0x0, board id: 1611, fw id: 1099905
<6>[   19.188453] psmouse serio1: synaptics: serio: Synaptics pass-through port at isa0060/serio1/input0
<6>[   19.227143] input: SynPS/2 Synaptics TouchPad as /devices/platform/i8042/serio1/input/input5
<5>[   19.302518] scsi 0:0:0:0: Direct-Access     SanDisk  Cruzer Glide     1.26 PQ: 0 ANSI: 6
<5>[   19.302897] sd 0:0:0:0: Attached scsi generic sg1 type 0
<5>[   19.303074] sd 0:0:0:0: [sdb] 15633408 512-byte logical blocks: (8.00 GB/7.45 GiB)
<5>[   19.303727] sd 0:0:0:0: [sdb] Write Protect is off
<7>[   19.303729] sd 0:0:0:0: [sdb] Mode Sense: 43 00 00 00
<5>[   19.303971] sd 0:0:0:0: [sdb] Write cache: disabled, read cache: enabled, doesn't support DPO or FUA
<6>[   19.305258]  sdb: sdb1
<5>[   19.306149] sd 0:0:0:0: [sdb] Attached SCSI disk
<6>[   19.442014] ata2: SATA link down (SStatus 0 SControl 300)
<6>[   19.467530] Console: switching to colour frame buffer device 170x48
<6>[   19.469552] i915 0000:00:02.0: fb0: inteldrmfb frame buffer device
<6>[   19.469553] i915 0000:00:02.0: registered panic notifier
<6>[   19.770289] ata5: SATA link down (SStatus 0 SControl 300)
<5>[   20.616785] random: nonblocking pool is initialized
<6>[   21.467046] EXT4-fs (sda1): INFO: recovery required on readonly filesystem
<6>[   21.467049] EXT4-fs (sda1): write access will be enabled during recovery
<6>[   23.232648] EXT4-fs (sda1): orphan cleanup on readonly fs
<6>[   23.300375] psmouse serio2: trackpoint: IBM TrackPoint firmware: 0x0e, buttons: 3/3
<6>[   23.496916] input: TPPS/2 IBM TrackPoint as /devices/platform/i8042/serio1/serio2/input/input7
<6>[   23.811499] EXT4-fs (sda1): 28 orphan inodes deleted
<6>[   23.811502] EXT4-fs (sda1): recovery complete
<6>[   24.106717] EXT4-fs (sda1): mounted filesystem with ordered data mode. Opts: (null)
<4>[   24.923853] FAT-fs (sdb1): Volume was not properly unmounted. Some data may be corrupt. Please run fsck.
<6>[   24.959916] EXT4-fs (loop0): mounting ext3 file system using the ext4 subsystem
<4>[   25.051967] EXT4-fs (loop0): warning: checktime reached, running e2fsck is recommended
<6>[   25.052083] EXT4-fs (loop0): recovery complete
<6>[   25.056047] EXT4-fs (loop0): mounted filesystem with ordered data mode. Opts: (null)
<6>[   25.098734] squashfs: version 4.0 (2009/01/31) Phillip Lougher
<6>[   28.339808] Adding 9833268k swap on /dev/sda2.  Priority:-1 extents:1 across:9833268k FS
<30>[   28.394118] systemd-udevd[1777]: starting version 204
<6>[   28.528130] shpchp: Standard Hot Plug PCI Controller Driver version: 0.4
<4>[   28.539870] ACPI Warning: SystemIO range 0x0000000000000428-0x000000000000042F conflicts with OpRegion 0x0000000000000400-0x000000000000047F (\_SB_.PCI0.LPC_.PMIO) (20150619/utaddress-254)
<6>[   28.539878] ACPI: If an ACPI driver is available for this device, you should use it instead of the native driver
<4>[   28.539884] ACPI Warning: SystemIO range 0x0000000000000540-0x000000000000054F conflicts with OpRegion 0x0000000000000500-0x000000000000057F (\_SB_.PCI0.LPC_.LPIO) (20150619/utaddress-254)
<6>[   28.539888] ACPI: If an ACPI driver is available for this device, you should use it instead of the native driver
<4>[   28.539889] ACPI Warning: SystemIO range 0x0000000000000530-0x000000000000053F conflicts with OpRegion 0x0000000000000500-0x000000000000057F (\_SB_.PCI0.LPC_.LPIO) (20150619/utaddress-254)
<6>[   28.539893] ACPI: If an ACPI driver is available for this device, you should use it instead of the native driver
<4>[   28.539895] ACPI Warning: SystemIO range 0x0000000000000500-0x000000000000052F conflicts with OpRegion 0x0000000000000500-0x000000000000057F (\_SB_.PCI0.LPC_.LPIO) (20150619/utaddress-254)
<6>[   28.539898] ACPI: If an ACPI driver is available for this device, you should use it instead of the native driver
<4>[   28.539900] lpc_ich: Resource conflict(s) found affecting gpio_ich
<6>[   28.578205] media: Linux media interface: v0.10
<6>[   28.608831] e1000e 0000:00:19.0 eth2: renamed from eth0
<30>[   28.636101] systemd-udevd[1810]: renamed network interface eth0 to eth2
<6>[   28.643015] Linux video capture interface: v2.00
<6>[   28.647646] Non-volatile memory driver v1.3
<6>[   28.654896] Intel(R) Wireless WiFi driver for Linux
<6>[   28.654898] Copyright(c) 2003- 2015 Intel Corporation
<4>[   28.655061] iwlwifi 0000:03:00.0: can't disable ASPM; OS doesn't have ASPM control
<4>[   28.655762] iwlwifi 0000:03:00.0: Direct firmware load for iwlwifi-6000g2a-6.ucode failed with error -2
<4>[   28.655783] iwlwifi 0000:03:00.0: Direct firmware load for iwlwifi-6000g2a-5.ucode failed with error -2
<3>[   28.655786] iwlwifi 0000:03:00.0: request for firmware file 'iwlwifi-6000g2a-5.ucode' failed.
<3>[   28.655788] iwlwifi 0000:03:00.0: no suitable firmware found!
<6>[   28.665792] Bluetooth: Core ver 2.20
<6>[   28.665811] NET: Registered protocol family 31
<6>[   28.665812] Bluetooth: HCI device and connection manager initialized
<6>[   28.665815] Bluetooth: HCI socket layer initialized
<6>[   28.665818] Bluetooth: L2CAP socket layer initialized
<6>[   28.665824] Bluetooth: SCO socket layer initialized
<6>[   28.698031] thinkpad_acpi: ThinkPad ACPI Extras v0.25
<6>[   28.698033] thinkpad_acpi: http://ibm-acpi.sf.net/
<6>[   28.698034] thinkpad_acpi: ThinkPad BIOS G2ET94WW (2.54 ), EC unknown
<6>[   28.698035] thinkpad_acpi: Lenovo ThinkPad X230, model 2325EL2
<6>[   28.698325] thinkpad_acpi: detected a 16-level brightness capable ThinkPad
<6>[   28.698416] thinkpad_acpi: radio switch found; radios are enabled
<6>[   28.698426] thinkpad_acpi: This ThinkPad has standard ACPI backlight brightness control, supported by the ACPI video driver
<5>[   28.698427] thinkpad_acpi: Disabling thinkpad-acpi brightness events by default...
<6>[   28.699415] thinkpad_acpi: rfkill switch tpacpi_bluetooth_sw: radio is unblocked
<6>[   28.699745] thinkpad_acpi: Standard ACPI backlight interface available, not loading native one
<6>[   28.701465] input: ThinkPad Extra Buttons as /devices/platform/thinkpad_acpi/input/input8
<6>[   28.774211] usbcore: registered new interface driver btusb
<6>[   28.778811] Bluetooth: hci0: BCM: chip id 63
<6>[   28.779890] Bluetooth: hci0: BCM20702A1 (001.002.014) build 0000
<4>[   28.780012] bluetooth hci0: Direct firmware load for brcm/BCM20702A1-0a5c-21e6.hcd failed with error -2
<6>[   28.780015] Bluetooth: hci0: BCM: Patch brcm/BCM20702A1-0a5c-21e6.hcd not found
<6>[   28.795936] uvcvideo: Found UVC 1.00 device Integrated Camera (5986:02d2)
<6>[   28.799157] input: Integrated Camera as /devices/pci0000:00/0000:00:1a.0/usb3/3-1/3-1.6/3-1.6:1.0/input/input9
<6>[   28.799290] usbcore: registered new interface driver uvcvideo
<6>[   28.799292] USB Video Class driver (1.1.1)
<12>[   28.802108] init: failsafe main process (1867) killed by TERM signal
<6>[   28.809770] AVX version of gcm_enc/dec engaged.
<6>[   28.809773] AES CTR mode by8 optimization enabled
<4>[   28.870052] kvm: disabled by bios
<6>[   28.896721] snd_hda_codec_realtek hdaudioC0D0: autoconfig for ALC269VC: line_outs=1 (0x14/0x0/0x0/0x0/0x0) type:speaker
<6>[   28.896725] snd_hda_codec_realtek hdaudioC0D0:    speaker_outs=0 (0x0/0x0/0x0/0x0/0x0)
<6>[   28.896727] snd_hda_codec_realtek hdaudioC0D0:    hp_outs=2 (0x15/0x1b/0x0/0x0/0x0)
<6>[   28.896729] snd_hda_codec_realtek hdaudioC0D0:    mono: mono_out=0x0
<6>[   28.896731] snd_hda_codec_realtek hdaudioC0D0:    inputs:
<6>[   28.896733] snd_hda_codec_realtek hdaudioC0D0:      Mic=0x18
<6>[   28.896735] snd_hda_codec_realtek hdaudioC0D0:      Dock Mic=0x19
<6>[   28.896736] snd_hda_codec_realtek hdaudioC0D0:      Internal Mic=0x12
<6>[   28.992535] input: HDA Intel PCH Mic as /devices/pci0000:00/0000:00:1b.0/sound/card0/input10
<6>[   28.992593] input: HDA Intel PCH Dock Mic as /devices/pci0000:00/0000:00:1b.0/sound/card0/input11
<6>[   28.992639] input: HDA Intel PCH Headphone as /devices/pci0000:00/0000:00:1b.0/sound/card0/input12
<6>[   28.992687] input: HDA Intel PCH Dock Headphone as /devices/pci0000:00/0000:00:1b.0/sound/card0/input13
<6>[   28.992732] input: HDA Intel PCH HDMI/DP,pcm=3 as /devices/pci0000:00/0000:00:1b.0/sound/card0/input14
<6>[   28.992776] input: HDA Intel PCH HDMI/DP,pcm=7 as /devices/pci0000:00/0000:00:1b.0/sound/card0/input15
<6>[   28.992818] input: HDA Intel PCH HDMI/DP,pcm=8 as /devices/pci0000:00/0000:00:1b.0/sound/card0/input16
<6>[   29.024587] intel_rapl: Found RAPL domain package
<6>[   29.024591] intel_rapl: Found RAPL domain core
<6>[   29.024593] intel_rapl: Found RAPL domain uncore
<6>[   29.057223] cfg80211: World regulatory domain updated:
<6>[   29.057226] cfg80211:  DFS Master region: unset
<6>[   29.057228] cfg80211:   (start_freq - end_freq @ bandwidth), (max_antenna_gain, max_eirp), (dfs_cac_time)
<6>[   29.057230] cfg80211:   (2402000 KHz - 2472000 KHz @ 40000 KHz), (300 mBi, 2000 mBm), (N/A)
<6>[   29.057232] cfg80211:   (2457000 KHz - 2482000 KHz @ 40000 KHz), (300 mBi, 2000 mBm), (N/A)
<6>[   29.057234] cfg80211:   (2474000 KHz - 2494000 KHz @ 20000 KHz), (300 mBi, 2000 mBm), (N/A)
<6>[   29.057235] cfg80211:   (5170000 KHz - 5250000 KHz @ 40000 KHz), (300 mBi, 2000 mBm), (N/A)
<6>[   29.057237] cfg80211:   (5735000 KHz - 5835000 KHz @ 40000 KHz), (300 mBi, 2000 mBm), (N/A)
<12>[   29.061655] init: ttyS0 main process (2102) terminated with status 1
<12>[   29.061665] init: ttyS0 main process ended, respawning
<12>[   29.070434] init: ttyS0 main process (2129) terminated with status 1
<12>[   29.070444] init: ttyS0 main process ended, respawning
<12>[   29.075704] init: ttyS0 main process (2139) terminated with status 1
<12>[   29.075712] init: ttyS0 main process ended, respawning
<12>[   29.078963] init: ttyS0 main process (2141) terminated with status 1
<12>[   29.078976] init: ttyS0 main process ended, respawning
<12>[   29.083314] init: ttyS0 main process (2147) terminated with status 1
<12>[   29.083325] init: ttyS0 main process ended, respawning
<12>[   29.091131] init: plymouth-upstart-bridge main process ended, respawning
<12>[   29.091340] init: ttyS0 main process (2152) terminated with status 1
<12>[   29.091347] init: ttyS0 main process ended, respawning
<12>[   29.101279] init: ttyS0 main process (2156) terminated with status 1
<12>[   29.101285] init: ttyS0 main process ended, respawning
<12>[   29.106373] init: ttyS0 main process (2161) terminated with status 1
<12>[   29.106380] init: ttyS0 main process ended, respawning
<12>[   29.108949] init: ttyS0 main process (2163) terminated with status 1
<12>[   29.108956] init: ttyS0 main process ended, respawning
<12>[   29.111675] init: ttyS0 main process (2165) terminated with status 1
<12>[   29.111683] init: ttyS0 main process ended, respawning
<12>[   29.113315] init: ttyS0 main process (2167) terminated with status 1
<12>[   29.113322] init: ttyS0 respawning too fast, stopped
