<6>[    0.000000] Initializing cgroup subsys cpuset
<6>[    0.000000] Initializing cgroup subsys cpu
<6>[    0.000000] Initializing cgroup subsys cpuacct
<5>[    0.000000] Linux version 4.2.0-18-generic (buildd@lgw01-55) (gcc version 4.8.2 (Ubuntu 4.8.2-19ubuntu1) ) #22~14.04.1-Ubuntu SMP Fri Nov 6 22:20:11 UTC 2015 (Ubuntu 4.2.0-18.22~14.04.1-generic 4.2.3)
<6>[    0.000000] Command line: initrd=/casper/initrd.lz boot=casper config ip=frommedia persistent noprompt splash quiet FWTS_AUTO_SHUTDOWN=1 username=ubuntu hostname=fwts-live  quiet BOOT_IMAGE=/casper/vmlinuz 
<6>[    0.000000] KERNEL supported cpus:
<6>[    0.000000]   Intel GenuineIntel
<6>[    0.000000]   AMD AuthenticAMD
<6>[    0.000000]   Centaur CentaurHauls
<6>[    0.000000] x86/fpu: xstate_offset[2]: 0240, xstate_sizes[2]: 0100
<6>[    0.000000] x86/fpu: Supporting XSAVE feature 0x01: 'x87 floating point registers'
<6>[    0.000000] x86/fpu: Supporting XSAVE feature 0x02: 'SSE registers'
<6>[    0.000000] x86/fpu: Supporting XSAVE feature 0x04: 'AVX registers'
<6>[    0.000000] x86/fpu: Enabled xstate features 0x7, context size is 0x340 bytes, using 'standard' format.
<6>[    0.000000] x86/fpu: Using 'eager' FPU context switches.
<6>[    0.000000] e820: BIOS-provided physical RAM map:
<6>[    0.000000] BIOS-e820: [mem 0x0000000000000000-0x000000000009d7ff] usable
<6>[    0.000000] BIOS-e820: [mem 0x000000000009d800-0x000000000009ffff] reserved
<6>[    0.000000] BIOS-e820: [mem 0x00000000000e0000-0x00000000000fffff] reserved
<6>[    0.000000] BIOS-e820: [mem 0x0000000000100000-0x000000001fffffff] usable
<6>[    0.000000] BIOS-e820: [mem 0x0000000020000000-0x00000000201fffff] reserved
<6>[    0.000000] BIOS-e820: [mem 0x0000000020200000-0x0000000040003fff] usable
<6>[    0.000000] BIOS-e820: [mem 0x0000000040004000-0x0000000040004fff] reserved
<6>[    0.000000] BIOS-e820: [mem 0x0000000040005000-0x00000000cee0afff] usable
<6>[    0.000000] BIOS-e820: [mem 0x00000000cee0b000-0x00000000dae9efff] reserved
<6>[    0.000000] BIOS-e820: [mem 0x00000000dae9f000-0x00000000daf9efff] ACPI NVS
<6>[    0.000000] BIOS-e820: [mem 0x00000000daf9f000-0x00000000daffefff] ACPI data
<6>[    0.000000] BIOS-e820: [mem 0x00000000dafff000-0x00000000df9fffff] reserved
<6>[    0.000000] BIOS-e820: [mem 0x00000000f8000000-0x00000000fbffffff] reserved
<6>[    0.000000] BIOS-e820: [mem 0x00000000fec00000-0x00000000fec00fff] reserved
<6>[    0.000000] BIOS-e820: [mem 0x00000000fed08000-0x00000000fed08fff] reserved
<6>[    0.000000] BIOS-e820: [mem 0x00000000fed10000-0x00000000fed19fff] reserved
<6>[    0.000000] BIOS-e820: [mem 0x00000000fed1c000-0x00000000fed1ffff] reserved
<6>[    0.000000] BIOS-e820: [mem 0x00000000fee00000-0x00000000fee00fff] reserved
<6>[    0.000000] BIOS-e820: [mem 0x00000000ffc00000-0x00000000ffffffff] reserved
<6>[    0.000000] BIOS-e820: [mem 0x0000000100000000-0x000000011e5fffff] usable
<6>[    0.000000] NX (Execute Disable) protection: active
<6>[    0.000000] SMBIOS 2.7 present.
<7>[    0.000000] DMI: LENOVO 2347DS2/2347DS2, BIOS G1ET73WW (2.09 ) 10/19/2012
<7>[    0.000000] e820: update [mem 0x00000000-0x00000fff] usable ==> reserved
<7>[    0.000000] e820: remove [mem 0x000a0000-0x000fffff] usable
<6>[    0.000000] e820: last_pfn = 0x11e600 max_arch_pfn = 0x400000000
<7>[    0.000000] MTRR default type: uncachable
<7>[    0.000000] MTRR fixed ranges enabled:
<7>[    0.000000]   00000-9FFFF write-back
<7>[    0.000000]   A0000-BFFFF uncachable
<7>[    0.000000]   C0000-FFFFF write-protect
<7>[    0.000000] MTRR variable ranges enabled:
<7>[    0.000000]   0 base 0FFC00000 mask FFFC00000 write-protect
<7>[    0.000000]   1 base 000000000 mask F80000000 write-back
<7>[    0.000000]   2 base 080000000 mask FC0000000 write-back
<7>[    0.000000]   3 base 0C0000000 mask FE0000000 write-back
<7>[    0.000000]   4 base 0DC000000 mask FFC000000 uncachable
<7>[    0.000000]   5 base 0DB000000 mask FFF000000 uncachable
<7>[    0.000000]   6 base 100000000 mask FE0000000 write-back
<7>[    0.000000]   7 base 11F000000 mask FFF000000 uncachable
<7>[    0.000000]   8 base 11E800000 mask FFF800000 uncachable
<7>[    0.000000]   9 base 11E600000 mask FFFE00000 uncachable
<6>[    0.000000] x86/PAT: Configuration [0-7]: WB  WC  UC- UC  WB  WC  UC- WT  
<6>[    0.000000] e820: last_pfn = 0xcee0b max_arch_pfn = 0x400000000
<6>[    0.000000] found SMP MP-table at [mem 0x000f0100-0x000f010f] mapped at [ffff8800000f0100]
<6>[    0.000000] Scanning 1 areas for low memory corruption
<7>[    0.000000] Base memory trampoline at [ffff880000097000] 97000 size 24576
<6>[    0.000000] init_memory_mapping: [mem 0x00000000-0x000fffff]
<7>[    0.000000]  [mem 0x00000000-0x000fffff] page 4k
<7>[    0.000000] BRK [0x01ff2000, 0x01ff2fff] PGTABLE
<7>[    0.000000] BRK [0x01ff3000, 0x01ff3fff] PGTABLE
<7>[    0.000000] BRK [0x01ff4000, 0x01ff4fff] PGTABLE
<6>[    0.000000] init_memory_mapping: [mem 0x11e400000-0x11e5fffff]
<7>[    0.000000]  [mem 0x11e400000-0x11e5fffff] page 2M
<7>[    0.000000] BRK [0x01ff5000, 0x01ff5fff] PGTABLE
<6>[    0.000000] init_memory_mapping: [mem 0x100000000-0x11e3fffff]
<7>[    0.000000]  [mem 0x100000000-0x11e3fffff] page 2M
<6>[    0.000000] init_memory_mapping: [mem 0xc0000000-0xcee0afff]
<7>[    0.000000]  [mem 0xc0000000-0xcedfffff] page 2M
<7>[    0.000000]  [mem 0xcee00000-0xcee0afff] page 4k
<7>[    0.000000] BRK [0x01ff6000, 0x01ff6fff] PGTABLE
<7>[    0.000000] BRK [0x01ff7000, 0x01ff7fff] PGTABLE
<6>[    0.000000] init_memory_mapping: [mem 0x00100000-0x1fffffff]
<7>[    0.000000]  [mem 0x00100000-0x001fffff] page 4k
<7>[    0.000000]  [mem 0x00200000-0x1fffffff] page 2M
<6>[    0.000000] init_memory_mapping: [mem 0x20200000-0x40003fff]
<7>[    0.000000]  [mem 0x20200000-0x3fffffff] page 2M
<7>[    0.000000]  [mem 0x40000000-0x40003fff] page 4k
<6>[    0.000000] init_memory_mapping: [mem 0x40005000-0xbfffffff]
<7>[    0.000000]  [mem 0x40005000-0x401fffff] page 4k
<7>[    0.000000]  [mem 0x40200000-0xbfffffff] page 2M
<6>[    0.000000] RAMDISK: [mem 0x1f2bd000-0x1fffefff]
<6>[    0.000000] ACPI: Early table checksum verification disabled
<4>[    0.000000] ACPI: RSDP 0x00000000000F0120 000024 (v02 LENOVO)
<4>[    0.000000] ACPI: XSDT 0x00000000DAFFE170 0000C4 (v01 LENOVO TP-G1    00002090 PTL  00000002)
<4>[    0.000000] ACPI: FACP 0x00000000DAFE7000 00010C (v05 LENOVO TP-G1    00002090 PTL  00000002)
<4>[    0.000000] ACPI: DSDT 0x00000000DAFE9000 00FE86 (v01 LENOVO TP-G1    00002090 INTL 20061109)
<4>[    0.000000] ACPI: FACS 0x00000000DAF5A000 000040
<4>[    0.000000] ACPI: SLIC 0x00000000DAFFD000 000176 (v01 LENOVO TP-G1    00002090 PTL  00000001)
<4>[    0.000000] ACPI: TCPA 0x00000000DAFFC000 000032 (v02 PTL    LENOVO   06040000 LNVO 00000001)
<4>[    0.000000] ACPI: SSDT 0x00000000DAFFB000 000408 (v01 LENOVO TP-SSDT2 00000200 INTL 20061109)
<4>[    0.000000] ACPI: SSDT 0x00000000DAFFA000 000033 (v01 LENOVO TP-SSDT1 00000100 INTL 20061109)
<4>[    0.000000] ACPI: SSDT 0x00000000DAFF9000 000797 (v01 LENOVO SataAhci 00001000 INTL 20061109)
<4>[    0.000000] ACPI: HPET 0x00000000DAFE5000 000038 (v01 LENOVO TP-G1    00002090 PTL  00000002)
<4>[    0.000000] ACPI: APIC 0x00000000DAFE4000 000098 (v01 LENOVO TP-G1    00002090 PTL  00000002)
<4>[    0.000000] ACPI: MCFG 0x00000000DAFE3000 00003C (v01 LENOVO TP-G1    00002090 PTL  00000002)
<4>[    0.000000] ACPI: ECDT 0x00000000DAFE2000 000052 (v01 LENOVO TP-G1    00002090 PTL  00000002)
<4>[    0.000000] ACPI: FPDT 0x00000000DAFE1000 000064 (v01 LENOVO TP-G1    00002090 PTL  00000002)
<4>[    0.000000] ACPI: ASF! 0x00000000DAFE8000 0000A5 (v32 LENOVO TP-G1    00002090 PTL  00000002)
<4>[    0.000000] ACPI: UEFI 0x00000000DAFE0000 00003E (v01 LENOVO TP-G1    00002090 PTL  00000002)
<4>[    0.000000] ACPI: UEFI 0x00000000DAFDF000 000042 (v01 PTL    COMBUF   00000001 PTL  00000001)
<4>[    0.000000] ACPI: POAT 0x00000000DAFDE000 000055 (v03 LENOVO TP-G1    00002090 PTL  00000002)
<4>[    0.000000] ACPI: SSDT 0x00000000DAFDD000 000C51 (v01 PmRef  Cpu0Ist  00003000 INTL 20061109)
<4>[    0.000000] ACPI: SSDT 0x00000000DAFDC000 000A83 (v01 PmRef  CpuPm    00003000 INTL 20061109)
<4>[    0.000000] ACPI: SSDT 0x00000000DAFDB000 0000D0 (v01 LENOVO IffsAsl  00003000 INTL 20061109)
<4>[    0.000000] ACPI: UEFI 0x00000000DAFDA000 0002A6 (v01 LENOVO TP-G1    00002090 PTL  00000002)
<4>[    0.000000] ACPI: DBG2 0x00000000DAFD9000 0000E9 (v00 LENOVO TP-G1    00002090 PTL  00000002)
<5>[    0.000000] ACPI: DMI detected: Lenovo ThinkPad T430
<7>[    0.000000] ACPI: Local APIC address 0xfee00000
<6>[    0.000000] No NUMA configuration found
<6>[    0.000000] Faking a node at [mem 0x0000000000000000-0x000000011e5fffff]
<6>[    0.000000] NODE_DATA(0) allocated [mem 0x11e5f8000-0x11e5fcfff]
<7>[    0.000000]  [ffffea0000000000-ffffea00047fffff] PMD -> [ffff88011a000000-ffff88011dbfffff] on node 0
<6>[    0.000000] Zone ranges:
<6>[    0.000000]   DMA      [mem 0x0000000000001000-0x0000000000ffffff]
<6>[    0.000000]   DMA32    [mem 0x0000000001000000-0x00000000ffffffff]
<6>[    0.000000]   Normal   [mem 0x0000000100000000-0x000000011e5fffff]
<6>[    0.000000] Movable zone start for each node
<6>[    0.000000] Early memory node ranges
<6>[    0.000000]   node   0: [mem 0x0000000000001000-0x000000000009cfff]
<6>[    0.000000]   node   0: [mem 0x0000000000100000-0x000000001fffffff]
<6>[    0.000000]   node   0: [mem 0x0000000020200000-0x0000000040003fff]
<6>[    0.000000]   node   0: [mem 0x0000000040005000-0x00000000cee0afff]
<6>[    0.000000]   node   0: [mem 0x0000000100000000-0x000000011e5fffff]
<6>[    0.000000] Initmem setup node 0 [mem 0x0000000000001000-0x000000011e5fffff]
<7>[    0.000000] On node 0 totalpages: 971174
<7>[    0.000000]   DMA zone: 64 pages used for memmap
<7>[    0.000000]   DMA zone: 21 pages reserved
<7>[    0.000000]   DMA zone: 3996 pages, LIFO batch:0
<7>[    0.000000]   DMA32 zone: 13169 pages used for memmap
<7>[    0.000000]   DMA32 zone: 842762 pages, LIFO batch:31
<7>[    0.000000]   Normal zone: 1944 pages used for memmap
<7>[    0.000000]   Normal zone: 124416 pages, LIFO batch:31
<6>[    0.000000] Reserving Intel graphics stolen memory at 0xdba00000-0xdf9fffff
<6>[    0.000000] ACPI: PM-Timer IO Port: 0x408
<7>[    0.000000] ACPI: Local APIC address 0xfee00000
<6>[    0.000000] ACPI: LAPIC_NMI (acpi_id[0x00] high edge lint[0x1])
<6>[    0.000000] ACPI: LAPIC_NMI (acpi_id[0x01] high edge lint[0x1])
<6>[    0.000000] IOAPIC[0]: apic_id 2, version 32, address 0xfec00000, GSI 0-23
<6>[    0.000000] ACPI: INT_SRC_OVR (bus 0 bus_irq 0 global_irq 2 dfl dfl)
<6>[    0.000000] ACPI: INT_SRC_OVR (bus 0 bus_irq 9 global_irq 9 high level)
<7>[    0.000000] ACPI: IRQ0 used by override.
<7>[    0.000000] ACPI: IRQ9 used by override.
<6>[    0.000000] Using ACPI (MADT) for SMP configuration information
<6>[    0.000000] ACPI: HPET id: 0x8086a301 base: 0xfed00000
<6>[    0.000000] smpboot: Allowing 8 CPUs, 4 hotplug CPUs
<6>[    0.000000] PM: Registered nosave memory: [mem 0x00000000-0x00000fff]
<6>[    0.000000] PM: Registered nosave memory: [mem 0x0009d000-0x0009dfff]
<6>[    0.000000] PM: Registered nosave memory: [mem 0x0009e000-0x0009ffff]
<6>[    0.000000] PM: Registered nosave memory: [mem 0x000a0000-0x000dffff]
<6>[    0.000000] PM: Registered nosave memory: [mem 0x000e0000-0x000fffff]
<6>[    0.000000] PM: Registered nosave memory: [mem 0x20000000-0x201fffff]
<6>[    0.000000] PM: Registered nosave memory: [mem 0x40004000-0x40004fff]
<6>[    0.000000] PM: Registered nosave memory: [mem 0xcee0b000-0xdae9efff]
<6>[    0.000000] PM: Registered nosave memory: [mem 0xdae9f000-0xdaf9efff]
<6>[    0.000000] PM: Registered nosave memory: [mem 0xdaf9f000-0xdaffefff]
<6>[    0.000000] PM: Registered nosave memory: [mem 0xdafff000-0xdf9fffff]
<6>[    0.000000] PM: Registered nosave memory: [mem 0xdfa00000-0xf7ffffff]
<6>[    0.000000] PM: Registered nosave memory: [mem 0xf8000000-0xfbffffff]
<6>[    0.000000] PM: Registered nosave memory: [mem 0xfc000000-0xfebfffff]
<6>[    0.000000] PM: Registered nosave memory: [mem 0xfec00000-0xfec00fff]
<6>[    0.000000] PM: Registered nosave memory: [mem 0xfec01000-0xfed07fff]
<6>[    0.000000] PM: Registered nosave memory: [mem 0xfed08000-0xfed08fff]
<6>[    0.000000] PM: Registered nosave memory: [mem 0xfed09000-0xfed0ffff]
<6>[    0.000000] PM: Registered nosave memory: [mem 0xfed10000-0xfed19fff]
<6>[    0.000000] PM: Registered nosave memory: [mem 0xfed1a000-0xfed1bfff]
<6>[    0.000000] PM: Registered nosave memory: [mem 0xfed1c000-0xfed1ffff]
<6>[    0.000000] PM: Registered nosave memory: [mem 0xfed20000-0xfedfffff]
<6>[    0.000000] PM: Registered nosave memory: [mem 0xfee00000-0xfee00fff]
<6>[    0.000000] PM: Registered nosave memory: [mem 0xfee01000-0xffbfffff]
<6>[    0.000000] PM: Registered nosave memory: [mem 0xffc00000-0xffffffff]
<6>[    0.000000] e820: [mem 0xdfa00000-0xf7ffffff] available for PCI devices
<6>[    0.000000] Booting paravirtualized kernel on bare hardware
<6>[    0.000000] clocksource: refined-jiffies: mask: 0xffffffff max_cycles: 0xffffffff, max_idle_ns: 7645519600211568 ns
<6>[    0.000000] setup_percpu: NR_CPUS:256 nr_cpumask_bits:256 nr_cpu_ids:8 nr_node_ids:1
<6>[    0.000000] PERCPU: Embedded 33 pages/cpu @ffff88011e200000 s96728 r8192 d30248 u262144
<7>[    0.000000] pcpu-alloc: s96728 r8192 d30248 u262144 alloc=1*2097152
<7>[    0.000000] pcpu-alloc: [0] 0 1 2 3 4 5 6 7 
<6>[    0.000000] Built 1 zonelists in Node order, mobility grouping on.  Total pages: 955976
<6>[    0.000000] Policy zone: Normal
<5>[    0.000000] Kernel command line: initrd=/casper/initrd.lz boot=casper config ip=frommedia persistent noprompt splash quiet FWTS_AUTO_SHUTDOWN=1 username=ubuntu hostname=fwts-live  quiet BOOT_IMAGE=/casper/vmlinuz 
<6>[    0.000000] PID hash table entries: 4096 (order: 3, 32768 bytes)
<7>[    0.000000] Calgary: detecting Calgary via BIOS EBDA area
<7>[    0.000000] Calgary: Unable to locate Rio Grande table in EBDA - bailing!
<6>[    0.000000] Memory: 3725852K/3884696K available (7932K kernel code, 1242K rwdata, 3812K rodata, 1464K init, 1292K bss, 158844K reserved, 0K cma-reserved)
<6>[    0.000000] SLUB: HWalign=64, Order=0-3, MinObjects=0, CPUs=8, Nodes=1
<6>[    0.000000] Hierarchical RCU implementation.
<6>[    0.000000] 	Build-time adjustment of leaf fanout to 64.
<6>[    0.000000] 	RCU restricting CPUs from NR_CPUS=256 to nr_cpu_ids=8.
<6>[    0.000000] RCU: Adjusting geometry for rcu_fanout_leaf=64, nr_cpu_ids=8
<6>[    0.000000] NR_IRQS:16640 nr_irqs:488 16
<6>[    0.000000] 	Offload RCU callbacks from all CPUs
<6>[    0.000000] 	Offload RCU callbacks from CPUs: 0-7.
<6>[    0.000000] Console: colour VGA+ 80x25
<6>[    0.000000] console [tty0] enabled
<6>[    0.000000] clocksource: hpet: mask: 0xffffffff max_cycles: 0xffffffff, max_idle_ns: 133484882848 ns
<7>[    0.000000] hpet clockevent registered
<6>[    0.000000] tsc: Fast TSC calibration using PIT
<6>[    0.000000] tsc: Detected 2594.191 MHz processor
<6>[    0.000032] Calibrating delay loop (skipped), value calculated using timer frequency.. 5188.38 BogoMIPS (lpj=10376764)
<6>[    0.000034] pid_max: default: 32768 minimum: 301
<6>[    0.000039] ACPI: Core revision 20150619
<4>[    0.010700] ACPI: All ACPI Tables successfully acquired
<6>[    0.010717] Security Framework initialized
<6>[    0.010727] AppArmor: AppArmor initialized
<6>[    0.010728] Yama: becoming mindful.
<6>[    0.010977] Dentry cache hash table entries: 524288 (order: 10, 4194304 bytes)
<6>[    0.011937] Inode-cache hash table entries: 262144 (order: 9, 2097152 bytes)
<6>[    0.012363] Mount-cache hash table entries: 8192 (order: 4, 65536 bytes)
<6>[    0.012368] Mountpoint-cache hash table entries: 8192 (order: 4, 65536 bytes)
<6>[    0.012564] Initializing cgroup subsys blkio
<6>[    0.012567] Initializing cgroup subsys memory
<6>[    0.012574] Initializing cgroup subsys devices
<6>[    0.012576] Initializing cgroup subsys freezer
<6>[    0.012578] Initializing cgroup subsys net_cls
<6>[    0.012579] Initializing cgroup subsys perf_event
<6>[    0.012583] Initializing cgroup subsys net_prio
<6>[    0.012584] Initializing cgroup subsys hugetlb
<6>[    0.012604] CPU: Physical Processor ID: 0
<6>[    0.012604] CPU: Processor Core ID: 0
<4>[    0.012608] ENERGY_PERF_BIAS: Set to 'normal', was 'performance'
<4>[    0.012609] ENERGY_PERF_BIAS: View and update with x86_energy_perf_policy(8)
<6>[    0.012951] mce: CPU supports 7 MCE banks
<6>[    0.012961] CPU0: Thermal monitoring enabled (TM1)
<6>[    0.012967] process: using mwait in idle threads
<6>[    0.012970] Last level iTLB entries: 4KB 512, 2MB 8, 4MB 8
<6>[    0.012971] Last level dTLB entries: 4KB 512, 2MB 32, 4MB 32, 1GB 0
<6>[    0.013128] Freeing SMP alternatives memory: 28K (ffffffff81ea6000 - ffffffff81ead000)
<6>[    0.015880] ftrace: allocating 30954 entries in 121 pages
<6>[    0.029574] x2apic: IRQ remapping doesn't support X2APIC mode
<6>[    0.030030] ..TIMER: vector=0x30 apic1=0 pin1=2 apic2=-1 pin2=-1
<7>[    0.069749] TSC deadline timer enabled
<6>[    0.069752] smpboot: CPU0: Intel(R) Core(TM) i5-3320M CPU @ 2.60GHz (fam: 06, model: 3a, stepping: 09)
<6>[    0.069775] Performance Events: PEBS fmt1+, 16-deep LBR, IvyBridge events, full-width counters, Intel PMU driver.
<6>[    0.069793] ... version:                3
<6>[    0.069794] ... bit width:              48
<6>[    0.069795] ... generic registers:      4
<6>[    0.069796] ... value mask:             0000ffffffffffff
<6>[    0.069797] ... max period:             0000ffffffffffff
<6>[    0.069797] ... fixed-purpose events:   3
<6>[    0.069798] ... event mask:             000000070000000f
<6>[    0.070562] x86: Booting SMP configuration:
<6>[    0.070564] .... node  #0, CPUs:      #1
<6>[    0.074104] NMI watchdog: enabled on all CPUs, permanently consumes one hw-PMU counter.
<4>[    0.074191]  #2 #3
<6>[    0.081135] x86: Booted up 1 node, 4 CPUs
<6>[    0.081138] smpboot: Total of 4 processors activated (20753.52 BogoMIPS)
<6>[    0.084089] devtmpfs: initialized
<6>[    0.086361] evm: security.selinux
<6>[    0.086362] evm: security.SMACK64
<6>[    0.086363] evm: security.SMACK64EXEC
<6>[    0.086363] evm: security.SMACK64TRANSMUTE
<6>[    0.086364] evm: security.SMACK64MMAP
<6>[    0.086365] evm: security.ima
<6>[    0.086366] evm: security.capability
<6>[    0.086439] PM: Registering ACPI NVS region [mem 0xdae9f000-0xdaf9efff] (1048576 bytes)
<6>[    0.086516] clocksource: jiffies: mask: 0xffffffff max_cycles: 0xffffffff, max_idle_ns: 7645041785100000 ns
<6>[    0.086589] pinctrl core: initialized pinctrl subsystem
<6>[    0.086691] RTC time: 17:41:54, date: 02/18/16
<6>[    0.086786] NET: Registered protocol family 16
<6>[    0.087950] cpuidle: using governor ladder
<6>[    0.091951] cpuidle: using governor menu
<6>[    0.092050] ACPI FADT declares the system doesn't support PCIe ASPM, so disable it
<6>[    0.092051] ACPI: bus type PCI registered
<6>[    0.092053] acpiphp: ACPI Hot Plug PCI Controller Driver version: 0.5
<6>[    0.092239] PCI: MMCONFIG for domain 0000 [bus 00-3f] at [mem 0xf8000000-0xfbffffff] (base 0xf8000000)
<6>[    0.092241] PCI: MMCONFIG at [mem 0xf8000000-0xfbffffff] reserved in E820
<6>[    0.092246] PCI: Using configuration type 1 for base access
<6>[    0.092435] perf_event_intel: PMU erratum BJ122, BV98, HSD29 worked around, HT is on
<6>[    0.096264] ACPI: Added _OSI(Module Device)
<6>[    0.096266] ACPI: Added _OSI(Processor Device)
<6>[    0.096267] ACPI: Added _OSI(3.0 _SCP Extensions)
<6>[    0.096268] ACPI: Added _OSI(Processor Aggregator Device)
<6>[    0.096269] ACPI: Deleted _OSI(Windows 2012)
<6>[    0.097504] ACPI : EC: EC description table is found, configuring boot EC
<6>[    0.097516] ACPI : EC: EC started
<5>[    0.101079] [Firmware Bug]: ACPI: BIOS _OSI(Linux) query ignored
<4>[    0.103323] ACPI: Dynamic OEM Table Load:
<4>[    0.103333] ACPI: SSDT 0xFFFF8801193D0000 000A01 (v01 PmRef  Cpu0Cst  00003001 INTL 20061109)
<4>[    0.103806] ACPI: Dynamic OEM Table Load:
<4>[    0.103814] ACPI: SSDT 0xFFFF8801193C0C00 000303 (v01 PmRef  ApIst    00003000 INTL 20061109)
<4>[    0.104234] ACPI: Dynamic OEM Table Load:
<4>[    0.104241] ACPI: SSDT 0xFFFF8801193BC000 000119 (v01 PmRef  ApCst    00003000 INTL 20061109)
<6>[    0.105021] ACPI: Interpreter enabled
<4>[    0.105026] ACPI Exception: AE_NOT_FOUND, While evaluating Sleep State [\_S1_] (20150619/hwxface-580)
<4>[    0.105030] ACPI Exception: AE_NOT_FOUND, While evaluating Sleep State [\_S2_] (20150619/hwxface-580)
<6>[    0.105041] ACPI: (supports S0 S3 S4 S5)
<6>[    0.105043] ACPI: Using IOAPIC for interrupt routing
<6>[    0.105062] PCI: Using host bridge windows from ACPI; if necessary, use "pci=nocrs" and report a bug
<6>[    0.107450] ACPI: Power Resource [PUBS] (on)
<6>[    0.107968] acpi PNP0C0A:01: ACPI dock station (docks/bays count: 1)
<6>[    0.108757] acpi LNXIOBAY:00: ACPI dock station (docks/bays count: 2)
<6>[    0.110959] ACPI: PCI Interrupt Link [LNKA] (IRQs 3 4 5 6 7 9 10 *11)
<6>[    0.111030] ACPI: PCI Interrupt Link [LNKB] (IRQs 3 4 5 6 *7 9 10 11)
<6>[    0.111098] ACPI: PCI Interrupt Link [LNKC] (IRQs 3 4 5 6 7 9 10 *11)
<6>[    0.111166] ACPI: PCI Interrupt Link [LNKD] (IRQs 3 4 5 6 7 9 *10 11)
<6>[    0.111232] ACPI: PCI Interrupt Link [LNKE] (IRQs 3 4 5 6 *7 9 10 11)
<6>[    0.111300] ACPI: PCI Interrupt Link [LNKF] (IRQs 3 4 5 6 7 9 *10 11)
<6>[    0.111367] ACPI: PCI Interrupt Link [LNKG] (IRQs 3 4 5 6 7 9 10 *11)
<6>[    0.111433] ACPI: PCI Interrupt Link [LNKH] (IRQs 3 4 5 6 7 9 *10 11)
<6>[    0.111506] ACPI: PCI Root Bridge [PCI0] (domain 0000 [bus 00-3f])
<6>[    0.111510] acpi PNP0A08:00: _OSC: OS supports [ExtendedConfig ASPM ClockPM Segments MSI]
<6>[    0.111597] acpi PNP0A08:00: _OSC: platform does not support [PCIeCapability]
<6>[    0.111635] acpi PNP0A08:00: _OSC: not requesting control; platform does not support [PCIeCapability]
<6>[    0.111637] acpi PNP0A08:00: _OSC: OS requested [PCIeHotplug PME AER PCIeCapability]
<6>[    0.111639] acpi PNP0A08:00: _OSC: platform willing to grant [PCIeHotplug PME AER]
<6>[    0.111640] acpi PNP0A08:00: _OSC failed (AE_SUPPORT); disabling ASPM
<6>[    0.111767] PCI host bridge to bus 0000:00
<6>[    0.111769] pci_bus 0000:00: root bus resource [bus 00-3f]
<6>[    0.111771] pci_bus 0000:00: root bus resource [io  0x0000-0x0cf7 window]
<6>[    0.111773] pci_bus 0000:00: root bus resource [io  0x0d00-0xffff window]
<6>[    0.111775] pci_bus 0000:00: root bus resource [mem 0x000a0000-0x000bffff window]
<6>[    0.111776] pci_bus 0000:00: root bus resource [mem 0xdfa00000-0xfebfffff window]
<6>[    0.111777] pci_bus 0000:00: root bus resource [mem 0xfed40000-0xfed4bfff window]
<7>[    0.111784] pci 0000:00:00.0: [8086:0154] type 00 class 0x060000
<7>[    0.111853] pci 0000:00:02.0: [8086:0166] type 00 class 0x030000
<7>[    0.111865] pci 0000:00:02.0: reg 0x10: [mem 0xf0000000-0xf03fffff 64bit]
<7>[    0.111870] pci 0000:00:02.0: reg 0x18: [mem 0xe0000000-0xefffffff 64bit pref]
<7>[    0.111874] pci 0000:00:02.0: reg 0x20: [io  0x5000-0x503f]
<7>[    0.111951] pci 0000:00:14.0: [8086:1e31] type 00 class 0x0c0330
<7>[    0.111982] pci 0000:00:14.0: reg 0x10: [mem 0xf2520000-0xf252ffff 64bit]
<7>[    0.112037] pci 0000:00:14.0: PME# supported from D3hot D3cold
<6>[    0.112063] pci 0000:00:14.0: System wakeup disabled by ACPI
<7>[    0.112101] pci 0000:00:16.0: [8086:1e3a] type 00 class 0x078000
<7>[    0.112132] pci 0000:00:16.0: reg 0x10: [mem 0xf2535000-0xf253500f 64bit]
<7>[    0.112191] pci 0000:00:16.0: PME# supported from D0 D3hot D3cold
<7>[    0.112247] pci 0000:00:16.3: [8086:1e3d] type 00 class 0x070002
<7>[    0.112274] pci 0000:00:16.3: reg 0x10: [io  0x50b0-0x50b7]
<7>[    0.112283] pci 0000:00:16.3: reg 0x14: [mem 0xf253c000-0xf253cfff]
<7>[    0.112388] pci 0000:00:19.0: [8086:1502] type 00 class 0x020000
<7>[    0.112413] pci 0000:00:19.0: reg 0x10: [mem 0xf2500000-0xf251ffff]
<7>[    0.112422] pci 0000:00:19.0: reg 0x14: [mem 0xf253b000-0xf253bfff]
<7>[    0.112430] pci 0000:00:19.0: reg 0x18: [io  0x5080-0x509f]
<7>[    0.112473] pci 0000:00:19.0: PME# supported from D0 D3hot D3cold
<6>[    0.112497] pci 0000:00:19.0: System wakeup disabled by ACPI
<7>[    0.112530] pci 0000:00:1a.0: [8086:1e2d] type 00 class 0x0c0320
<7>[    0.112558] pci 0000:00:1a.0: reg 0x10: [mem 0xf253a000-0xf253a3ff]
<7>[    0.112625] pci 0000:00:1a.0: PME# supported from D0 D3hot D3cold
<6>[    0.112650] pci 0000:00:1a.0: System wakeup disabled by ACPI
<7>[    0.112687] pci 0000:00:1b.0: [8086:1e20] type 00 class 0x040300
<7>[    0.112712] pci 0000:00:1b.0: reg 0x10: [mem 0xf2530000-0xf2533fff 64bit]
<7>[    0.112769] pci 0000:00:1b.0: PME# supported from D0 D3hot D3cold
<6>[    0.112799] pci 0000:00:1b.0: System wakeup disabled by ACPI
<7>[    0.112837] pci 0000:00:1c.0: [8086:1e10] type 01 class 0x060400
<7>[    0.112949] pci 0000:00:1c.0: PME# supported from D0 D3hot D3cold
<7>[    0.113020] pci 0000:00:1c.1: [8086:1e12] type 01 class 0x060400
<7>[    0.113135] pci 0000:00:1c.1: PME# supported from D0 D3hot D3cold
<7>[    0.113206] pci 0000:00:1c.2: [8086:1e14] type 01 class 0x060400
<7>[    0.113320] pci 0000:00:1c.2: PME# supported from D0 D3hot D3cold
<6>[    0.113353] pci 0000:00:1c.2: System wakeup disabled by ACPI
<7>[    0.113393] pci 0000:00:1d.0: [8086:1e26] type 00 class 0x0c0320
<7>[    0.113421] pci 0000:00:1d.0: reg 0x10: [mem 0xf2539000-0xf25393ff]
<7>[    0.113488] pci 0000:00:1d.0: PME# supported from D0 D3hot D3cold
<6>[    0.113512] pci 0000:00:1d.0: System wakeup disabled by ACPI
<7>[    0.113548] pci 0000:00:1f.0: [8086:1e55] type 00 class 0x060100
<7>[    0.113694] pci 0000:00:1f.2: [8086:1e03] type 00 class 0x010601
<7>[    0.113717] pci 0000:00:1f.2: reg 0x10: [io  0x50a8-0x50af]
<7>[    0.113725] pci 0000:00:1f.2: reg 0x14: [io  0x50bc-0x50bf]
<7>[    0.113732] pci 0000:00:1f.2: reg 0x18: [io  0x50a0-0x50a7]
<7>[    0.113739] pci 0000:00:1f.2: reg 0x1c: [io  0x50b8-0x50bb]
<7>[    0.113747] pci 0000:00:1f.2: reg 0x20: [io  0x5060-0x507f]
<7>[    0.113755] pci 0000:00:1f.2: reg 0x24: [mem 0xf2538000-0xf25387ff]
<7>[    0.113782] pci 0000:00:1f.2: PME# supported from D3hot
<7>[    0.113834] pci 0000:00:1f.3: [8086:1e22] type 00 class 0x0c0500
<7>[    0.113851] pci 0000:00:1f.3: reg 0x10: [mem 0xf2534000-0xf25340ff 64bit]
<7>[    0.113871] pci 0000:00:1f.3: reg 0x20: [io  0xefa0-0xefbf]
<7>[    0.114193] pci 0000:02:00.0: [1180:e823] type 00 class 0x088001
<5>[    0.114238] pci 0000:02:00.0: MMC controller base frequency changed to 50Mhz.
<7>[    0.114263] pci 0000:02:00.0: reg 0x10: [mem 0xf1d00000-0xf1d000ff]
<7>[    0.114426] pci 0000:02:00.0: supports D1 D2
<7>[    0.114427] pci 0000:02:00.0: PME# supported from D0 D1 D2 D3hot D3cold
<6>[    0.124084] pci 0000:00:1c.0: PCI bridge to [bus 02]
<7>[    0.124088] pci 0000:00:1c.0:   bridge window [io  0x4000-0x4fff]
<7>[    0.124093] pci 0000:00:1c.0:   bridge window [mem 0xf1d00000-0xf24fffff]
<7>[    0.124101] pci 0000:00:1c.0:   bridge window [mem 0xf0400000-0xf0bfffff 64bit pref]
<7>[    0.124304] pci 0000:03:00.0: [8086:0085] type 00 class 0x028000
<7>[    0.124594] pci 0000:03:00.0: reg 0x10: [mem 0xf1c00000-0xf1c01fff 64bit]
<7>[    0.125174] pci 0000:03:00.0: PME# supported from D0 D3hot D3cold
<6>[    0.136104] pci 0000:00:1c.1: PCI bridge to [bus 03]
<7>[    0.136113] pci 0000:00:1c.1:   bridge window [mem 0xf1c00000-0xf1cfffff]
<6>[    0.136200] acpiphp: Slot [1] registered
<6>[    0.136210] pci 0000:00:1c.2: PCI bridge to [bus 04-0b]
<7>[    0.136214] pci 0000:00:1c.2:   bridge window [io  0x3000-0x3fff]
<7>[    0.136219] pci 0000:00:1c.2:   bridge window [mem 0xf1400000-0xf1bfffff]
<7>[    0.136227] pci 0000:00:1c.2:   bridge window [mem 0xf0c00000-0xf13fffff 64bit pref]
<4>[    0.137224] ACPI: Enabled 4 GPEs in block 00 to 3F
<6>[    0.137273] ACPI : EC: GPE = 0x11, I/O: command/status = 0x66, data = 0x62
<6>[    0.137369] vgaarb: setting as boot device: PCI:0000:00:02.0
<6>[    0.137371] vgaarb: device added: PCI:0000:00:02.0,decodes=io+mem,owns=io+mem,locks=none
<6>[    0.137373] vgaarb: loaded
<6>[    0.137374] vgaarb: bridge control possible 0000:00:02.0
<5>[    0.137563] SCSI subsystem initialized
<7>[    0.137603] libata version 3.00 loaded.
<6>[    0.137623] ACPI: bus type USB registered
<6>[    0.137638] usbcore: registered new interface driver usbfs
<6>[    0.137645] usbcore: registered new interface driver hub
<6>[    0.137660] usbcore: registered new device driver usb
<6>[    0.137789] PCI: Using ACPI for IRQ routing
<7>[    0.139528] PCI: pci_cache_line_size set to 64 bytes
<7>[    0.139870] e820: reserve RAM buffer [mem 0x0009d800-0x0009ffff]
<7>[    0.139871] e820: reserve RAM buffer [mem 0x40004000-0x43ffffff]
<7>[    0.139873] e820: reserve RAM buffer [mem 0xcee0b000-0xcfffffff]
<7>[    0.139874] e820: reserve RAM buffer [mem 0x11e600000-0x11fffffff]
<6>[    0.139972] NetLabel: Initializing
<6>[    0.139973] NetLabel:  domain hash size = 128
<6>[    0.139974] NetLabel:  protocols = UNLABELED CIPSOv4
<6>[    0.139984] NetLabel:  unlabeled traffic allowed by default
<6>[    0.140076] hpet0: at MMIO 0xfed00000, IRQs 2, 8, 0, 0, 0, 0, 0, 0
<6>[    0.140081] hpet0: 8 comparators, 64-bit 14.318180 MHz counter
<6>[    0.142111] clocksource: Switched to clocksource hpet
<6>[    0.147149] AppArmor: AppArmor Filesystem Enabled
<6>[    0.147215] pnp: PnP ACPI init
<6>[    0.147566] system 00:00: [mem 0x00000000-0x0009ffff] could not be reserved
<6>[    0.147569] system 00:00: [mem 0x000c0000-0x000c3fff] could not be reserved
<6>[    0.147570] system 00:00: [mem 0x000c4000-0x000c7fff] could not be reserved
<6>[    0.147572] system 00:00: [mem 0x000c8000-0x000cbfff] has been reserved
<6>[    0.147573] system 00:00: [mem 0x000cc000-0x000cffff] has been reserved
<6>[    0.147575] system 00:00: [mem 0x000d0000-0x000d3fff] could not be reserved
<6>[    0.147576] system 00:00: [mem 0x000d4000-0x000d7fff] has been reserved
<6>[    0.147578] system 00:00: [mem 0x000d8000-0x000dbfff] has been reserved
<6>[    0.147579] system 00:00: [mem 0x000dc000-0x000dffff] has been reserved
<6>[    0.147581] system 00:00: [mem 0x000e0000-0x000e3fff] could not be reserved
<6>[    0.147583] system 00:00: [mem 0x000e4000-0x000e7fff] could not be reserved
<6>[    0.147584] system 00:00: [mem 0x000e8000-0x000ebfff] could not be reserved
<6>[    0.147586] system 00:00: [mem 0x000ec000-0x000effff] could not be reserved
<6>[    0.147587] system 00:00: [mem 0x000f0000-0x000fffff] could not be reserved
<6>[    0.147589] system 00:00: [mem 0x00100000-0xdf9fffff] could not be reserved
<6>[    0.147590] system 00:00: [mem 0xfec00000-0xfed3ffff] could not be reserved
<6>[    0.147592] system 00:00: [mem 0xfed4c000-0xffffffff] could not be reserved
<7>[    0.147595] system 00:00: Plug and Play ACPI device, IDs PNP0c01 (active)
<6>[    0.147666] pnp 00:01: [Firmware Bug]: PNP resource [mem 0xfed10000-0xfed13fff] covers only part of 0000:00:00.0 Intel MCH; extending to [mem 0xfed10000-0xfed17fff]
<6>[    0.147684] system 00:01: [io  0x0400-0x047f] could not be reserved
<6>[    0.147686] system 00:01: [io  0x0500-0x057f] has been reserved
<6>[    0.147687] system 00:01: [io  0x0800-0x080f] has been reserved
<6>[    0.147689] system 00:01: [io  0x15e0-0x15ef] has been reserved
<6>[    0.147690] system 00:01: [io  0x1600-0x167f] has been reserved
<6>[    0.147692] system 00:01: [mem 0xf8000000-0xfbffffff] has been reserved
<6>[    0.147694] system 00:01: [mem 0xfffff000-0xffffffff] has been reserved
<6>[    0.147695] system 00:01: [mem 0xfed1c000-0xfed1ffff] has been reserved
<6>[    0.147697] system 00:01: [mem 0xfed10000-0xfed17fff] has been reserved
<6>[    0.147699] system 00:01: [mem 0xfed18000-0xfed18fff] has been reserved
<6>[    0.147700] system 00:01: [mem 0xfed19000-0xfed19fff] has been reserved
<6>[    0.147702] system 00:01: [mem 0xfed45000-0xfed4bfff] has been reserved
<7>[    0.147704] system 00:01: Plug and Play ACPI device, IDs PNP0c02 (active)
<7>[    0.147745] pnp 00:02: Plug and Play ACPI device, IDs PNP0b00 (active)
<7>[    0.147765] pnp 00:03: Plug and Play ACPI device, IDs PNP0303 (active)
<7>[    0.147784] pnp 00:04: Plug and Play ACPI device, IDs LEN0015 PNP0f13 (active)
<7>[    0.147822] pnp 00:05: Plug and Play ACPI device, IDs SMO1200 PNP0c31 (active)
<6>[    0.148207] pnp: PnP ACPI: found 6 devices
<6>[    0.154552] clocksource: acpi_pm: mask: 0xffffff max_cycles: 0xffffff, max_idle_ns: 2085701024 ns
<6>[    0.154597] pci 0000:00:1c.0: PCI bridge to [bus 02]
<6>[    0.154602] pci 0000:00:1c.0:   bridge window [io  0x4000-0x4fff]
<6>[    0.154609] pci 0000:00:1c.0:   bridge window [mem 0xf1d00000-0xf24fffff]
<6>[    0.154614] pci 0000:00:1c.0:   bridge window [mem 0xf0400000-0xf0bfffff 64bit pref]
<6>[    0.154623] pci 0000:00:1c.1: PCI bridge to [bus 03]
<6>[    0.154629] pci 0000:00:1c.1:   bridge window [mem 0xf1c00000-0xf1cfffff]
<6>[    0.154641] pci 0000:00:1c.2: PCI bridge to [bus 04-0b]
<6>[    0.154644] pci 0000:00:1c.2:   bridge window [io  0x3000-0x3fff]
<6>[    0.154650] pci 0000:00:1c.2:   bridge window [mem 0xf1400000-0xf1bfffff]
<6>[    0.154655] pci 0000:00:1c.2:   bridge window [mem 0xf0c00000-0xf13fffff 64bit pref]
<7>[    0.154664] pci_bus 0000:00: resource 4 [io  0x0000-0x0cf7 window]
<7>[    0.154665] pci_bus 0000:00: resource 5 [io  0x0d00-0xffff window]
<7>[    0.154667] pci_bus 0000:00: resource 6 [mem 0x000a0000-0x000bffff window]
<7>[    0.154669] pci_bus 0000:00: resource 7 [mem 0xdfa00000-0xfebfffff window]
<7>[    0.154670] pci_bus 0000:00: resource 8 [mem 0xfed40000-0xfed4bfff window]
<7>[    0.154672] pci_bus 0000:02: resource 0 [io  0x4000-0x4fff]
<7>[    0.154673] pci_bus 0000:02: resource 1 [mem 0xf1d00000-0xf24fffff]
<7>[    0.154675] pci_bus 0000:02: resource 2 [mem 0xf0400000-0xf0bfffff 64bit pref]
<7>[    0.154676] pci_bus 0000:03: resource 1 [mem 0xf1c00000-0xf1cfffff]
<7>[    0.154678] pci_bus 0000:04: resource 0 [io  0x3000-0x3fff]
<7>[    0.154679] pci_bus 0000:04: resource 1 [mem 0xf1400000-0xf1bfffff]
<7>[    0.154681] pci_bus 0000:04: resource 2 [mem 0xf0c00000-0xf13fffff 64bit pref]
<6>[    0.154709] NET: Registered protocol family 2
<6>[    0.154839] TCP established hash table entries: 32768 (order: 6, 262144 bytes)
<6>[    0.154906] TCP bind hash table entries: 32768 (order: 7, 524288 bytes)
<6>[    0.154987] TCP: Hash tables configured (established 32768 bind 32768)
<6>[    0.155007] UDP hash table entries: 2048 (order: 4, 65536 bytes)
<6>[    0.155022] UDP-Lite hash table entries: 2048 (order: 4, 65536 bytes)
<6>[    0.155066] NET: Registered protocol family 1
<7>[    0.155081] pci 0000:00:02.0: Video device with shadowed ROM
<7>[    0.155507] PCI: CLS 64 bytes, default 64
<6>[    0.155568] Trying to unpack rootfs image as initramfs...
<6>[    2.790162] Freeing initrd memory: 13576K (ffff88001f2bd000 - ffff88001ffff000)
<6>[    2.790172] PCI-DMA: Using software bounce buffering for IO (SWIOTLB)
<6>[    2.790174] software IO TLB [mem 0xcae0b000-0xcee0b000] (64MB) mapped at [ffff8800cae0b000-ffff8800cee0afff]
<6>[    2.790273] RAPL PMU detected, API unit is 2^-32 Joules, 3 fixed counters 163840 ms ovfl timer
<6>[    2.790275] hw unit of domain pp0-core 2^-16 Joules
<6>[    2.790276] hw unit of domain package 2^-16 Joules
<6>[    2.790276] hw unit of domain pp1-gpu 2^-16 Joules
<6>[    2.790391] microcode: CPU0 sig=0x306a9, pf=0x10, revision=0x15
<6>[    2.790400] microcode: CPU1 sig=0x306a9, pf=0x10, revision=0x15
<6>[    2.790408] microcode: CPU2 sig=0x306a9, pf=0x10, revision=0x15
<6>[    2.790416] microcode: CPU3 sig=0x306a9, pf=0x10, revision=0x15
<6>[    2.790473] microcode: Microcode Update Driver: v2.00 <tigran@aivazian.fsnet.co.uk>, Peter Oruba
<6>[    2.790549] Scanning for low memory corruption every 60 seconds
<6>[    2.790871] futex hash table entries: 2048 (order: 5, 131072 bytes)
<5>[    2.790902] Initialise system trusted keyring
<6>[    2.790920] audit: initializing netlink subsys (disabled)
<5>[    2.790932] audit: type=2000 audit(1455817316.780:1): initialized
<6>[    2.791255] HugeTLB registered 2 MB page size, pre-allocated 0 pages
<6>[    2.792467] zpool: loaded
<6>[    2.792469] zbud: loaded
<5>[    2.792634] VFS: Disk quotas dquot_6.6.0
<6>[    2.792661] VFS: Dquot-cache hash table entries: 512 (order 0, 4096 bytes)
<6>[    2.793076] fuse init (API version 7.23)
<5>[    2.793194] Key type big_key registered
<5>[    2.793538] Key type asymmetric registered
<5>[    2.793541] Asymmetric key parser 'x509' registered
<6>[    2.793553] Block layer SCSI generic (bsg) driver version 0.4 loaded (major 249)
<6>[    2.793595] io scheduler noop registered
<6>[    2.793598] io scheduler deadline registered (default)
<6>[    2.793624] io scheduler cfq registered
<6>[    2.794051] pci_hotplug: PCI Hot Plug PCI Core version: 0.5
<6>[    2.794057] pciehp: PCI Express Hot Plug Controller Driver version: 0.4
<7>[    2.794091] intel_idle: MWAIT substates: 0x21120
<7>[    2.794092] intel_idle: v0.4 model 0x3A
<7>[    2.794093] intel_idle: lapic_timer_reliable_states 0xffffffff
<6>[    2.794445] ACPI: AC Adapter [AC] (on-line)
<6>[    2.794497] input: Lid Switch as /devices/LNXSYSTM:00/LNXSYBUS:00/PNP0C0D:00/input/input0
<6>[    2.794597] ACPI: Lid Switch [LID]
<6>[    2.794629] input: Sleep Button as /devices/LNXSYSTM:00/LNXSYBUS:00/PNP0C0E:00/input/input1
<6>[    2.794632] ACPI: Sleep Button [SLPB]
<6>[    2.794666] input: Power Button as /devices/LNXSYSTM:00/LNXPWRBN:00/input/input2
<6>[    2.794667] ACPI: Power Button [PWRF]
<6>[    2.795739] thermal LNXTHERM:00: registered as thermal_zone0
<6>[    2.795741] ACPI: Thermal Zone [THM0] (38 C)
<6>[    2.795767] GHES: HEST is not enabled!
<6>[    2.795869] Serial: 8250/16550 driver, 32 ports, IRQ sharing enabled
<6>[    2.803319] ACPI: Battery Slot [BAT0] (battery present)
<6>[    2.817746] 0000:00:16.3: ttyS4 at I/O 0x50b0 (irq = 19, base_baud = 115200) is a 16550A
<6>[    2.818001] Linux agpgart interface v0.103
<6>[    2.839948] tpm_tis 00:05: 1.2 TPM (device-id 0x0, rev-id 78)
<6>[    2.962836] brd: module loaded
<6>[    2.963576] loop: module loaded
<6>[    2.963755] libphy: Fixed MDIO Bus: probed
<6>[    2.963759] tun: Universal TUN/TAP device driver, 1.6
<6>[    2.963759] tun: (C) 1999-2004 Max Krasnyansky <maxk@qualcomm.com>
<6>[    2.963799] PPP generic driver version 2.4.2
<6>[    2.963943] xhci_hcd 0000:00:14.0: xHCI Host Controller
<6>[    2.963949] xhci_hcd 0000:00:14.0: new USB bus registered, assigned bus number 1
<6>[    2.964055] xhci_hcd 0000:00:14.0: hcc params 0x20007181 hci version 0x100 quirks 0x0000b930
<7>[    2.964062] xhci_hcd 0000:00:14.0: cache line size of 64 is not supported
<6>[    2.964149] usb usb1: New USB device found, idVendor=1d6b, idProduct=0002
<6>[    2.964151] usb usb1: New USB device strings: Mfr=3, Product=2, SerialNumber=1
<6>[    2.964152] usb usb1: Product: xHCI Host Controller
<6>[    2.964153] usb usb1: Manufacturer: Linux 4.2.0-18-generic xhci-hcd
<6>[    2.964155] usb usb1: SerialNumber: 0000:00:14.0
<6>[    2.964252] hub 1-0:1.0: USB hub found
<6>[    2.964263] hub 1-0:1.0: 4 ports detected
<6>[    2.964599] xhci_hcd 0000:00:14.0: xHCI Host Controller
<6>[    2.964602] xhci_hcd 0000:00:14.0: new USB bus registered, assigned bus number 2
<6>[    2.964632] usb usb2: New USB device found, idVendor=1d6b, idProduct=0003
<6>[    2.964633] usb usb2: New USB device strings: Mfr=3, Product=2, SerialNumber=1
<6>[    2.964635] usb usb2: Product: xHCI Host Controller
<6>[    2.964636] usb usb2: Manufacturer: Linux 4.2.0-18-generic xhci-hcd
<6>[    2.964637] usb usb2: SerialNumber: 0000:00:14.0
<6>[    2.964723] hub 2-0:1.0: USB hub found
<6>[    2.964734] hub 2-0:1.0: 4 ports detected
<4>[    2.964886] usb: failed to peer usb2-port2 and usb1-port1 by location (usb2-port2:none) (usb1-port1:usb2-port1)
<4>[    2.964888] usb usb2-port2: failed to peer to usb1-port1 (-16)
<4>[    2.964889] usb: port power management may be unreliable
<4>[    2.964957] usb: failed to peer usb2-port3 and usb1-port1 by location (usb2-port3:none) (usb1-port1:usb2-port1)
<4>[    2.964959] usb usb2-port3: failed to peer to usb1-port1 (-16)
<4>[    2.965027] usb: failed to peer usb2-port4 and usb1-port1 by location (usb2-port4:none) (usb1-port1:usb2-port1)
<4>[    2.965029] usb usb2-port4: failed to peer to usb1-port1 (-16)
<6>[    2.965092] ehci_hcd: USB 2.0 'Enhanced' Host Controller (EHCI) Driver
<6>[    2.965096] ehci-pci: EHCI PCI platform driver
<6>[    2.965166] ehci-pci 0000:00:1a.0: EHCI Host Controller
<6>[    2.965171] ehci-pci 0000:00:1a.0: new USB bus registered, assigned bus number 3
<6>[    2.965185] ehci-pci 0000:00:1a.0: debug port 2
<7>[    2.969090] ehci-pci 0000:00:1a.0: cache line size of 64 is not supported
<6>[    2.969098] ehci-pci 0000:00:1a.0: irq 16, io mem 0xf253a000
<6>[    2.979989] ehci-pci 0000:00:1a.0: USB 2.0 started, EHCI 1.00
<6>[    2.980016] usb usb3: New USB device found, idVendor=1d6b, idProduct=0002
<6>[    2.980018] usb usb3: New USB device strings: Mfr=3, Product=2, SerialNumber=1
<6>[    2.980019] usb usb3: Product: EHCI Host Controller
<6>[    2.980020] usb usb3: Manufacturer: Linux 4.2.0-18-generic ehci_hcd
<6>[    2.980022] usb usb3: SerialNumber: 0000:00:1a.0
<6>[    2.980145] hub 3-0:1.0: USB hub found
<6>[    2.980150] hub 3-0:1.0: 3 ports detected
<6>[    2.980312] ehci-pci 0000:00:1d.0: EHCI Host Controller
<6>[    2.980317] ehci-pci 0000:00:1d.0: new USB bus registered, assigned bus number 4
<6>[    2.980330] ehci-pci 0000:00:1d.0: debug port 2
<7>[    2.984236] ehci-pci 0000:00:1d.0: cache line size of 64 is not supported
<6>[    2.984243] ehci-pci 0000:00:1d.0: irq 23, io mem 0xf2539000
<6>[    2.996079] ehci-pci 0000:00:1d.0: USB 2.0 started, EHCI 1.00
<6>[    2.996139] usb usb4: New USB device found, idVendor=1d6b, idProduct=0002
<6>[    2.996142] usb usb4: New USB device strings: Mfr=3, Product=2, SerialNumber=1
<6>[    2.996144] usb usb4: Product: EHCI Host Controller
<6>[    2.996145] usb usb4: Manufacturer: Linux 4.2.0-18-generic ehci_hcd
<6>[    2.996146] usb usb4: SerialNumber: 0000:00:1d.0
<6>[    2.996363] hub 4-0:1.0: USB hub found
<6>[    2.996374] hub 4-0:1.0: 3 ports detected
<6>[    2.996544] ehci-platform: EHCI generic platform driver
<6>[    2.996560] ohci_hcd: USB 1.1 'Open' Host Controller (OHCI) Driver
<6>[    2.996573] ohci-pci: OHCI PCI platform driver
<6>[    2.996586] ohci-platform: OHCI generic platform driver
<6>[    2.996596] uhci_hcd: USB Universal Host Controller Interface driver
<6>[    2.996651] i8042: PNP: PS/2 Controller [PNP0303:KBD,PNP0f13:MOU] at 0x60,0x64 irq 1,12
<6>[    2.998650] serio: i8042 KBD port at 0x60,0x64 irq 1
<6>[    2.998655] serio: i8042 AUX port at 0x60,0x64 irq 12
<6>[    2.998860] mousedev: PS/2 mouse device common for all mice
<6>[    2.999337] rtc_cmos 00:02: RTC can wake from S4
<6>[    2.999525] rtc_cmos 00:02: rtc core: registered rtc_cmos as rtc0
<6>[    2.999555] rtc_cmos 00:02: alarms up to one month, y3k, 114 bytes nvram, hpet irqs
<6>[    2.999564] i2c /dev entries driver
<6>[    2.999635] device-mapper: uevent: version 1.0.3
<6>[    2.999753] device-mapper: ioctl: 4.33.0-ioctl (2015-8-18) initialised: dm-devel@redhat.com
<6>[    2.999770] Intel P-state driver initializing.
<6>[    2.999954] ledtrig-cpu: registered to indicate activity on CPUs
<4>[    3.000276] PCCT header not found.
<6>[    3.000478] input: AT Translated Set 2 keyboard as /devices/platform/i8042/serio0/input/input3
<6>[    3.000708] NET: Registered protocol family 10
<6>[    3.001019] NET: Registered protocol family 17
<5>[    3.001042] Key type dns_resolver registered
<5>[    3.001699] Loading compiled-in X.509 certificates
<5>[    3.003363] Loaded X.509 cert 'Build time autogenerated kernel key: 714df7ce1739f2da38b31837ada06c6e4fb64084'
<6>[    3.003386] registered taskstats version 1
<6>[    3.003426] zswap: loading zswap
<6>[    3.003429] zswap: using zbud pool
<6>[    3.003436] zswap: using lzo compressor
<5>[    3.005170] Key type trusted registered
<5>[    3.007398] Key type encrypted registered
<6>[    3.007403] AppArmor: AppArmor sha1 policy hashing enabled
<6>[    3.276271] usb 1-1: new high-speed USB device number 2 using xhci_hcd
<6>[    3.292278] usb 3-1: new high-speed USB device number 2 using ehci-pci
<6>[    3.308291] usb 4-1: new high-speed USB device number 2 using ehci-pci
<6>[    3.316364] evm: HMAC attrs: 0x1
<6>[    3.317051]   Magic number: 4:264:694
<6>[    3.317159] rtc_cmos 00:02: setting system clock to 2016-02-18 17:41:58 UTC (1455817318)
<6>[    3.317288] BIOS EDD facility v0.16 2004-Jun-25, 0 devices found
<6>[    3.317290] EDD information not available.
<6>[    3.405026] usb 1-1: New USB device found, idVendor=0781, idProduct=5575
<6>[    3.405033] usb 1-1: New USB device strings: Mfr=1, Product=2, SerialNumber=3
<6>[    3.405036] usb 1-1: Product: Cruzer Glide
<6>[    3.405039] usb 1-1: Manufacturer: SanDisk
<6>[    3.405042] usb 1-1: SerialNumber: 4C530300821116101093
<6>[    3.425072] usb 3-1: New USB device found, idVendor=8087, idProduct=0024
<6>[    3.425075] usb 3-1: New USB device strings: Mfr=0, Product=0, SerialNumber=0
<6>[    3.425464] hub 3-1:1.0: USB hub found
<6>[    3.425677] hub 3-1:1.0: 6 ports detected
<6>[    3.440915] usb 4-1: New USB device found, idVendor=8087, idProduct=0024
<6>[    3.440918] usb 4-1: New USB device strings: Mfr=0, Product=0, SerialNumber=0
<6>[    3.441332] hub 4-1:1.0: USB hub found
<6>[    3.441547] hub 4-1:1.0: 8 ports detected
<6>[    3.696552] usb 3-1.6: new high-speed USB device number 3 using ehci-pci
<6>[    3.788615] tsc: Refined TSC clocksource calibration: 2594.117 MHz
<6>[    3.788621] clocksource: tsc: mask: 0xffffffffffffffff max_cycles: 0x256486e719d, max_idle_ns: 440795338728 ns
<6>[    3.796909] usb 3-1.6: New USB device found, idVendor=04f2, idProduct=b2da
<6>[    3.796915] usb 3-1.6: New USB device strings: Mfr=1, Product=2, SerialNumber=0
<6>[    3.796919] usb 3-1.6: Product: Integrated Camera
<6>[    3.796922] usb 3-1.6: Manufacturer: Chicony Electronics Co., Ltd.
<6>[    4.789438] clocksource: Switched to clocksource tsc
<7>[   15.372260] PM: Hibernation image not present or could not be loaded.
<6>[   15.372604] Freeing unused kernel memory: 1464K (ffffffff81d38000 - ffffffff81ea6000)
<6>[   15.372607] Write protecting the kernel read-only data: 12288k
<6>[   15.372875] Freeing unused kernel memory: 248K (ffff8800017c2000 - ffff880001800000)
<6>[   15.372951] Freeing unused kernel memory: 284K (ffff880001bb9000 - ffff880001c00000)
<30>[   15.381154] systemd-udevd[123]: starting version 204
<6>[   15.392294] wmi: Mapper loaded
<6>[   15.398576] pps_core: LinuxPPS API ver. 1 registered
<6>[   15.398578] pps_core: Software ver. 5.3.6 - Copyright 2005-2007 Rodolfo Giometti <giometti@linux.it>
<6>[   15.399478] PTP clock support registered
<6>[   15.400062] sdhci: Secure Digital Host Controller Interface driver
<6>[   15.400064] sdhci: Copyright(c) Pierre Ossman
<6>[   15.401714] sdhci-pci 0000:02:00.0: SDHCI controller found [1180:e823] (rev 4)
<6>[   15.402085] sdhci-pci 0000:02:00.0: No vmmc regulator found
<6>[   15.402087] sdhci-pci 0000:02:00.0: No vqmmc regulator found
<6>[   15.402253] e1000e: Intel(R) PRO/1000 Network Driver - 3.2.5-k
<6>[   15.402254] e1000e: Copyright(c) 1999 - 2015 Intel Corporation.
<6>[   15.402463] e1000e 0000:00:19.0: Interrupt Throttling Rate (ints/sec) set to dynamic conservative mode
<6>[   15.403390] mmc0: SDHCI controller on PCI [0000:02:00.0] using DMA
<6>[   15.404744] [drm] Initialized drm 1.1.0 20060810
<6>[   15.414459] usb-storage 1-1:1.0: USB Mass Storage device detected
<6>[   15.414528] scsi host0: usb-storage 1-1:1.0
<6>[   15.414596] usbcore: registered new interface driver usb-storage
<6>[   15.415518] usbcore: registered new interface driver uas
<6>[   15.601449] e1000e 0000:00:19.0 eth0: registered PHC clock
<6>[   15.601452] e1000e 0000:00:19.0 eth0: (PCI Express:2.5GT/s:Width x1) 00:21:cc:d0:dc:38
<6>[   15.601454] e1000e 0000:00:19.0 eth0: Intel(R) PRO/1000 Network Connection
<6>[   15.601510] e1000e 0000:00:19.0 eth0: MAC: 10, PHY: 11, PBA No: 1000FF-0FF
<7>[   15.601542] ahci 0000:00:1f.2: version 3.0
<6>[   15.601694] ahci 0000:00:1f.2: SSS flag set, parallel bus scan disabled
<6>[   15.616433] ahci 0000:00:1f.2: AHCI 0001.0300 32 slots 6 ports 6 Gbps 0x13 impl SATA mode
<6>[   15.616436] ahci 0000:00:1f.2: flags: 64bit ncq ilck stag pm led clo pio slum part ems sxs apst 
<6>[   15.633038] scsi host1: ahci
<6>[   15.633150] scsi host2: ahci
<6>[   15.633231] scsi host3: ahci
<6>[   15.633322] scsi host4: ahci
<6>[   15.633389] scsi host5: ahci
<6>[   15.633447] scsi host6: ahci
<6>[   15.633479] ata1: SATA max UDMA/133 abar m2048@0xf2538000 port 0xf2538100 irq 26
<6>[   15.633482] ata2: SATA max UDMA/133 abar m2048@0xf2538000 port 0xf2538180 irq 26
<6>[   15.633483] ata3: DUMMY
<6>[   15.633484] ata4: DUMMY
<6>[   15.633487] ata5: SATA max UDMA/133 abar m2048@0xf2538000 port 0xf2538300 irq 26
<6>[   15.633487] ata6: DUMMY
<6>[   15.634112] [drm] Memory usable by graphics device = 2048M
<6>[   15.634114] [drm] Replacing VGA console driver
<6>[   15.634584] Console: switching to colour dummy device 80x25
<6>[   15.640376] [drm] Supports vblank timestamp caching Rev 2 (21.10.2013).
<6>[   15.640386] [drm] Driver supports precise vblank timestamp query.
<6>[   15.640447] vgaarb: device changed decodes: PCI:0000:00:02.0,olddecodes=io+mem,decodes=io+mem:owns=io+mem
<6>[   15.674320] ACPI: Video Device [VID] (multi-head: yes  rom: no  post: no)
<6>[   15.675093] acpi device:00: registered as cooling_device4
<6>[   15.675151] input: Video Bus as /devices/LNXSYSTM:00/LNXSYBUS:00/PNP0A08:00/LNXVIDEO:00/input/input6
<6>[   15.675238] [drm] Initialized i915 1.6.0 20150522 for 0000:00:02.0 on minor 0
<6>[   15.740470] [drm] GMBUS [i915 gmbus dpb] timed out, falling back to bit banging on pin 5
<6>[   15.758213] fbcon: inteldrmfb (fb0) is primary device
<6>[   15.952642] ata1: SATA link up 3.0 Gbps (SStatus 123 SControl 300)
<7>[   15.954463] ata1.00: ACPI cmd ef/02:00:00:00:00:a0 (SET FEATURES) succeeded
<6>[   15.954467] ata1.00: ACPI cmd f5/00:00:00:00:00:a0 (SECURITY FREEZE LOCK) filtered out
<3>[   16.043976] [drm:intel_set_pch_fifo_underrun_reporting [i915]] *ERROR* uncleared pch fifo underrun on pch transcoder A
<3>[   16.043991] [drm:intel_pch_fifo_underrun_irq_handler [i915]] *ERROR* PCH transcoder A FIFO underrun
<6>[   16.120737] psmouse serio1: synaptics: queried max coordinates: x [..5470], y [..4498]
<6>[   16.182126] psmouse serio1: synaptics: Touchpad model: 1, fw: 7.2, id: 0x1c0b1, caps: 0xd047b3/0xb40000/0xa0000/0x0, board id: 0, fw id: 920262
<6>[   16.182130] psmouse serio1: synaptics: serio: Synaptics pass-through port at isa0060/serio1/input0
<6>[   16.222004] input: SynPS/2 Synaptics TouchPad as /devices/platform/i8042/serio1/input/input5
<5>[   16.417475] scsi 0:0:0:0: Direct-Access     SanDisk  Cruzer Glide     1.26 PQ: 0 ANSI: 6
<5>[   16.417891] sd 0:0:0:0: Attached scsi generic sg0 type 0
<5>[   16.418148] sd 0:0:0:0: [sda] 15633408 512-byte logical blocks: (8.00 GB/7.45 GiB)
<5>[   16.418868] sd 0:0:0:0: [sda] Write Protect is off
<7>[   16.418870] sd 0:0:0:0: [sda] Mode Sense: 43 00 00 00
<5>[   16.419221] sd 0:0:0:0: [sda] Write cache: disabled, read cache: enabled, doesn't support DPO or FUA
<6>[   16.420753]  sda: sda1
<5>[   16.421584] sd 0:0:0:0: [sda] Attached SCSI disk
<6>[   16.438315] ata1.00: ATA-8: ST320LT007-9ZV142, 0004LVM1, max UDMA/133
<6>[   16.438318] ata1.00: 625142448 sectors, multi 16: LBA48 NCQ (depth 31/32)
<7>[   16.449159] ata1.00: ACPI cmd ef/02:00:00:00:00:a0 (SET FEATURES) succeeded
<6>[   16.449160] ata1.00: ACPI cmd f5/00:00:00:00:00:a0 (SECURITY FREEZE LOCK) filtered out
<6>[   16.459660] ata1.00: configured for UDMA/133
<5>[   16.459758] scsi 1:0:0:0: Direct-Access     ATA      ST320LT007-9ZV14 LVM1 PQ: 0 ANSI: 5
<5>[   16.459955] sd 1:0:0:0: [sdb] 625142448 512-byte logical blocks: (320 GB/298 GiB)
<5>[   16.459956] sd 1:0:0:0: [sdb] 4096-byte physical blocks
<5>[   16.459980] sd 1:0:0:0: Attached scsi generic sg1 type 0
<5>[   16.459988] sd 1:0:0:0: [sdb] Write Protect is off
<7>[   16.459989] sd 1:0:0:0: [sdb] Mode Sense: 00 3a 00 00
<5>[   16.459998] sd 1:0:0:0: [sdb] Write cache: enabled, read cache: enabled, doesn't support DPO or FUA
<6>[   16.532437] Console: switching to colour frame buffer device 200x56
<6>[   16.540103]  sdb: sdb1 sdb2 < sdb5 >
<5>[   16.540427] sd 1:0:0:0: [sdb] Attached SCSI disk
<6>[   16.552713] i915 0000:00:02.0: fb0: inteldrmfb frame buffer device
<6>[   16.552715] i915 0000:00:02.0: registered panic notifier
<6>[   16.777178] ata2: SATA link up 1.5 Gbps (SStatus 113 SControl 300)
<7>[   16.779971] ata2.00: ACPI cmd e3/00:1f:00:00:00:a0 (IDLE) succeeded
<7>[   16.780368] ata2.00: ACPI cmd e3/00:02:00:00:00:a0 (IDLE) succeeded
<6>[   16.782082] ata2.00: ATAPI: Optiarc DVD RW AD-7740H, 1.S1, max UDMA/100
<7>[   16.785001] ata2.00: ACPI cmd e3/00:1f:00:00:00:a0 (IDLE) succeeded
<7>[   16.785436] ata2.00: ACPI cmd e3/00:02:00:00:00:a0 (IDLE) succeeded
<6>[   16.787155] ata2.00: configured for UDMA/100
<5>[   16.788121] scsi 2:0:0:0: CD-ROM            Optiarc  DVD RW AD-7740H  1.S1 PQ: 0 ANSI: 5
<6>[   16.803186] sr 2:0:0:0: [sr0] scsi3-mmc drive: 24x/24x writer dvd-ram cd/rw xa/form2 cdda tray
<6>[   16.803193] cdrom: Uniform CD-ROM driver Revision: 3.20
<7>[   16.803409] sr 2:0:0:0: Attached scsi CD-ROM sr0
<5>[   16.803532] sr 2:0:0:0: Attached scsi generic sg2 type 5
<6>[   17.121347] ata5: SATA link down (SStatus 0 SControl 300)
<5>[   17.719927] random: nonblocking pool is initialized
<4>[   18.725843] FAT-fs (sda1): Volume was not properly unmounted. Some data may be corrupt. Please run fsck.
<6>[   18.768310] EXT4-fs (loop0): mounting ext3 file system using the ext4 subsystem
<4>[   18.841285] EXT4-fs (loop0): warning: checktime reached, running e2fsck is recommended
<6>[   18.841358] EXT4-fs (loop0): recovery complete
<6>[   18.845313] EXT4-fs (loop0): mounted filesystem with ordered data mode. Opts: (null)
<6>[   18.887427] squashfs: version 4.0 (2009/01/31) Phillip Lougher
<6>[   20.310157] psmouse serio2: trackpoint: IBM TrackPoint firmware: 0x0e, buttons: 3/3
<6>[   20.504407] input: TPPS/2 IBM TrackPoint as /devices/platform/i8042/serio1/serio2/input/input7
<6>[   22.841605] Adding 3883004k swap on /dev/sdb5.  Priority:-1 extents:1 across:3883004k FS
<30>[   22.889820] systemd-udevd[1793]: starting version 204
<6>[   23.014490] shpchp: Standard Hot Plug PCI Controller Driver version: 0.4
<4>[   23.039012] ACPI Warning: SystemIO range 0x0000000000000428-0x000000000000042F conflicts with OpRegion 0x0000000000000400-0x000000000000047F (\_SB_.PCI0.LPC_.PMIO) (20150619/utaddress-254)
<6>[   23.039019] ACPI: If an ACPI driver is available for this device, you should use it instead of the native driver
<4>[   23.039025] ACPI Warning: SystemIO range 0x0000000000000540-0x000000000000054F conflicts with OpRegion 0x0000000000000500-0x000000000000057F (\_SB_.PCI0.LPC_.LPIO) (20150619/utaddress-254)
<6>[   23.039029] ACPI: If an ACPI driver is available for this device, you should use it instead of the native driver
<4>[   23.039031] ACPI Warning: SystemIO range 0x0000000000000530-0x000000000000053F conflicts with OpRegion 0x0000000000000500-0x000000000000057F (\_SB_.PCI0.LPC_.LPIO) (20150619/utaddress-254)
<6>[   23.039034] ACPI: If an ACPI driver is available for this device, you should use it instead of the native driver
<4>[   23.039035] ACPI Warning: SystemIO range 0x0000000000000500-0x000000000000052F conflicts with OpRegion 0x0000000000000500-0x000000000000057F (\_SB_.PCI0.LPC_.LPIO) (20150619/utaddress-254)
<6>[   23.039038] ACPI: If an ACPI driver is available for this device, you should use it instead of the native driver
<4>[   23.039039] lpc_ich: Resource conflict(s) found affecting gpio_ich
<6>[   23.042468] e1000e 0000:00:19.0 eth5: renamed from eth0
<30>[   23.065365] systemd-udevd[1834]: renamed network interface eth0 to eth5
<6>[   23.118753] media: Linux media interface: v0.10
<6>[   23.126118] Intel(R) Wireless WiFi driver for Linux
<6>[   23.126120] Copyright(c) 2003- 2015 Intel Corporation
<4>[   23.126318] iwlwifi 0000:03:00.0: can't disable ASPM; OS doesn't have ASPM control
<4>[   23.126942] iwlwifi 0000:03:00.0: Direct firmware load for iwlwifi-6000g2a-6.ucode failed with error -2
<4>[   23.126958] iwlwifi 0000:03:00.0: Direct firmware load for iwlwifi-6000g2a-5.ucode failed with error -2
<3>[   23.126960] iwlwifi 0000:03:00.0: request for firmware file 'iwlwifi-6000g2a-5.ucode' failed.
<3>[   23.126962] iwlwifi 0000:03:00.0: no suitable firmware found!
<6>[   23.131213] Non-volatile memory driver v1.3
<6>[   23.164851] Linux video capture interface: v2.00
<6>[   23.166752] thinkpad_acpi: ThinkPad ACPI Extras v0.25
<6>[   23.166755] thinkpad_acpi: http://ibm-acpi.sf.net/
<6>[   23.166756] thinkpad_acpi: ThinkPad BIOS G1ET73WW (2.09 ), EC unknown
<6>[   23.166758] thinkpad_acpi: Lenovo ThinkPad T430, model 2347DS2
<6>[   23.168162] thinkpad_acpi: detected a 16-level brightness capable ThinkPad
<6>[   23.168787] thinkpad_acpi: radio switch found; radios are enabled
<6>[   23.168834] thinkpad_acpi: This ThinkPad has standard ACPI backlight brightness control, supported by the ACPI video driver
<5>[   23.168836] thinkpad_acpi: Disabling thinkpad-acpi brightness events by default...
<6>[   23.173569] thinkpad_acpi: Standard ACPI backlight interface available, not loading native one
<6>[   23.187369] input: ThinkPad Extra Buttons as /devices/platform/thinkpad_acpi/input/input8
<12>[   23.230310] init: failsafe main process (1888) killed by TERM signal
<6>[   23.270466] AVX version of gcm_enc/dec engaged.
<6>[   23.270468] AES CTR mode by8 optimization enabled
<6>[   23.293223] uvcvideo: Found UVC 1.00 device Integrated Camera (04f2:b2da)
<6>[   23.298051] input: Integrated Camera as /devices/pci0000:00/0000:00:1a.0/usb3/3-1/3-1.6/3-1.6:1.0/input/input9
<6>[   23.298173] usbcore: registered new interface driver uvcvideo
<6>[   23.298175] USB Video Class driver (1.1.1)
<4>[   23.342353] kvm: disabled by bios
<4>[   23.382264] kvm: disabled by bios
<6>[   23.382701] snd_hda_codec_realtek hdaudioC0D0: autoconfig for ALC3202: line_outs=1 (0x14/0x0/0x0/0x0/0x0) type:speaker
<6>[   23.382704] snd_hda_codec_realtek hdaudioC0D0:    speaker_outs=0 (0x0/0x0/0x0/0x0/0x0)
<6>[   23.382705] snd_hda_codec_realtek hdaudioC0D0:    hp_outs=2 (0x15/0x1b/0x0/0x0/0x0)
<6>[   23.382706] snd_hda_codec_realtek hdaudioC0D0:    mono: mono_out=0x0
<6>[   23.382707] snd_hda_codec_realtek hdaudioC0D0:    inputs:
<6>[   23.382709] snd_hda_codec_realtek hdaudioC0D0:      Mic=0x18
<6>[   23.382710] snd_hda_codec_realtek hdaudioC0D0:      Dock Mic=0x19
<6>[   23.382711] snd_hda_codec_realtek hdaudioC0D0:      Internal Mic=0x12
<6>[   23.430903] input: HDA Intel PCH Mic as /devices/pci0000:00/0000:00:1b.0/sound/card0/input10
<6>[   23.431018] input: HDA Intel PCH Dock Mic as /devices/pci0000:00/0000:00:1b.0/sound/card0/input11
<6>[   23.431121] input: HDA Intel PCH Headphone as /devices/pci0000:00/0000:00:1b.0/sound/card0/input12
<6>[   23.431226] input: HDA Intel PCH Dock Headphone as /devices/pci0000:00/0000:00:1b.0/sound/card0/input13
<6>[   23.431331] input: HDA Intel PCH HDMI/DP,pcm=3 as /devices/pci0000:00/0000:00:1b.0/sound/card0/input14
<6>[   23.431430] input: HDA Intel PCH HDMI/DP,pcm=7 as /devices/pci0000:00/0000:00:1b.0/sound/card0/input15
<6>[   23.431534] input: HDA Intel PCH HDMI/DP,pcm=8 as /devices/pci0000:00/0000:00:1b.0/sound/card0/input16
<6>[   23.480927] intel_rapl: Found RAPL domain package
<6>[   23.480931] intel_rapl: Found RAPL domain core
<6>[   23.480933] intel_rapl: Found RAPL domain uncore
<6>[   23.496511] cfg80211: World regulatory domain updated:
<6>[   23.496515] cfg80211:  DFS Master region: unset
<6>[   23.496517] cfg80211:   (start_freq - end_freq @ bandwidth), (max_antenna_gain, max_eirp), (dfs_cac_time)
<6>[   23.496520] cfg80211:   (2402000 KHz - 2472000 KHz @ 40000 KHz), (300 mBi, 2000 mBm), (N/A)
<6>[   23.496522] cfg80211:   (2457000 KHz - 2482000 KHz @ 40000 KHz), (300 mBi, 2000 mBm), (N/A)
<6>[   23.496524] cfg80211:   (2474000 KHz - 2494000 KHz @ 20000 KHz), (300 mBi, 2000 mBm), (N/A)
<6>[   23.496525] cfg80211:   (5170000 KHz - 5250000 KHz @ 40000 KHz), (300 mBi, 2000 mBm), (N/A)
<6>[   23.496527] cfg80211:   (5735000 KHz - 5835000 KHz @ 40000 KHz), (300 mBi, 2000 mBm), (N/A)
<12>[   23.499586] init: ttyS0 main process (2098) terminated with status 1
<12>[   23.499598] init: ttyS0 main process ended, respawning
<12>[   23.518277] init: ttyS0 main process (2112) terminated with status 1
<12>[   23.518288] init: ttyS0 main process ended, respawning
<12>[   23.524257] init: ttyS0 main process (2135) terminated with status 1
<12>[   23.524265] init: ttyS0 main process ended, respawning
<12>[   23.528907] init: ttyS0 main process (2137) terminated with status 1
<12>[   23.528916] init: ttyS0 main process ended, respawning
<12>[   23.532225] init: plymouth-upstart-bridge main process ended, respawning
<12>[   23.532515] init: ttyS0 main process (2141) terminated with status 1
<12>[   23.532522] init: ttyS0 main process ended, respawning
<12>[   23.542085] init: ttyS0 main process (2147) terminated with status 1
<12>[   23.542093] init: ttyS0 main process ended, respawning
<12>[   23.547462] init: ttyS0 main process (2157) terminated with status 1
<12>[   23.547470] init: ttyS0 main process ended, respawning
<12>[   23.550139] init: ttyS0 main process (2162) terminated with status 1
<12>[   23.550151] init: ttyS0 main process ended, respawning
<12>[   23.551873] init: ttyS0 main process (2165) terminated with status 1
<12>[   23.551880] init: ttyS0 main process ended, respawning
<12>[   23.554329] init: ttyS0 main process (2166) terminated with status 1
<12>[   23.554337] init: ttyS0 main process ended, respawning
<12>[   23.557124] init: ttyS0 main process (2168) terminated with status 1
<12>[   23.557132] init: ttyS0 respawning too fast, stopped
