<6>[    0.000000] Initializing cgroup subsys cpuset
<6>[    0.000000] Initializing cgroup subsys cpu
<6>[    0.000000] Initializing cgroup subsys cpuacct
<5>[    0.000000] Linux version 4.2.0-18-generic (buildd@lgw01-55) (gcc version 4.8.2 (Ubuntu 4.8.2-19ubuntu1) ) #22~14.04.1-Ubuntu SMP Fri Nov 6 22:20:11 UTC 2015 (Ubuntu 4.2.0-18.22~14.04.1-generic 4.2.3)
<6>[    0.000000] Command line: BOOT_IMAGE=/casper/vmlinuz boot=casper ip=frommedia persistent noprompt splash quiet FWTS_AUTO_SHUTDOWN=1 --
<6>[    0.000000] KERNEL supported cpus:
<6>[    0.000000]   Intel GenuineIntel
<6>[    0.000000]   AMD AuthenticAMD
<6>[    0.000000]   Centaur CentaurHauls
<6>[    0.000000] x86/fpu: xstate_offset[2]: 0240, xstate_sizes[2]: 0100
<6>[    0.000000] x86/fpu: Supporting XSAVE feature 0x01: 'x87 floating point registers'
<6>[    0.000000] x86/fpu: Supporting XSAVE feature 0x02: 'SSE registers'
<6>[    0.000000] x86/fpu: Supporting XSAVE feature 0x04: 'AVX registers'
<6>[    0.000000] x86/fpu: Enabled xstate features 0x7, context size is 0x340 bytes, using 'standard' format.
<6>[    0.000000] x86/fpu: Using 'eager' FPU context switches.
<6>[    0.000000] e820: BIOS-provided physical RAM map:
<6>[    0.000000] BIOS-e820: [mem 0x0000000000000000-0x000000000009bfff] usable
<6>[    0.000000] BIOS-e820: [mem 0x000000000009c000-0x000000000009cfff] reserved
<6>[    0.000000] BIOS-e820: [mem 0x000000000009d000-0x000000000009dfff] usable
<6>[    0.000000] BIOS-e820: [mem 0x000000000009e000-0x00000000000bffff] reserved
<6>[    0.000000] BIOS-e820: [mem 0x0000000000100000-0x000000001fffffff] usable
<6>[    0.000000] BIOS-e820: [mem 0x0000000020000000-0x00000000201fffff] reserved
<6>[    0.000000] BIOS-e820: [mem 0x0000000020200000-0x0000000040003fff] usable
<6>[    0.000000] BIOS-e820: [mem 0x0000000040004000-0x0000000040004fff] reserved
<6>[    0.000000] BIOS-e820: [mem 0x0000000040005000-0x00000000cc128fff] usable
<6>[    0.000000] BIOS-e820: [mem 0x00000000cc129000-0x00000000cc32afff] reserved
<6>[    0.000000] BIOS-e820: [mem 0x00000000cc32b000-0x00000000d644efff] usable
<6>[    0.000000] BIOS-e820: [mem 0x00000000d644f000-0x00000000d664efff] type 20
<6>[    0.000000] BIOS-e820: [mem 0x00000000d664f000-0x00000000daa9efff] reserved
<6>[    0.000000] BIOS-e820: [mem 0x00000000daa9f000-0x00000000dab9efff] ACPI NVS
<6>[    0.000000] BIOS-e820: [mem 0x00000000dab9f000-0x00000000dabfefff] ACPI data
<6>[    0.000000] BIOS-e820: [mem 0x00000000dabff000-0x00000000dabfffff] usable
<6>[    0.000000] BIOS-e820: [mem 0x00000000dac00000-0x00000000df9fffff] reserved
<6>[    0.000000] BIOS-e820: [mem 0x00000000f80f8000-0x00000000f80f8fff] reserved
<6>[    0.000000] BIOS-e820: [mem 0x00000000fed1c000-0x00000000fed8ffff] reserved
<6>[    0.000000] BIOS-e820: [mem 0x0000000100000000-0x000000011e5fffff] usable
<6>[    0.000000] BIOS-e820: [mem 0x000000011e600000-0x000000011e7fffff] reserved
<6>[    0.000000] NX (Execute Disable) protection: active
<6>[    0.000000] efi: EFI v2.31 by Lenovo
<6>[    0.000000] efi:  ACPI 2.0=0xdabfe014  ACPI=0xdabfe000  SMBIOS=0xdaa9e000 
<6>[    0.000000] SMBIOS 2.7 present.
<7>[    0.000000] DMI: LENOVO 23258G7/23258G7, BIOS G2ETA4WW (2.64 ) 04/09/2015
<7>[    0.000000] e820: update [mem 0x00000000-0x00000fff] usable ==> reserved
<7>[    0.000000] e820: remove [mem 0x000a0000-0x000fffff] usable
<6>[    0.000000] e820: last_pfn = 0x11e600 max_arch_pfn = 0x400000000
<7>[    0.000000] MTRR default type: uncachable
<7>[    0.000000] MTRR fixed ranges enabled:
<7>[    0.000000]   00000-9FFFF write-back
<7>[    0.000000]   A0000-FFFFF uncachable
<7>[    0.000000] MTRR variable ranges enabled:
<7>[    0.000000]   0 base 0FFC00000 mask FFFC00000 write-protect
<7>[    0.000000]   1 base 000000000 mask F80000000 write-back
<7>[    0.000000]   2 base 080000000 mask FC0000000 write-back
<7>[    0.000000]   3 base 0C0000000 mask FE0000000 write-back
<7>[    0.000000]   4 base 0DC000000 mask FFC000000 uncachable
<7>[    0.000000]   5 base 0DB000000 mask FFF000000 uncachable
<7>[    0.000000]   6 base 0DAC00000 mask FFFC00000 uncachable
<7>[    0.000000]   7 base 100000000 mask FE0000000 write-back
<7>[    0.000000]   8 base 11F000000 mask FFF000000 uncachable
<7>[    0.000000]   9 base 11E800000 mask FFF800000 uncachable
<6>[    0.000000] x86/PAT: Configuration [0-7]: WB  WC  UC- UC  WB  WC  UC- WT  
<6>[    0.000000] e820: last_pfn = 0xdac00 max_arch_pfn = 0x400000000
<6>[    0.000000] Scanning 1 areas for low memory corruption
<7>[    0.000000] Base memory trampoline at [ffff880000096000] 96000 size 24576
<6>[    0.000000] init_memory_mapping: [mem 0x00000000-0x000fffff]
<7>[    0.000000]  [mem 0x00000000-0x000fffff] page 4k
<7>[    0.000000] BRK [0x02ff2000, 0x02ff2fff] PGTABLE
<7>[    0.000000] BRK [0x02ff3000, 0x02ff3fff] PGTABLE
<7>[    0.000000] BRK [0x02ff4000, 0x02ff4fff] PGTABLE
<6>[    0.000000] init_memory_mapping: [mem 0x11e400000-0x11e5fffff]
<7>[    0.000000]  [mem 0x11e400000-0x11e5fffff] page 2M
<7>[    0.000000] BRK [0x02ff5000, 0x02ff5fff] PGTABLE
<6>[    0.000000] init_memory_mapping: [mem 0x100000000-0x11e3fffff]
<7>[    0.000000]  [mem 0x100000000-0x11e3fffff] page 2M
<6>[    0.000000] init_memory_mapping: [mem 0xc0000000-0xcc128fff]
<7>[    0.000000]  [mem 0xc0000000-0xcbffffff] page 2M
<7>[    0.000000]  [mem 0xcc000000-0xcc128fff] page 4k
<7>[    0.000000] BRK [0x02ff6000, 0x02ff6fff] PGTABLE
<7>[    0.000000] BRK [0x02ff7000, 0x02ff7fff] PGTABLE
<6>[    0.000000] init_memory_mapping: [mem 0xcc32b000-0xd644efff]
<7>[    0.000000]  [mem 0xcc32b000-0xcc3fffff] page 4k
<7>[    0.000000]  [mem 0xcc400000-0xd63fffff] page 2M
<7>[    0.000000]  [mem 0xd6400000-0xd644efff] page 4k
<6>[    0.000000] init_memory_mapping: [mem 0xdabff000-0xdabfffff]
<7>[    0.000000]  [mem 0xdabff000-0xdabfffff] page 4k
<6>[    0.000000] init_memory_mapping: [mem 0x00100000-0x1fffffff]
<7>[    0.000000]  [mem 0x00100000-0x001fffff] page 4k
<7>[    0.000000]  [mem 0x00200000-0x1fffffff] page 2M
<6>[    0.000000] init_memory_mapping: [mem 0x20200000-0x40003fff]
<7>[    0.000000]  [mem 0x20200000-0x3fffffff] page 2M
<7>[    0.000000]  [mem 0x40000000-0x40003fff] page 4k
<6>[    0.000000] init_memory_mapping: [mem 0x40005000-0xbfffffff]
<7>[    0.000000]  [mem 0x40005000-0x401fffff] page 4k
<7>[    0.000000]  [mem 0x40200000-0xbfffffff] page 2M
<6>[    0.000000] RAMDISK: [mem 0x3656c000-0x372adfff]
<6>[    0.000000] ACPI: Early table checksum verification disabled
<4>[    0.000000] ACPI: RSDP 0x00000000DABFE014 000024 (v02 LENOVO)
<4>[    0.000000] ACPI: XSDT 0x00000000DABFE170 0000D4 (v01 LENOVO TP-G2    00002640 PTL  00000002)
<4>[    0.000000] ACPI: FACP 0x00000000DABE5000 00010C (v05 LENOVO TP-G2    00002640 PTL  00000002)
<4>[    0.000000] ACPI: DSDT 0x00000000DABE7000 011383 (v01 LENOVO TP-G2    00002640 INTL 20061109)
<4>[    0.000000] ACPI: FACS 0x00000000DAB5A000 000040
<4>[    0.000000] ACPI: SLIC 0x00000000DABFD000 000176 (v01 LENOVO TP-G2    00002640 PTL  00000001)
<4>[    0.000000] ACPI: TCPA 0x00000000DABFC000 000032 (v02 PTL    LENOVO   06040000 LNVO 00000001)
<4>[    0.000000] ACPI: SSDT 0x00000000DABFB000 000408 (v01 LENOVO TP-SSDT2 00000200 INTL 20061109)
<4>[    0.000000] ACPI: SSDT 0x00000000DABFA000 000033 (v01 LENOVO TP-SSDT1 00000100 INTL 20061109)
<4>[    0.000000] ACPI: SSDT 0x00000000DABF9000 0007A8 (v01 LENOVO SataAhci 00001000 INTL 20061109)
<4>[    0.000000] ACPI: HPET 0x00000000DABE3000 000038 (v01 LENOVO TP-G2    00002640 PTL  00000002)
<4>[    0.000000] ACPI: APIC 0x00000000DABE2000 000098 (v01 LENOVO TP-G2    00002640 PTL  00000002)
<4>[    0.000000] ACPI: MCFG 0x00000000DABE1000 00003C (v01 LENOVO TP-G2    00002640 PTL  00000002)
<4>[    0.000000] ACPI: ECDT 0x00000000DABE0000 000052 (v01 LENOVO TP-G2    00002640 PTL  00000002)
<4>[    0.000000] ACPI: FPDT 0x00000000DABDF000 000064 (v01 LENOVO TP-G2    00002640 PTL  00000002)
<4>[    0.000000] ACPI: ASF! 0x00000000DABE6000 0000A5 (v32 LENOVO TP-G2    00002640 PTL  00000002)
<4>[    0.000000] ACPI: UEFI 0x00000000DABDE000 00003E (v01 LENOVO TP-G2    00002640 PTL  00000002)
<4>[    0.000000] ACPI: UEFI 0x00000000DABDD000 000042 (v01 PTL    COMBUF   00000001 PTL  00000001)
<4>[    0.000000] ACPI: POAT 0x00000000DABDC000 000055 (v03 LENOVO TP-G2    00002640 PTL  00000002)
<4>[    0.000000] ACPI: SSDT 0x00000000DABDB000 000C79 (v01 PmRef  Cpu0Ist  00003000 INTL 20061109)
<4>[    0.000000] ACPI: SSDT 0x00000000DABDA000 000A83 (v01 PmRef  CpuPm    00003000 INTL 20061109)
<4>[    0.000000] ACPI: DMAR 0x00000000DABD9000 0000B8 (v01 INTEL  SNB      00000001 INTL 00000001)
<4>[    0.000000] ACPI: SSDT 0x00000000DABD8000 0000D0 (v01 LENOVO IffsAsl  00003000 INTL 20061109)
<4>[    0.000000] ACPI: UEFI 0x00000000DABD7000 0002A6 (v01 LENOVO TP-G2    00002640 PTL  00000002)
<4>[    0.000000] ACPI: DBG2 0x00000000DABD6000 0000E9 (v00 LENOVO TP-G2    00002640 PTL  00000002)
<4>[    0.000000] ACPI: BGRT 0x00000000DABD5000 000038 (v00 LENOVO TP-G2    00002640 PTL  00000002)
<5>[    0.000000] ACPI: DMI detected: Lenovo ThinkPad X230
<7>[    0.000000] ACPI: Local APIC address 0xfee00000
<6>[    0.000000] No NUMA configuration found
<6>[    0.000000] Faking a node at [mem 0x0000000000000000-0x000000011e5fffff]
<6>[    0.000000] NODE_DATA(0) allocated [mem 0x11e5f5000-0x11e5f9fff]
<7>[    0.000000]  [ffffea0000000000-ffffea00047fffff] PMD -> [ffff880119c00000-ffff88011dbfffff] on node 0
<6>[    0.000000] Zone ranges:
<6>[    0.000000]   DMA      [mem 0x0000000000001000-0x0000000000ffffff]
<6>[    0.000000]   DMA32    [mem 0x0000000001000000-0x00000000ffffffff]
<6>[    0.000000]   Normal   [mem 0x0000000100000000-0x000000011e5fffff]
<6>[    0.000000] Movable zone start for each node
<6>[    0.000000] Early memory node ranges
<6>[    0.000000]   node   0: [mem 0x0000000000001000-0x000000000009bfff]
<6>[    0.000000]   node   0: [mem 0x000000000009d000-0x000000000009dfff]
<6>[    0.000000]   node   0: [mem 0x0000000000100000-0x000000001fffffff]
<6>[    0.000000]   node   0: [mem 0x0000000020200000-0x0000000040003fff]
<6>[    0.000000]   node   0: [mem 0x0000000040005000-0x00000000cc128fff]
<6>[    0.000000]   node   0: [mem 0x00000000cc32b000-0x00000000d644efff]
<6>[    0.000000]   node   0: [mem 0x00000000dabff000-0x00000000dabfffff]
<6>[    0.000000]   node   0: [mem 0x0000000100000000-0x000000011e5fffff]
<6>[    0.000000] Initmem setup node 0 [mem 0x0000000000001000-0x000000011e5fffff]
<7>[    0.000000] On node 0 totalpages: 1000937
<7>[    0.000000]   DMA zone: 64 pages used for memmap
<7>[    0.000000]   DMA zone: 24 pages reserved
<7>[    0.000000]   DMA zone: 3996 pages, LIFO batch:0
<7>[    0.000000]   DMA32 zone: 13634 pages used for memmap
<7>[    0.000000]   DMA32 zone: 872525 pages, LIFO batch:31
<7>[    0.000000]   Normal zone: 1944 pages used for memmap
<7>[    0.000000]   Normal zone: 124416 pages, LIFO batch:31
<6>[    0.000000] Reserving Intel graphics stolen memory at 0xdba00000-0xdf9fffff
<6>[    0.000000] ACPI: PM-Timer IO Port: 0x408
<7>[    0.000000] ACPI: Local APIC address 0xfee00000
<6>[    0.000000] ACPI: LAPIC_NMI (acpi_id[0x00] high edge lint[0x1])
<6>[    0.000000] ACPI: LAPIC_NMI (acpi_id[0x01] high edge lint[0x1])
<6>[    0.000000] IOAPIC[0]: apic_id 2, version 32, address 0xfec00000, GSI 0-23
<6>[    0.000000] ACPI: INT_SRC_OVR (bus 0 bus_irq 0 global_irq 2 dfl dfl)
<6>[    0.000000] ACPI: INT_SRC_OVR (bus 0 bus_irq 9 global_irq 9 high level)
<7>[    0.000000] ACPI: IRQ0 used by override.
<7>[    0.000000] ACPI: IRQ9 used by override.
<6>[    0.000000] Using ACPI (MADT) for SMP configuration information
<6>[    0.000000] ACPI: HPET id: 0x8086a301 base: 0xfed00000
<6>[    0.000000] smpboot: Allowing 8 CPUs, 4 hotplug CPUs
<6>[    0.000000] PM: Registered nosave memory: [mem 0x00000000-0x00000fff]
<6>[    0.000000] PM: Registered nosave memory: [mem 0x0009c000-0x0009cfff]
<6>[    0.000000] PM: Registered nosave memory: [mem 0x0009e000-0x000bffff]
<6>[    0.000000] PM: Registered nosave memory: [mem 0x000c0000-0x000fffff]
<6>[    0.000000] PM: Registered nosave memory: [mem 0x20000000-0x201fffff]
<6>[    0.000000] PM: Registered nosave memory: [mem 0x40004000-0x40004fff]
<6>[    0.000000] PM: Registered nosave memory: [mem 0xcc129000-0xcc32afff]
<6>[    0.000000] PM: Registered nosave memory: [mem 0xd644f000-0xd664efff]
<6>[    0.000000] PM: Registered nosave memory: [mem 0xd664f000-0xdaa9efff]
<6>[    0.000000] PM: Registered nosave memory: [mem 0xdaa9f000-0xdab9efff]
<6>[    0.000000] PM: Registered nosave memory: [mem 0xdab9f000-0xdabfefff]
<6>[    0.000000] PM: Registered nosave memory: [mem 0xdac00000-0xdf9fffff]
<6>[    0.000000] PM: Registered nosave memory: [mem 0xdfa00000-0xf80f7fff]
<6>[    0.000000] PM: Registered nosave memory: [mem 0xf80f8000-0xf80f8fff]
<6>[    0.000000] PM: Registered nosave memory: [mem 0xf80f9000-0xfed1bfff]
<6>[    0.000000] PM: Registered nosave memory: [mem 0xfed1c000-0xfed8ffff]
<6>[    0.000000] PM: Registered nosave memory: [mem 0xfed90000-0xffffffff]
<6>[    0.000000] e820: [mem 0xdfa00000-0xf80f7fff] available for PCI devices
<6>[    0.000000] Booting paravirtualized kernel on bare hardware
<6>[    0.000000] clocksource: refined-jiffies: mask: 0xffffffff max_cycles: 0xffffffff, max_idle_ns: 7645519600211568 ns
<6>[    0.000000] setup_percpu: NR_CPUS:256 nr_cpumask_bits:256 nr_cpu_ids:8 nr_node_ids:1
<6>[    0.000000] PERCPU: Embedded 33 pages/cpu @ffff88011e200000 s96728 r8192 d30248 u262144
<7>[    0.000000] pcpu-alloc: s96728 r8192 d30248 u262144 alloc=1*2097152
<7>[    0.000000] pcpu-alloc: [0] 0 1 2 3 4 5 6 7 
<6>[    0.000000] Built 1 zonelists in Node order, mobility grouping on.  Total pages: 985271
<6>[    0.000000] Policy zone: Normal
<5>[    0.000000] Kernel command line: BOOT_IMAGE=/casper/vmlinuz boot=casper ip=frommedia persistent noprompt splash quiet FWTS_AUTO_SHUTDOWN=1 --
<6>[    0.000000] PID hash table entries: 4096 (order: 3, 32768 bytes)
<7>[    0.000000] Calgary: detecting Calgary via BIOS EBDA area
<7>[    0.000000] Calgary: Unable to locate Rio Grande table in EBDA - bailing!
<6>[    0.000000] Memory: 3765184K/4003748K available (7932K kernel code, 1242K rwdata, 3812K rodata, 1464K init, 1292K bss, 238564K reserved, 0K cma-reserved)
<6>[    0.000000] SLUB: HWalign=64, Order=0-3, MinObjects=0, CPUs=8, Nodes=1
<6>[    0.000000] Hierarchical RCU implementation.
<6>[    0.000000] 	Build-time adjustment of leaf fanout to 64.
<6>[    0.000000] 	RCU restricting CPUs from NR_CPUS=256 to nr_cpu_ids=8.
<6>[    0.000000] RCU: Adjusting geometry for rcu_fanout_leaf=64, nr_cpu_ids=8
<6>[    0.000000] NR_IRQS:16640 nr_irqs:488 16
<6>[    0.000000] 	Offload RCU callbacks from all CPUs
<6>[    0.000000] 	Offload RCU callbacks from CPUs: 0-7.
<6>[    0.000000] Console: colour dummy device 80x25
<6>[    0.000000] console [tty0] enabled
<6>[    0.000000] clocksource: hpet: mask: 0xffffffff max_cycles: 0xffffffff, max_idle_ns: 133484882848 ns
<7>[    0.000000] hpet clockevent registered
<6>[    0.000000] tsc: Fast TSC calibration using PIT
<6>[    0.000000] tsc: Detected 2793.393 MHz processor
<6>[    0.000067] Calibrating delay loop (skipped), value calculated using timer frequency.. 5586.78 BogoMIPS (lpj=11173572)
<6>[    0.000072] pid_max: default: 32768 minimum: 301
<6>[    0.000081] ACPI: Core revision 20150619
<4>[    0.024742] ACPI: All ACPI Tables successfully acquired
<6>[    0.069407] Security Framework initialized
<6>[    0.069432] AppArmor: AppArmor initialized
<6>[    0.069433] Yama: becoming mindful.
<6>[    0.069973] Dentry cache hash table entries: 524288 (order: 10, 4194304 bytes)
<6>[    0.072013] Inode-cache hash table entries: 262144 (order: 9, 2097152 bytes)
<6>[    0.072928] Mount-cache hash table entries: 8192 (order: 4, 65536 bytes)
<6>[    0.072940] Mountpoint-cache hash table entries: 8192 (order: 4, 65536 bytes)
<6>[    0.073292] Initializing cgroup subsys blkio
<6>[    0.073298] Initializing cgroup subsys memory
<6>[    0.073310] Initializing cgroup subsys devices
<6>[    0.073314] Initializing cgroup subsys freezer
<6>[    0.073317] Initializing cgroup subsys net_cls
<6>[    0.073321] Initializing cgroup subsys perf_event
<6>[    0.073327] Initializing cgroup subsys net_prio
<6>[    0.073331] Initializing cgroup subsys hugetlb
<6>[    0.073367] CPU: Physical Processor ID: 0
<6>[    0.073369] CPU: Processor Core ID: 0
<4>[    0.073377] ENERGY_PERF_BIAS: Set to 'normal', was 'performance'
<4>[    0.073379] ENERGY_PERF_BIAS: View and update with x86_energy_perf_policy(8)
<6>[    0.074119] mce: CPU supports 7 MCE banks
<6>[    0.074139] CPU0: Thermal monitoring enabled (TM1)
<6>[    0.074151] process: using mwait in idle threads
<6>[    0.074156] Last level iTLB entries: 4KB 512, 2MB 8, 4MB 8
<6>[    0.074158] Last level dTLB entries: 4KB 512, 2MB 32, 4MB 32, 1GB 0
<6>[    0.074433] Freeing SMP alternatives memory: 28K (ffffffff81ea6000 - ffffffff81ead000)
<3>[    0.079073] Ignoring BGRT: invalid version 0 (expected 1)
<6>[    0.084991] ftrace: allocating 30954 entries in 121 pages
<6>[    0.112809] DMAR: Host address width 36
<6>[    0.112814] DMAR: DRHD base: 0x000000fed90000 flags: 0x0
<6>[    0.112825] DMAR: dmar0: reg_base_addr fed90000 ver 1:0 cap c0000020e60262 ecap f0101a
<6>[    0.112828] DMAR: DRHD base: 0x000000fed91000 flags: 0x1
<6>[    0.112835] DMAR: dmar1: reg_base_addr fed91000 ver 1:0 cap c9008020660262 ecap f0105a
<6>[    0.112837] DMAR: RMRR base: 0x000000d9eba000 end: 0x000000d9ed0fff
<6>[    0.112840] DMAR: RMRR base: 0x000000db800000 end: 0x000000df9fffff
<6>[    0.112844] DMAR-IR: IOAPIC id 2 under DRHD base  0xfed91000 IOMMU 1
<6>[    0.112846] DMAR-IR: HPET id 0 under DRHD base 0xfed91000
<6>[    0.112848] DMAR-IR: Queued invalidation will be enabled to support x2apic and Intr-remapping.
<6>[    0.113356] DMAR-IR: Enabled IRQ remapping in x2apic mode
<6>[    0.113359] x2apic enabled
<6>[    0.113371] Switched APIC routing to cluster x2apic.
<6>[    0.113861] ..TIMER: vector=0x30 apic1=0 pin1=2 apic2=-1 pin2=-1
<7>[    0.153603] TSC deadline timer enabled
<6>[    0.153610] smpboot: CPU0: Intel(R) Core(TM) i5-3360M CPU @ 2.80GHz (fam: 06, model: 3a, stepping: 09)
<6>[    0.153657] Performance Events: PEBS fmt1+, 16-deep LBR, IvyBridge events, full-width counters, Intel PMU driver.
<6>[    0.153696] ... version:                3
<6>[    0.153698] ... bit width:              48
<6>[    0.153700] ... generic registers:      4
<6>[    0.153702] ... value mask:             0000ffffffffffff
<6>[    0.153703] ... max period:             0000ffffffffffff
<6>[    0.153705] ... fixed-purpose events:   3
<6>[    0.153707] ... event mask:             000000070000000f
<6>[    0.155301] x86: Booting SMP configuration:
<6>[    0.155304] .... node  #0, CPUs:      #1
<6>[    0.159680] NMI watchdog: enabled on all CPUs, permanently consumes one hw-PMU counter.
<4>[    0.159855]  #2 #3
<6>[    0.167939] x86: Booted up 1 node, 4 CPUs
<6>[    0.167944] smpboot: Total of 4 processors activated (22347.14 BogoMIPS)
<6>[    0.173934] devtmpfs: initialized
<6>[    0.178862] evm: security.selinux
<6>[    0.178864] evm: security.SMACK64
<6>[    0.178866] evm: security.SMACK64EXEC
<6>[    0.178868] evm: security.SMACK64TRANSMUTE
<6>[    0.178869] evm: security.SMACK64MMAP
<6>[    0.178871] evm: security.ima
<6>[    0.178873] evm: security.capability
<6>[    0.178993] PM: Registering ACPI NVS region [mem 0xdaa9f000-0xdab9efff] (1048576 bytes)
<6>[    0.179154] clocksource: jiffies: mask: 0xffffffff max_cycles: 0xffffffff, max_idle_ns: 7645041785100000 ns
<6>[    0.179306] pinctrl core: initialized pinctrl subsystem
<6>[    0.179487] RTC time:  2:51:21, date: 02/12/16
<6>[    0.179688] NET: Registered protocol family 16
<6>[    0.181658] cpuidle: using governor ladder
<6>[    0.185661] cpuidle: using governor menu
<6>[    0.185815] ACPI FADT declares the system doesn't support PCIe ASPM, so disable it
<6>[    0.185818] ACPI: bus type PCI registered
<6>[    0.185821] acpiphp: ACPI Hot Plug PCI Controller Driver version: 0.5
<6>[    0.186103] PCI: MMCONFIG for domain 0000 [bus 00-3f] at [mem 0xf8000000-0xfbffffff] (base 0xf8000000)
<6>[    0.186108] PCI: not using MMCONFIG
<6>[    0.186110] PCI: Using configuration type 1 for base access
<6>[    0.186490] perf_event_intel: PMU erratum BJ122, BV98, HSD29 worked around, HT is on
<6>[    0.190297] ACPI: Added _OSI(Module Device)
<6>[    0.190300] ACPI: Added _OSI(Processor Device)
<6>[    0.190303] ACPI: Added _OSI(3.0 _SCP Extensions)
<6>[    0.190305] ACPI: Added _OSI(Processor Aggregator Device)
<6>[    0.190308] ACPI: Deleted _OSI(Windows 2012)
<6>[    0.193034] ACPI : EC: EC description table is found, configuring boot EC
<6>[    0.193053] ACPI : EC: EC started
<5>[    0.200853] [Firmware Bug]: ACPI: BIOS _OSI(Linux) query ignored
<4>[    0.204338] ACPI: Dynamic OEM Table Load:
<4>[    0.204362] ACPI: SSDT 0xFFFF880118B18000 000A01 (v01 PmRef  Cpu0Cst  00003001 INTL 20061109)
<4>[    0.205407] ACPI: Dynamic OEM Table Load:
<4>[    0.205424] ACPI: SSDT 0xFFFF880118B08C00 000303 (v01 PmRef  ApIst    00003000 INTL 20061109)
<4>[    0.206354] ACPI: Dynamic OEM Table Load:
<4>[    0.206369] ACPI: SSDT 0xFFFF880118B04000 000119 (v01 PmRef  ApCst    00003000 INTL 20061109)
<6>[    0.208052] ACPI: Interpreter enabled
<4>[    0.208064] ACPI Exception: AE_NOT_FOUND, While evaluating Sleep State [\_S1_] (20150619/hwxface-580)
<4>[    0.208071] ACPI Exception: AE_NOT_FOUND, While evaluating Sleep State [\_S2_] (20150619/hwxface-580)
<6>[    0.208095] ACPI: (supports S0 S3 S4 S5)
<6>[    0.208098] ACPI: Using IOAPIC for interrupt routing
<6>[    0.208125] PCI: MMCONFIG for domain 0000 [bus 00-3f] at [mem 0xf8000000-0xfbffffff] (base 0xf8000000)
<6>[    0.208748] PCI: MMCONFIG at [mem 0xf8000000-0xfbffffff] reserved in ACPI motherboard resources
<6>[    0.208783] PCI: Using host bridge windows from ACPI; if necessary, use "pci=nocrs" and report a bug
<6>[    0.213000] ACPI: Power Resource [PUBS] (on)
<6>[    0.213684] acpi PNP0C0A:01: ACPI dock station (docks/bays count: 1)
<6>[    0.215457] acpi LNXIOBAY:00: ACPI dock station (docks/bays count: 2)
<6>[    0.218694] acpi IBM0079:00: ACPI dock station (docks/bays count: 3)
<6>[    0.219566] ACPI: PCI Interrupt Link [LNKA] (IRQs 3 4 5 6 7 9 10 11) *0, disabled.
<6>[    0.219676] ACPI: PCI Interrupt Link [LNKB] (IRQs 3 4 5 6 7 9 10 11) *0, disabled.
<6>[    0.219782] ACPI: PCI Interrupt Link [LNKC] (IRQs 3 4 5 6 7 9 10 11) *0, disabled.
<6>[    0.219888] ACPI: PCI Interrupt Link [LNKD] (IRQs 3 4 5 6 7 9 10 11) *0, disabled.
<6>[    0.219992] ACPI: PCI Interrupt Link [LNKE] (IRQs 3 4 5 6 7 9 10 11) *0, disabled.
<6>[    0.220095] ACPI: PCI Interrupt Link [LNKF] (IRQs 3 4 5 6 7 9 10 11) *0, disabled.
<6>[    0.220199] ACPI: PCI Interrupt Link [LNKG] (IRQs 3 4 5 6 7 9 10 11) *0, disabled.
<6>[    0.220301] ACPI: PCI Interrupt Link [LNKH] (IRQs 3 4 5 6 7 9 10 11) *0, disabled.
<6>[    0.220454] ACPI: PCI Root Bridge [PCI0] (domain 0000 [bus 00-3f])
<6>[    0.220462] acpi PNP0A08:00: _OSC: OS supports [ExtendedConfig ASPM ClockPM Segments MSI]
<6>[    0.220650] acpi PNP0A08:00: _OSC: platform does not support [PCIeCapability]
<6>[    0.220733] acpi PNP0A08:00: _OSC: not requesting control; platform does not support [PCIeCapability]
<6>[    0.220738] acpi PNP0A08:00: _OSC: OS requested [PCIeHotplug PME AER PCIeCapability]
<6>[    0.220741] acpi PNP0A08:00: _OSC: platform willing to grant [PCIeHotplug PME AER]
<6>[    0.220744] acpi PNP0A08:00: _OSC failed (AE_SUPPORT); disabling ASPM
<6>[    0.221013] PCI host bridge to bus 0000:00
<6>[    0.221018] pci_bus 0000:00: root bus resource [bus 00-3f]
<6>[    0.221022] pci_bus 0000:00: root bus resource [io  0x0000-0x0cf7 window]
<6>[    0.221026] pci_bus 0000:00: root bus resource [io  0x0d00-0xffff window]
<6>[    0.221029] pci_bus 0000:00: root bus resource [mem 0x000a0000-0x000bffff window]
<6>[    0.221032] pci_bus 0000:00: root bus resource [mem 0x000c0000-0x000c3fff window]
<6>[    0.221036] pci_bus 0000:00: root bus resource [mem 0x000c4000-0x000c7fff window]
<6>[    0.221039] pci_bus 0000:00: root bus resource [mem 0x000c8000-0x000cbfff window]
<6>[    0.221042] pci_bus 0000:00: root bus resource [mem 0x000cc000-0x000cffff window]
<6>[    0.221045] pci_bus 0000:00: root bus resource [mem 0x000d0000-0x000d3fff window]
<6>[    0.221048] pci_bus 0000:00: root bus resource [mem 0x000d4000-0x000d7fff window]
<6>[    0.221051] pci_bus 0000:00: root bus resource [mem 0x000d8000-0x000dbfff window]
<6>[    0.221054] pci_bus 0000:00: root bus resource [mem 0x000dc000-0x000dffff window]
<6>[    0.221057] pci_bus 0000:00: root bus resource [mem 0x000e0000-0x000e3fff window]
<6>[    0.221060] pci_bus 0000:00: root bus resource [mem 0x000e4000-0x000e7fff window]
<6>[    0.221063] pci_bus 0000:00: root bus resource [mem 0x000e8000-0x000ebfff window]
<6>[    0.221066] pci_bus 0000:00: root bus resource [mem 0x000ec000-0x000effff window]
<6>[    0.221069] pci_bus 0000:00: root bus resource [mem 0xdfa00000-0xfebfffff window]
<6>[    0.221072] pci_bus 0000:00: root bus resource [mem 0xfed40000-0xfed4bfff window]
<7>[    0.221085] pci 0000:00:00.0: [8086:0154] type 00 class 0x060000
<7>[    0.221219] pci 0000:00:02.0: [8086:0166] type 00 class 0x030000
<7>[    0.221244] pci 0000:00:02.0: reg 0x10: [mem 0xf0000000-0xf03fffff 64bit]
<7>[    0.221256] pci 0000:00:02.0: reg 0x18: [mem 0xe0000000-0xefffffff 64bit pref]
<7>[    0.221265] pci 0000:00:02.0: reg 0x20: [io  0x4000-0x403f]
<7>[    0.221430] pci 0000:00:14.0: [8086:1e31] type 00 class 0x0c0330
<7>[    0.221491] pci 0000:00:14.0: reg 0x10: [mem 0xf1520000-0xf152ffff 64bit]
<7>[    0.221602] pci 0000:00:14.0: PME# supported from D3hot D3cold
<6>[    0.221654] pci 0000:00:14.0: System wakeup disabled by ACPI
<7>[    0.221739] pci 0000:00:16.0: [8086:1e3a] type 00 class 0x078000
<7>[    0.221803] pci 0000:00:16.0: reg 0x10: [mem 0xf1535000-0xf153500f 64bit]
<7>[    0.221916] pci 0000:00:16.0: PME# supported from D0 D3hot D3cold
<7>[    0.222042] pci 0000:00:19.0: [8086:1502] type 00 class 0x020000
<7>[    0.222097] pci 0000:00:19.0: reg 0x10: [mem 0xf1500000-0xf151ffff]
<7>[    0.222111] pci 0000:00:19.0: reg 0x14: [mem 0xf153b000-0xf153bfff]
<7>[    0.222128] pci 0000:00:19.0: reg 0x18: [io  0x4080-0x409f]
<7>[    0.222224] pci 0000:00:19.0: PME# supported from D0 D3hot D3cold
<6>[    0.222273] pci 0000:00:19.0: System wakeup disabled by ACPI
<7>[    0.222345] pci 0000:00:1a.0: [8086:1e2d] type 00 class 0x0c0320
<7>[    0.222396] pci 0000:00:1a.0: reg 0x10: [mem 0xf153a000-0xf153a3ff]
<7>[    0.222520] pci 0000:00:1a.0: PME# supported from D0 D3hot D3cold
<6>[    0.222571] pci 0000:00:1a.0: System wakeup disabled by ACPI
<7>[    0.222647] pci 0000:00:1b.0: [8086:1e20] type 00 class 0x040300
<7>[    0.222697] pci 0000:00:1b.0: reg 0x10: [mem 0xf1530000-0xf1533fff 64bit]
<7>[    0.222817] pci 0000:00:1b.0: PME# supported from D0 D3hot D3cold
<6>[    0.222874] pci 0000:00:1b.0: System wakeup disabled by ACPI
<7>[    0.222945] pci 0000:00:1c.0: [8086:1e10] type 01 class 0x060400
<7>[    0.223086] pci 0000:00:1c.0: PME# supported from D0 D3hot D3cold
<7>[    0.223204] pci 0000:00:1c.1: [8086:1e12] type 01 class 0x060400
<7>[    0.223337] pci 0000:00:1c.1: PME# supported from D0 D3hot D3cold
<7>[    0.223464] pci 0000:00:1d.0: [8086:1e26] type 00 class 0x0c0320
<7>[    0.223517] pci 0000:00:1d.0: reg 0x10: [mem 0xf1539000-0xf15393ff]
<7>[    0.223644] pci 0000:00:1d.0: PME# supported from D0 D3hot D3cold
<6>[    0.223697] pci 0000:00:1d.0: System wakeup disabled by ACPI
<7>[    0.223765] pci 0000:00:1f.0: [8086:1e55] type 00 class 0x060100
<7>[    0.224021] pci 0000:00:1f.2: [8086:1e03] type 00 class 0x010601
<7>[    0.224075] pci 0000:00:1f.2: reg 0x10: [io  0x40a8-0x40af]
<7>[    0.224091] pci 0000:00:1f.2: reg 0x14: [io  0x40b4-0x40b7]
<7>[    0.224109] pci 0000:00:1f.2: reg 0x18: [io  0x40a0-0x40a7]
<7>[    0.224124] pci 0000:00:1f.2: reg 0x1c: [io  0x40b0-0x40b3]
<7>[    0.224137] pci 0000:00:1f.2: reg 0x20: [io  0x4060-0x407f]
<7>[    0.224155] pci 0000:00:1f.2: reg 0x24: [mem 0xf1538000-0xf15387ff]
<7>[    0.224215] pci 0000:00:1f.2: PME# supported from D3hot
<7>[    0.224322] pci 0000:00:1f.3: [8086:1e22] type 00 class 0x0c0500
<7>[    0.224360] pci 0000:00:1f.3: reg 0x10: [mem 0xf1534000-0xf15340ff 64bit]
<7>[    0.224400] pci 0000:00:1f.3: reg 0x20: [io  0xefa0-0xefbf]
<7>[    0.224726] pci 0000:02:00.0: [1180:e823] type 00 class 0x088001
<5>[    0.224779] pci 0000:02:00.0: MMC controller base frequency changed to 50Mhz.
<7>[    0.224810] pci 0000:02:00.0: reg 0x10: [mem 0xf0d00000-0xf0d000ff]
<7>[    0.225031] pci 0000:02:00.0: supports D1 D2
<7>[    0.225034] pci 0000:02:00.0: PME# supported from D0 D1 D2 D3hot D3cold
<6>[    0.229937] pci 0000:00:1c.0: PCI bridge to [bus 02]
<7>[    0.229945] pci 0000:00:1c.0:   bridge window [io  0x3000-0x3fff]
<7>[    0.229953] pci 0000:00:1c.0:   bridge window [mem 0xf0d00000-0xf14fffff]
<7>[    0.229964] pci 0000:00:1c.0:   bridge window [mem 0xf0400000-0xf0bfffff 64bit pref]
<7>[    0.230266] pci 0000:03:00.0: [8086:0085] type 00 class 0x028000
<7>[    0.230923] pci 0000:03:00.0: reg 0x10: [mem 0xf0c00000-0xf0c01fff 64bit]
<7>[    0.232229] pci 0000:03:00.0: PME# supported from D0 D3hot D3cold
<6>[    0.241915] pci 0000:00:1c.1: PCI bridge to [bus 03]
<7>[    0.241929] pci 0000:00:1c.1:   bridge window [mem 0xf0c00000-0xf0cfffff]
<4>[    0.243378] ACPI: Enabled 4 GPEs in block 00 to 3F
<6>[    0.243497] ACPI : EC: GPE = 0x11, I/O: command/status = 0x66, data = 0x62
<6>[    0.243690] vgaarb: device added: PCI:0000:00:02.0,decodes=io+mem,owns=mem,locks=none
<6>[    0.243695] vgaarb: loaded
<6>[    0.243697] vgaarb: setting as boot device: PCI:0000:00:02.0
<6>[    0.243699] vgaarb: bridge control possible 0000:00:02.0
<5>[    0.244102] SCSI subsystem initialized
<7>[    0.244180] libata version 3.00 loaded.
<6>[    0.244224] ACPI: bus type USB registered
<6>[    0.244253] usbcore: registered new interface driver usbfs
<6>[    0.244269] usbcore: registered new interface driver hub
<6>[    0.244302] usbcore: registered new device driver usb
<6>[    0.244614] PCI: Using ACPI for IRQ routing
<7>[    0.248400] PCI: pci_cache_line_size set to 64 bytes
<7>[    0.248845] e820: reserve RAM buffer [mem 0x0009c000-0x0009ffff]
<7>[    0.248849] e820: reserve RAM buffer [mem 0x0009e000-0x0009ffff]
<7>[    0.248851] e820: reserve RAM buffer [mem 0x40004000-0x43ffffff]
<7>[    0.248853] e820: reserve RAM buffer [mem 0xcc129000-0xcfffffff]
<7>[    0.248856] e820: reserve RAM buffer [mem 0xd644f000-0xd7ffffff]
<7>[    0.248858] e820: reserve RAM buffer [mem 0xdac00000-0xdbffffff]
<7>[    0.248861] e820: reserve RAM buffer [mem 0x11e600000-0x11fffffff]
<6>[    0.249063] NetLabel: Initializing
<6>[    0.249065] NetLabel:  domain hash size = 128
<6>[    0.249067] NetLabel:  protocols = UNLABELED CIPSOv4
<6>[    0.249088] NetLabel:  unlabeled traffic allowed by default
<6>[    0.249239] hpet0: at MMIO 0xfed00000, IRQs 2, 8, 0, 0, 0, 0, 0, 0
<6>[    0.249248] hpet0: 8 comparators, 64-bit 14.318180 MHz counter
<6>[    0.252310] clocksource: Switched to clocksource hpet
<6>[    0.262320] AppArmor: AppArmor Filesystem Enabled
<6>[    0.262440] pnp: PnP ACPI init
<6>[    0.263017] system 00:00: [mem 0x00000000-0x0009ffff] could not be reserved
<6>[    0.263022] system 00:00: [mem 0x000f0000-0x000fffff] could not be reserved
<6>[    0.263026] system 00:00: [mem 0x00100000-0xdf9fffff] could not be reserved
<6>[    0.263030] system 00:00: [mem 0xfec00000-0xfed3ffff] could not be reserved
<6>[    0.263033] system 00:00: [mem 0xfed4c000-0xffffffff] could not be reserved
<7>[    0.263040] system 00:00: Plug and Play ACPI device, IDs PNP0c01 (active)
<6>[    0.263178] pnp 00:01: [Firmware Bug]: PNP resource [mem 0xfed10000-0xfed13fff] covers only part of 0000:00:00.0 Intel MCH; extending to [mem 0xfed10000-0xfed17fff]
<6>[    0.263217] system 00:01: [io  0x0400-0x047f] could not be reserved
<6>[    0.263220] system 00:01: [io  0x0500-0x057f] has been reserved
<6>[    0.263224] system 00:01: [io  0x0800-0x080f] has been reserved
<6>[    0.263227] system 00:01: [io  0x15e0-0x15ef] has been reserved
<6>[    0.263230] system 00:01: [io  0x1600-0x167f] has been reserved
<6>[    0.263235] system 00:01: [mem 0xf8000000-0xfbffffff] could not be reserved
<6>[    0.263238] system 00:01: [mem 0xfffff000-0xffffffff] has been reserved
<6>[    0.263244] system 00:01: [mem 0xfed1c000-0xfed1ffff] has been reserved
<6>[    0.263247] system 00:01: [mem 0xfed10000-0xfed17fff] has been reserved
<6>[    0.263251] system 00:01: [mem 0xfed18000-0xfed18fff] has been reserved
<6>[    0.263254] system 00:01: [mem 0xfed19000-0xfed19fff] has been reserved
<6>[    0.263258] system 00:01: [mem 0xfed45000-0xfed4bfff] has been reserved
<7>[    0.263263] system 00:01: Plug and Play ACPI device, IDs PNP0c02 (active)
<7>[    0.263350] pnp 00:02: Plug and Play ACPI device, IDs PNP0b00 (active)
<7>[    0.263390] pnp 00:03: Plug and Play ACPI device, IDs PNP0303 (active)
<7>[    0.263430] pnp 00:04: Plug and Play ACPI device, IDs LEN0020 PNP0f13 (active)
<7>[    0.263505] pnp 00:05: Plug and Play ACPI device, IDs SMO1200 PNP0c31 (active)
<6>[    0.264207] pnp: PnP ACPI: found 6 devices
<6>[    0.272546] clocksource: acpi_pm: mask: 0xffffff max_cycles: 0xffffff, max_idle_ns: 2085701024 ns
<6>[    0.272596] pci 0000:00:1c.0: PCI bridge to [bus 02]
<6>[    0.272606] pci 0000:00:1c.0:   bridge window [io  0x3000-0x3fff]
<6>[    0.272616] pci 0000:00:1c.0:   bridge window [mem 0xf0d00000-0xf14fffff]
<6>[    0.272626] pci 0000:00:1c.0:   bridge window [mem 0xf0400000-0xf0bfffff 64bit pref]
<6>[    0.272639] pci 0000:00:1c.1: PCI bridge to [bus 03]
<6>[    0.272648] pci 0000:00:1c.1:   bridge window [mem 0xf0c00000-0xf0cfffff]
<7>[    0.272666] pci_bus 0000:00: resource 4 [io  0x0000-0x0cf7 window]
<7>[    0.272669] pci_bus 0000:00: resource 5 [io  0x0d00-0xffff window]
<7>[    0.272672] pci_bus 0000:00: resource 6 [mem 0x000a0000-0x000bffff window]
<7>[    0.272676] pci_bus 0000:00: resource 7 [mem 0x000c0000-0x000c3fff window]
<7>[    0.272679] pci_bus 0000:00: resource 8 [mem 0x000c4000-0x000c7fff window]
<7>[    0.272682] pci_bus 0000:00: resource 9 [mem 0x000c8000-0x000cbfff window]
<7>[    0.272685] pci_bus 0000:00: resource 10 [mem 0x000cc000-0x000cffff window]
<7>[    0.272688] pci_bus 0000:00: resource 11 [mem 0x000d0000-0x000d3fff window]
<7>[    0.272692] pci_bus 0000:00: resource 12 [mem 0x000d4000-0x000d7fff window]
<7>[    0.272695] pci_bus 0000:00: resource 13 [mem 0x000d8000-0x000dbfff window]
<7>[    0.272698] pci_bus 0000:00: resource 14 [mem 0x000dc000-0x000dffff window]
<7>[    0.272701] pci_bus 0000:00: resource 15 [mem 0x000e0000-0x000e3fff window]
<7>[    0.272704] pci_bus 0000:00: resource 16 [mem 0x000e4000-0x000e7fff window]
<7>[    0.272708] pci_bus 0000:00: resource 17 [mem 0x000e8000-0x000ebfff window]
<7>[    0.272711] pci_bus 0000:00: resource 18 [mem 0x000ec000-0x000effff window]
<7>[    0.272714] pci_bus 0000:00: resource 19 [mem 0xdfa00000-0xfebfffff window]
<7>[    0.272717] pci_bus 0000:00: resource 20 [mem 0xfed40000-0xfed4bfff window]
<7>[    0.272721] pci_bus 0000:02: resource 0 [io  0x3000-0x3fff]
<7>[    0.272724] pci_bus 0000:02: resource 1 [mem 0xf0d00000-0xf14fffff]
<7>[    0.272727] pci_bus 0000:02: resource 2 [mem 0xf0400000-0xf0bfffff 64bit pref]
<7>[    0.272731] pci_bus 0000:03: resource 1 [mem 0xf0c00000-0xf0cfffff]
<6>[    0.272788] NET: Registered protocol family 2
<6>[    0.273074] TCP established hash table entries: 32768 (order: 6, 262144 bytes)
<6>[    0.273216] TCP bind hash table entries: 32768 (order: 7, 524288 bytes)
<6>[    0.273312] TCP: Hash tables configured (established 32768 bind 32768)
<6>[    0.273352] UDP hash table entries: 2048 (order: 4, 65536 bytes)
<6>[    0.273379] UDP-Lite hash table entries: 2048 (order: 4, 65536 bytes)
<6>[    0.273464] NET: Registered protocol family 1
<7>[    0.273492] pci 0000:00:02.0: Video device with shadowed ROM
<7>[    0.274281] PCI: CLS 64 bytes, default 64
<6>[    0.274380] Trying to unpack rootfs image as initramfs...
<6>[    5.932923] Freeing initrd memory: 13576K (ffff88003656c000 - ffff8800372ae000)
<6>[    5.932964] PCI-DMA: Using software bounce buffering for IO (SWIOTLB)
<6>[    5.932968] software IO TLB [mem 0xcdbad000-0xd1bad000] (64MB) mapped at [ffff8800cdbad000-ffff8800d1bacfff]
<6>[    5.933130] RAPL PMU detected, API unit is 2^-32 Joules, 3 fixed counters 163840 ms ovfl timer
<6>[    5.933132] hw unit of domain pp0-core 2^-16 Joules
<6>[    5.933134] hw unit of domain package 2^-16 Joules
<6>[    5.933136] hw unit of domain pp1-gpu 2^-16 Joules
<6>[    5.933348] microcode: CPU0 sig=0x306a9, pf=0x10, revision=0x1b
<6>[    5.933361] microcode: CPU1 sig=0x306a9, pf=0x10, revision=0x1b
<6>[    5.933374] microcode: CPU2 sig=0x306a9, pf=0x10, revision=0x1b
<6>[    5.933388] microcode: CPU3 sig=0x306a9, pf=0x10, revision=0x1b
<6>[    5.933491] microcode: Microcode Update Driver: v2.00 <tigran@aivazian.fsnet.co.uk>, Peter Oruba
<6>[    5.933650] Scanning for low memory corruption every 60 seconds
<6>[    5.934287] futex hash table entries: 2048 (order: 5, 131072 bytes)
<5>[    5.934327] Initialise system trusted keyring
<6>[    5.934364] audit: initializing netlink subsys (disabled)
<5>[    5.934390] audit: type=2000 audit(1455245486.864:1): initialized
<6>[    5.935049] HugeTLB registered 2 MB page size, pre-allocated 0 pages
<6>[    5.937649] zpool: loaded
<6>[    5.937653] zbud: loaded
<5>[    5.937999] VFS: Disk quotas dquot_6.6.0
<6>[    5.938059] VFS: Dquot-cache hash table entries: 512 (order 0, 4096 bytes)
<6>[    5.938918] fuse init (API version 7.23)
<5>[    5.939169] Key type big_key registered
<5>[    5.939793] Key type asymmetric registered
<5>[    5.939799] Asymmetric key parser 'x509' registered
<6>[    5.939826] Block layer SCSI generic (bsg) driver version 0.4 loaded (major 249)
<6>[    5.939894] io scheduler noop registered
<6>[    5.939901] io scheduler deadline registered (default)
<6>[    5.939956] io scheduler cfq registered
<6>[    5.940513] pci_hotplug: PCI Hot Plug PCI Core version: 0.5
<6>[    5.940527] pciehp: PCI Express Hot Plug Controller Driver version: 0.4
<6>[    5.940596] efifb: probing for efifb
<6>[    5.940615] efifb: framebuffer at 0xe0000000, mapped to 0xffffc90000800000, using 4160k, total 4160k
<6>[    5.940618] efifb: mode is 1366x768x32, linelength=5504, pages=1
<6>[    5.940619] efifb: scrolling: redraw
<6>[    5.940623] efifb: Truecolor: size=8:8:8:8, shift=24:16:8:0
<6>[    5.945725] Console: switching to colour frame buffer device 170x48
<6>[    5.950450] fb0: EFI VGA frame buffer device
<7>[    5.950469] intel_idle: MWAIT substates: 0x21120
<7>[    5.950471] intel_idle: v0.4 model 0x3A
<7>[    5.950473] intel_idle: lapic_timer_reliable_states 0xffffffff
<6>[    5.950960] ACPI: AC Adapter [AC] (off-line)
<6>[    5.951072] input: Lid Switch as /devices/LNXSYSTM:00/LNXSYBUS:00/PNP0C0D:00/input/input0
<6>[    5.951223] ACPI: Lid Switch [LID]
<6>[    5.951292] input: Sleep Button as /devices/LNXSYSTM:00/LNXSYBUS:00/PNP0C0E:00/input/input1
<6>[    5.951298] ACPI: Sleep Button [SLPB]
<6>[    5.951387] input: Power Button as /devices/LNXSYSTM:00/LNXPWRBN:00/input/input2
<6>[    5.951391] ACPI: Power Button [PWRF]
<6>[    5.953398] thermal LNXTHERM:00: registered as thermal_zone0
<6>[    5.953403] ACPI: Thermal Zone [THM0] (53 C)
<6>[    5.953462] GHES: HEST is not enabled!
<6>[    5.953698] Serial: 8250/16550 driver, 32 ports, IRQ sharing enabled
<6>[    5.957193] Linux agpgart interface v0.103
<6>[    5.962645] ACPI: Battery Slot [BAT0] (battery present)
<6>[    5.967470] tpm_tis 00:05: 1.2 TPM (device-id 0x0, rev-id 78)
<6>[    6.068866] brd: module loaded
<6>[    6.070505] loop: module loaded
<6>[    6.070879] libphy: Fixed MDIO Bus: probed
<6>[    6.070886] tun: Universal TUN/TAP device driver, 1.6
<6>[    6.070888] tun: (C) 1999-2004 Max Krasnyansky <maxk@qualcomm.com>
<6>[    6.070981] PPP generic driver version 2.4.2
<6>[    6.071270] xhci_hcd 0000:00:14.0: xHCI Host Controller
<6>[    6.071280] xhci_hcd 0000:00:14.0: new USB bus registered, assigned bus number 1
<6>[    6.071395] xhci_hcd 0000:00:14.0: hcc params 0x20007181 hci version 0x100 quirks 0x0000b930
<7>[    6.071409] xhci_hcd 0000:00:14.0: cache line size of 64 is not supported
<6>[    6.071598] usb usb1: New USB device found, idVendor=1d6b, idProduct=0002
<6>[    6.071602] usb usb1: New USB device strings: Mfr=3, Product=2, SerialNumber=1
<6>[    6.071605] usb usb1: Product: xHCI Host Controller
<6>[    6.071608] usb usb1: Manufacturer: Linux 4.2.0-18-generic xhci-hcd
<6>[    6.071610] usb usb1: SerialNumber: 0000:00:14.0
<6>[    6.071818] hub 1-0:1.0: USB hub found
<6>[    6.071836] hub 1-0:1.0: 4 ports detected
<6>[    6.072504] xhci_hcd 0000:00:14.0: xHCI Host Controller
<6>[    6.072511] xhci_hcd 0000:00:14.0: new USB bus registered, assigned bus number 2
<6>[    6.072570] usb usb2: New USB device found, idVendor=1d6b, idProduct=0003
<6>[    6.072573] usb usb2: New USB device strings: Mfr=3, Product=2, SerialNumber=1
<6>[    6.072576] usb usb2: Product: xHCI Host Controller
<6>[    6.072579] usb usb2: Manufacturer: Linux 4.2.0-18-generic xhci-hcd
<6>[    6.072581] usb usb2: SerialNumber: 0000:00:14.0
<6>[    6.072767] hub 2-0:1.0: USB hub found
<6>[    6.072783] hub 2-0:1.0: 4 ports detected
<6>[    6.073498] ehci_hcd: USB 2.0 'Enhanced' Host Controller (EHCI) Driver
<6>[    6.073508] ehci-pci: EHCI PCI platform driver
<6>[    6.073640] ehci-pci 0000:00:1a.0: EHCI Host Controller
<6>[    6.073651] ehci-pci 0000:00:1a.0: new USB bus registered, assigned bus number 3
<6>[    6.073671] ehci-pci 0000:00:1a.0: debug port 2
<7>[    6.077578] ehci-pci 0000:00:1a.0: cache line size of 64 is not supported
<6>[    6.077605] ehci-pci 0000:00:1a.0: irq 16, io mem 0xf153a000
<6>[    6.087566] ehci-pci 0000:00:1a.0: USB 2.0 started, EHCI 1.00
<6>[    6.087628] usb usb3: New USB device found, idVendor=1d6b, idProduct=0002
<6>[    6.087631] usb usb3: New USB device strings: Mfr=3, Product=2, SerialNumber=1
<6>[    6.087634] usb usb3: Product: EHCI Host Controller
<6>[    6.087637] usb usb3: Manufacturer: Linux 4.2.0-18-generic ehci_hcd
<6>[    6.087639] usb usb3: SerialNumber: 0000:00:1a.0
<6>[    6.087865] hub 3-0:1.0: USB hub found
<6>[    6.087877] hub 3-0:1.0: 3 ports detected
<6>[    6.088209] ehci-pci 0000:00:1d.0: EHCI Host Controller
<6>[    6.088217] ehci-pci 0000:00:1d.0: new USB bus registered, assigned bus number 4
<6>[    6.088237] ehci-pci 0000:00:1d.0: debug port 2
<7>[    6.092153] ehci-pci 0000:00:1d.0: cache line size of 64 is not supported
<6>[    6.092178] ehci-pci 0000:00:1d.0: irq 23, io mem 0xf1539000
<6>[    6.103607] ehci-pci 0000:00:1d.0: USB 2.0 started, EHCI 1.00
<6>[    6.103684] usb usb4: New USB device found, idVendor=1d6b, idProduct=0002
<6>[    6.103688] usb usb4: New USB device strings: Mfr=3, Product=2, SerialNumber=1
<6>[    6.103692] usb usb4: Product: EHCI Host Controller
<6>[    6.103695] usb usb4: Manufacturer: Linux 4.2.0-18-generic ehci_hcd
<6>[    6.103697] usb usb4: SerialNumber: 0000:00:1d.0
<6>[    6.104001] hub 4-0:1.0: USB hub found
<6>[    6.104018] hub 4-0:1.0: 3 ports detected
<6>[    6.104260] ehci-platform: EHCI generic platform driver
<6>[    6.104280] ohci_hcd: USB 1.1 'Open' Host Controller (OHCI) Driver
<6>[    6.104291] ohci-pci: OHCI PCI platform driver
<6>[    6.104309] ohci-platform: OHCI generic platform driver
<6>[    6.104324] uhci_hcd: USB Universal Host Controller Interface driver
<6>[    6.104419] i8042: PNP: PS/2 Controller [PNP0303:KBD,PNP0f13:MOU] at 0x60,0x64 irq 1,12
<6>[    6.106144] serio: i8042 KBD port at 0x60,0x64 irq 1
<6>[    6.106152] serio: i8042 AUX port at 0x60,0x64 irq 12
<6>[    6.106559] mousedev: PS/2 mouse device common for all mice
<6>[    6.107254] rtc_cmos 00:02: RTC can wake from S4
<6>[    6.107507] rtc_cmos 00:02: rtc core: registered rtc_cmos as rtc0
<6>[    6.107588] rtc_cmos 00:02: alarms up to one month, y3k, 114 bytes nvram, hpet irqs
<6>[    6.107615] i2c /dev entries driver
<6>[    6.107773] device-mapper: uevent: version 1.0.3
<6>[    6.107962] device-mapper: ioctl: 4.33.0-ioctl (2015-8-18) initialised: dm-devel@redhat.com
<6>[    6.107999] Intel P-state driver initializing.
<6>[    6.108280] ledtrig-cpu: registered to indicate activity on CPUs
<6>[    6.108358] input: AT Translated Set 2 keyboard as /devices/platform/i8042/serio0/input/input3
<6>[    6.108396] EFI Variables Facility v0.08 2004-May-17
<4>[    6.122566] PCCT header not found.
<6>[    6.122903] NET: Registered protocol family 10
<6>[    6.123203] NET: Registered protocol family 17
<5>[    6.123219] Key type dns_resolver registered
<5>[    6.123494] Loading compiled-in X.509 certificates
<5>[    6.124123] Loaded X.509 cert 'Build time autogenerated kernel key: 714df7ce1739f2da38b31837ada06c6e4fb64084'
<6>[    6.124134] registered taskstats version 1
<6>[    6.124151] zswap: loading zswap
<6>[    6.124152] zswap: using zbud pool
<6>[    6.124155] zswap: using lzo compressor
<5>[    6.125367] Key type trusted registered
<5>[    6.127400] Key type encrypted registered
<6>[    6.127406] AppArmor: AppArmor sha1 policy hashing enabled
<6>[    6.383948] usb 1-1: new high-speed USB device number 2 using xhci_hcd
<6>[    6.399971] usb 3-1: new high-speed USB device number 2 using ehci-pci
<6>[    6.400065] evm: HMAC attrs: 0x1
<6>[    6.400473]   Magic number: 4:424:864
<6>[    6.400599] rtc_cmos 00:02: setting system clock to 2016-02-12 02:51:27 UTC (1455245487)
<6>[    6.400666] BIOS EDD facility v0.16 2004-Jun-25, 0 devices found
<6>[    6.400667] EDD information not available.
<6>[    6.415991] usb 4-1: new high-speed USB device number 2 using ehci-pci
<6>[    6.514092] usb 1-1: New USB device found, idVendor=090c, idProduct=1000
<6>[    6.514094] usb 1-1: New USB device strings: Mfr=1, Product=2, SerialNumber=0
<6>[    6.514096] usb 1-1: Product: USB DISK
<6>[    6.514097] usb 1-1: Manufacturer: SMI Corporation
<4>[    6.514177] usb 1-1: ep 0x81 - rounding interval to 128 microframes, ep desc says 255 microframes
<4>[    6.514180] usb 1-1: ep 0x2 - rounding interval to 128 microframes, ep desc says 255 microframes
<6>[    6.532511] usb 3-1: New USB device found, idVendor=8087, idProduct=0024
<6>[    6.532517] usb 3-1: New USB device strings: Mfr=0, Product=0, SerialNumber=0
<6>[    6.532948] hub 3-1:1.0: USB hub found
<6>[    6.533135] hub 3-1:1.0: 6 ports detected
<6>[    6.548527] usb 4-1: New USB device found, idVendor=8087, idProduct=0024
<6>[    6.548533] usb 4-1: New USB device strings: Mfr=0, Product=0, SerialNumber=0
<6>[    6.548968] hub 4-1:1.0: USB hub found
<6>[    6.549118] hub 4-1:1.0: 8 ports detected
<6>[    6.804476] usb 3-1.4: new full-speed USB device number 3 using ehci-pci
<6>[    6.900562] usb 3-1.4: New USB device found, idVendor=0a5c, idProduct=21e6
<6>[    6.900568] usb 3-1.4: New USB device strings: Mfr=1, Product=2, SerialNumber=3
<6>[    6.900572] usb 3-1.4: Product: BCM20702A0
<6>[    6.900575] usb 3-1.4: Manufacturer: Broadcom Corp
<6>[    6.900577] usb 3-1.4: SerialNumber: 74E543C50AFF
<6>[    6.932632] tsc: Refined TSC clocksource calibration: 2793.663 MHz
<6>[    6.932638] clocksource: tsc: mask: 0xffffffffffffffff max_cycles: 0x2844ded5482, max_idle_ns: 440795341806 ns
<6>[    6.972681] usb 3-1.6: new high-speed USB device number 4 using ehci-pci
<6>[    7.072554] usb 3-1.6: New USB device found, idVendor=04f2, idProduct=b2ea
<6>[    7.072560] usb 3-1.6: New USB device strings: Mfr=1, Product=2, SerialNumber=0
<6>[    7.072563] usb 3-1.6: Product: Integrated Camera
<6>[    7.072566] usb 3-1.6: Manufacturer: Chicony Electronics Co., Ltd.
<6>[    7.934087] clocksource: Switched to clocksource tsc
<7>[   18.462954] PM: Hibernation image not present or could not be loaded.
<6>[   18.463289] Freeing unused kernel memory: 1464K (ffffffff81d38000 - ffffffff81ea6000)
<6>[   18.463290] Write protecting the kernel read-only data: 12288k
<6>[   18.463508] Freeing unused kernel memory: 248K (ffff8800027c2000 - ffff880002800000)
<6>[   18.463562] Freeing unused kernel memory: 284K (ffff880002bb9000 - ffff880002c00000)
<30>[   18.471621] systemd-udevd[125]: starting version 204
<6>[   18.483990] wmi: Mapper loaded
<6>[   18.488922] pps_core: LinuxPPS API ver. 1 registered
<6>[   18.488925] pps_core: Software ver. 5.3.6 - Copyright 2005-2007 Rodolfo Giometti <giometti@linux.it>
<6>[   18.489013] usb-storage 1-1:1.0: USB Mass Storage device detected
<6>[   18.489076] scsi host0: usb-storage 1-1:1.0
<6>[   18.489148] usbcore: registered new interface driver usb-storage
<6>[   18.490017] usbcore: registered new interface driver uas
<6>[   18.490273] PTP clock support registered
<6>[   18.493827] sdhci: Secure Digital Host Controller Interface driver
<6>[   18.493829] sdhci: Copyright(c) Pierre Ossman
<7>[   18.494725] ahci 0000:00:1f.2: version 3.0
<6>[   18.494860] ahci 0000:00:1f.2: SSS flag set, parallel bus scan disabled
<6>[   18.494871] e1000e: Intel(R) PRO/1000 Network Driver - 3.2.5-k
<6>[   18.494872] e1000e: Copyright(c) 1999 - 2015 Intel Corporation.
<6>[   18.495194] sdhci-pci 0000:02:00.0: SDHCI controller found [1180:e823] (rev 4)
<6>[   18.495517] sdhci-pci 0000:02:00.0: No vmmc regulator found
<6>[   18.495519] sdhci-pci 0000:02:00.0: No vqmmc regulator found
<6>[   18.496747] [drm] Initialized drm 1.1.0 20060810
<6>[   18.500167] mmc0: SDHCI controller on PCI [0000:02:00.0] using DMA
<6>[   18.511011] ahci 0000:00:1f.2: AHCI 0001.0300 32 slots 6 ports 6 Gbps 0x13 impl SATA mode
<6>[   18.511016] ahci 0000:00:1f.2: flags: 64bit ncq stag pm led clo pio slum part ems sxs apst 
<6>[   18.527512] scsi host1: ahci
<6>[   18.527578] scsi host2: ahci
<6>[   18.527641] scsi host3: ahci
<6>[   18.527711] scsi host4: ahci
<6>[   18.527763] scsi host5: ahci
<6>[   18.527814] scsi host6: ahci
<6>[   18.527847] ata1: SATA max UDMA/133 abar m2048@0xf1538000 port 0xf1538100 irq 27
<6>[   18.527850] ata2: SATA max UDMA/133 abar m2048@0xf1538000 port 0xf1538180 irq 27
<6>[   18.527851] ata3: DUMMY
<6>[   18.527852] ata4: DUMMY
<6>[   18.527854] ata5: SATA max UDMA/133 abar m2048@0xf1538000 port 0xf1538300 irq 27
<6>[   18.527855] ata6: DUMMY
<6>[   18.528000] e1000e 0000:00:19.0: Interrupt Throttling Rate (ints/sec) set to dynamic conservative mode
<6>[   18.728123] e1000e 0000:00:19.0 eth0: registered PHC clock
<6>[   18.728126] e1000e 0000:00:19.0 eth0: (PCI Express:2.5GT/s:Width x1) 3c:97:0e:44:cc:91
<6>[   18.728127] e1000e 0000:00:19.0 eth0: Intel(R) PRO/1000 Network Connection
<6>[   18.728194] e1000e 0000:00:19.0 eth0: MAC: 10, PHY: 11, PBA No: 1000FF-0FF
<6>[   18.728238] i915 0000:00:02.0: enabling device (0006 -> 0007)
<6>[   18.728905] [drm] Memory usable by graphics device = 2048M
<7>[   18.728908] checking generic (e0000000 410000) vs hw (e0000000 10000000)
<6>[   18.728909] fb: switching to inteldrmfb from EFI VGA
<6>[   18.728927] Console: switching to colour dummy device 80x25
<6>[   18.729060] [drm] Replacing VGA console driver
<6>[   18.735304] [drm] Supports vblank timestamp caching Rev 2 (21.10.2013).
<6>[   18.735305] [drm] Driver supports precise vblank timestamp query.
<6>[   18.735376] vgaarb: device changed decodes: PCI:0000:00:02.0,olddecodes=io+mem,decodes=io+mem:owns=mem
<6>[   18.769003] ACPI: Video Device [VID] (multi-head: yes  rom: no  post: no)
<6>[   18.769712] acpi device:00: registered as cooling_device4
<6>[   18.769766] input: Video Bus as /devices/LNXSYSTM:00/LNXSYBUS:00/PNP0A08:00/LNXVIDEO:00/input/input6
<6>[   18.769860] [drm] Initialized i915 1.6.0 20150522 for 0000:00:02.0 on minor 0
<6>[   18.835456] [drm] GMBUS [i915 gmbus dpb] timed out, falling back to bit banging on pin 5
<6>[   18.847421] ata1: SATA link up 3.0 Gbps (SStatus 123 SControl 300)
<7>[   18.848935] ata1.00: ACPI cmd ef/02:00:00:00:00:a0 (SET FEATURES) succeeded
<6>[   18.848939] ata1.00: ACPI cmd f5/00:00:00:00:00:a0 (SECURITY FREEZE LOCK) filtered out
<6>[   18.848941] ata1.00: ACPI cmd ef/10:03:00:00:00:a0 (SET FEATURES) filtered out
<6>[   18.852995] fbcon: inteldrmfb (fb0) is primary device
<6>[   19.284740] psmouse serio1: synaptics: queried max coordinates: x [..5768], y [..5062]
<6>[   19.316164] psmouse serio1: synaptics: queried min coordinates: x [1174..], y [790..]
<6>[   19.359479] ata1.00: ATA-8: ST320LT007-9ZV142, 0004LVM1, max UDMA/133
<6>[   19.359482] ata1.00: 625142448 sectors, multi 16: LBA48 NCQ (depth 31/32)
<7>[   19.362725] ata1.00: ACPI cmd ef/02:00:00:00:00:a0 (SET FEATURES) succeeded
<6>[   19.362729] ata1.00: ACPI cmd f5/00:00:00:00:00:a0 (SECURITY FREEZE LOCK) filtered out
<6>[   19.362731] ata1.00: ACPI cmd ef/10:03:00:00:00:a0 (SET FEATURES) filtered out
<6>[   19.365703] ata1.00: configured for UDMA/133
<5>[   19.365998] scsi 1:0:0:0: Direct-Access     ATA      ST320LT007-9ZV14 LVM1 PQ: 0 ANSI: 5
<5>[   19.366327] sd 1:0:0:0: Attached scsi generic sg0 type 0
<5>[   19.366331] sd 1:0:0:0: [sda] 625142448 512-byte logical blocks: (320 GB/298 GiB)
<5>[   19.366333] sd 1:0:0:0: [sda] 4096-byte physical blocks
<5>[   19.366361] sd 1:0:0:0: [sda] Write Protect is off
<7>[   19.366362] sd 1:0:0:0: [sda] Mode Sense: 00 3a 00 00
<5>[   19.366373] sd 1:0:0:0: [sda] Write cache: enabled, read cache: enabled, doesn't support DPO or FUA
<6>[   19.378258] psmouse serio1: synaptics: Touchpad model: 1, fw: 8.1, id: 0x1e2b1, caps: 0xd002a3/0x940300/0x123800/0x0, board id: 1611, fw id: 1099905
<6>[   19.378275] psmouse serio1: synaptics: serio: Synaptics pass-through port at isa0060/serio1/input0
<6>[   19.418060] input: SynPS/2 Synaptics TouchPad as /devices/platform/i8042/serio1/input/input5
<6>[   19.454925]  sda: sda1 sda2 sda3 sda4 sda5 sda6
<5>[   19.455770] sd 1:0:0:0: [sda] Attached SCSI disk
<6>[   19.681517] Console: switching to colour frame buffer device 170x48
<6>[   19.683257] i915 0000:00:02.0: fb0: inteldrmfb frame buffer device
<6>[   19.683258] i915 0000:00:02.0: registered panic notifier
<6>[   19.692504] ata2: SATA link down (SStatus 0 SControl 300)
<5>[   19.700715] scsi 0:0:0:0: Direct-Access     SMI      USB DISK         1100 PQ: 0 ANSI: 4
<5>[   19.701088] sd 0:0:0:0: Attached scsi generic sg1 type 0
<5>[   19.701409] sd 0:0:0:0: [sdb] 15728640 512-byte logical blocks: (8.05 GB/7.50 GiB)
<5>[   19.701846] sd 0:0:0:0: [sdb] Write Protect is off
<7>[   19.701849] sd 0:0:0:0: [sdb] Mode Sense: 43 00 00 00
<3>[   19.702342] sd 0:0:0:0: [sdb] No Caching mode page found
<3>[   19.702395] sd 0:0:0:0: [sdb] Assuming drive cache: write through
<6>[   19.705432]  sdb: sdb1
<5>[   19.707149] sd 0:0:0:0: [sdb] Attached SCSI removable disk
<6>[   20.020898] ata5: SATA link down (SStatus 0 SControl 300)
<5>[   20.837496] random: nonblocking pool is initialized
<6>[   21.542674] EXT4-fs (sda6): mounted filesystem with ordered data mode. Opts: (null)
<4>[   22.262140] FAT-fs (sdb1): Volume was not properly unmounted. Some data may be corrupt. Please run fsck.
<6>[   22.300713] EXT4-fs (loop0): mounting ext3 file system using the ext4 subsystem
<4>[   22.430343] EXT4-fs (loop0): warning: checktime reached, running e2fsck is recommended
<6>[   22.430446] EXT4-fs (loop0): recovery complete
<6>[   22.438930] EXT4-fs (loop0): mounted filesystem with ordered data mode. Opts: (null)
<6>[   22.484749] squashfs: version 4.0 (2009/01/31) Phillip Lougher
<6>[   23.479820] psmouse serio2: trackpoint: IBM TrackPoint firmware: 0x0e, buttons: 3/3
<6>[   23.674941] input: TPPS/2 IBM TrackPoint as /devices/platform/i8042/serio1/serio2/input/input7
<6>[   26.803529] Adding 1952764k swap on /dev/sda5.  Priority:-1 extents:1 across:1952764k FS
<30>[   26.855499] systemd-udevd[2067]: starting version 204
<6>[   26.999178] shpchp: Standard Hot Plug PCI Controller Driver version: 0.4
<4>[   27.030583] ACPI Warning: SystemIO range 0x0000000000000428-0x000000000000042F conflicts with OpRegion 0x0000000000000400-0x000000000000047F (\_SB_.PCI0.LPC_.PMIO) (20150619/utaddress-254)
<6>[   27.030590] ACPI: If an ACPI driver is available for this device, you should use it instead of the native driver
<4>[   27.030595] ACPI Warning: SystemIO range 0x0000000000000540-0x000000000000054F conflicts with OpRegion 0x0000000000000500-0x000000000000057F (\_SB_.PCI0.LPC_.LPIO) (20150619/utaddress-254)
<6>[   27.030599] ACPI: If an ACPI driver is available for this device, you should use it instead of the native driver
<4>[   27.030600] ACPI Warning: SystemIO range 0x0000000000000530-0x000000000000053F conflicts with OpRegion 0x0000000000000500-0x000000000000057F (\_SB_.PCI0.LPC_.LPIO) (20150619/utaddress-254)
<6>[   27.030603] ACPI: If an ACPI driver is available for this device, you should use it instead of the native driver
<4>[   27.030605] ACPI Warning: SystemIO range 0x0000000000000500-0x000000000000052F conflicts with OpRegion 0x0000000000000500-0x000000000000057F (\_SB_.PCI0.LPC_.LPIO) (20150619/utaddress-254)
<6>[   27.030608] ACPI: If an ACPI driver is available for this device, you should use it instead of the native driver
<4>[   27.030609] lpc_ich: Resource conflict(s) found affecting gpio_ich
<6>[   27.081674] media: Linux media interface: v0.10
<6>[   27.101050] Intel(R) Wireless WiFi driver for Linux
<6>[   27.101052] Copyright(c) 2003- 2015 Intel Corporation
<4>[   27.101219] iwlwifi 0000:03:00.0: can't disable ASPM; OS doesn't have ASPM control
<4>[   27.101746] iwlwifi 0000:03:00.0: Direct firmware load for iwlwifi-6000g2a-6.ucode failed with error -2
<4>[   27.101757] iwlwifi 0000:03:00.0: Direct firmware load for iwlwifi-6000g2a-5.ucode failed with error -2
<3>[   27.101759] iwlwifi 0000:03:00.0: request for firmware file 'iwlwifi-6000g2a-5.ucode' failed.
<3>[   27.101760] iwlwifi 0000:03:00.0: no suitable firmware found!
<6>[   27.108938] Bluetooth: Core ver 2.20
<6>[   27.108957] NET: Registered protocol family 31
<6>[   27.108958] Bluetooth: HCI device and connection manager initialized
<6>[   27.108961] Bluetooth: HCI socket layer initialized
<6>[   27.108963] Bluetooth: L2CAP socket layer initialized
<6>[   27.108966] Bluetooth: SCO socket layer initialized
<6>[   27.117856] Non-volatile memory driver v1.3
<6>[   27.135299] Linux video capture interface: v2.00
<6>[   27.163615] e1000e 0000:00:19.0 eth2: renamed from eth0
<6>[   27.170735] usbcore: registered new interface driver btusb
<6>[   27.171257] thinkpad_acpi: ThinkPad ACPI Extras v0.25
<6>[   27.171259] thinkpad_acpi: http://ibm-acpi.sf.net/
<6>[   27.171261] thinkpad_acpi: ThinkPad BIOS G2ETA4WW (2.64 ), EC unknown
<6>[   27.171262] thinkpad_acpi: Lenovo ThinkPad X230, model 23258G7
<6>[   27.171547] thinkpad_acpi: detected a 16-level brightness capable ThinkPad
<6>[   27.171636] thinkpad_acpi: radio switch found; radios are enabled
<6>[   27.171651] thinkpad_acpi: This ThinkPad has standard ACPI backlight brightness control, supported by the ACPI video driver
<5>[   27.171652] thinkpad_acpi: Disabling thinkpad-acpi brightness events by default...
<6>[   27.172578] thinkpad_acpi: rfkill switch tpacpi_bluetooth_sw: radio is unblocked
<6>[   27.172854] thinkpad_acpi: Standard ACPI backlight interface available, not loading native one
<6>[   27.174134] input: ThinkPad Extra Buttons as /devices/platform/thinkpad_acpi/input/input8
<6>[   27.175964] Bluetooth: hci0: BCM: chip id 63
<6>[   27.177061] Bluetooth: hci0: BCM20702A1 (001.002.014) build 0000
<4>[   27.177157] bluetooth hci0: Direct firmware load for brcm/BCM20702A1-0a5c-21e6.hcd failed with error -2
<6>[   27.177159] Bluetooth: hci0: BCM: Patch brcm/BCM20702A1-0a5c-21e6.hcd not found
<30>[   27.185862] systemd-udevd[2099]: renamed network interface eth0 to eth2
<6>[   27.219911] AVX version of gcm_enc/dec engaged.
<6>[   27.219913] AES CTR mode by8 optimization enabled
<6>[   27.276747] uvcvideo: Found UVC 1.00 device Integrated Camera (04f2:b2ea)
<6>[   27.282592] input: Integrated Camera as /devices/pci0000:00/0000:00:1a.0/usb3/3-1/3-1.6/3-1.6:1.0/input/input9
<6>[   27.282673] usbcore: registered new interface driver uvcvideo
<6>[   27.282675] USB Video Class driver (1.1.1)
<12>[   27.331539] init: failsafe main process (2186) killed by TERM signal
<6>[   27.359344] intel_rapl: Found RAPL domain package
<6>[   27.359347] intel_rapl: Found RAPL domain core
<6>[   27.359348] intel_rapl: Found RAPL domain uncore
<6>[   27.402860] snd_hda_codec_realtek hdaudioC0D0: autoconfig for ALC269VC: line_outs=1 (0x14/0x0/0x0/0x0/0x0) type:speaker
<6>[   27.402864] snd_hda_codec_realtek hdaudioC0D0:    speaker_outs=0 (0x0/0x0/0x0/0x0/0x0)
<6>[   27.402866] snd_hda_codec_realtek hdaudioC0D0:    hp_outs=2 (0x15/0x1b/0x0/0x0/0x0)
<6>[   27.402868] snd_hda_codec_realtek hdaudioC0D0:    mono: mono_out=0x0
<6>[   27.402869] snd_hda_codec_realtek hdaudioC0D0:    inputs:
<6>[   27.402872] snd_hda_codec_realtek hdaudioC0D0:      Mic=0x18
<6>[   27.402874] snd_hda_codec_realtek hdaudioC0D0:      Dock Mic=0x19
<6>[   27.402875] snd_hda_codec_realtek hdaudioC0D0:      Internal Mic=0x12
<6>[   27.491478] input: HDA Intel PCH Mic as /devices/pci0000:00/0000:00:1b.0/sound/card0/input10
<6>[   27.491987] input: HDA Intel PCH Dock Mic as /devices/pci0000:00/0000:00:1b.0/sound/card0/input11
<6>[   27.492602] input: HDA Intel PCH Headphone as /devices/pci0000:00/0000:00:1b.0/sound/card0/input12
<6>[   27.493331] input: HDA Intel PCH Dock Headphone as /devices/pci0000:00/0000:00:1b.0/sound/card0/input13
<6>[   27.493825] input: HDA Intel PCH HDMI/DP,pcm=3 as /devices/pci0000:00/0000:00:1b.0/sound/card0/input14
<6>[   27.493926] input: HDA Intel PCH HDMI/DP,pcm=7 as /devices/pci0000:00/0000:00:1b.0/sound/card0/input15
<6>[   27.493993] input: HDA Intel PCH HDMI/DP,pcm=8 as /devices/pci0000:00/0000:00:1b.0/sound/card0/input16
<12>[   27.525996] init: ttyS0 main process (2331) terminated with status 1
<12>[   27.526006] init: ttyS0 main process ended, respawning
<12>[   27.541629] init: ttyS0 main process (2338) terminated with status 1
<12>[   27.541639] init: ttyS0 main process ended, respawning
<12>[   27.555438] init: plymouth-upstart-bridge main process ended, respawning
<6>[   27.555491] cfg80211: World regulatory domain updated:
<6>[   27.555494] cfg80211:  DFS Master region: unset
<6>[   27.555495] cfg80211:   (start_freq - end_freq @ bandwidth), (max_antenna_gain, max_eirp), (dfs_cac_time)
<6>[   27.555496] cfg80211:   (2402000 KHz - 2472000 KHz @ 40000 KHz), (300 mBi, 2000 mBm), (N/A)
<6>[   27.555498] cfg80211:   (2457000 KHz - 2482000 KHz @ 40000 KHz), (300 mBi, 2000 mBm), (N/A)
<6>[   27.555499] cfg80211:   (2474000 KHz - 2494000 KHz @ 20000 KHz), (300 mBi, 2000 mBm), (N/A)
<6>[   27.555500] cfg80211:   (5170000 KHz - 5250000 KHz @ 40000 KHz), (300 mBi, 2000 mBm), (N/A)
<6>[   27.555501] cfg80211:   (5735000 KHz - 5835000 KHz @ 40000 KHz), (300 mBi, 2000 mBm), (N/A)
<12>[   27.565409] init: ttyS0 main process (2406) terminated with status 1
<12>[   27.565417] init: ttyS0 main process ended, respawning
<12>[   27.570444] init: ttyS0 main process (2413) terminated with status 1
<12>[   27.570453] init: ttyS0 main process ended, respawning
<12>[   27.573346] init: ttyS0 main process (2415) terminated with status 1
<12>[   27.573354] init: ttyS0 main process ended, respawning
<12>[   27.576099] init: ttyS0 main process (2417) terminated with status 1
<12>[   27.576107] init: ttyS0 main process ended, respawning
<12>[   27.578737] init: ttyS0 main process (2419) terminated with status 1
<12>[   27.578745] init: ttyS0 main process ended, respawning
<12>[   27.582042] init: ttyS0 main process (2421) terminated with status 1
<12>[   27.582050] init: ttyS0 main process ended, respawning
<12>[   27.585654] init: ttyS0 main process (2423) terminated with status 1
<12>[   27.585666] init: ttyS0 main process ended, respawning
<12>[   27.592263] init: ttyS0 main process (2426) terminated with status 1
<12>[   27.592271] init: ttyS0 main process ended, respawning
<12>[   27.596416] init: ttyS0 main process (2445) terminated with status 1
<12>[   27.596428] init: ttyS0 respawning too fast, stopped
<5>[   39.870772] efi_runtime: module verification failed: signature and/or required key missing - tainting kernel
<6>[   39.870945] EFI_RUNTIME Driver v0.1
<6>[   39.887342] EFI_RUNTIME Driver Exit.
<6>[   39.940915] EFI_RUNTIME Driver v0.1
<6>[   40.467293] EFI_RUNTIME Driver Exit.
<6>[   40.484133] EFI_RUNTIME Driver v0.1
<6>[   40.961176] EFI_RUNTIME Driver Exit.
<6>[   40.973093] EFI_RUNTIME Driver v0.1
<3>[   40.973743] efitime: can't read time
<3>[   40.973820] efitime: can't read time
<6>[   43.991675] EFI_RUNTIME Driver Exit.
