<6>[    0.000000] Initializing cgroup subsys cpuset
<6>[    0.000000] Initializing cgroup subsys cpu
<6>[    0.000000] Initializing cgroup subsys cpuacct
<5>[    0.000000] Linux version 4.2.0-18-generic (buildd@lgw01-55) (gcc version 4.8.2 (Ubuntu 4.8.2-19ubuntu1) ) #22~14.04.1-Ubuntu SMP Fri Nov 6 22:20:11 UTC 2015 (Ubuntu 4.2.0-18.22~14.04.1-generic 4.2.3)
<6>[    0.000000] Command line: BOOT_IMAGE=/casper/vmlinuz boot=casper ip=frommedia persistent noprompt splash quiet FWTS_AUTO_SHUTDOWN=1 --
<6>[    0.000000] KERNEL supported cpus:
<6>[    0.000000]   Intel GenuineIntel
<6>[    0.000000]   AMD AuthenticAMD
<6>[    0.000000]   Centaur CentaurHauls
<6>[    0.000000] Disabled fast string operations
<6>[    0.000000] x86/fpu: xstate_offset[2]: 0240, xstate_sizes[2]: 0100
<6>[    0.000000] x86/fpu: Supporting XSAVE feature 0x01: 'x87 floating point registers'
<6>[    0.000000] x86/fpu: Supporting XSAVE feature 0x02: 'SSE registers'
<6>[    0.000000] x86/fpu: Supporting XSAVE feature 0x04: 'AVX registers'
<6>[    0.000000] x86/fpu: Enabled xstate features 0x7, context size is 0x340 bytes, using 'standard' format.
<6>[    0.000000] x86/fpu: Using 'eager' FPU context switches.
<6>[    0.000000] e820: BIOS-provided physical RAM map:
<6>[    0.000000] BIOS-e820: [mem 0x0000000000000000-0x0000000000057fff] usable
<6>[    0.000000] BIOS-e820: [mem 0x0000000000058000-0x0000000000058fff] ACPI NVS
<6>[    0.000000] BIOS-e820: [mem 0x0000000000059000-0x000000000009ffff] usable
<6>[    0.000000] BIOS-e820: [mem 0x0000000000100000-0x000000001fffffff] usable
<6>[    0.000000] BIOS-e820: [mem 0x0000000020000000-0x00000000201fffff] reserved
<6>[    0.000000] BIOS-e820: [mem 0x0000000020200000-0x000000003fffffff] usable
<6>[    0.000000] BIOS-e820: [mem 0x0000000040000000-0x00000000401fffff] reserved
<6>[    0.000000] BIOS-e820: [mem 0x0000000040200000-0x00000000da99efff] usable
<6>[    0.000000] BIOS-e820: [mem 0x00000000da99f000-0x00000000dab9efff] type 20
<6>[    0.000000] BIOS-e820: [mem 0x00000000dab9f000-0x00000000dae9efff] reserved
<6>[    0.000000] BIOS-e820: [mem 0x00000000dae9f000-0x00000000daf9efff] ACPI NVS
<6>[    0.000000] BIOS-e820: [mem 0x00000000daf9f000-0x00000000daffefff] ACPI data
<6>[    0.000000] BIOS-e820: [mem 0x00000000dafff000-0x00000000daffffff] usable
<6>[    0.000000] BIOS-e820: [mem 0x00000000f80f8000-0x00000000f80f8fff] reserved
<6>[    0.000000] BIOS-e820: [mem 0x00000000fed1c000-0x00000000fed1ffff] reserved
<6>[    0.000000] BIOS-e820: [mem 0x0000000100000000-0x000000021e5fffff] usable
<6>[    0.000000] NX (Execute Disable) protection: active
<6>[    0.000000] efi: EFI v2.00 by Lenovo
<6>[    0.000000] efi:  ACPI=0xdaffe000  ACPI 2.0=0xdaffe014  SMBIOS=0xdae9e000 
<6>[    0.000000] SMBIOS 2.6 present.
<7>[    0.000000] DMI: LENOVO 42912WA/42912WA, BIOS 8DET70WW (1.40 ) 05/14/2015
<7>[    0.000000] e820: update [mem 0x00000000-0x00000fff] usable ==> reserved
<7>[    0.000000] e820: remove [mem 0x000a0000-0x000fffff] usable
<6>[    0.000000] e820: last_pfn = 0x21e600 max_arch_pfn = 0x400000000
<7>[    0.000000] MTRR default type: uncachable
<7>[    0.000000] MTRR fixed ranges enabled:
<7>[    0.000000]   00000-9FFFF write-back
<7>[    0.000000]   A0000-BFFFF uncachable
<7>[    0.000000]   C0000-FFFFF write-protect
<7>[    0.000000] MTRR variable ranges enabled:
<7>[    0.000000]   0 base 0FFC00000 mask FFFC00000 write-protect
<7>[    0.000000]   1 base 000000000 mask F80000000 write-back
<7>[    0.000000]   2 base 080000000 mask FC0000000 write-back
<7>[    0.000000]   3 base 0C0000000 mask FE0000000 write-back
<7>[    0.000000]   4 base 0DC000000 mask FFC000000 uncachable
<7>[    0.000000]   5 base 0DB000000 mask FFF000000 uncachable
<7>[    0.000000]   6 base 100000000 mask F00000000 write-back
<7>[    0.000000]   7 base 200000000 mask FE0000000 write-back
<7>[    0.000000]   8 base 21F000000 mask FFF000000 uncachable
<7>[    0.000000]   9 base 21E800000 mask FFF800000 uncachable
<6>[    0.000000] x86/PAT: Configuration [0-7]: WB  WC  UC- UC  WB  WC  UC- WT  
<6>[    0.000000] e820: last_pfn = 0xdb000 max_arch_pfn = 0x400000000
<6>[    0.000000] Scanning 1 areas for low memory corruption
<7>[    0.000000] Base memory trampoline at [ffff880000097000] 97000 size 24576
<7>[    0.000000] reserving inaccessible SNB gfx pages
<6>[    0.000000] init_memory_mapping: [mem 0x00000000-0x000fffff]
<7>[    0.000000]  [mem 0x00000000-0x000fffff] page 4k
<7>[    0.000000] BRK [0x02ff2000, 0x02ff2fff] PGTABLE
<7>[    0.000000] BRK [0x02ff3000, 0x02ff3fff] PGTABLE
<7>[    0.000000] BRK [0x02ff4000, 0x02ff4fff] PGTABLE
<6>[    0.000000] init_memory_mapping: [mem 0x21e400000-0x21e5fffff]
<7>[    0.000000]  [mem 0x21e400000-0x21e5fffff] page 2M
<7>[    0.000000] BRK [0x02ff5000, 0x02ff5fff] PGTABLE
<6>[    0.000000] init_memory_mapping: [mem 0x200000000-0x21e3fffff]
<7>[    0.000000]  [mem 0x200000000-0x21e3fffff] page 2M
<6>[    0.000000] init_memory_mapping: [mem 0x1e0000000-0x1ffffffff]
<7>[    0.000000]  [mem 0x1e0000000-0x1ffffffff] page 2M
<7>[    0.000000] BRK [0x02ff6000, 0x02ff6fff] PGTABLE
<6>[    0.000000] init_memory_mapping: [mem 0x00100000-0x1fffffff]
<7>[    0.000000]  [mem 0x00100000-0x001fffff] page 4k
<7>[    0.000000]  [mem 0x00200000-0x1fffffff] page 2M
<6>[    0.000000] init_memory_mapping: [mem 0x20200000-0x3fffffff]
<7>[    0.000000]  [mem 0x20200000-0x3fffffff] page 2M
<6>[    0.000000] init_memory_mapping: [mem 0x40200000-0xda99efff]
<7>[    0.000000]  [mem 0x40200000-0xda7fffff] page 2M
<7>[    0.000000]  [mem 0xda800000-0xda99efff] page 4k
<7>[    0.000000] BRK [0x02ff7000, 0x02ff7fff] PGTABLE
<6>[    0.000000] init_memory_mapping: [mem 0xdafff000-0xdaffffff]
<7>[    0.000000]  [mem 0xdafff000-0xdaffffff] page 4k
<6>[    0.000000] init_memory_mapping: [mem 0x100000000-0x1dfffffff]
<7>[    0.000000]  [mem 0x100000000-0x1dfffffff] page 2M
<6>[    0.000000] RAMDISK: [mem 0x3656c000-0x372adfff]
<6>[    0.000000] ACPI: Early table checksum verification disabled
<4>[    0.000000] ACPI: RSDP 0x00000000DAFFE014 000024 (v02 LENOVO)
<4>[    0.000000] ACPI: XSDT 0x00000000DAFFE120 0000AC (v01 LENOVO TP-8D    00001400 PTEC 00000002)
<4>[    0.000000] ACPI: FACP 0x00000000DAFE7000 0000F4 (v04 LENOVO TP-8D    00001400 PTL  00000002)
<4>[    0.000000] ACPI: DSDT 0x00000000DAFEA000 00FA89 (v01 LENOVO TP-8D    00001400 INTL 20061109)
<4>[    0.000000] ACPI: FACS 0x00000000DAF2D000 000040
<4>[    0.000000] ACPI: FACS 0x00000000DAF2D000 000040
<4>[    0.000000] ACPI: SLIC 0x00000000DAFFD000 000176 (v01 LENOVO TP-8D    00001400 PTEC 00000001)
<4>[    0.000000] ACPI: SSDT 0x00000000DAFFC000 000249 (v01 LENOVO TP-SSDT2 00000200 INTL 20061109)
<4>[    0.000000] ACPI: SSDT 0x00000000DAFFB000 000033 (v01 LENOVO TP-SSDT1 00000100 INTL 20061109)
<4>[    0.000000] ACPI: SSDT 0x00000000DAFFA000 0007D1 (v01 LENOVO SataAhci 00001000 INTL 20061109)
<4>[    0.000000] ACPI: HPET 0x00000000DAFE6000 000038 (v01 LENOVO TP-8D    00001400 PTL  00000002)
<4>[    0.000000] ACPI: APIC 0x00000000DAFE5000 000098 (v01 LENOVO TP-8D    00001400 PTL  00000002)
<4>[    0.000000] ACPI: MCFG 0x00000000DAFE4000 00003C (v01 LENOVO TP-8D    00001400 PTL  00000002)
<4>[    0.000000] ACPI: ECDT 0x00000000DAFE3000 000052 (v01 LENOVO TP-8D    00001400 PTL  00000002)
<4>[    0.000000] ACPI: ASF! 0x00000000DAFE9000 0000A5 (v32 LENOVO TP-8D    00001400 PTL  00000002)
<4>[    0.000000] ACPI: TCPA 0x00000000DAFE2000 000032 (v02 PTL    LENOVO   06040000 LNVO 00000001)
<4>[    0.000000] ACPI: SSDT 0x00000000DAFE1000 000A69 (v01 PmRef  Cpu0Ist  00003000 INTL 20061109)
<4>[    0.000000] ACPI: SSDT 0x00000000DAFE0000 000996 (v01 PmRef  CpuPm    00003000 INTL 20061109)
<4>[    0.000000] ACPI: DMAR 0x00000000DAFDF000 0000E8 (v01 INTEL  SNB      00000001 INTL 00000001)
<4>[    0.000000] ACPI: UEFI 0x00000000DAFDE000 00003E (v01 LENOVO TP-8D    00001400 PTL  00000002)
<4>[    0.000000] ACPI: UEFI 0x00000000DAFDD000 000042 (v01 PTL    COMBUF   00000001 PTL  00000001)
<4>[    0.000000] ACPI: UEFI 0x00000000DAFDC000 000292 (v01 LENOVO TP-8D    00001400 PTL  00000002)
<7>[    0.000000] ACPI: Local APIC address 0xfee00000
<6>[    0.000000] No NUMA configuration found
<6>[    0.000000] Faking a node at [mem 0x0000000000000000-0x000000021e5fffff]
<6>[    0.000000] NODE_DATA(0) allocated [mem 0x21e5f4000-0x21e5f8fff]
<7>[    0.000000]  [ffffea0000000000-ffffea00087fffff] PMD -> [ffff880215c00000-ffff88021dbfffff] on node 0
<6>[    0.000000] Zone ranges:
<6>[    0.000000]   DMA      [mem 0x0000000000001000-0x0000000000ffffff]
<6>[    0.000000]   DMA32    [mem 0x0000000001000000-0x00000000ffffffff]
<6>[    0.000000]   Normal   [mem 0x0000000100000000-0x000000021e5fffff]
<6>[    0.000000] Movable zone start for each node
<6>[    0.000000] Early memory node ranges
<6>[    0.000000]   node   0: [mem 0x0000000000001000-0x0000000000057fff]
<6>[    0.000000]   node   0: [mem 0x0000000000059000-0x000000000009ffff]
<6>[    0.000000]   node   0: [mem 0x0000000000100000-0x000000001fffffff]
<6>[    0.000000]   node   0: [mem 0x0000000020200000-0x000000003fffffff]
<6>[    0.000000]   node   0: [mem 0x0000000040200000-0x00000000da99efff]
<6>[    0.000000]   node   0: [mem 0x00000000dafff000-0x00000000daffffff]
<6>[    0.000000]   node   0: [mem 0x0000000100000000-0x000000021e5fffff]
<6>[    0.000000] Initmem setup node 0 [mem 0x0000000000001000-0x000000021e5fffff]
<7>[    0.000000] On node 0 totalpages: 2067262
<7>[    0.000000]   DMA zone: 64 pages used for memmap
<7>[    0.000000]   DMA zone: 158 pages reserved
<7>[    0.000000]   DMA zone: 3998 pages, LIFO batch:0
<7>[    0.000000]   DMA32 zone: 13911 pages used for memmap
<7>[    0.000000]   DMA32 zone: 890272 pages, LIFO batch:31
<7>[    0.000000]   Normal zone: 18328 pages used for memmap
<7>[    0.000000]   Normal zone: 1172992 pages, LIFO batch:31
<6>[    0.000000] Reserving Intel graphics stolen memory at 0xdba00000-0xdf9fffff
<6>[    0.000000] ACPI: PM-Timer IO Port: 0x408
<7>[    0.000000] ACPI: Local APIC address 0xfee00000
<6>[    0.000000] ACPI: LAPIC_NMI (acpi_id[0x00] high edge lint[0x1])
<6>[    0.000000] ACPI: LAPIC_NMI (acpi_id[0x01] high edge lint[0x1])
<6>[    0.000000] IOAPIC[0]: apic_id 2, version 32, address 0xfec00000, GSI 0-23
<6>[    0.000000] ACPI: INT_SRC_OVR (bus 0 bus_irq 0 global_irq 2 dfl dfl)
<6>[    0.000000] ACPI: INT_SRC_OVR (bus 0 bus_irq 9 global_irq 9 high level)
<7>[    0.000000] ACPI: IRQ0 used by override.
<7>[    0.000000] ACPI: IRQ9 used by override.
<6>[    0.000000] Using ACPI (MADT) for SMP configuration information
<6>[    0.000000] ACPI: HPET id: 0x8086a301 base: 0xfed00000
<6>[    0.000000] smpboot: Allowing 8 CPUs, 4 hotplug CPUs
<6>[    0.000000] PM: Registered nosave memory: [mem 0x00000000-0x00000fff]
<6>[    0.000000] PM: Registered nosave memory: [mem 0x00058000-0x00058fff]
<6>[    0.000000] PM: Registered nosave memory: [mem 0x000a0000-0x000fffff]
<6>[    0.000000] PM: Registered nosave memory: [mem 0x20000000-0x201fffff]
<6>[    0.000000] PM: Registered nosave memory: [mem 0x40000000-0x401fffff]
<6>[    0.000000] PM: Registered nosave memory: [mem 0xda99f000-0xdab9efff]
<6>[    0.000000] PM: Registered nosave memory: [mem 0xdab9f000-0xdae9efff]
<6>[    0.000000] PM: Registered nosave memory: [mem 0xdae9f000-0xdaf9efff]
<6>[    0.000000] PM: Registered nosave memory: [mem 0xdaf9f000-0xdaffefff]
<6>[    0.000000] PM: Registered nosave memory: [mem 0xdb000000-0xdb9fffff]
<6>[    0.000000] PM: Registered nosave memory: [mem 0xdba00000-0xdf9fffff]
<6>[    0.000000] PM: Registered nosave memory: [mem 0xdfa00000-0xf80f7fff]
<6>[    0.000000] PM: Registered nosave memory: [mem 0xf80f8000-0xf80f8fff]
<6>[    0.000000] PM: Registered nosave memory: [mem 0xf80f9000-0xfed1bfff]
<6>[    0.000000] PM: Registered nosave memory: [mem 0xfed1c000-0xfed1ffff]
<6>[    0.000000] PM: Registered nosave memory: [mem 0xfed20000-0xffffffff]
<6>[    0.000000] e820: [mem 0xdfa00000-0xf80f7fff] available for PCI devices
<6>[    0.000000] Booting paravirtualized kernel on bare hardware
<6>[    0.000000] clocksource: refined-jiffies: mask: 0xffffffff max_cycles: 0xffffffff, max_idle_ns: 7645519600211568 ns
<6>[    0.000000] setup_percpu: NR_CPUS:256 nr_cpumask_bits:256 nr_cpu_ids:8 nr_node_ids:1
<6>[    0.000000] PERCPU: Embedded 33 pages/cpu @ffff88021e200000 s96728 r8192 d30248 u262144
<7>[    0.000000] pcpu-alloc: s96728 r8192 d30248 u262144 alloc=1*2097152
<7>[    0.000000] pcpu-alloc: [0] 0 1 2 3 4 5 6 7 
<6>[    0.000000] Built 1 zonelists in Node order, mobility grouping on.  Total pages: 2034801
<6>[    0.000000] Policy zone: Normal
<5>[    0.000000] Kernel command line: BOOT_IMAGE=/casper/vmlinuz boot=casper ip=frommedia persistent noprompt splash quiet FWTS_AUTO_SHUTDOWN=1 --
<6>[    0.000000] PID hash table entries: 4096 (order: 3, 32768 bytes)
<7>[    0.000000] Calgary: detecting Calgary via BIOS EBDA area
<7>[    0.000000] Calgary: Unable to locate Rio Grande table in EBDA - bailing!
<6>[    0.000000] Memory: 7974476K/8269048K available (7932K kernel code, 1242K rwdata, 3812K rodata, 1464K init, 1292K bss, 294572K reserved, 0K cma-reserved)
<6>[    0.000000] SLUB: HWalign=64, Order=0-3, MinObjects=0, CPUs=8, Nodes=1
<6>[    0.000000] Hierarchical RCU implementation.
<6>[    0.000000] 	Build-time adjustment of leaf fanout to 64.
<6>[    0.000000] 	RCU restricting CPUs from NR_CPUS=256 to nr_cpu_ids=8.
<6>[    0.000000] RCU: Adjusting geometry for rcu_fanout_leaf=64, nr_cpu_ids=8
<6>[    0.000000] NR_IRQS:16640 nr_irqs:488 16
<6>[    0.000000] 	Offload RCU callbacks from all CPUs
<6>[    0.000000] 	Offload RCU callbacks from CPUs: 0-7.
<6>[    0.000000] Console: colour dummy device 80x25
<6>[    0.000000] console [tty0] enabled
<6>[    0.000000] clocksource: hpet: mask: 0xffffffff max_cycles: 0xffffffff, max_idle_ns: 133484882848 ns
<7>[    0.000000] hpet clockevent registered
<6>[    0.000000] tsc: Fast TSC calibration using PIT
<6>[    0.000000] tsc: Detected 2591.545 MHz processor
<6>[    0.000032] Calibrating delay loop (skipped), value calculated using timer frequency.. 5183.09 BogoMIPS (lpj=10366180)
<6>[    0.000035] pid_max: default: 32768 minimum: 301
<6>[    0.000040] ACPI: Core revision 20150619
<4>[    0.011073] ACPI: All ACPI Tables successfully acquired
<6>[    0.012074] Security Framework initialized
<6>[    0.012084] AppArmor: AppArmor initialized
<6>[    0.012085] Yama: becoming mindful.
<6>[    0.012578] Dentry cache hash table entries: 1048576 (order: 11, 8388608 bytes)
<6>[    0.014128] Inode-cache hash table entries: 524288 (order: 10, 4194304 bytes)
<6>[    0.014793] Mount-cache hash table entries: 16384 (order: 5, 131072 bytes)
<6>[    0.014803] Mountpoint-cache hash table entries: 16384 (order: 5, 131072 bytes)
<6>[    0.015000] Initializing cgroup subsys blkio
<6>[    0.015003] Initializing cgroup subsys memory
<6>[    0.015009] Initializing cgroup subsys devices
<6>[    0.015011] Initializing cgroup subsys freezer
<6>[    0.015013] Initializing cgroup subsys net_cls
<6>[    0.015015] Initializing cgroup subsys perf_event
<6>[    0.015018] Initializing cgroup subsys net_prio
<6>[    0.015020] Initializing cgroup subsys hugetlb
<6>[    0.015040] Disabled fast string operations
<6>[    0.015042] CPU: Physical Processor ID: 0
<6>[    0.015042] CPU: Processor Core ID: 0
<4>[    0.015046] ENERGY_PERF_BIAS: Set to 'normal', was 'performance'
<4>[    0.015047] ENERGY_PERF_BIAS: View and update with x86_energy_perf_policy(8)
<6>[    0.015049] mce: CPU supports 7 MCE banks
<6>[    0.015059] CPU0: Thermal monitoring enabled (TM1)
<6>[    0.015064] process: using mwait in idle threads
<6>[    0.015067] Last level iTLB entries: 4KB 512, 2MB 8, 4MB 8
<6>[    0.015068] Last level dTLB entries: 4KB 512, 2MB 32, 4MB 32, 1GB 0
<6>[    0.015178] Freeing SMP alternatives memory: 28K (ffffffff81ea6000 - ffffffff81ead000)
<6>[    0.020172] ftrace: allocating 30954 entries in 121 pages
<6>[    0.033585] DMAR: Host address width 36
<6>[    0.033588] DMAR: DRHD base: 0x000000fed90000 flags: 0x0
<6>[    0.033593] DMAR: dmar0: reg_base_addr fed90000 ver 1:0 cap c0000020e60262 ecap f0101a
<6>[    0.033595] DMAR: DRHD base: 0x000000fed91000 flags: 0x1
<6>[    0.033598] DMAR: dmar1: reg_base_addr fed91000 ver 1:0 cap c9008020660262 ecap f0105a
<6>[    0.033599] DMAR: RMRR base: 0x000000dacd5000 end: 0x000000dacebfff
<6>[    0.033600] DMAR: RMRR base: 0x000000db800000 end: 0x000000df9fffff
<6>[    0.033603] DMAR-IR: IOAPIC id 2 under DRHD base  0xfed91000 IOMMU 1
<6>[    0.033604] DMAR-IR: HPET id 0 under DRHD base 0xfed91000
<6>[    0.033605] DMAR-IR: Queued invalidation will be enabled to support x2apic and Intr-remapping.
<6>[    0.034015] DMAR-IR: Enabled IRQ remapping in x2apic mode
<6>[    0.034018] x2apic enabled
<6>[    0.034024] Switched APIC routing to cluster x2apic.
<6>[    0.034450] ..TIMER: vector=0x30 apic1=0 pin1=2 apic2=-1 pin2=-1
<7>[    0.074127] TSC deadline timer enabled
<6>[    0.074131] smpboot: CPU0: Intel(R) Core(TM) i5-2540M CPU @ 2.60GHz (fam: 06, model: 2a, stepping: 07)
<6>[    0.074157] Performance Events: PEBS fmt1+, 16-deep LBR, SandyBridge events, full-width counters, Intel PMU driver.
<6>[    0.074176] ... version:                3
<6>[    0.074177] ... bit width:              48
<6>[    0.074178] ... generic registers:      4
<6>[    0.074179] ... value mask:             0000ffffffffffff
<6>[    0.074180] ... max period:             0000ffffffffffff
<6>[    0.074180] ... fixed-purpose events:   3
<6>[    0.074181] ... event mask:             000000070000000f
<6>[    0.074979] x86: Booting SMP configuration:
<6>[    0.074981] .... node  #0, CPUs:      #1
<6>[    0.076007] Disabled fast string operations
<6>[    0.078258] NMI watchdog: enabled on all CPUs, permanently consumes one hw-PMU counter.
<4>[    0.078367]  #2
<6>[    0.079391] Disabled fast string operations
<4>[    0.081579]  #3<6>[    0.082600] Disabled fast string operations
<6>[    0.084707] x86: Booted up 1 node, 4 CPUs
<6>[    0.084709] smpboot: Total of 4 processors activated (20732.36 BogoMIPS)
<6>[    0.087724] devtmpfs: initialized
<6>[    0.091442] evm: security.selinux
<6>[    0.091443] evm: security.SMACK64
<6>[    0.091444] evm: security.SMACK64EXEC
<6>[    0.091445] evm: security.SMACK64TRANSMUTE
<6>[    0.091446] evm: security.SMACK64MMAP
<6>[    0.091446] evm: security.ima
<6>[    0.091447] evm: security.capability
<6>[    0.091509] PM: Registering ACPI NVS region [mem 0x00058000-0x00058fff] (4096 bytes)
<6>[    0.091511] PM: Registering ACPI NVS region [mem 0xdae9f000-0xdaf9efff] (1048576 bytes)
<6>[    0.091597] clocksource: jiffies: mask: 0xffffffff max_cycles: 0xffffffff, max_idle_ns: 7645041785100000 ns
<6>[    0.091671] pinctrl core: initialized pinctrl subsystem
<6>[    0.091779] RTC time: 15:08:34, date: 02/11/16
<6>[    0.091877] NET: Registered protocol family 16
<6>[    0.095589] cpuidle: using governor ladder
<6>[    0.099586] cpuidle: using governor menu
<6>[    0.099722] ACPI FADT declares the system doesn't support PCIe ASPM, so disable it
<6>[    0.099724] ACPI: bus type PCI registered
<6>[    0.099725] acpiphp: ACPI Hot Plug PCI Controller Driver version: 0.5
<6>[    0.099960] PCI: MMCONFIG for domain 0000 [bus 00-3f] at [mem 0xf8000000-0xfbffffff] (base 0xf8000000)
<6>[    0.099962] PCI: not using MMCONFIG
<6>[    0.099963] PCI: Using configuration type 1 for base access
<6>[    0.100194] perf_event_intel: PMU erratum BJ122, BV98, HSD29 worked around, HT is on
<6>[    0.103957] ACPI: Added _OSI(Module Device)
<6>[    0.103959] ACPI: Added _OSI(Processor Device)
<6>[    0.103960] ACPI: Added _OSI(3.0 _SCP Extensions)
<6>[    0.103962] ACPI: Added _OSI(Processor Aggregator Device)
<6>[    0.105233] ACPI : EC: EC description table is found, configuring boot EC
<6>[    0.105243] ACPI : EC: EC started
<5>[    0.108754] [Firmware Bug]: ACPI: BIOS _OSI(Linux) query ignored
<4>[    0.111642] ACPI: Dynamic OEM Table Load:
<4>[    0.111651] ACPI: SSDT 0xFFFF8802140C6000 0008C0 (v01 PmRef  Cpu0Cst  00003001 INTL 20061109)
<4>[    0.112130] ACPI: Dynamic OEM Table Load:
<4>[    0.112137] ACPI: SSDT 0xFFFF8802140EAC00 000303 (v01 PmRef  ApIst    00003000 INTL 20061109)
<4>[    0.112551] ACPI: Dynamic OEM Table Load:
<4>[    0.112557] ACPI: SSDT 0xFFFF8802140A7A00 000119 (v01 PmRef  ApCst    00003000 INTL 20061109)
<6>[    0.113318] ACPI: Interpreter enabled
<4>[    0.113323] ACPI Exception: AE_NOT_FOUND, While evaluating Sleep State [\_S1_] (20150619/hwxface-580)
<4>[    0.113327] ACPI Exception: AE_NOT_FOUND, While evaluating Sleep State [\_S2_] (20150619/hwxface-580)
<6>[    0.113338] ACPI: (supports S0 S3 S4 S5)
<6>[    0.113340] ACPI: Using IOAPIC for interrupt routing
<6>[    0.113351] PCI: MMCONFIG for domain 0000 [bus 00-3f] at [mem 0xf8000000-0xfbffffff] (base 0xf8000000)
<6>[    0.113710] PCI: MMCONFIG at [mem 0xf8000000-0xfbffffff] reserved in ACPI motherboard resources
<6>[    0.113727] PCI: Using host bridge windows from ACPI; if necessary, use "pci=nocrs" and report a bug
<6>[    0.116218] ACPI: Power Resource [PUBS] (on)
<6>[    0.116919] acpi PNP0C0A:01: ACPI dock station (docks/bays count: 1)
<6>[    0.117797] acpi LNXIOBAY:00: ACPI dock station (docks/bays count: 2)
<6>[    0.119523] acpi IBM0079:00: ACPI dock station (docks/bays count: 3)
<6>[    0.119889] ACPI: PCI Interrupt Link [LNKA] (IRQs 3 4 5 6 7 9 10 *11)
<6>[    0.119940] ACPI: PCI Interrupt Link [LNKB] (IRQs 3 4 5 6 7 9 10 11) *0, disabled.
<6>[    0.119989] ACPI: PCI Interrupt Link [LNKC] (IRQs 3 4 5 6 7 9 10 11) *0, disabled.
<6>[    0.120037] ACPI: PCI Interrupt Link [LNKD] (IRQs 3 4 5 6 7 9 10 11) *0, disabled.
<6>[    0.120086] ACPI: PCI Interrupt Link [LNKE] (IRQs 3 4 5 6 7 9 10 11) *0, disabled.
<6>[    0.120133] ACPI: PCI Interrupt Link [LNKF] (IRQs 3 4 5 6 7 9 10 11) *0, disabled.
<6>[    0.120181] ACPI: PCI Interrupt Link [LNKG] (IRQs 3 4 5 6 7 9 10 11) *0, disabled.
<6>[    0.120229] ACPI: PCI Interrupt Link [LNKH] (IRQs 3 4 5 6 7 9 10 11) *0, disabled.
<6>[    0.120305] ACPI: PCI Root Bridge [PCI0] (domain 0000 [bus 00-fe])
<6>[    0.120309] acpi PNP0A08:00: _OSC: OS supports [ExtendedConfig ASPM ClockPM Segments MSI]
<6>[    0.120441] acpi PNP0A08:00: _OSC: platform does not support [PCIeCapability]
<6>[    0.120501] acpi PNP0A08:00: _OSC: not requesting control; platform does not support [PCIeCapability]
<6>[    0.120503] acpi PNP0A08:00: _OSC: OS requested [PCIeHotplug PME AER PCIeCapability]
<6>[    0.120505] acpi PNP0A08:00: _OSC: platform willing to grant [PCIeHotplug PME AER]
<6>[    0.120506] acpi PNP0A08:00: _OSC failed (AE_SUPPORT); disabling ASPM
<6>[    0.120525] acpi PNP0A08:00: [Firmware Info]: MMCONFIG for domain 0000 [bus 00-3f] only partially covers this bridge
<6>[    0.120642] PCI host bridge to bus 0000:00
<6>[    0.120645] pci_bus 0000:00: root bus resource [bus 00-fe]
<6>[    0.120647] pci_bus 0000:00: root bus resource [io  0x0000-0x0cf7 window]
<6>[    0.120648] pci_bus 0000:00: root bus resource [io  0x0d00-0xffff window]
<6>[    0.120650] pci_bus 0000:00: root bus resource [mem 0x000a0000-0x000bffff window]
<6>[    0.120651] pci_bus 0000:00: root bus resource [mem 0xdfa00000-0xfebfffff window]
<6>[    0.120652] pci_bus 0000:00: root bus resource [mem 0xfed40000-0xfed4bfff window]
<7>[    0.120659] pci 0000:00:00.0: [8086:0104] type 00 class 0x060000
<7>[    0.120729] pci 0000:00:02.0: [8086:0126] type 00 class 0x030000
<7>[    0.120741] pci 0000:00:02.0: reg 0x10: [mem 0xf0000000-0xf03fffff 64bit]
<7>[    0.120746] pci 0000:00:02.0: reg 0x18: [mem 0xe0000000-0xefffffff 64bit pref]
<7>[    0.120750] pci 0000:00:02.0: reg 0x20: [io  0x4000-0x403f]
<7>[    0.120834] pci 0000:00:16.0: [8086:1c3a] type 00 class 0x078000
<7>[    0.120867] pci 0000:00:16.0: reg 0x10: [mem 0xf1525000-0xf152500f 64bit]
<7>[    0.120925] pci 0000:00:16.0: PME# supported from D0 D3hot D3cold
<7>[    0.120991] pci 0000:00:19.0: [8086:1502] type 00 class 0x020000
<7>[    0.121016] pci 0000:00:19.0: reg 0x10: [mem 0xf1500000-0xf151ffff]
<7>[    0.121024] pci 0000:00:19.0: reg 0x14: [mem 0xf152b000-0xf152bfff]
<7>[    0.121033] pci 0000:00:19.0: reg 0x18: [io  0x4080-0x409f]
<7>[    0.121077] pci 0000:00:19.0: PME# supported from D0 D3hot D3cold
<6>[    0.121103] pci 0000:00:19.0: System wakeup disabled by ACPI
<7>[    0.121142] pci 0000:00:1a.0: [8086:1c2d] type 00 class 0x0c0320
<7>[    0.121169] pci 0000:00:1a.0: reg 0x10: [mem 0xf152a000-0xf152a3ff]
<7>[    0.121236] pci 0000:00:1a.0: PME# supported from D0 D3hot D3cold
<6>[    0.121262] pci 0000:00:1a.0: System wakeup disabled by ACPI
<7>[    0.121301] pci 0000:00:1b.0: [8086:1c20] type 00 class 0x040300
<7>[    0.121328] pci 0000:00:1b.0: reg 0x10: [mem 0xf1520000-0xf1523fff 64bit]
<7>[    0.121385] pci 0000:00:1b.0: PME# supported from D0 D3hot D3cold
<6>[    0.121415] pci 0000:00:1b.0: System wakeup disabled by ACPI
<7>[    0.121458] pci 0000:00:1c.0: [8086:1c10] type 01 class 0x060400
<7>[    0.121562] pci 0000:00:1c.0: PME# supported from D0 D3hot D3cold
<7>[    0.121635] pci 0000:00:1c.1: [8086:1c12] type 01 class 0x060400
<7>[    0.121748] pci 0000:00:1c.1: PME# supported from D0 D3hot D3cold
<7>[    0.121821] pci 0000:00:1c.4: [8086:1c18] type 01 class 0x060400
<7>[    0.121936] pci 0000:00:1c.4: PME# supported from D0 D3hot D3cold
<7>[    0.122007] pci 0000:00:1d.0: [8086:1c26] type 00 class 0x0c0320
<7>[    0.122035] pci 0000:00:1d.0: reg 0x10: [mem 0xf1529000-0xf15293ff]
<7>[    0.122101] pci 0000:00:1d.0: PME# supported from D0 D3hot D3cold
<6>[    0.122128] pci 0000:00:1d.0: System wakeup disabled by ACPI
<7>[    0.122166] pci 0000:00:1f.0: [8086:1c4f] type 00 class 0x060100
<7>[    0.122313] pci 0000:00:1f.2: [8086:1c03] type 00 class 0x010601
<7>[    0.122336] pci 0000:00:1f.2: reg 0x10: [io  0x40a8-0x40af]
<7>[    0.122344] pci 0000:00:1f.2: reg 0x14: [io  0x40b4-0x40b7]
<7>[    0.122352] pci 0000:00:1f.2: reg 0x18: [io  0x40a0-0x40a7]
<7>[    0.122360] pci 0000:00:1f.2: reg 0x1c: [io  0x40b0-0x40b3]
<7>[    0.122367] pci 0000:00:1f.2: reg 0x20: [io  0x4060-0x407f]
<7>[    0.122375] pci 0000:00:1f.2: reg 0x24: [mem 0xf1528000-0xf15287ff]
<7>[    0.122401] pci 0000:00:1f.2: PME# supported from D3hot
<7>[    0.122456] pci 0000:00:1f.3: [8086:1c22] type 00 class 0x0c0500
<7>[    0.122473] pci 0000:00:1f.3: reg 0x10: [mem 0xf1524000-0xf15240ff 64bit]
<7>[    0.122493] pci 0000:00:1f.3: reg 0x20: [io  0xefa0-0xefbf]
<6>[    0.122615] pci 0000:00:1c.0: PCI bridge to [bus 02]
<7>[    0.122754] pci 0000:03:00.0: [14e4:4353] type 00 class 0x028000
<7>[    0.122843] pci 0000:03:00.0: reg 0x10: [mem 0xf1400000-0xf1403fff 64bit]
<7>[    0.123035] pci 0000:03:00.0: supports D1 D2
<7>[    0.123036] pci 0000:03:00.0: PME# supported from D0 D3hot D3cold
<6>[    0.127664] pci 0000:00:1c.1: PCI bridge to [bus 03]
<7>[    0.127679] pci 0000:00:1c.1:   bridge window [mem 0xf1400000-0xf14fffff]
<7>[    0.127942] pci 0000:0d:00.0: [1180:e822] type 00 class 0x088001
<5>[    0.127990] pci 0000:0d:00.0: MMC controller base frequency changed to 50Mhz.
<7>[    0.128016] pci 0000:0d:00.0: reg 0x10: [mem 0xf0c00000-0xf0c000ff]
<7>[    0.128185] pci 0000:0d:00.0: supports D1 D2
<7>[    0.128187] pci 0000:0d:00.0: PME# supported from D0 D1 D2 D3hot D3cold
<6>[    0.135759] pci 0000:00:1c.4: PCI bridge to [bus 0d]
<7>[    0.135764] pci 0000:00:1c.4:   bridge window [io  0x3000-0x3fff]
<7>[    0.135768] pci 0000:00:1c.4:   bridge window [mem 0xf0c00000-0xf13fffff]
<7>[    0.135776] pci 0000:00:1c.4:   bridge window [mem 0xf0400000-0xf0bfffff 64bit pref]
<4>[    0.136914] ACPI: Enabled 4 GPEs in block 00 to 3F
<6>[    0.136976] ACPI : EC: GPE = 0x11, I/O: command/status = 0x66, data = 0x62
<6>[    0.137072] vgaarb: setting as boot device: PCI:0000:00:02.0
<6>[    0.137073] vgaarb: device added: PCI:0000:00:02.0,decodes=io+mem,owns=io+mem,locks=none
<6>[    0.137075] vgaarb: loaded
<6>[    0.137077] vgaarb: bridge control possible 0000:00:02.0
<5>[    0.137279] SCSI subsystem initialized
<7>[    0.137325] libata version 3.00 loaded.
<6>[    0.137346] ACPI: bus type USB registered
<6>[    0.137361] usbcore: registered new interface driver usbfs
<6>[    0.137370] usbcore: registered new interface driver hub
<6>[    0.137387] usbcore: registered new device driver usb
<6>[    0.137545] PCI: Using ACPI for IRQ routing
<7>[    0.139055] PCI: pci_cache_line_size set to 64 bytes
<7>[    0.139351] e820: reserve RAM buffer [mem 0x00058000-0x0005ffff]
<7>[    0.139352] e820: reserve RAM buffer [mem 0xda99f000-0xdbffffff]
<7>[    0.139354] e820: reserve RAM buffer [mem 0xdb000000-0xdbffffff]
<7>[    0.139355] e820: reserve RAM buffer [mem 0x21e600000-0x21fffffff]
<6>[    0.139463] NetLabel: Initializing
<6>[    0.139465] NetLabel:  domain hash size = 128
<6>[    0.139465] NetLabel:  protocols = UNLABELED CIPSOv4
<6>[    0.139476] NetLabel:  unlabeled traffic allowed by default
<6>[    0.139550] hpet0: at MMIO 0xfed00000, IRQs 2, 8, 0, 0, 0, 0, 0, 0
<6>[    0.139555] hpet0: 8 comparators, 64-bit 14.318180 MHz counter
<6>[    0.141584] clocksource: Switched to clocksource hpet
<6>[    0.146702] AppArmor: AppArmor Filesystem Enabled
<6>[    0.146771] pnp: PnP ACPI init
<6>[    0.147105] system 00:00: [mem 0x00000000-0x0009ffff] could not be reserved
<6>[    0.147108] system 00:00: [mem 0x000c0000-0x000c3fff] could not be reserved
<6>[    0.147109] system 00:00: [mem 0x000c4000-0x000c7fff] could not be reserved
<6>[    0.147111] system 00:00: [mem 0x000c8000-0x000cbfff] has been reserved
<6>[    0.147112] system 00:00: [mem 0x000cc000-0x000cffff] has been reserved
<6>[    0.147114] system 00:00: [mem 0x000d0000-0x000d3fff] has been reserved
<6>[    0.147115] system 00:00: [mem 0x000d4000-0x000d7fff] has been reserved
<6>[    0.147116] system 00:00: [mem 0x000d8000-0x000dbfff] has been reserved
<6>[    0.147118] system 00:00: [mem 0x000dc000-0x000dffff] has been reserved
<6>[    0.147119] system 00:00: [mem 0x000e0000-0x000e3fff] has been reserved
<6>[    0.147121] system 00:00: [mem 0x000e4000-0x000e7fff] has been reserved
<6>[    0.147122] system 00:00: [mem 0x000e8000-0x000ebfff] has been reserved
<6>[    0.147123] system 00:00: [mem 0x000ec000-0x000effff] has been reserved
<6>[    0.147125] system 00:00: [mem 0x000f0000-0x000fffff] could not be reserved
<6>[    0.147126] system 00:00: [mem 0x00100000-0xdf9fffff] could not be reserved
<6>[    0.147128] system 00:00: [mem 0xfec00000-0xffffffff] could not be reserved
<7>[    0.147132] system 00:00: Plug and Play ACPI device, IDs PNP0c01 (active)
<6>[    0.147238] system 00:01: [io  0x0400-0x047f] could not be reserved
<6>[    0.147240] system 00:01: [io  0x0500-0x057f] has been reserved
<6>[    0.147242] system 00:01: [io  0x0800-0x080f] has been reserved
<6>[    0.147243] system 00:01: [io  0x15e0-0x15ef] has been reserved
<6>[    0.147245] system 00:01: [io  0x1600-0x167f] has been reserved
<6>[    0.147247] system 00:01: [mem 0xf8000000-0xfbffffff] could not be reserved
<6>[    0.147248] system 00:01: [mem 0x00000000-0x00000fff] could not be reserved
<6>[    0.147250] system 00:01: [mem 0xfed1c000-0xfed1ffff] has been reserved
<6>[    0.147251] system 00:01: [mem 0xfed10000-0xfed13fff] has been reserved
<6>[    0.147253] system 00:01: [mem 0xfed18000-0xfed18fff] has been reserved
<6>[    0.147254] system 00:01: [mem 0xfed19000-0xfed19fff] has been reserved
<6>[    0.147256] system 00:01: [mem 0xfed45000-0xfed4bfff] has been reserved
<6>[    0.147258] system 00:01: [mem 0xfed40000-0xfed44fff] has been reserved
<7>[    0.147260] system 00:01: Plug and Play ACPI device, IDs PNP0c02 (active)
<7>[    0.147304] pnp 00:02: Plug and Play ACPI device, IDs PNP0b00 (active)
<7>[    0.147325] pnp 00:03: Plug and Play ACPI device, IDs PNP0303 (active)
<7>[    0.147346] pnp 00:04: Plug and Play ACPI device, IDs LEN0020 PNP0f13 (active)
<6>[    0.147806] pnp: PnP ACPI: found 5 devices
<6>[    0.154017] clocksource: acpi_pm: mask: 0xffffff max_cycles: 0xffffff, max_idle_ns: 2085701024 ns
<7>[    0.154036] pci 0000:00:1c.0: bridge window [io  0x1000-0x0fff] to [bus 02] add_size 1000
<7>[    0.154039] pci 0000:00:1c.0: bridge window [mem 0x00100000-0x000fffff 64bit pref] to [bus 02] add_size 200000 add_align 100000
<7>[    0.154041] pci 0000:00:1c.0: bridge window [mem 0x00100000-0x000fffff] to [bus 02] add_size 200000 add_align 100000
<7>[    0.154069] pci 0000:00:1c.0: res[14]=[mem 0x00100000-0x000fffff] res_to_dev_res add_size 200000 min_align 100000
<7>[    0.154070] pci 0000:00:1c.0: res[14]=[mem 0x00100000-0x002fffff] res_to_dev_res add_size 200000 min_align 100000
<7>[    0.154072] pci 0000:00:1c.0: res[15]=[mem 0x00100000-0x000fffff 64bit pref] res_to_dev_res add_size 200000 min_align 100000
<7>[    0.154074] pci 0000:00:1c.0: res[15]=[mem 0x00100000-0x002fffff 64bit pref] res_to_dev_res add_size 200000 min_align 100000
<7>[    0.154075] pci 0000:00:1c.0: res[13]=[io  0x1000-0x0fff] res_to_dev_res add_size 1000 min_align 1000
<7>[    0.154077] pci 0000:00:1c.0: res[13]=[io  0x1000-0x1fff] res_to_dev_res add_size 1000 min_align 1000
<6>[    0.154081] pci 0000:00:1c.0: BAR 14: assigned [mem 0xdfa00000-0xdfbfffff]
<6>[    0.154085] pci 0000:00:1c.0: BAR 15: assigned [mem 0xdfc00000-0xdfdfffff 64bit pref]
<6>[    0.154087] pci 0000:00:1c.0: BAR 13: assigned [io  0x2000-0x2fff]
<6>[    0.154089] pci 0000:00:1c.0: PCI bridge to [bus 02]
<6>[    0.154093] pci 0000:00:1c.0:   bridge window [io  0x2000-0x2fff]
<6>[    0.154099] pci 0000:00:1c.0:   bridge window [mem 0xdfa00000-0xdfbfffff]
<6>[    0.154105] pci 0000:00:1c.0:   bridge window [mem 0xdfc00000-0xdfdfffff 64bit pref]
<6>[    0.154113] pci 0000:00:1c.1: PCI bridge to [bus 03]
<6>[    0.154119] pci 0000:00:1c.1:   bridge window [mem 0xf1400000-0xf14fffff]
<6>[    0.154131] pci 0000:00:1c.4: PCI bridge to [bus 0d]
<6>[    0.154135] pci 0000:00:1c.4:   bridge window [io  0x3000-0x3fff]
<6>[    0.154141] pci 0000:00:1c.4:   bridge window [mem 0xf0c00000-0xf13fffff]
<6>[    0.154146] pci 0000:00:1c.4:   bridge window [mem 0xf0400000-0xf0bfffff 64bit pref]
<7>[    0.154154] pci_bus 0000:00: resource 4 [io  0x0000-0x0cf7 window]
<7>[    0.154155] pci_bus 0000:00: resource 5 [io  0x0d00-0xffff window]
<7>[    0.154157] pci_bus 0000:00: resource 6 [mem 0x000a0000-0x000bffff window]
<7>[    0.154158] pci_bus 0000:00: resource 7 [mem 0xdfa00000-0xfebfffff window]
<7>[    0.154159] pci_bus 0000:00: resource 8 [mem 0xfed40000-0xfed4bfff window]
<7>[    0.154161] pci_bus 0000:02: resource 0 [io  0x2000-0x2fff]
<7>[    0.154162] pci_bus 0000:02: resource 1 [mem 0xdfa00000-0xdfbfffff]
<7>[    0.154164] pci_bus 0000:02: resource 2 [mem 0xdfc00000-0xdfdfffff 64bit pref]
<7>[    0.154165] pci_bus 0000:03: resource 1 [mem 0xf1400000-0xf14fffff]
<7>[    0.154167] pci_bus 0000:0d: resource 0 [io  0x3000-0x3fff]
<7>[    0.154168] pci_bus 0000:0d: resource 1 [mem 0xf0c00000-0xf13fffff]
<7>[    0.154170] pci_bus 0000:0d: resource 2 [mem 0xf0400000-0xf0bfffff 64bit pref]
<6>[    0.154199] NET: Registered protocol family 2
<6>[    0.154360] TCP established hash table entries: 65536 (order: 7, 524288 bytes)
<6>[    0.154505] TCP bind hash table entries: 65536 (order: 8, 1048576 bytes)
<6>[    0.154622] TCP: Hash tables configured (established 65536 bind 65536)
<6>[    0.154655] UDP hash table entries: 4096 (order: 5, 131072 bytes)
<6>[    0.154684] UDP-Lite hash table entries: 4096 (order: 5, 131072 bytes)
<6>[    0.154745] NET: Registered protocol family 1
<7>[    0.154761] pci 0000:00:02.0: Video device with shadowed ROM
<7>[    0.155122] PCI: CLS 64 bytes, default 64
<6>[    0.155179] Trying to unpack rootfs image as initramfs...
<6>[    2.835160] Freeing initrd memory: 13576K (ffff88003656c000 - ffff8800372ae000)
<6>[    2.835185] PCI-DMA: Using software bounce buffering for IO (SWIOTLB)
<6>[    2.835187] software IO TLB [mem 0xcfda0000-0xd3da0000] (64MB) mapped at [ffff8800cfda0000-ffff8800d3d9ffff]
<6>[    2.835274] RAPL PMU detected, API unit is 2^-32 Joules, 3 fixed counters 163840 ms ovfl timer
<6>[    2.835276] hw unit of domain pp0-core 2^-16 Joules
<6>[    2.835277] hw unit of domain package 2^-16 Joules
<6>[    2.835278] hw unit of domain pp1-gpu 2^-16 Joules
<6>[    2.835347] microcode: CPU0 sig=0x206a7, pf=0x10, revision=0x29
<6>[    2.835354] microcode: CPU1 sig=0x206a7, pf=0x10, revision=0x29
<6>[    2.835363] microcode: CPU2 sig=0x206a7, pf=0x10, revision=0x29
<6>[    2.835371] microcode: CPU3 sig=0x206a7, pf=0x10, revision=0x29
<6>[    2.835430] microcode: Microcode Update Driver: v2.00 <tigran@aivazian.fsnet.co.uk>, Peter Oruba
<6>[    2.835508] Scanning for low memory corruption every 60 seconds
<6>[    2.835846] futex hash table entries: 2048 (order: 5, 131072 bytes)
<5>[    2.835870] Initialise system trusted keyring
<6>[    2.835890] audit: initializing netlink subsys (disabled)
<5>[    2.835908] audit: type=2000 audit(1455203316.828:1): initialized
<6>[    2.836204] HugeTLB registered 2 MB page size, pre-allocated 0 pages
<6>[    2.837611] zpool: loaded
<6>[    2.837613] zbud: loaded
<5>[    2.837787] VFS: Disk quotas dquot_6.6.0
<6>[    2.837817] VFS: Dquot-cache hash table entries: 512 (order 0, 4096 bytes)
<6>[    2.838269] fuse init (API version 7.23)
<5>[    2.838394] Key type big_key registered
<5>[    2.838754] Key type asymmetric registered
<5>[    2.838757] Asymmetric key parser 'x509' registered
<6>[    2.838771] Block layer SCSI generic (bsg) driver version 0.4 loaded (major 249)
<6>[    2.838810] io scheduler noop registered
<6>[    2.838815] io scheduler deadline registered (default)
<6>[    2.838843] io scheduler cfq registered
<6>[    2.838926] pcieport 0000:00:1c.0: enabling device (0000 -> 0003)
<6>[    2.839281] pci_hotplug: PCI Hot Plug PCI Core version: 0.5
<6>[    2.839288] pciehp: PCI Express Hot Plug Controller Driver version: 0.4
<6>[    2.839322] efifb: probing for efifb
<6>[    2.839334] efifb: framebuffer at 0xe0000000, mapped to 0xffffc90001000000, using 1216k, total 1216k
<6>[    2.839336] efifb: mode is 640x480x32, linelength=2560, pages=1
<6>[    2.839336] efifb: scrolling: redraw
<6>[    2.839337] efifb: Truecolor: size=8:8:8:8, shift=24:16:8:0
<6>[    2.840088] Console: switching to colour frame buffer device 80x30
<6>[    2.840761] fb0: EFI VGA frame buffer device
<7>[    2.840770] intel_idle: MWAIT substates: 0x21120
<7>[    2.840771] intel_idle: v0.4 model 0x2A
<7>[    2.840772] intel_idle: lapic_timer_reliable_states 0xffffffff
<6>[    2.841075] ACPI: AC Adapter [AC] (on-line)
<6>[    2.841131] input: Lid Switch as /devices/LNXSYSTM:00/LNXSYBUS:00/PNP0C0D:00/input/input0
<6>[    2.841247] ACPI: Lid Switch [LID]
<6>[    2.841281] input: Sleep Button as /devices/LNXSYSTM:00/LNXSYBUS:00/PNP0C0E:00/input/input1
<6>[    2.841284] ACPI: Sleep Button [SLPB]
<6>[    2.841320] input: Power Button as /devices/LNXSYSTM:00/LNXPWRBN:00/input/input2
<6>[    2.841322] ACPI: Power Button [PWRF]
<6>[    2.842488] thermal LNXTHERM:00: registered as thermal_zone0
<6>[    2.842490] ACPI: Thermal Zone [THM0] (62 C)
<6>[    2.842518] GHES: HEST is not enabled!
<6>[    2.842629] Serial: 8250/16550 driver, 32 ports, IRQ sharing enabled
<6>[    2.844569] Linux agpgart interface v0.103
<6>[    2.847397] brd: module loaded
<6>[    2.848502] loop: module loaded
<6>[    2.848729] libphy: Fixed MDIO Bus: probed
<6>[    2.848732] tun: Universal TUN/TAP device driver, 1.6
<6>[    2.848733] tun: (C) 1999-2004 Max Krasnyansky <maxk@qualcomm.com>
<6>[    2.848817] PPP generic driver version 2.4.2
<6>[    2.848895] ehci_hcd: USB 2.0 'Enhanced' Host Controller (EHCI) Driver
<6>[    2.848902] ehci-pci: EHCI PCI platform driver
<6>[    2.849016] ehci-pci 0000:00:1a.0: EHCI Host Controller
<6>[    2.849021] ehci-pci 0000:00:1a.0: new USB bus registered, assigned bus number 1
<6>[    2.849033] ehci-pci 0000:00:1a.0: debug port 2
<7>[    2.852935] ehci-pci 0000:00:1a.0: cache line size of 64 is not supported
<6>[    2.852955] ehci-pci 0000:00:1a.0: irq 16, io mem 0xf152a000
<6>[    2.853574] ACPI: Battery Slot [BAT0] (battery present)
<6>[    2.864755] ehci-pci 0000:00:1a.0: USB 2.0 started, EHCI 1.00
<6>[    2.864859] usb usb1: New USB device found, idVendor=1d6b, idProduct=0002
<6>[    2.864860] usb usb1: New USB device strings: Mfr=3, Product=2, SerialNumber=1
<6>[    2.864862] usb usb1: Product: EHCI Host Controller
<6>[    2.864863] usb usb1: Manufacturer: Linux 4.2.0-18-generic ehci_hcd
<6>[    2.864864] usb usb1: SerialNumber: 0000:00:1a.0
<6>[    2.865070] hub 1-0:1.0: USB hub found
<6>[    2.865079] hub 1-0:1.0: 3 ports detected
<6>[    2.865255] ehci-pci 0000:00:1d.0: EHCI Host Controller
<6>[    2.865260] ehci-pci 0000:00:1d.0: new USB bus registered, assigned bus number 2
<6>[    2.865270] ehci-pci 0000:00:1d.0: debug port 2
<7>[    2.869163] ehci-pci 0000:00:1d.0: cache line size of 64 is not supported
<6>[    2.869177] ehci-pci 0000:00:1d.0: irq 23, io mem 0xf1529000
<6>[    2.880827] ehci-pci 0000:00:1d.0: USB 2.0 started, EHCI 1.00
<6>[    2.880917] usb usb2: New USB device found, idVendor=1d6b, idProduct=0002
<6>[    2.880919] usb usb2: New USB device strings: Mfr=3, Product=2, SerialNumber=1
<6>[    2.880921] usb usb2: Product: EHCI Host Controller
<6>[    2.880922] usb usb2: Manufacturer: Linux 4.2.0-18-generic ehci_hcd
<6>[    2.880924] usb usb2: SerialNumber: 0000:00:1d.0
<6>[    2.881129] hub 2-0:1.0: USB hub found
<6>[    2.881137] hub 2-0:1.0: 3 ports detected
<6>[    2.881267] ehci-platform: EHCI generic platform driver
<6>[    2.881283] ohci_hcd: USB 1.1 'Open' Host Controller (OHCI) Driver
<6>[    2.881289] ohci-pci: OHCI PCI platform driver
<6>[    2.881301] ohci-platform: OHCI generic platform driver
<6>[    2.881309] uhci_hcd: USB Universal Host Controller Interface driver
<6>[    2.881361] i8042: PNP: PS/2 Controller [PNP0303:KBD,PNP0f13:MOU] at 0x60,0x64 irq 1,12
<6>[    2.884217] serio: i8042 KBD port at 0x60,0x64 irq 1
<6>[    2.884221] serio: i8042 AUX port at 0x60,0x64 irq 12
<6>[    2.884440] mousedev: PS/2 mouse device common for all mice
<6>[    2.884619] rtc_cmos 00:02: RTC can wake from S4
<6>[    2.884752] rtc_cmos 00:02: rtc core: registered rtc_cmos as rtc0
<6>[    2.884787] rtc_cmos 00:02: alarms up to one month, y3k, 114 bytes nvram, hpet irqs
<6>[    2.884796] i2c /dev entries driver
<6>[    2.884870] device-mapper: uevent: version 1.0.3
<6>[    2.884936] device-mapper: ioctl: 4.33.0-ioctl (2015-8-18) initialised: dm-devel@redhat.com
<6>[    2.884954] Intel P-state driver initializing.
<6>[    2.885160] ledtrig-cpu: registered to indicate activity on CPUs
<6>[    2.885172] EFI Variables Facility v0.08 2004-May-17
<6>[    2.888662] input: AT Translated Set 2 keyboard as /devices/platform/i8042/serio0/input/input3
<4>[    2.911295] PCCT header not found.
<6>[    2.911465] NET: Registered protocol family 10
<6>[    2.911611] NET: Registered protocol family 17
<5>[    2.911623] Key type dns_resolver registered
<5>[    2.911903] Loading compiled-in X.509 certificates
<5>[    2.912616] Loaded X.509 cert 'Build time autogenerated kernel key: 714df7ce1739f2da38b31837ada06c6e4fb64084'
<6>[    2.912627] registered taskstats version 1
<6>[    2.912645] zswap: loading zswap
<6>[    2.912647] zswap: using zbud pool
<6>[    2.912651] zswap: using lzo compressor
<5>[    2.914069] Key type trusted registered
<5>[    2.916326] Key type encrypted registered
<6>[    2.916332] AppArmor: AppArmor sha1 policy hashing enabled
<6>[    2.916334] ima: No TPM chip found, activating TPM-bypass!
<6>[    2.916349] evm: HMAC attrs: 0x1
<6>[    2.916800]   Magic number: 4:456:133
<6>[    2.916842] acpi device:08: hash matches
<6>[    2.916894] rtc_cmos 00:02: setting system clock to 2016-02-11 15:08:37 UTC (1455203317)
<6>[    2.916957] BIOS EDD facility v0.16 2004-Jun-25, 0 devices found
<6>[    2.916958] EDD information not available.
<6>[    3.176742] usb 1-1: new high-speed USB device number 2 using ehci-pci
<6>[    3.192737] usb 2-1: new high-speed USB device number 2 using ehci-pci
<6>[    3.309009] usb 1-1: New USB device found, idVendor=8087, idProduct=0024
<6>[    3.309019] usb 1-1: New USB device strings: Mfr=0, Product=0, SerialNumber=0
<6>[    3.309650] hub 1-1:1.0: USB hub found
<6>[    3.309737] hub 1-1:1.0: 6 ports detected
<6>[    3.325173] usb 2-1: New USB device found, idVendor=8087, idProduct=0024
<6>[    3.325184] usb 2-1: New USB device strings: Mfr=0, Product=0, SerialNumber=0
<6>[    3.325737] hub 2-1:1.0: USB hub found
<6>[    3.325911] hub 2-1:1.0: 8 ports detected
<6>[    3.580615] usb 1-1.3: new full-speed USB device number 3 using ehci-pci
<6>[    3.596605] usb 2-1.1: new high-speed USB device number 3 using ehci-pci
<6>[    3.674194] usb 1-1.3: New USB device found, idVendor=147e, idProduct=2016
<6>[    3.674204] usb 1-1.3: New USB device strings: Mfr=1, Product=2, SerialNumber=0
<6>[    3.674210] usb 1-1.3: Product: Biometric Coprocessor
<6>[    3.674214] usb 1-1.3: Manufacturer: UPEK
<6>[    3.691458] usb 2-1.1: New USB device found, idVendor=090c, idProduct=1000
<6>[    3.691461] usb 2-1.1: New USB device strings: Mfr=1, Product=2, SerialNumber=0
<6>[    3.691462] usb 2-1.1: Product: USB DISK
<6>[    3.691463] usb 2-1.1: Manufacturer: SMI Corporation
<6>[    3.744562] usb 1-1.4: new full-speed USB device number 4 using ehci-pci
<6>[    3.832535] tsc: Refined TSC clocksource calibration: 2591.582 MHz
<6>[    3.832546] clocksource: tsc: mask: 0xffffffffffffffff max_cycles: 0x255b2c361e3, max_idle_ns: 440795319296 ns
<6>[    3.841905] usb 1-1.4: New USB device found, idVendor=0a5c, idProduct=217f
<6>[    3.841915] usb 1-1.4: New USB device strings: Mfr=1, Product=2, SerialNumber=3
<6>[    3.841921] usb 1-1.4: Product: Broadcom Bluetooth Device
<6>[    3.841925] usb 1-1.4: Manufacturer: Broadcom Corp
<6>[    3.841929] usb 1-1.4: SerialNumber: E4D53DD55085
<6>[    3.912509] usb 1-1.6: new high-speed USB device number 5 using ehci-pci
<6>[    4.011082] usb 1-1.6: New USB device found, idVendor=04f2, idProduct=b217
<6>[    4.011092] usb 1-1.6: New USB device strings: Mfr=1, Product=2, SerialNumber=0
<6>[    4.011098] usb 1-1.6: Product: Integrated Camera
<6>[    4.011102] usb 1-1.6: Manufacturer: Ricoh Company Ltd.
<6>[    4.832415] clocksource: Switched to clocksource tsc
<7>[   14.961007] PM: Hibernation image not present or could not be loaded.
<6>[   14.961350] Freeing unused kernel memory: 1464K (ffffffff81d38000 - ffffffff81ea6000)
<6>[   14.961352] Write protecting the kernel read-only data: 12288k
<6>[   14.961566] Freeing unused kernel memory: 248K (ffff8800027c2000 - ffff880002800000)
<6>[   14.961625] Freeing unused kernel memory: 284K (ffff880002bb9000 - ffff880002c00000)
<30>[   14.970363] systemd-udevd[123]: starting version 204
<6>[   14.985586] wmi: Mapper loaded
<6>[   14.987262] pps_core: LinuxPPS API ver. 1 registered
<6>[   14.987265] pps_core: Software ver. 5.3.6 - Copyright 2005-2007 Rodolfo Giometti <giometti@linux.it>
<6>[   14.988702] PTP clock support registered
<6>[   14.989913] sdhci: Secure Digital Host Controller Interface driver
<6>[   14.989915] sdhci: Copyright(c) Pierre Ossman
<6>[   14.991727] sdhci-pci 0000:0d:00.0: SDHCI controller found [1180:e822] (rev 7)
<6>[   14.992239] sdhci-pci 0000:0d:00.0: No vmmc regulator found
<6>[   14.992242] sdhci-pci 0000:0d:00.0: No vqmmc regulator found
<6>[   14.993768] mmc0: SDHCI controller on PCI [0000:0d:00.0] using DMA
<7>[   14.993795] ahci 0000:00:1f.2: version 3.0
<6>[   14.994130] ahci 0000:00:1f.2: SSS flag set, parallel bus scan disabled
<6>[   14.994624] [drm] Initialized drm 1.1.0 20060810
<6>[   14.994818] e1000e: Intel(R) PRO/1000 Network Driver - 3.2.5-k
<6>[   14.994820] e1000e: Copyright(c) 1999 - 2015 Intel Corporation.
<6>[   14.998279] usb-storage 2-1.1:1.0: USB Mass Storage device detected
<6>[   14.998712] scsi host0: usb-storage 2-1.1:1.0
<6>[   14.998827] usbcore: registered new interface driver usb-storage
<6>[   15.000657] usbcore: registered new interface driver uas
<6>[   15.008898] ahci 0000:00:1f.2: AHCI 0001.0300 32 slots 6 ports 6 Gbps 0x13 impl SATA mode
<6>[   15.008903] ahci 0000:00:1f.2: flags: 64bit ncq sntf ilck stag pm led clo pio slum part ems sxs apst 
<6>[   15.025741] scsi host1: ahci
<6>[   15.025817] scsi host2: ahci
<6>[   15.025880] scsi host3: ahci
<6>[   15.025940] scsi host4: ahci
<6>[   15.025999] scsi host5: ahci
<6>[   15.026056] scsi host6: ahci
<6>[   15.026094] ata1: SATA max UDMA/133 abar m2048@0xf1528000 port 0xf1528100 irq 26
<6>[   15.026096] ata2: SATA max UDMA/133 abar m2048@0xf1528000 port 0xf1528180 irq 26
<6>[   15.026097] ata3: DUMMY
<6>[   15.026098] ata4: DUMMY
<6>[   15.026100] ata5: SATA max UDMA/133 abar m2048@0xf1528000 port 0xf1528300 irq 26
<6>[   15.026101] ata6: DUMMY
<6>[   15.026258] e1000e 0000:00:19.0: Interrupt Throttling Rate (ints/sec) set to dynamic conservative mode
<6>[   15.172518] mmc0: new high speed SDHC card at address aaaa
<6>[   15.174568] mmcblk0: mmc0:aaaa SU08G 7.40 GiB 
<6>[   15.191378]  mmcblk0: p1
<6>[   15.225271] e1000e 0000:00:19.0 eth0: registered PHC clock
<6>[   15.225274] e1000e 0000:00:19.0 eth0: (PCI Express:2.5GT/s:Width x1) f0:de:f1:a8:90:8f
<6>[   15.225275] e1000e 0000:00:19.0 eth0: Intel(R) PRO/1000 Network Connection
<6>[   15.225323] e1000e 0000:00:19.0 eth0: MAC: 10, PHY: 11, PBA No: 1000FF-0FF
<6>[   15.226030] [drm] Memory usable by graphics device = 2048M
<7>[   15.226033] checking generic (e0000000 130000) vs hw (e0000000 10000000)
<6>[   15.226034] fb: switching to inteldrmfb from EFI VGA
<6>[   15.226053] Console: switching to colour dummy device 80x25
<6>[   15.226110] [drm] Replacing VGA console driver
<6>[   15.232598] [drm] Supports vblank timestamp caching Rev 2 (21.10.2013).
<6>[   15.232599] [drm] Driver supports precise vblank timestamp query.
<6>[   15.232659] vgaarb: device changed decodes: PCI:0000:00:02.0,olddecodes=io+mem,decodes=io+mem:owns=io+mem
<6>[   15.266849] ACPI: Video Device [VID] (multi-head: yes  rom: no  post: no)
<6>[   15.266980] input: Video Bus as /devices/LNXSYSTM:00/LNXSYBUS:00/PNP0A08:00/LNXVIDEO:00/input/input6
<6>[   15.267069] [drm] Initialized i915 1.6.0 20150522 for 0000:00:02.0 on minor 0
<6>[   15.332766] [drm] GMBUS [i915 gmbus dpb] timed out, falling back to bit banging on pin 5
<6>[   15.344779] ata1: SATA link up 6.0 Gbps (SStatus 133 SControl 300)
<7>[   15.346357] ata1.00: ACPI cmd ef/02:00:00:00:00:a0 (SET FEATURES) succeeded
<6>[   15.346360] ata1.00: ACPI cmd f5/00:00:00:00:00:a0 (SECURITY FREEZE LOCK) filtered out
<6>[   15.346361] ata1.00: ACPI cmd ef/10:03:00:00:00:a0 (SET FEATURES) filtered out
<4>[   15.346581] ata1.00: supports DRM functions and may not be fully accessible
<4>[   15.346754] ata1.00: READ LOG DMA EXT failed, trying unqueued
<7>[   15.346821] ata1.00: failed to get NCQ Send/Recv Log Emask 0x1
<6>[   15.346824] ata1.00: ATA-9: Samsung SSD 850 EVO 500GB, EMT01B6Q, max UDMA/133
<6>[   15.346825] ata1.00: 976773168 sectors, multi 1: LBA48 NCQ (depth 31/32), AA
<7>[   15.347236] ata1.00: ACPI cmd ef/02:00:00:00:00:a0 (SET FEATURES) succeeded
<6>[   15.347239] ata1.00: ACPI cmd f5/00:00:00:00:00:a0 (SECURITY FREEZE LOCK) filtered out
<6>[   15.347241] ata1.00: ACPI cmd ef/10:03:00:00:00:a0 (SET FEATURES) filtered out
<4>[   15.347431] ata1.00: supports DRM functions and may not be fully accessible
<7>[   15.347514] ata1.00: failed to get NCQ Send/Recv Log Emask 0x1
<6>[   15.347619] ata1.00: configured for UDMA/133
<5>[   15.347734] scsi 1:0:0:0: Direct-Access     ATA      Samsung SSD 850  1B6Q PQ: 0 ANSI: 5
<5>[   15.347916] sd 1:0:0:0: [sda] 976773168 512-byte logical blocks: (500 GB/465 GiB)
<5>[   15.347949] sd 1:0:0:0: Attached scsi generic sg0 type 0
<5>[   15.347992] sd 1:0:0:0: [sda] Write Protect is off
<7>[   15.347995] sd 1:0:0:0: [sda] Mode Sense: 00 3a 00 00
<5>[   15.348013] sd 1:0:0:0: [sda] Write cache: enabled, read cache: enabled, doesn't support DPO or FUA
<6>[   15.349311]  sda: sda1 sda2 sda3 sda4 sda5
<5>[   15.349695] sd 1:0:0:0: [sda] Attached SCSI disk
<6>[   15.350040] fbcon: inteldrmfb (fb0) is primary device
<6>[   15.664790] ata2: SATA link down (SStatus 0 SControl 300)
<6>[   15.832471] psmouse serio1: trackpoint: IBM TrackPoint firmware: 0x0e, buttons: 3/3
<6>[   15.851030] input: TPPS/2 IBM TrackPoint as /devices/platform/i8042/serio1/input/input5
<6>[   15.984685] ata5: SATA link down (SStatus 0 SControl 300)
<6>[   16.141606] Console: switching to colour frame buffer device 170x48
<6>[   16.143510] i915 0000:00:02.0: fb0: inteldrmfb frame buffer device
<6>[   16.143511] i915 0000:00:02.0: registered panic notifier
<5>[   16.197950] scsi 0:0:0:0: Direct-Access     SMI      USB DISK         1100 PQ: 0 ANSI: 4
<5>[   16.198217] sd 0:0:0:0: Attached scsi generic sg1 type 0
<5>[   16.198821] sd 0:0:0:0: [sdb] 15728640 512-byte logical blocks: (8.05 GB/7.50 GiB)
<5>[   16.199853] sd 0:0:0:0: [sdb] Write Protect is off
<7>[   16.199856] sd 0:0:0:0: [sdb] Mode Sense: 43 00 00 00
<3>[   16.200650] sd 0:0:0:0: [sdb] No Caching mode page found
<3>[   16.200677] sd 0:0:0:0: [sdb] Assuming drive cache: write through
<6>[   16.205715]  sdb: sdb1
<5>[   16.208688] sd 0:0:0:0: [sdb] Attached SCSI removable disk
<6>[   16.701928] EXT4-fs (sda2): mounted filesystem with ordered data mode. Opts: (null)
<4>[   17.132005] FAT-fs (mmcblk0p1): Volume was not properly unmounted. Some data may be corrupt. Please run fsck.
<6>[   17.401659] EXT4-fs (loop0): mounting ext3 file system using the ext4 subsystem
<4>[   17.411712] EXT4-fs (loop0): warning: checktime reached, running e2fsck is recommended
<6>[   17.411816] EXT4-fs (loop0): mounted filesystem with ordered data mode. Opts: (null)
<5>[   17.451519] random: nonblocking pool is initialized
<6>[   17.453749] squashfs: version 4.0 (2009/01/31) Phillip Lougher
<4>[   17.674619] FAT-fs (mmcblk0p1): Volume was not properly unmounted. Some data may be corrupt. Please run fsck.
<4>[   18.214588] FAT-fs (mmcblk0p1): Volume was not properly unmounted. Some data may be corrupt. Please run fsck.
<4>[   18.770780] FAT-fs (mmcblk0p1): Volume was not properly unmounted. Some data may be corrupt. Please run fsck.
<6>[   23.983044] Adding 9283580k swap on /dev/sda5.  Priority:-1 extents:1 across:9283580k SSFS
<30>[   24.079649] systemd-udevd[2257]: starting version 204
<6>[   24.204912] shpchp: Standard Hot Plug PCI Controller Driver version: 0.4
<4>[   24.232238] ACPI Warning: SystemIO range 0x0000000000000428-0x000000000000042F conflicts with OpRegion 0x0000000000000400-0x000000000000047F (\_SB_.PCI0.LPC_.PMIO) (20150619/utaddress-254)
<6>[   24.232246] ACPI: If an ACPI driver is available for this device, you should use it instead of the native driver
<4>[   24.232250] ACPI Warning: SystemIO range 0x0000000000000540-0x000000000000054F conflicts with OpRegion 0x0000000000000500-0x000000000000057F (\_SB_.PCI0.LPC_.LPIO) (20150619/utaddress-254)
<6>[   24.232254] ACPI: If an ACPI driver is available for this device, you should use it instead of the native driver
<4>[   24.232256] ACPI Warning: SystemIO range 0x0000000000000530-0x000000000000053F conflicts with OpRegion 0x0000000000000500-0x000000000000057F (\_SB_.PCI0.LPC_.LPIO) (20150619/utaddress-254)
<6>[   24.232259] ACPI: If an ACPI driver is available for this device, you should use it instead of the native driver
<4>[   24.232261] ACPI Warning: SystemIO range 0x0000000000000500-0x000000000000052F conflicts with OpRegion 0x0000000000000500-0x000000000000057F (\_SB_.PCI0.LPC_.LPIO) (20150619/utaddress-254)
<6>[   24.232264] ACPI: If an ACPI driver is available for this device, you should use it instead of the native driver
<4>[   24.232266] lpc_ich: Resource conflict(s) found affecting gpio_ich
<6>[   24.271470] bcma: bus0: Found chip with id 43224, rev 0x01 and package 0x08
<6>[   24.271502] bcma: bus0: Core 0 found: ChipCommon (manuf 0x4BF, id 0x800, rev 0x22, class 0x0)
<6>[   24.271527] bcma: bus0: Core 1 found: IEEE 802.11 (manuf 0x4BF, id 0x812, rev 0x17, class 0x0)
<6>[   24.271579] bcma: bus0: Core 2 found: PCIe (manuf 0x4BF, id 0x820, rev 0x0F, class 0x0)
<6>[   24.326030] bcma: bus0: Bus registered
<6>[   24.358294] Bluetooth: Core ver 2.20
<6>[   24.358310] NET: Registered protocol family 31
<6>[   24.358312] Bluetooth: HCI device and connection manager initialized
<6>[   24.358315] Bluetooth: HCI socket layer initialized
<6>[   24.358318] Bluetooth: L2CAP socket layer initialized
<6>[   24.358324] Bluetooth: SCO socket layer initialized
<6>[   24.363043] Non-volatile memory driver v1.3
<6>[   24.378751] media: Linux media interface: v0.10
<6>[   24.406853] thinkpad_acpi: ThinkPad ACPI Extras v0.25
<6>[   24.406855] thinkpad_acpi: http://ibm-acpi.sf.net/
<6>[   24.406856] thinkpad_acpi: ThinkPad BIOS 8DET70WW (1.40 ), EC unknown
<6>[   24.406857] thinkpad_acpi: Lenovo ThinkPad X220, model 42912WA
<6>[   24.407949] thinkpad_acpi: detected a 16-level brightness capable ThinkPad
<6>[   24.408076] thinkpad_acpi: radio switch found; radios are enabled
<6>[   24.408188] thinkpad_acpi: possible tablet mode switch found; ThinkPad in laptop mode
<6>[   24.408200] thinkpad_acpi: This ThinkPad has standard ACPI backlight brightness control, supported by the ACPI video driver
<5>[   24.408200] thinkpad_acpi: Disabling thinkpad-acpi brightness events by default...
<6>[   24.409889] thinkpad_acpi: rfkill switch tpacpi_bluetooth_sw: radio is unblocked
<6>[   24.410096] usbcore: registered new interface driver btusb
<6>[   24.412029] thinkpad_acpi: Standard ACPI backlight interface available, not loading native one
<6>[   24.414422] input: ThinkPad Extra Buttons as /devices/platform/thinkpad_acpi/input/input7
<6>[   24.438044] Linux video capture interface: v2.00
<6>[   24.461112] AVX version of gcm_enc/dec engaged.
<6>[   24.461115] AES CTR mode by8 optimization enabled
<12>[   24.519614] init: failsafe main process (2347) killed by TERM signal
<6>[   24.603079] uvcvideo: Found UVC 1.00 device Integrated Camera (04f2:b217)
<6>[   24.605679] snd_hda_codec_conexant hdaudioC0D0: CX20590: BIOS auto-probing.
<6>[   24.606155] snd_hda_codec_conexant hdaudioC0D0: autoconfig for CX20590: line_outs=1 (0x1f/0x0/0x0/0x0/0x0) type:speaker
<6>[   24.606158] snd_hda_codec_conexant hdaudioC0D0:    speaker_outs=0 (0x0/0x0/0x0/0x0/0x0)
<6>[   24.606160] snd_hda_codec_conexant hdaudioC0D0:    hp_outs=2 (0x1c/0x19/0x0/0x0/0x0)
<6>[   24.606162] snd_hda_codec_conexant hdaudioC0D0:    mono: mono_out=0x0
<6>[   24.606164] snd_hda_codec_conexant hdaudioC0D0:    inputs:
<6>[   24.606166] snd_hda_codec_conexant hdaudioC0D0:      Internal Mic=0x23
<6>[   24.606168] snd_hda_codec_conexant hdaudioC0D0:      Mic=0x1b
<6>[   24.606170] snd_hda_codec_conexant hdaudioC0D0:      Dock Mic=0x1a
<6>[   24.607738] snd_hda_codec_conexant hdaudioC0D0: Enable sync_write for stable communication
<6>[   24.608819] input: Integrated Camera as /devices/pci0000:00/0000:00:1a.0/usb1/1-1/1-1.6/1-1.6:1.0/input/input8
<6>[   24.609413] usbcore: registered new interface driver uvcvideo
<6>[   24.609416] USB Video Class driver (1.1.1)
<6>[   24.641250] input: HDA Intel PCH Mic as /devices/pci0000:00/0000:00:1b.0/sound/card0/input9
<6>[   24.641450] input: HDA Intel PCH Dock Mic as /devices/pci0000:00/0000:00:1b.0/sound/card0/input10
<6>[   24.641550] input: HDA Intel PCH Dock Headphone as /devices/pci0000:00/0000:00:1b.0/sound/card0/input11
<6>[   24.641636] input: HDA Intel PCH Headphone as /devices/pci0000:00/0000:00:1b.0/sound/card0/input12
<6>[   24.641726] input: HDA Intel PCH HDMI/DP,pcm=3 as /devices/pci0000:00/0000:00:1b.0/sound/card0/input13
<6>[   24.641818] input: HDA Intel PCH HDMI/DP,pcm=7 as /devices/pci0000:00/0000:00:1b.0/sound/card0/input14
<6>[   24.641897] input: HDA Intel PCH HDMI/DP,pcm=8 as /devices/pci0000:00/0000:00:1b.0/sound/card0/input15
<3>[   24.803047] Support for cores revisions 0x17 and 0x18 disabled by module param allhwsupport=0. Try b43.allhwsupport=1
<4>[   24.803054] b43: probe of bcma0:1 failed with error -524
<6>[   24.803088] Broadcom 43xx driver loaded [ Features: PNL ]
<6>[   24.815241] intel_rapl: Found RAPL domain package
<6>[   24.815245] intel_rapl: Found RAPL domain core
<6>[   24.815247] intel_rapl: Found RAPL domain uncore
<12>[   24.868488] init: ttyS0 main process (2585) terminated with status 1
<12>[   24.868499] init: ttyS0 main process ended, respawning
<12>[   24.878237] init: ttyS0 main process (2597) terminated with status 1
<12>[   24.878248] init: ttyS0 main process ended, respawning
<12>[   24.883631] init: ttyS0 main process (2606) terminated with status 1
<12>[   24.883640] init: ttyS0 main process ended, respawning
<12>[   24.886167] init: ttyS0 main process (2608) terminated with status 1
<12>[   24.886176] init: ttyS0 main process ended, respawning
<12>[   24.894211] init: ttyS0 main process (2610) terminated with status 1
<12>[   24.894217] init: ttyS0 main process ended, respawning
<12>[   24.897990] init: plymouth-upstart-bridge main process ended, respawning
<12>[   24.898268] init: ttyS0 main process (2618) terminated with status 1
<12>[   24.898275] init: ttyS0 main process ended, respawning
<6>[   24.905408] brcmsmac bcma0:1: mfg 4bf core 812 rev 23 class 0 irq 17
<12>[   24.908139] init: ttyS0 main process (2621) terminated with status 1
<12>[   24.908152] init: ttyS0 main process ended, respawning
<7>[   24.915324] ieee80211 phy0: Selected rate control algorithm 'minstrel_ht'
<12>[   24.916007] init: ttyS0 main process (2629) terminated with status 1
<12>[   24.916020] init: ttyS0 main process ended, respawning
<12>[   24.919565] init: ttyS0 main process (2637) terminated with status 1
<12>[   24.919580] init: ttyS0 main process ended, respawning
<12>[   24.923077] init: ttyS0 main process (2644) terminated with status 1
<12>[   24.923085] init: ttyS0 main process ended, respawning
<6>[   24.926959] cfg80211: World regulatory domain updated:
<6>[   24.926963] cfg80211:  DFS Master region: unset
<6>[   24.926965] cfg80211:   (start_freq - end_freq @ bandwidth), (max_antenna_gain, max_eirp), (dfs_cac_time)
<6>[   24.926968] cfg80211:   (2402000 KHz - 2472000 KHz @ 40000 KHz), (300 mBi, 2000 mBm), (N/A)
<6>[   24.926970] cfg80211:   (2457000 KHz - 2482000 KHz @ 40000 KHz), (300 mBi, 2000 mBm), (N/A)
<6>[   24.926971] cfg80211:   (2474000 KHz - 2494000 KHz @ 20000 KHz), (300 mBi, 2000 mBm), (N/A)
<6>[   24.926973] cfg80211:   (5170000 KHz - 5250000 KHz @ 40000 KHz), (300 mBi, 2000 mBm), (N/A)
<6>[   24.926975] cfg80211:   (5735000 KHz - 5835000 KHz @ 40000 KHz), (300 mBi, 2000 mBm), (N/A)
<12>[   24.927830] init: ttyS0 main process (2646) terminated with status 1
<12>[   24.927838] init: ttyS0 respawning too fast, stopped
<5>[  122.019011] efi_runtime: module verification failed: signature and/or required key missing - tainting kernel
<6>[  122.019193] EFI_RUNTIME Driver v0.1
<6>[  122.061898] EFI_RUNTIME Driver Exit.
<6>[  122.159810] EFI_RUNTIME Driver v0.1
<6>[  123.339274] EFI_RUNTIME Driver Exit.
<6>[  123.352886] EFI_RUNTIME Driver v0.1
<6>[  124.222559] EFI_RUNTIME Driver Exit.
<6>[  124.238075] EFI_RUNTIME Driver v0.1
<3>[  124.238617] efitime: can't read time
<3>[  124.238736] efitime: can't read time
<6>[  127.290558] EFI_RUNTIME Driver Exit.
