<6>[    0.000000] Initializing cgroup subsys cpuset
<6>[    0.000000] Initializing cgroup subsys cpu
<6>[    0.000000] Initializing cgroup subsys cpuacct
<5>[    0.000000] Linux version 4.2.0-18-generic (buildd@lgw01-55) (gcc version 4.8.2 (Ubuntu 4.8.2-19ubuntu1) ) #22~14.04.1-Ubuntu SMP Fri Nov 6 22:20:11 UTC 2015 (Ubuntu 4.2.0-18.22~14.04.1-generic 4.2.3)
<6>[    0.000000] Command line: initrd=/casper/initrd.lz boot=casper config ip=frommedia persistent noprompt splash quiet FWTS_AUTO_SHUTDOWN=1 username=ubuntu hostname=fwts-live  quiet BOOT_IMAGE=/casper/vmlinuz 
<6>[    0.000000] KERNEL supported cpus:
<6>[    0.000000]   Intel GenuineIntel
<6>[    0.000000]   AMD AuthenticAMD
<6>[    0.000000]   Centaur CentaurHauls
<6>[    0.000000] x86/fpu: Legacy x87 FPU detected.
<6>[    0.000000] x86/fpu: Using 'lazy' FPU context switches.
<6>[    0.000000] e820: BIOS-provided physical RAM map:
<6>[    0.000000] BIOS-e820: [mem 0x0000000000000000-0x000000000009cfff] usable
<6>[    0.000000] BIOS-e820: [mem 0x000000000009d000-0x000000000009ffff] reserved
<6>[    0.000000] BIOS-e820: [mem 0x00000000000e0000-0x00000000000fffff] reserved
<6>[    0.000000] BIOS-e820: [mem 0x0000000000100000-0x00000000bb63efff] usable
<6>[    0.000000] BIOS-e820: [mem 0x00000000bb63f000-0x00000000bb6befff] reserved
<6>[    0.000000] BIOS-e820: [mem 0x00000000bb6bf000-0x00000000bb7befff] ACPI NVS
<6>[    0.000000] BIOS-e820: [mem 0x00000000bb7bf000-0x00000000bb7fefff] ACPI data
<6>[    0.000000] BIOS-e820: [mem 0x00000000bb7ff000-0x00000000bb7fffff] usable
<6>[    0.000000] BIOS-e820: [mem 0x00000000bb800000-0x00000000bfffffff] reserved
<6>[    0.000000] BIOS-e820: [mem 0x00000000e0000000-0x00000000efffffff] reserved
<6>[    0.000000] BIOS-e820: [mem 0x00000000feb00000-0x00000000feb03fff] reserved
<6>[    0.000000] BIOS-e820: [mem 0x00000000fec00000-0x00000000fec00fff] reserved
<6>[    0.000000] BIOS-e820: [mem 0x00000000fed10000-0x00000000fed13fff] reserved
<6>[    0.000000] BIOS-e820: [mem 0x00000000fed18000-0x00000000fed19fff] reserved
<6>[    0.000000] BIOS-e820: [mem 0x00000000fed1b000-0x00000000fed1ffff] reserved
<6>[    0.000000] BIOS-e820: [mem 0x00000000fee00000-0x00000000fee00fff] reserved
<6>[    0.000000] BIOS-e820: [mem 0x00000000ffe80000-0x00000000ffffffff] reserved
<6>[    0.000000] BIOS-e820: [mem 0x0000000100000000-0x000000017bffffff] usable
<6>[    0.000000] BIOS-e820: [mem 0x000000017c000000-0x000000017fffffff] reserved
<6>[    0.000000] BIOS-e820: [mem 0x0000000180000000-0x00000001bbffffff] usable
<6>[    0.000000] NX (Execute Disable) protection: active
<6>[    0.000000] SMBIOS 2.6 present.
<7>[    0.000000] DMI: TOSHIBA Satellite L655/Base Board Product Name, BIOS 1.60 08/09/2010
<7>[    0.000000] e820: update [mem 0x00000000-0x00000fff] usable ==> reserved
<7>[    0.000000] e820: remove [mem 0x000a0000-0x000fffff] usable
<6>[    0.000000] e820: last_pfn = 0x1bc000 max_arch_pfn = 0x400000000
<7>[    0.000000] MTRR default type: uncachable
<7>[    0.000000] MTRR fixed ranges enabled:
<7>[    0.000000]   00000-9FFFF write-back
<7>[    0.000000]   A0000-BFFFF uncachable
<7>[    0.000000]   C0000-EFFFF write-through
<7>[    0.000000]   F0000-FFFFF write-combining
<7>[    0.000000] MTRR variable ranges enabled:
<7>[    0.000000]   0 base 000000000 mask F80000000 write-back
<7>[    0.000000]   1 base 0FFE80000 mask FFFF80000 write-protect
<7>[    0.000000]   2 base 0FFF00000 mask FFFF00000 write-protect
<7>[    0.000000]   3 base 080000000 mask FC0000000 write-back
<7>[    0.000000]   4 base 0BC000000 mask FFC000000 uncachable
<7>[    0.000000]   5 base 0BB800000 mask FFF800000 uncachable
<7>[    0.000000]   6 base 100000000 mask F00000000 write-back
<7>[    0.000000]   7 base 1BC000000 mask FFC000000 uncachable
<6>[    0.000000] x86/PAT: Configuration [0-7]: WB  WC  UC- UC  WB  WC  UC- WT  
<6>[    0.000000] e820: last_pfn = 0xbb800 max_arch_pfn = 0x400000000
<6>[    0.000000] Scanning 1 areas for low memory corruption
<7>[    0.000000] Base memory trampoline at [ffff880000097000] 97000 size 24576
<6>[    0.000000] init_memory_mapping: [mem 0x00000000-0x000fffff]
<7>[    0.000000]  [mem 0x00000000-0x000fffff] page 4k
<7>[    0.000000] BRK [0x01ff2000, 0x01ff2fff] PGTABLE
<7>[    0.000000] BRK [0x01ff3000, 0x01ff3fff] PGTABLE
<7>[    0.000000] BRK [0x01ff4000, 0x01ff4fff] PGTABLE
<6>[    0.000000] init_memory_mapping: [mem 0x1bbe00000-0x1bbffffff]
<7>[    0.000000]  [mem 0x1bbe00000-0x1bbffffff] page 2M
<7>[    0.000000] BRK [0x01ff5000, 0x01ff5fff] PGTABLE
<6>[    0.000000] init_memory_mapping: [mem 0x1a0000000-0x1bbdfffff]
<7>[    0.000000]  [mem 0x1a0000000-0x1bbdfffff] page 2M
<6>[    0.000000] init_memory_mapping: [mem 0x180000000-0x19fffffff]
<7>[    0.000000]  [mem 0x180000000-0x19fffffff] page 2M
<6>[    0.000000] init_memory_mapping: [mem 0x00100000-0xbb63efff]
<7>[    0.000000]  [mem 0x00100000-0x001fffff] page 4k
<7>[    0.000000]  [mem 0x00200000-0xbb5fffff] page 2M
<7>[    0.000000]  [mem 0xbb600000-0xbb63efff] page 4k
<6>[    0.000000] init_memory_mapping: [mem 0xbb7ff000-0xbb7fffff]
<7>[    0.000000]  [mem 0xbb7ff000-0xbb7fffff] page 4k
<6>[    0.000000] init_memory_mapping: [mem 0x100000000-0x17bffffff]
<7>[    0.000000]  [mem 0x100000000-0x17bffffff] page 2M
<7>[    0.000000] BRK [0x01ff6000, 0x01ff6fff] PGTABLE
<7>[    0.000000] BRK [0x01ff7000, 0x01ff7fff] PGTABLE
<6>[    0.000000] RAMDISK: [mem 0x7f2bd000-0x7fffefff]
<6>[    0.000000] ACPI: Early table checksum verification disabled
<4>[    0.000000] ACPI: RSDP 0x00000000000FE020 000024 (v02 TOSQCI)
<4>[    0.000000] ACPI: XSDT 0x00000000BB7FE120 000074 (v01 TOSQCI TOSQCI00 00000001      01000013)
<4>[    0.000000] ACPI: FACP 0x00000000BB7FC000 0000F4 (v04 TOSQCI TOSQCI00 00000001 MSFT 01000013)
<4>[    0.000000] ACPI: DSDT 0x00000000BB7ED000 00BFF8 (v02 TOSQCI TOSQCI00 00000001 MSFT 01000013)
<4>[    0.000000] ACPI: FACS 0x00000000BB76E000 000040
<4>[    0.000000] ACPI: FACS 0x00000000BB76E000 000040
<4>[    0.000000] ACPI: ASF! 0x00000000BB7FD000 0000A5 (v32 TOSQCI TOSQCI00 00000001 MSFT 01000013)
<4>[    0.000000] ACPI: HPET 0x00000000BB7FB000 000038 (v01 TOSQCI TOSQCI00 00000001 MSFT 01000013)
<4>[    0.000000] ACPI: APIC 0x00000000BB7FA000 00008C (v02 TOSQCI TOSQCI00 00000001 MSFT 01000013)
<4>[    0.000000] ACPI: MCFG 0x00000000BB7F9000 00003C (v01 TOSQCI TOSQCI00 00000001 MSFT 01000013)
<4>[    0.000000] ACPI: SLIC 0x00000000BB7EC000 000176 (v01 TOSQCI TOSQCI00 00000001 MSFT 01000013)
<4>[    0.000000] ACPI: BOOT 0x00000000BB7E8000 000028 (v01 TOSQCI TOSQCI00 00000001 MSFT 01000013)
<4>[    0.000000] ACPI: ASPT 0x00000000BB7E5000 000034 (v04 INTEL  Calpella 00000001 MSFT 01000013)
<4>[    0.000000] ACPI: WDAT 0x00000000BB7E4000 000224 (v01 INTEL  Calpella 00000001 MSFT 01000013)
<4>[    0.000000] ACPI: SSDT 0x00000000BB7E3000 0009F1 (v01 PmRef  CpuPm    00003000 INTL 20051117)
<7>[    0.000000] ACPI: Local APIC address 0xfee00000
<6>[    0.000000] No NUMA configuration found
<6>[    0.000000] Faking a node at [mem 0x0000000000000000-0x00000001bbffffff]
<6>[    0.000000] NODE_DATA(0) allocated [mem 0x1bbff8000-0x1bbffcfff]
<7>[    0.000000]  [ffffea0000000000-ffffea0006ffffff] PMD -> [ffff8801b5600000-ffff8801bb5fffff] on node 0
<6>[    0.000000] Zone ranges:
<6>[    0.000000]   DMA      [mem 0x0000000000001000-0x0000000000ffffff]
<6>[    0.000000]   DMA32    [mem 0x0000000001000000-0x00000000ffffffff]
<6>[    0.000000]   Normal   [mem 0x0000000100000000-0x00000001bbffffff]
<6>[    0.000000] Movable zone start for each node
<6>[    0.000000] Early memory node ranges
<6>[    0.000000]   node   0: [mem 0x0000000000001000-0x000000000009cfff]
<6>[    0.000000]   node   0: [mem 0x0000000000100000-0x00000000bb63efff]
<6>[    0.000000]   node   0: [mem 0x00000000bb7ff000-0x00000000bb7fffff]
<6>[    0.000000]   node   0: [mem 0x0000000100000000-0x000000017bffffff]
<6>[    0.000000]   node   0: [mem 0x0000000180000000-0x00000001bbffffff]
<6>[    0.000000] Initmem setup node 0 [mem 0x0000000000001000-0x00000001bbffffff]
<7>[    0.000000] On node 0 totalpages: 1521116
<7>[    0.000000]   DMA zone: 64 pages used for memmap
<7>[    0.000000]   DMA zone: 21 pages reserved
<7>[    0.000000]   DMA zone: 3996 pages, LIFO batch:0
<7>[    0.000000]   DMA32 zone: 11929 pages used for memmap
<7>[    0.000000]   DMA32 zone: 763456 pages, LIFO batch:31
<7>[    0.000000]   Normal zone: 12032 pages used for memmap
<7>[    0.000000]   Normal zone: 753664 pages, LIFO batch:31
<6>[    0.000000] Reserving Intel graphics stolen memory at 0xbe000000-0xbfffffff
<6>[    0.000000] ACPI: PM-Timer IO Port: 0x408
<7>[    0.000000] ACPI: Local APIC address 0xfee00000
<6>[    0.000000] IOAPIC[0]: apic_id 2, version 32, address 0xfec00000, GSI 0-23
<6>[    0.000000] ACPI: INT_SRC_OVR (bus 0 bus_irq 0 global_irq 2 dfl dfl)
<6>[    0.000000] ACPI: INT_SRC_OVR (bus 0 bus_irq 9 global_irq 9 high level)
<7>[    0.000000] ACPI: IRQ0 used by override.
<7>[    0.000000] ACPI: IRQ9 used by override.
<6>[    0.000000] Using ACPI (MADT) for SMP configuration information
<6>[    0.000000] ACPI: HPET id: 0x8086a201 base: 0xfed00000
<6>[    0.000000] smpboot: Allowing 8 CPUs, 6 hotplug CPUs
<6>[    0.000000] PM: Registered nosave memory: [mem 0x00000000-0x00000fff]
<6>[    0.000000] PM: Registered nosave memory: [mem 0x0009d000-0x0009ffff]
<6>[    0.000000] PM: Registered nosave memory: [mem 0x000a0000-0x000dffff]
<6>[    0.000000] PM: Registered nosave memory: [mem 0x000e0000-0x000fffff]
<6>[    0.000000] PM: Registered nosave memory: [mem 0xbb63f000-0xbb6befff]
<6>[    0.000000] PM: Registered nosave memory: [mem 0xbb6bf000-0xbb7befff]
<6>[    0.000000] PM: Registered nosave memory: [mem 0xbb7bf000-0xbb7fefff]
<6>[    0.000000] PM: Registered nosave memory: [mem 0xbb800000-0xbfffffff]
<6>[    0.000000] PM: Registered nosave memory: [mem 0xc0000000-0xdfffffff]
<6>[    0.000000] PM: Registered nosave memory: [mem 0xe0000000-0xefffffff]
<6>[    0.000000] PM: Registered nosave memory: [mem 0xf0000000-0xfeafffff]
<6>[    0.000000] PM: Registered nosave memory: [mem 0xfeb00000-0xfeb03fff]
<6>[    0.000000] PM: Registered nosave memory: [mem 0xfeb04000-0xfebfffff]
<6>[    0.000000] PM: Registered nosave memory: [mem 0xfec00000-0xfec00fff]
<6>[    0.000000] PM: Registered nosave memory: [mem 0xfec01000-0xfed0ffff]
<6>[    0.000000] PM: Registered nosave memory: [mem 0xfed10000-0xfed13fff]
<6>[    0.000000] PM: Registered nosave memory: [mem 0xfed14000-0xfed17fff]
<6>[    0.000000] PM: Registered nosave memory: [mem 0xfed18000-0xfed19fff]
<6>[    0.000000] PM: Registered nosave memory: [mem 0xfed1a000-0xfed1afff]
<6>[    0.000000] PM: Registered nosave memory: [mem 0xfed1b000-0xfed1ffff]
<6>[    0.000000] PM: Registered nosave memory: [mem 0xfed20000-0xfedfffff]
<6>[    0.000000] PM: Registered nosave memory: [mem 0xfee00000-0xfee00fff]
<6>[    0.000000] PM: Registered nosave memory: [mem 0xfee01000-0xffe7ffff]
<6>[    0.000000] PM: Registered nosave memory: [mem 0xffe80000-0xffffffff]
<6>[    0.000000] PM: Registered nosave memory: [mem 0x17c000000-0x17fffffff]
<6>[    0.000000] e820: [mem 0xc0000000-0xdfffffff] available for PCI devices
<6>[    0.000000] Booting paravirtualized kernel on bare hardware
<6>[    0.000000] clocksource: refined-jiffies: mask: 0xffffffff max_cycles: 0xffffffff, max_idle_ns: 7645519600211568 ns
<6>[    0.000000] setup_percpu: NR_CPUS:256 nr_cpumask_bits:256 nr_cpu_ids:8 nr_node_ids:1
<6>[    0.000000] PERCPU: Embedded 33 pages/cpu @ffff8801bbc00000 s96728 r8192 d30248 u262144
<7>[    0.000000] pcpu-alloc: s96728 r8192 d30248 u262144 alloc=1*2097152
<7>[    0.000000] pcpu-alloc: [0] 0 1 2 3 4 5 6 7 
<6>[    0.000000] Built 1 zonelists in Node order, mobility grouping on.  Total pages: 1497070
<6>[    0.000000] Policy zone: Normal
<5>[    0.000000] Kernel command line: initrd=/casper/initrd.lz boot=casper config ip=frommedia persistent noprompt splash quiet FWTS_AUTO_SHUTDOWN=1 username=ubuntu hostname=fwts-live  quiet BOOT_IMAGE=/casper/vmlinuz 
<6>[    0.000000] PID hash table entries: 4096 (order: 3, 32768 bytes)
<7>[    0.000000] Calgary: detecting Calgary via BIOS EBDA area
<7>[    0.000000] Calgary: Unable to locate Rio Grande table in EBDA - bailing!
<6>[    0.000000] Memory: 5888756K/6084464K available (7932K kernel code, 1242K rwdata, 3812K rodata, 1464K init, 1292K bss, 195708K reserved, 0K cma-reserved)
<6>[    0.000000] SLUB: HWalign=64, Order=0-3, MinObjects=0, CPUs=8, Nodes=1
<6>[    0.000000] Hierarchical RCU implementation.
<6>[    0.000000] 	Build-time adjustment of leaf fanout to 64.
<6>[    0.000000] 	RCU restricting CPUs from NR_CPUS=256 to nr_cpu_ids=8.
<6>[    0.000000] RCU: Adjusting geometry for rcu_fanout_leaf=64, nr_cpu_ids=8
<6>[    0.000000] NR_IRQS:16640 nr_irqs:488 16
<6>[    0.000000] 	Offload RCU callbacks from all CPUs
<6>[    0.000000] 	Offload RCU callbacks from CPUs: 0-7.
<6>[    0.000000] Console: colour VGA+ 80x25
<6>[    0.000000] console [tty0] enabled
<6>[    0.000000] clocksource: hpet: mask: 0xffffffff max_cycles: 0xffffffff, max_idle_ns: 133484882848 ns
<7>[    0.000000] hpet clockevent registered
<6>[    0.000000] tsc: Fast TSC calibration using PIT
<6>[    0.000000] tsc: Detected 1994.980 MHz processor
<6>[    0.000043] Calibrating delay loop (skipped), value calculated using timer frequency.. 3989.96 BogoMIPS (lpj=7979920)
<6>[    0.000046] pid_max: default: 32768 minimum: 301
<6>[    0.000054] ACPI: Core revision 20150619
<5>[    0.000056] TOSHIBA Satellite detected - force copy of DSDT to local memory
<4>[    0.000119] ACPI: Forced DSDT copy: length 0x0BFF8 copied locally, original unmapped
<4>[    0.015445] ACPI: All ACPI Tables successfully acquired
<6>[    0.015471] Security Framework initialized
<6>[    0.015485] AppArmor: AppArmor initialized
<6>[    0.015486] Yama: becoming mindful.
<6>[    0.016198] Dentry cache hash table entries: 1048576 (order: 11, 8388608 bytes)
<6>[    0.018634] Inode-cache hash table entries: 524288 (order: 10, 4194304 bytes)
<6>[    0.019711] Mount-cache hash table entries: 16384 (order: 5, 131072 bytes)
<6>[    0.019726] Mountpoint-cache hash table entries: 16384 (order: 5, 131072 bytes)
<6>[    0.020091] Initializing cgroup subsys blkio
<6>[    0.020096] Initializing cgroup subsys memory
<6>[    0.020106] Initializing cgroup subsys devices
<6>[    0.020109] Initializing cgroup subsys freezer
<6>[    0.020112] Initializing cgroup subsys net_cls
<6>[    0.020115] Initializing cgroup subsys perf_event
<6>[    0.020120] Initializing cgroup subsys net_prio
<6>[    0.020123] Initializing cgroup subsys hugetlb
<6>[    0.020148] CPU: Physical Processor ID: 0
<6>[    0.020150] CPU: Processor Core ID: 0
<6>[    0.020156] mce: CPU supports 9 MCE banks
<7>[    0.020166] CPU0: Thermal monitoring handled by SMI
<6>[    0.020175] process: using mwait in idle threads
<6>[    0.020179] Last level iTLB entries: 4KB 512, 2MB 7, 4MB 7
<6>[    0.020181] Last level dTLB entries: 4KB 512, 2MB 32, 4MB 32, 1GB 0
<6>[    0.020372] Freeing SMP alternatives memory: 28K (ffffffff81ea6000 - ffffffff81ead000)
<6>[    0.046181] ftrace: allocating 30954 entries in 121 pages
<6>[    0.066537] ..TIMER: vector=0x30 apic1=0 pin1=2 apic2=-1 pin2=-1
<6>[    0.211659] smpboot: CPU0: Intel(R) Pentium(R) CPU        P6100  @ 2.00GHz (fam: 06, model: 25, stepping: 05)
<6>[    0.211695] Performance Events: PEBS fmt1+, 16-deep LBR, Westmere events, Intel PMU driver.
<4>[    0.211718] perf_event_intel: CPUID marked event: 'bus cycles' unavailable
<6>[    0.211721] ... version:                3
<6>[    0.211722] ... bit width:              48
<6>[    0.211723] ... generic registers:      4
<6>[    0.211724] ... value mask:             0000ffffffffffff
<6>[    0.211726] ... max period:             000000007fffffff
<6>[    0.211727] ... fixed-purpose events:   3
<6>[    0.211728] ... event mask:             000000070000000f
<6>[    0.212835] x86: Booting SMP configuration:
<6>[    0.212838] .... node  #0, CPUs:      #1
<7>[    0.213979] CPU1: Thermal monitoring handled by SMI
<6>[    0.216120] x86: Booted up 1 node, 2 CPUs
<6>[    0.216124] smpboot: Total of 2 processors activated (7979.92 BogoMIPS)
<6>[    0.216302] NMI watchdog: enabled on all CPUs, permanently consumes one hw-PMU counter.
<6>[    0.217665] devtmpfs: initialized
<6>[    0.222604] evm: security.selinux
<6>[    0.222606] evm: security.SMACK64
<6>[    0.222607] evm: security.SMACK64EXEC
<6>[    0.222608] evm: security.SMACK64TRANSMUTE
<6>[    0.222609] evm: security.SMACK64MMAP
<6>[    0.222611] evm: security.ima
<6>[    0.222612] evm: security.capability
<6>[    0.222732] PM: Registering ACPI NVS region [mem 0xbb6bf000-0xbb7befff] (1048576 bytes)
<6>[    0.222840] clocksource: jiffies: mask: 0xffffffff max_cycles: 0xffffffff, max_idle_ns: 7645041785100000 ns
<6>[    0.222934] pinctrl core: initialized pinctrl subsystem
<6>[    0.223086] RTC time: 21:18:36, date: 02/18/16
<6>[    0.223224] NET: Registered protocol family 16
<6>[    0.227674] cpuidle: using governor ladder
<6>[    0.232081] cpuidle: using governor menu
<6>[    0.232205] Simple Boot Flag at 0x44 set to 0x1
<6>[    0.232255] ACPI FADT declares the system doesn't support PCIe ASPM, so disable it
<6>[    0.232257] ACPI: bus type PCI registered
<6>[    0.232259] acpiphp: ACPI Hot Plug PCI Controller Driver version: 0.5
<6>[    0.232356] PCI: MMCONFIG for domain 0000 [bus 00-ff] at [mem 0xe0000000-0xefffffff] (base 0xe0000000)
<6>[    0.232359] PCI: MMCONFIG at [mem 0xe0000000-0xefffffff] reserved in E820
<6>[    0.232374] PCI: Using configuration type 1 for base access
<6>[    0.236123] ACPI: Added _OSI(Module Device)
<6>[    0.236125] ACPI: Added _OSI(Processor Device)
<6>[    0.236127] ACPI: Added _OSI(3.0 _SCP Extensions)
<6>[    0.236129] ACPI: Added _OSI(Processor Aggregator Device)
<4>[    0.239992] ACPI: Executed 1 blocks of module-level executable AML code
<5>[    0.243191] [Firmware Bug]: ACPI: BIOS _OSI(Linux) query ignored
<4>[    0.243732] ACPI: Dynamic OEM Table Load:
<4>[    0.243740] ACPI: SSDT 0xFFFF8801B5097400 00037E (v01 PmRef  Cpu0Ist  00003000 INTL 20051117)
<4>[    0.244429] ACPI: Dynamic OEM Table Load:
<4>[    0.244437] ACPI: SSDT 0xFFFF8801B3D18000 000891 (v01 PmRef  Cpu0Cst  00003001 INTL 20051117)
<4>[    0.245475] ACPI: Dynamic OEM Table Load:
<4>[    0.245482] ACPI: SSDT 0xFFFF8801B5097C00 000303 (v01 PmRef  ApIst    00003000 INTL 20051117)
<4>[    0.246152] ACPI: Dynamic OEM Table Load:
<4>[    0.246158] ACPI: SSDT 0xFFFF8801B3CD9600 000119 (v01 PmRef  ApCst    00003000 INTL 20051117)
<6>[    0.246857] ACPI : EC: EC started
<6>[    0.247111] ACPI: Interpreter enabled
<4>[    0.247122] ACPI Exception: AE_NOT_FOUND, While evaluating Sleep State [\_S1_] (20150619/hwxface-580)
<4>[    0.247130] ACPI Exception: AE_NOT_FOUND, While evaluating Sleep State [\_S2_] (20150619/hwxface-580)
<6>[    0.247156] ACPI: (supports S0 S3 S4 S5)
<6>[    0.247158] ACPI: Using IOAPIC for interrupt routing
<6>[    0.247196] PCI: Using host bridge windows from ACPI; if necessary, use "pci=nocrs" and report a bug
<6>[    0.251824] acpi ABCDEFGH:00: ACPI dock station (docks/bays count: 1)
<6>[    0.253925] ACPI: PCI Root Bridge [PCI0] (domain 0000 [bus 00-fe])
<6>[    0.253932] acpi PNP0A08:00: _OSC: OS supports [ExtendedConfig ASPM ClockPM Segments MSI]
<7>[    0.253971] \_SB_.PCI0:_OSC invalid UUID
<7>[    0.253972] _OSC request data:1 1f 0 
<6>[    0.253976] acpi PNP0A08:00: _OSC failed (AE_ERROR); disabling ASPM
<6>[    0.254583] PCI host bridge to bus 0000:00
<6>[    0.254587] pci_bus 0000:00: root bus resource [bus 00-fe]
<6>[    0.254590] pci_bus 0000:00: root bus resource [io  0x0000-0x0cf7 window]
<6>[    0.254592] pci_bus 0000:00: root bus resource [io  0x0d00-0xffff window]
<6>[    0.254594] pci_bus 0000:00: root bus resource [mem 0x000a0000-0x000bffff window]
<6>[    0.254597] pci_bus 0000:00: root bus resource [mem 0xc0000000-0xfeafffff window]
<7>[    0.254606] pci 0000:00:00.0: [8086:0044] type 00 class 0x060000
<6>[    0.254633] DMAR: BIOS has allocated no shadow GTT; disabling IOMMU for graphics
<7>[    0.254722] pci 0000:00:02.0: [8086:0046] type 00 class 0x030000
<7>[    0.254738] pci 0000:00:02.0: reg 0x10: [mem 0xd0000000-0xd03fffff 64bit]
<7>[    0.254746] pci 0000:00:02.0: reg 0x18: [mem 0xc0000000-0xcfffffff 64bit pref]
<7>[    0.254751] pci 0000:00:02.0: reg 0x20: [io  0x5050-0x5057]
<7>[    0.254885] pci 0000:00:16.0: [8086:3b64] type 00 class 0x078000
<7>[    0.254928] pci 0000:00:16.0: reg 0x10: [mem 0xd6406100-0xd640610f 64bit]
<7>[    0.255007] pci 0000:00:16.0: PME# supported from D0 D3hot D3cold
<7>[    0.255118] pci 0000:00:1a.0: [8086:3b3c] type 00 class 0x0c0320
<7>[    0.255517] pci 0000:00:1a.0: reg 0x10: [mem 0xd6405c00-0xd6405fff]
<7>[    0.257712] pci 0000:00:1a.0: PME# supported from D0 D3hot D3cold
<6>[    0.257787] pci 0000:00:1a.0: System wakeup disabled by ACPI
<7>[    0.257845] pci 0000:00:1b.0: [8086:3b56] type 00 class 0x040300
<7>[    0.257886] pci 0000:00:1b.0: reg 0x10: [mem 0xd6400000-0xd6403fff 64bit]
<7>[    0.257973] pci 0000:00:1b.0: PME# supported from D0 D3hot D3cold
<6>[    0.258034] pci 0000:00:1b.0: System wakeup disabled by ACPI
<7>[    0.258085] pci 0000:00:1c.0: [8086:3b42] type 01 class 0x060400
<7>[    0.258180] pci 0000:00:1c.0: PME# supported from D0 D3hot D3cold
<6>[    0.258239] pci 0000:00:1c.0: System wakeup disabled by ACPI
<7>[    0.258292] pci 0000:00:1c.4: [8086:3b4a] type 01 class 0x060400
<7>[    0.258386] pci 0000:00:1c.4: PME# supported from D0 D3hot D3cold
<6>[    0.258445] pci 0000:00:1c.4: System wakeup disabled by ACPI
<7>[    0.258495] pci 0000:00:1c.5: [8086:3b4c] type 01 class 0x060400
<7>[    0.258590] pci 0000:00:1c.5: PME# supported from D0 D3hot D3cold
<6>[    0.258651] pci 0000:00:1c.5: System wakeup disabled by ACPI
<7>[    0.258704] pci 0000:00:1d.0: [8086:3b34] type 00 class 0x0c0320
<7>[    0.259096] pci 0000:00:1d.0: reg 0x10: [mem 0xd6405800-0xd6405bff]
<7>[    0.261293] pci 0000:00:1d.0: PME# supported from D0 D3hot D3cold
<6>[    0.261367] pci 0000:00:1d.0: System wakeup disabled by ACPI
<7>[    0.261416] pci 0000:00:1e.0: [8086:2448] type 01 class 0x060401
<6>[    0.261536] pci 0000:00:1e.0: System wakeup disabled by ACPI
<7>[    0.261584] pci 0000:00:1f.0: [8086:3b09] type 00 class 0x060100
<7>[    0.261781] pci 0000:00:1f.2: [8086:3b29] type 00 class 0x010601
<7>[    0.261818] pci 0000:00:1f.2: reg 0x10: [io  0x5048-0x504f]
<7>[    0.261830] pci 0000:00:1f.2: reg 0x14: [io  0x505c-0x505f]
<7>[    0.261841] pci 0000:00:1f.2: reg 0x18: [io  0x5040-0x5047]
<7>[    0.261853] pci 0000:00:1f.2: reg 0x1c: [io  0x5058-0x505b]
<7>[    0.261865] pci 0000:00:1f.2: reg 0x20: [io  0x5020-0x503f]
<7>[    0.261877] pci 0000:00:1f.2: reg 0x24: [mem 0xd6405000-0xd64057ff]
<7>[    0.261917] pci 0000:00:1f.2: PME# supported from D3hot
<7>[    0.262012] pci 0000:00:1f.3: [8086:3b30] type 00 class 0x0c0500
<7>[    0.262037] pci 0000:00:1f.3: reg 0x10: [mem 0xd6406000-0xd64060ff 64bit]
<7>[    0.262068] pci 0000:00:1f.3: reg 0x20: [io  0x5000-0x501f]
<7>[    0.262188] pci 0000:00:1f.6: [8086:3b32] type 00 class 0x118000
<7>[    0.262229] pci 0000:00:1f.6: reg 0x10: [mem 0xd6404000-0xd6404fff 64bit]
<6>[    0.262442] pci 0000:00:1c.0: PCI bridge to [bus 01]
<7>[    0.262448] pci 0000:00:1c.0:   bridge window [io  0x4000-0x4fff]
<7>[    0.262453] pci 0000:00:1c.0:   bridge window [mem 0xd5400000-0xd63fffff]
<7>[    0.262461] pci 0000:00:1c.0:   bridge window [mem 0xd0400000-0xd13fffff 64bit pref]
<7>[    0.262558] pci 0000:02:00.0: [10ec:8176] type 00 class 0x028000
<7>[    0.262614] pci 0000:02:00.0: reg 0x10: [io  0x3000-0x30ff]
<7>[    0.262658] pci 0000:02:00.0: reg 0x18: [mem 0xd4400000-0xd4403fff 64bit]
<7>[    0.262775] pci 0000:02:00.0: supports D1 D2
<7>[    0.262777] pci 0000:02:00.0: PME# supported from D0 D1 D2 D3hot D3cold
<6>[    0.262816] pci 0000:02:00.0: System wakeup disabled by ACPI
<6>[    0.267674] pci 0000:00:1c.4: PCI bridge to [bus 02]
<7>[    0.267683] pci 0000:00:1c.4:   bridge window [io  0x3000-0x3fff]
<7>[    0.267692] pci 0000:00:1c.4:   bridge window [mem 0xd4400000-0xd53fffff]
<7>[    0.267705] pci 0000:00:1c.4:   bridge window [mem 0xd1400000-0xd23fffff 64bit pref]
<7>[    0.267807] pci 0000:03:00.0: [1969:2060] type 00 class 0x020000
<7>[    0.267863] pci 0000:03:00.0: reg 0x10: [mem 0xd3400000-0xd343ffff 64bit]
<7>[    0.267879] pci 0000:03:00.0: reg 0x18: [io  0x2000-0x207f]
<7>[    0.267982] pci 0000:03:00.0: PME# supported from D0 D1 D2 D3hot D3cold
<6>[    0.268016] pci 0000:03:00.0: System wakeup disabled by ACPI
<6>[    0.275655] pci 0000:00:1c.5: PCI bridge to [bus 03]
<7>[    0.275665] pci 0000:00:1c.5:   bridge window [io  0x2000-0x2fff]
<7>[    0.275673] pci 0000:00:1c.5:   bridge window [mem 0xd3400000-0xd43fffff]
<7>[    0.275687] pci 0000:00:1c.5:   bridge window [mem 0xd2400000-0xd33fffff 64bit pref]
<6>[    0.275790] pci 0000:00:1e.0: PCI bridge to [bus 04] (subtractive decode)
<7>[    0.275804] pci 0000:00:1e.0:   bridge window [io  0x0000-0x0cf7 window] (subtractive decode)
<7>[    0.275806] pci 0000:00:1e.0:   bridge window [io  0x0d00-0xffff window] (subtractive decode)
<7>[    0.275808] pci 0000:00:1e.0:   bridge window [mem 0x000a0000-0x000bffff window] (subtractive decode)
<7>[    0.275810] pci 0000:00:1e.0:   bridge window [mem 0xc0000000-0xfeafffff window] (subtractive decode)
<6>[    0.276413] ACPI: PCI Interrupt Link [LNKA] (IRQs 1 3 4 5 6 7 *10 12 14 15)
<6>[    0.276473] ACPI: PCI Interrupt Link [LNKB] (IRQs 1 3 4 5 6 7 *11 12 14 15)
<6>[    0.276530] ACPI: PCI Interrupt Link [LNKC] (IRQs 1 3 4 5 6 7 10 12 14 15) *0, disabled.
<6>[    0.276589] ACPI: PCI Interrupt Link [LNKD] (IRQs 1 3 4 5 6 7 11 12 14 15) *10
<6>[    0.276646] ACPI: PCI Interrupt Link [LNKE] (IRQs 1 3 4 5 6 7 10 12 14 15) *0, disabled.
<6>[    0.276704] ACPI: PCI Interrupt Link [LNKF] (IRQs 1 3 4 5 6 7 *11 12 14 15)
<6>[    0.276762] ACPI: PCI Interrupt Link [LNKG] (IRQs 1 3 4 5 6 7 *10 12 14 15)
<6>[    0.276820] ACPI: PCI Interrupt Link [LNKH] (IRQs 1 3 4 5 6 7 *11 12 14 15)
<6>[    0.276871] ACPI: PCI Root Bridge [CPBG] (domain 0000 [bus ff])
<6>[    0.276876] acpi PNP0A03:00: _OSC: OS supports [ExtendedConfig ASPM ClockPM Segments MSI]
<6>[    0.276881] acpi PNP0A03:00: _OSC failed (AE_NOT_FOUND); disabling ASPM
<6>[    0.276972] PCI host bridge to bus 0000:ff
<6>[    0.276975] pci_bus 0000:ff: root bus resource [bus ff]
<7>[    0.276981] pci 0000:ff:00.0: [8086:2c62] type 00 class 0x060000
<7>[    0.277039] pci 0000:ff:00.1: [8086:2d01] type 00 class 0x060000
<7>[    0.277100] pci 0000:ff:02.0: [8086:2d10] type 00 class 0x060000
<7>[    0.277153] pci 0000:ff:02.1: [8086:2d11] type 00 class 0x060000
<7>[    0.277206] pci 0000:ff:02.2: [8086:2d12] type 00 class 0x060000
<7>[    0.277258] pci 0000:ff:02.3: [8086:2d13] type 00 class 0x060000
<4>[    0.277635] ACPI: Enabled 5 GPEs in block 00 to 3F
<6>[    0.277681] ACPI : EC: GPE = 0x1e, I/O: command/status = 0x66, data = 0x62
<6>[    0.277822] vgaarb: setting as boot device: PCI:0000:00:02.0
<6>[    0.277825] vgaarb: device added: PCI:0000:00:02.0,decodes=io+mem,owns=io+mem,locks=none
<6>[    0.277829] vgaarb: loaded
<6>[    0.277831] vgaarb: bridge control possible 0000:00:02.0
<5>[    0.278110] SCSI subsystem initialized
<7>[    0.278173] libata version 3.00 loaded.
<6>[    0.278204] ACPI: bus type USB registered
<6>[    0.278224] usbcore: registered new interface driver usbfs
<6>[    0.278234] usbcore: registered new interface driver hub
<6>[    0.278253] usbcore: registered new device driver usb
<6>[    0.278421] PCI: Using ACPI for IRQ routing
<7>[    0.288465] PCI: pci_cache_line_size set to 64 bytes
<7>[    0.288529] e820: reserve RAM buffer [mem 0x0009d000-0x0009ffff]
<7>[    0.288531] e820: reserve RAM buffer [mem 0xbb63f000-0xbbffffff]
<7>[    0.288533] e820: reserve RAM buffer [mem 0xbb800000-0xbbffffff]
<6>[    0.288677] NetLabel: Initializing
<6>[    0.288679] NetLabel:  domain hash size = 128
<6>[    0.288680] NetLabel:  protocols = UNLABELED CIPSOv4
<6>[    0.288697] NetLabel:  unlabeled traffic allowed by default
<6>[    0.288836] hpet0: at MMIO 0xfed00000, IRQs 2, 8, 0, 0, 0, 0, 0, 0
<6>[    0.288842] hpet0: 8 comparators, 64-bit 14.318180 MHz counter
<6>[    0.290874] clocksource: Switched to clocksource hpet
<6>[    0.299105] AppArmor: AppArmor Filesystem Enabled
<6>[    0.299207] pnp: PnP ACPI init
<6>[    0.299447] system 00:00: [io  0x0680-0x069f] has been reserved
<6>[    0.299450] system 00:00: [io  0x0800-0x080f] has been reserved
<6>[    0.299453] system 00:00: [io  0x0810-0x0813] has been reserved
<6>[    0.299456] system 00:00: [io  0xffff] has been reserved
<6>[    0.299458] system 00:00: [io  0x0400-0x047f] could not be reserved
<6>[    0.299461] system 00:00: [io  0x0500-0x057f] has been reserved
<6>[    0.299463] system 00:00: [io  0x164e-0x164f] has been reserved
<7>[    0.299469] system 00:00: Plug and Play ACPI device, IDs PNP0c02 (active)
<7>[    0.299512] pnp 00:01: Plug and Play ACPI device, IDs PNP0b00 (active)
<7>[    0.299574] pnp 00:02: Plug and Play ACPI device, IDs PNP0303 (active)
<7>[    0.299613] pnp 00:03: Plug and Play ACPI device, IDs SYN103f PNP0f13 (active)
<6>[    0.299947] system 00:04: [mem 0xfed1c000-0xfed1ffff] has been reserved
<6>[    0.299950] system 00:04: [mem 0xfed10000-0xfed13fff] has been reserved
<6>[    0.299952] system 00:04: [mem 0xfed18000-0xfed18fff] has been reserved
<6>[    0.299954] system 00:04: [mem 0xfed19000-0xfed19fff] has been reserved
<6>[    0.299957] system 00:04: [mem 0xe0000000-0xefffffff] has been reserved
<6>[    0.299959] system 00:04: [mem 0xfed20000-0xfed3ffff] has been reserved
<6>[    0.299961] system 00:04: [mem 0xfed45000-0xfed8ffff] has been reserved
<6>[    0.299964] system 00:04: [mem 0xff000000-0xffffffff] could not be reserved
<6>[    0.299967] system 00:04: [mem 0xfee00000-0xfeefffff] could not be reserved
<6>[    0.299969] system 00:04: [mem 0xd6500000-0xd6500fff] has been reserved
<6>[    0.299971] system 00:04: [mem 0xff808000-0xff8080ff] has been reserved
<7>[    0.299975] system 00:04: Plug and Play ACPI device, IDs PNP0c02 (active)
<6>[    0.300193] pnp: PnP ACPI: found 5 devices
<6>[    0.307267] clocksource: acpi_pm: mask: 0xffffff max_cycles: 0xffffff, max_idle_ns: 2085701024 ns
<6>[    0.307319] pci 0000:00:1c.0: PCI bridge to [bus 01]
<6>[    0.307325] pci 0000:00:1c.0:   bridge window [io  0x4000-0x4fff]
<6>[    0.307332] pci 0000:00:1c.0:   bridge window [mem 0xd5400000-0xd63fffff]
<6>[    0.307337] pci 0000:00:1c.0:   bridge window [mem 0xd0400000-0xd13fffff 64bit pref]
<6>[    0.307346] pci 0000:00:1c.4: PCI bridge to [bus 02]
<6>[    0.307350] pci 0000:00:1c.4:   bridge window [io  0x3000-0x3fff]
<6>[    0.307357] pci 0000:00:1c.4:   bridge window [mem 0xd4400000-0xd53fffff]
<6>[    0.307362] pci 0000:00:1c.4:   bridge window [mem 0xd1400000-0xd23fffff 64bit pref]
<6>[    0.307370] pci 0000:00:1c.5: PCI bridge to [bus 03]
<6>[    0.307374] pci 0000:00:1c.5:   bridge window [io  0x2000-0x2fff]
<6>[    0.307380] pci 0000:00:1c.5:   bridge window [mem 0xd3400000-0xd43fffff]
<6>[    0.307386] pci 0000:00:1c.5:   bridge window [mem 0xd2400000-0xd33fffff 64bit pref]
<6>[    0.307394] pci 0000:00:1e.0: PCI bridge to [bus 04]
<7>[    0.307410] pci_bus 0000:00: resource 4 [io  0x0000-0x0cf7 window]
<7>[    0.307412] pci_bus 0000:00: resource 5 [io  0x0d00-0xffff window]
<7>[    0.307415] pci_bus 0000:00: resource 6 [mem 0x000a0000-0x000bffff window]
<7>[    0.307417] pci_bus 0000:00: resource 7 [mem 0xc0000000-0xfeafffff window]
<7>[    0.307419] pci_bus 0000:01: resource 0 [io  0x4000-0x4fff]
<7>[    0.307421] pci_bus 0000:01: resource 1 [mem 0xd5400000-0xd63fffff]
<7>[    0.307424] pci_bus 0000:01: resource 2 [mem 0xd0400000-0xd13fffff 64bit pref]
<7>[    0.307426] pci_bus 0000:02: resource 0 [io  0x3000-0x3fff]
<7>[    0.307428] pci_bus 0000:02: resource 1 [mem 0xd4400000-0xd53fffff]
<7>[    0.307430] pci_bus 0000:02: resource 2 [mem 0xd1400000-0xd23fffff 64bit pref]
<7>[    0.307432] pci_bus 0000:03: resource 0 [io  0x2000-0x2fff]
<7>[    0.307434] pci_bus 0000:03: resource 1 [mem 0xd3400000-0xd43fffff]
<7>[    0.307437] pci_bus 0000:03: resource 2 [mem 0xd2400000-0xd33fffff 64bit pref]
<7>[    0.307439] pci_bus 0000:04: resource 4 [io  0x0000-0x0cf7 window]
<7>[    0.307441] pci_bus 0000:04: resource 5 [io  0x0d00-0xffff window]
<7>[    0.307443] pci_bus 0000:04: resource 6 [mem 0x000a0000-0x000bffff window]
<7>[    0.307446] pci_bus 0000:04: resource 7 [mem 0xc0000000-0xfeafffff window]
<6>[    0.307486] NET: Registered protocol family 2
<6>[    0.307721] TCP established hash table entries: 65536 (order: 7, 524288 bytes)
<6>[    0.307978] TCP bind hash table entries: 65536 (order: 8, 1048576 bytes)
<6>[    0.308268] TCP: Hash tables configured (established 65536 bind 65536)
<6>[    0.308317] UDP hash table entries: 4096 (order: 5, 131072 bytes)
<6>[    0.308362] UDP-Lite hash table entries: 4096 (order: 5, 131072 bytes)
<6>[    0.308461] NET: Registered protocol family 1
<7>[    0.308484] pci 0000:00:02.0: Video device with shadowed ROM
<7>[    0.339039] PCI: CLS 64 bytes, default 64
<6>[    0.339135] Trying to unpack rootfs image as initramfs...
<6>[    4.028684] Freeing initrd memory: 13576K (ffff88007f2bd000 - ffff88007ffff000)
<6>[    4.028702] PCI-DMA: Using software bounce buffering for IO (SWIOTLB)
<6>[    4.028705] software IO TLB [mem 0xb763f000-0xbb63f000] (64MB) mapped at [ffff8800b763f000-ffff8800bb63efff]
<6>[    4.028955] microcode: CPU0 sig=0x20655, pf=0x10, revision=0x2
<6>[    4.028968] microcode: CPU1 sig=0x20655, pf=0x10, revision=0x2
<6>[    4.029050] microcode: Microcode Update Driver: v2.00 <tigran@aivazian.fsnet.co.uk>, Peter Oruba
<6>[    4.029152] Scanning for low memory corruption every 60 seconds
<6>[    4.029564] futex hash table entries: 2048 (order: 5, 131072 bytes)
<5>[    4.029617] Initialise system trusted keyring
<6>[    4.029646] audit: initializing netlink subsys (disabled)
<5>[    4.029670] audit: type=2000 audit(1455830318.896:1): initialized
<6>[    4.030081] HugeTLB registered 2 MB page size, pre-allocated 0 pages
<6>[    4.031955] zpool: loaded
<6>[    4.031958] zbud: loaded
<5>[    4.032192] VFS: Disk quotas dquot_6.6.0
<6>[    4.032240] VFS: Dquot-cache hash table entries: 512 (order 0, 4096 bytes)
<6>[    4.032896] fuse init (API version 7.23)
<5>[    4.033074] Key type big_key registered
<5>[    4.033460] Key type asymmetric registered
<5>[    4.033464] Asymmetric key parser 'x509' registered
<6>[    4.033484] Block layer SCSI generic (bsg) driver version 0.4 loaded (major 249)
<6>[    4.033531] io scheduler noop registered
<6>[    4.033534] io scheduler deadline registered (default)
<6>[    4.033575] io scheduler cfq registered
<6>[    4.034202] pci_hotplug: PCI Hot Plug PCI Core version: 0.5
<6>[    4.034211] pciehp: PCI Express Hot Plug Controller Driver version: 0.4
<7>[    4.034257] intel_idle: MWAIT substates: 0x120
<7>[    4.034259] intel_idle: v0.4 model 0x25
<7>[    4.034261] intel_idle: lapic_timer_reliable_states 0xffffffff
<6>[    4.034480] ACPI: AC Adapter [ACAD] (on-line)
<6>[    4.034554] input: Power Button as /devices/LNXSYSTM:00/LNXSYBUS:00/PNP0C0C:00/input/input0
<6>[    4.034559] ACPI: Power Button [PWRB]
<6>[    4.034606] input: Lid Switch as /devices/LNXSYSTM:00/LNXSYBUS:00/PNP0C0D:00/input/input1
<6>[    4.034643] ACPI: Lid Switch [LID]
<6>[    4.034688] input: Power Button as /devices/LNXSYSTM:00/LNXPWRBN:00/input/input2
<6>[    4.034691] ACPI: Power Button [PWRF]
<6>[    4.034898] GHES: HEST is not enabled!
<6>[    4.035284] Serial: 8250/16550 driver, 32 ports, IRQ sharing enabled
<6>[    4.037401] Linux agpgart interface v0.103
<6>[    4.037478] agpgart-intel 0000:00:00.0: Intel HD Graphics Chipset
<6>[    4.037499] agpgart-intel 0000:00:00.0: detected gtt size: 2097152K total, 262144K mappable
<6>[    4.038022] agpgart-intel 0000:00:00.0: detected 32768K stolen memory
<6>[    4.038238] agpgart-intel 0000:00:00.0: AGP aperture is 256M @ 0xc0000000
<6>[    4.041364] brd: module loaded
<6>[    4.042718] loop: module loaded
<6>[    4.042981] libphy: Fixed MDIO Bus: probed
<6>[    4.042985] tun: Universal TUN/TAP device driver, 1.6
<6>[    4.042987] tun: (C) 1999-2004 Max Krasnyansky <maxk@qualcomm.com>
<6>[    4.043075] PPP generic driver version 2.4.2
<6>[    4.043192] ehci_hcd: USB 2.0 'Enhanced' Host Controller (EHCI) Driver
<6>[    4.043197] ehci-pci: EHCI PCI platform driver
<6>[    4.043391] ehci-pci 0000:00:1a.0: EHCI Host Controller
<6>[    4.043400] ehci-pci 0000:00:1a.0: new USB bus registered, assigned bus number 1
<6>[    4.043416] ehci-pci 0000:00:1a.0: debug port 2
<7>[    4.047364] ehci-pci 0000:00:1a.0: cache line size of 64 is not supported
<6>[    4.047383] ehci-pci 0000:00:1a.0: irq 16, io mem 0xd6405c00
<6>[    4.056820] ehci-pci 0000:00:1a.0: USB 2.0 started, EHCI 1.00
<6>[    4.056915] usb usb1: New USB device found, idVendor=1d6b, idProduct=0002
<6>[    4.056923] usb usb1: New USB device strings: Mfr=3, Product=2, SerialNumber=1
<6>[    4.056925] usb usb1: Product: EHCI Host Controller
<6>[    4.056927] usb usb1: Manufacturer: Linux 4.2.0-18-generic ehci_hcd
<6>[    4.056929] usb usb1: SerialNumber: 0000:00:1a.0
<6>[    4.057186] hub 1-0:1.0: USB hub found
<6>[    4.057199] hub 1-0:1.0: 3 ports detected
<6>[    4.057470] ehci-pci 0000:00:1d.0: EHCI Host Controller
<6>[    4.057477] ehci-pci 0000:00:1d.0: new USB bus registered, assigned bus number 2
<6>[    4.057491] ehci-pci 0000:00:1d.0: debug port 2
<7>[    4.061471] ehci-pci 0000:00:1d.0: cache line size of 64 is not supported
<6>[    4.061484] ehci-pci 0000:00:1d.0: irq 23, io mem 0xd6405800
<6>[    4.072863] ehci-pci 0000:00:1d.0: USB 2.0 started, EHCI 1.00
<6>[    4.072977] usb usb2: New USB device found, idVendor=1d6b, idProduct=0002
<6>[    4.072982] usb usb2: New USB device strings: Mfr=3, Product=2, SerialNumber=1
<6>[    4.072987] usb usb2: Product: EHCI Host Controller
<6>[    4.072993] usb usb2: Manufacturer: Linux 4.2.0-18-generic ehci_hcd
<6>[    4.072995] usb usb2: SerialNumber: 0000:00:1d.0
<6>[    4.073226] hub 2-0:1.0: USB hub found
<6>[    4.073240] hub 2-0:1.0: 3 ports detected
<6>[    4.073375] ehci-platform: EHCI generic platform driver
<6>[    4.073388] ohci_hcd: USB 1.1 'Open' Host Controller (OHCI) Driver
<6>[    4.073393] ohci-pci: OHCI PCI platform driver
<6>[    4.073406] ohci-platform: OHCI generic platform driver
<6>[    4.073416] uhci_hcd: USB Universal Host Controller Interface driver
<6>[    4.073484] i8042: PNP: PS/2 Controller [PNP0303:PS2K,PNP0f13:PS2M] at 0x60,0x64 irq 1,12
<6>[    4.076214] i8042: Detected active multiplexing controller, rev 1.1
<6>[    4.077719] serio: i8042 KBD port at 0x60,0x64 irq 1
<6>[    4.077725] serio: i8042 AUX0 port at 0x60,0x64 irq 12
<6>[    4.077764] serio: i8042 AUX1 port at 0x60,0x64 irq 12
<6>[    4.077797] serio: i8042 AUX2 port at 0x60,0x64 irq 12
<6>[    4.077828] serio: i8042 AUX3 port at 0x60,0x64 irq 12
<6>[    4.078345] mousedev: PS/2 mouse device common for all mice
<6>[    4.079335] rtc_cmos 00:01: RTC can wake from S4
<6>[    4.079561] rtc_cmos 00:01: rtc core: registered rtc_cmos as rtc0
<6>[    4.079602] rtc_cmos 00:01: alarms up to one year, y3k, 242 bytes nvram, hpet irqs
<6>[    4.079627] i2c /dev entries driver
<6>[    4.079758] device-mapper: uevent: version 1.0.3
<6>[    4.079870] device-mapper: ioctl: 4.33.0-ioctl (2015-8-18) initialised: dm-devel@redhat.com
<6>[    4.079925] ledtrig-cpu: registered to indicate activity on CPUs
<4>[    4.080316] PCCT header not found.
<6>[    4.080589] NET: Registered protocol family 10
<6>[    4.080836] NET: Registered protocol family 17
<5>[    4.080851] Key type dns_resolver registered
<5>[    4.081419] Loading compiled-in X.509 certificates
<5>[    4.082653] Loaded X.509 cert 'Build time autogenerated kernel key: 714df7ce1739f2da38b31837ada06c6e4fb64084'
<6>[    4.082673] registered taskstats version 1
<6>[    4.082699] zswap: loading zswap
<6>[    4.082702] zswap: using zbud pool
<6>[    4.082707] zswap: using lzo compressor
<5>[    4.084821] Key type trusted registered
<5>[    4.088151] Key type encrypted registered
<6>[    4.088159] AppArmor: AppArmor sha1 policy hashing enabled
<6>[    4.088164] ima: No TPM chip found, activating TPM-bypass!
<6>[    4.088188] evm: HMAC attrs: 0x1
<6>[    4.088546]   Magic number: 4:826:348
<6>[    4.088692] rtc_cmos 00:01: setting system clock to 2016-02-18 21:18:39 UTC (1455830319)
<6>[    4.089298] BIOS EDD facility v0.16 2004-Jun-25, 0 devices found
<6>[    4.089300] EDD information not available.
<6>[    4.112787] input: AT Translated Set 2 keyboard as /devices/platform/i8042/serio0/input/input3
<6>[    4.368700] usb 1-1: new high-speed USB device number 2 using ehci-pci
<6>[    4.384685] usb 2-1: new high-speed USB device number 2 using ehci-pci
<6>[    4.424805] ACPI: Battery Slot [BAT1] (battery present)
<6>[    4.500982] usb 1-1: New USB device found, idVendor=8087, idProduct=0020
<6>[    4.500989] usb 1-1: New USB device strings: Mfr=0, Product=0, SerialNumber=0
<6>[    4.501436] hub 1-1:1.0: USB hub found
<6>[    4.501602] hub 1-1:1.0: 6 ports detected
<6>[    4.516975] usb 2-1: New USB device found, idVendor=8087, idProduct=0020
<6>[    4.516983] usb 2-1: New USB device strings: Mfr=0, Product=0, SerialNumber=0
<6>[    4.517419] hub 2-1:1.0: USB hub found
<6>[    4.517596] hub 2-1:1.0: 8 ports detected
<6>[    4.772459] usb 1-1.6: new high-speed USB device number 3 using ehci-pci
<6>[    4.788452] usb 2-1.1: new high-speed USB device number 3 using ehci-pci
<6>[    4.865399] usb 1-1.6: New USB device found, idVendor=0781, idProduct=5575
<6>[    4.865405] usb 1-1.6: New USB device strings: Mfr=1, Product=2, SerialNumber=3
<6>[    4.865410] usb 1-1.6: Product: Cruzer Glide
<6>[    4.865414] usb 1-1.6: Manufacturer: SanDisk
<6>[    4.865417] usb 1-1.6: SerialNumber: 4C530300821116101093
<6>[    4.909385] usb 2-1.1: New USB device found, idVendor=04f2, idProduct=b1d6
<6>[    4.909391] usb 2-1.1: New USB device strings: Mfr=2, Product=1, SerialNumber=0
<6>[    4.909396] usb 2-1.1: Product: CNF9055
<6>[    4.909400] usb 2-1.1: Manufacturer: Sonix Technology Co., Ltd.
<6>[    4.984354] usb 2-1.4: new high-speed USB device number 4 using ehci-pci
<6>[    5.028329] tsc: Refined TSC clocksource calibration: 1994.999 MHz
<6>[    5.028337] clocksource: tsc: mask: 0xffffffffffffffff max_cycles: 0x398374a7fb8, max_idle_ns: 881590820223 ns
<6>[    5.089543] usb 2-1.4: New USB device found, idVendor=0bda, idProduct=0158
<6>[    5.089549] usb 2-1.4: New USB device strings: Mfr=1, Product=2, SerialNumber=3
<6>[    5.089554] usb 2-1.4: Product: USB2.0-CRW
<6>[    5.089558] usb 2-1.4: Manufacturer: Generic
<6>[    5.089562] usb 2-1.4: SerialNumber: 20071114173400000
<6>[    6.027907] clocksource: Switched to clocksource tsc
<7>[   16.130183] PM: Hibernation image not present or could not be loaded.
<6>[   16.130711] Freeing unused kernel memory: 1464K (ffffffff81d38000 - ffffffff81ea6000)
<6>[   16.130714] Write protecting the kernel read-only data: 12288k
<6>[   16.131003] Freeing unused kernel memory: 248K (ffff8800017c2000 - ffff880001800000)
<6>[   16.131128] Freeing unused kernel memory: 284K (ffff880001bb9000 - ffff880001c00000)
<30>[   16.148929] systemd-udevd[108]: starting version 204
<6>[   16.551749] wmi: Mapper loaded
<6>[   16.557985] usb-storage 1-1.6:1.0: USB Mass Storage device detected
<6>[   16.561810] [drm] Initialized drm 1.1.0 20060810
<7>[   16.572771] ahci 0000:00:1f.2: version 3.0
<6>[   16.573064] ahci 0000:00:1f.2: AHCI 0001.0300 32 slots 4 ports 3 Gbps 0x33 impl SATA mode
<6>[   16.573068] ahci 0000:00:1f.2: flags: 64bit ncq sntf ilck pm led clo pio slum part ems sxs apst 
<6>[   16.588682] scsi host0: usb-storage 1-1.6:1.0
<6>[   16.588832] usbcore: registered new interface driver usb-storage
<6>[   16.592327] atl1c 0000:03:00.0: version 1.0.1.1-NAPI
<6>[   16.593049] usbcore: registered new interface driver uas
<6>[   16.595142] ums-realtek 2-1.4:1.0: USB Mass Storage device detected
<6>[   16.610317] scsi host2: ahci
<6>[   16.616420] scsi host3: ahci
<6>[   16.616519] scsi host1: usb-storage 2-1.4:1.0
<6>[   16.616613] usbcore: registered new interface driver ums-realtek
<6>[   16.621927] scsi host4: ahci
<6>[   16.627868] scsi host5: ahci
<6>[   16.630089] scsi host6: ahci
<6>[   16.630209] scsi host7: ahci
<6>[   16.630271] ata1: SATA max UDMA/133 abar m2048@0xd6405000 port 0xd6405100 irq 24
<6>[   16.630275] ata2: SATA max UDMA/133 abar m2048@0xd6405000 port 0xd6405180 irq 24
<6>[   16.630276] ata3: DUMMY
<6>[   16.630278] ata4: DUMMY
<6>[   16.630281] ata5: SATA max UDMA/133 abar m2048@0xd6405000 port 0xd6405300 irq 24
<6>[   16.630284] ata6: SATA max UDMA/133 abar m2048@0xd6405000 port 0xd6405380 irq 24
<6>[   16.631035] [drm] Memory usable by graphics device = 2048M
<6>[   16.631039] [drm] Replacing VGA console driver
<6>[   16.631747] Console: switching to colour dummy device 80x25
<6>[   16.640875] [drm] Supports vblank timestamp caching Rev 2 (21.10.2013).
<6>[   16.640878] [drm] Driver supports precise vblank timestamp query.
<6>[   16.640978] vgaarb: device changed decodes: PCI:0000:00:02.0,olddecodes=io+mem,decodes=io+mem:owns=io+mem
<6>[   16.660964] ACPI: Video Device [GFX0] (multi-head: yes  rom: no  post: no)
<6>[   16.661436] acpi device:01: registered as cooling_device2
<6>[   16.661639] input: Video Bus as /devices/LNXSYSTM:00/LNXSYBUS:00/PNP0A08:00/LNXVIDEO:00/input/input12
<6>[   16.662041] [drm] Initialized i915 1.6.0 20150522 for 0000:00:02.0 on minor 0
<6>[   16.671932] fbcon: inteldrmfb (fb0) is primary device
<6>[   16.856776] usb 2-1.4: USB disconnect, device number 4
<6>[   16.949752] ata2: SATA link up 1.5 Gbps (SStatus 113 SControl 300)
<6>[   16.949784] ata5: SATA link down (SStatus 0 SControl 300)
<6>[   16.949826] ata1: SATA link up 3.0 Gbps (SStatus 123 SControl 300)
<6>[   16.953759] ata6: SATA link down (SStatus 0 SControl 300)
<6>[   16.970725] ata2.00: ATAPI: TSSTcorp CDDVDW TS-L633C, TF20, max UDMA/100
<6>[   16.992647] ata2.00: configured for UDMA/100
<6>[   17.099000] ata1.00: ATA-8: TOSHIBA MK3265GSX, GJ003M, max UDMA/100
<6>[   17.099003] ata1.00: 625142448 sectors, multi 16: LBA48 NCQ (depth 31/32), AA
<6>[   17.099880] ata1.00: configured for UDMA/100
<5>[   17.100169] scsi 2:0:0:0: Direct-Access     ATA      TOSHIBA MK3265GS 3M   PQ: 0 ANSI: 5
<5>[   17.100567] sd 2:0:0:0: [sda] 625142448 512-byte logical blocks: (320 GB/298 GiB)
<5>[   17.100588] sd 2:0:0:0: Attached scsi generic sg0 type 0
<5>[   17.100646] sd 2:0:0:0: [sda] Write Protect is off
<7>[   17.100648] sd 2:0:0:0: [sda] Mode Sense: 00 3a 00 00
<5>[   17.100666] sd 2:0:0:0: [sda] Write cache: enabled, read cache: enabled, doesn't support DPO or FUA
<5>[   17.105833] scsi 3:0:0:0: CD-ROM            TSSTcorp CDDVDW TS-L633C  TF20 PQ: 0 ANSI: 5
<6>[   17.129831] sr 3:0:0:0: [sr0] scsi3-mmc drive: 24x/24x writer dvd-ram cd/rw xa/form2 cdda tray
<6>[   17.129834] cdrom: Uniform CD-ROM driver Revision: 3.20
<7>[   17.130036] sr 3:0:0:0: Attached scsi CD-ROM sr0
<5>[   17.130096] sr 3:0:0:0: Attached scsi generic sg1 type 5
<6>[   17.151091]  sda: sda1 sda2 sda3
<5>[   17.151640] sd 2:0:0:0: [sda] Attached SCSI disk
<6>[   17.345332] psmouse serio4: synaptics: queried max coordinates: x [..5692], y [..4680]
<6>[   17.366432] Console: switching to colour frame buffer device 170x48
<6>[   17.369946] i915 0000:00:02.0: fb0: inteldrmfb frame buffer device
<6>[   17.369948] i915 0000:00:02.0: registered panic notifier
<6>[   17.407434] psmouse serio4: synaptics: Touchpad model: 1, fw: 7.2, id: 0x1c0b1, caps: 0xd04733/0xa40000/0xa0000/0x0, board id: 0, fw id: 582762
<6>[   17.407447] psmouse serio4: synaptics: Toshiba Satellite L655 detected, limiting rate to 40pps.
<6>[   17.447300] input: SynPS/2 Synaptics TouchPad as /devices/platform/i8042/serio4/input/input11
<5>[   17.586148] scsi 0:0:0:0: Direct-Access     SanDisk  Cruzer Glide     1.26 PQ: 0 ANSI: 6
<5>[   17.586483] sd 0:0:0:0: Attached scsi generic sg2 type 0
<5>[   17.587093] sd 0:0:0:0: [sdb] 15633408 512-byte logical blocks: (8.00 GB/7.45 GiB)
<5>[   17.588458] sd 0:0:0:0: [sdb] Write Protect is off
<7>[   17.588462] sd 0:0:0:0: [sdb] Mode Sense: 43 00 00 00
<5>[   17.589457] sd 0:0:0:0: [sdb] Write cache: disabled, read cache: enabled, doesn't support DPO or FUA
<6>[   17.592850]  sdb: sdb1
<5>[   17.596201] sd 0:0:0:0: [sdb] Attached SCSI disk
<5>[   18.317339] random: nonblocking pool is initialized
<4>[   19.385883] FAT-fs (sdb1): Volume was not properly unmounted. Some data may be corrupt. Please run fsck.
<6>[   19.415038] EXT4-fs (loop0): mounting ext3 file system using the ext4 subsystem
<4>[   19.481018] EXT4-fs (loop0): warning: checktime reached, running e2fsck is recommended
<6>[   19.481181] EXT4-fs (loop0): recovery complete
<6>[   19.485185] EXT4-fs (loop0): mounted filesystem with ordered data mode. Opts: (null)
<6>[   19.518908] squashfs: version 4.0 (2009/01/31) Phillip Lougher
<30>[   25.915378] systemd-udevd[1867]: starting version 204
<6>[   26.424808] toshiba_acpi: Toshiba Laptop ACPI Extras version 0.22
<6>[   26.425432] toshiba_acpi: KBD function keys not supported
<6>[   26.425844] input: Toshiba input device as /devices/virtual/input/input13
<6>[   26.427032] toshiba_acpi: Illumination device not available
<6>[   26.427799] toshiba_acpi: Keyboard illumination not available
<6>[   26.428376] toshiba_acpi: Accelerometer not supported
<6>[   26.428713] toshiba_acpi: USB Sleep and Charge not supported
<6>[   26.429420] toshiba_acpi: USB Rapid Charge not supported
<6>[   26.436156] toshiba_acpi: Sleep and Music not supported
<6>[   26.436661] toshiba_acpi: Panel Power on not supported
<6>[   26.437159] toshiba_acpi: USB 3 not supported
<4>[   26.478136] ACPI Warning: SystemIO range 0x0000000000000428-0x000000000000042F conflicts with OpRegion 0x0000000000000400-0x000000000000047F (\PMIO) (20150619/utaddress-254)
<6>[   26.478145] ACPI: If an ACPI driver is available for this device, you should use it instead of the native driver
<4>[   26.478149] ACPI Warning: SystemIO range 0x0000000000000540-0x000000000000054F conflicts with OpRegion 0x0000000000000500-0x0000000000000563 (\GPIO) (20150619/utaddress-254)
<6>[   26.478164] ACPI: If an ACPI driver is available for this device, you should use it instead of the native driver
<4>[   26.478166] ACPI Warning: SystemIO range 0x0000000000000530-0x000000000000053F conflicts with OpRegion 0x0000000000000500-0x0000000000000563 (\GPIO) (20150619/utaddress-254)
<6>[   26.478170] ACPI: If an ACPI driver is available for this device, you should use it instead of the native driver
<4>[   26.478171] ACPI Warning: SystemIO range 0x0000000000000500-0x000000000000052F conflicts with OpRegion 0x0000000000000500-0x0000000000000563 (\GPIO) (20150619/utaddress-254)
<6>[   26.478175] ACPI: If an ACPI driver is available for this device, you should use it instead of the native driver
<4>[   26.478176] lpc_ich: Resource conflict(s) found affecting gpio_ich
<6>[   26.480134] shpchp: Standard Hot Plug PCI Controller Driver version: 0.4
<6>[   26.520183] media: Linux media interface: v0.10
<6>[   26.523763] atl1c 0000:03:00.0 eth6: renamed from eth0
<6>[   26.536216] intel ips 0000:00:1f.6: No CPUID match found.
<6>[   26.536220] intel ips 0000:00:1f.6: IPS not supported on this CPU
<30>[   26.536934] systemd-udevd[1894]: renamed network interface eth0 to eth6
<6>[   26.604782] Linux video capture interface: v2.00
<12>[   26.771996] init: failsafe main process (1938) killed by TERM signal
<6>[   26.778991] uvcvideo: Found UVC 1.00 device CNF9055 (04f2:b1d6)
<6>[   26.794704] input: CNF9055 as /devices/pci0000:00/0000:00:1d.0/usb2/2-1/2-1.1/2-1.1:1.0/input/input14
<6>[   26.794955] usbcore: registered new interface driver uvcvideo
<6>[   26.794958] USB Video Class driver (1.1.1)
<6>[   26.824514] snd_hda_codec_conexant hdaudioC0D0: CX20585: BIOS auto-probing.
<6>[   26.824993] snd_hda_codec_conexant hdaudioC0D0: autoconfig for CX20585: line_outs=1 (0x1f/0x0/0x0/0x0/0x0) type:speaker
<6>[   26.824996] snd_hda_codec_conexant hdaudioC0D0:    speaker_outs=0 (0x0/0x0/0x0/0x0/0x0)
<6>[   26.824998] snd_hda_codec_conexant hdaudioC0D0:    hp_outs=1 (0x19/0x0/0x0/0x0/0x0)
<6>[   26.825000] snd_hda_codec_conexant hdaudioC0D0:    mono: mono_out=0x0
<6>[   26.825002] snd_hda_codec_conexant hdaudioC0D0:    inputs:
<6>[   26.825005] snd_hda_codec_conexant hdaudioC0D0:      Internal Mic=0x23
<6>[   26.825007] snd_hda_codec_conexant hdaudioC0D0:      Mic=0x1a
<6>[   26.826080] snd_hda_codec_conexant hdaudioC0D0: Enable sync_write for stable communication
<6>[   26.832998] input: HDA Intel MID Mic as /devices/pci0000:00/0000:00:1b.0/sound/card0/input15
<6>[   26.833267] input: HDA Intel MID Headphone as /devices/pci0000:00/0000:00:1b.0/sound/card0/input16
<6>[   27.003956] rtl8192ce: Using firmware rtlwifi/rtl8192cfw.bin
<4>[   27.004496] rtl8192ce 0000:02:00.0: Direct firmware load for rtlwifi/rtl8192cfw.bin failed with error -2
<3>[   27.004500] rtlwifi: Firmware rtlwifi/rtl8192cfw.bin not available
<7>[   27.066247] ieee80211 phy0: Selected rate control algorithm 'rtl_rc'
<6>[   27.066663] rtlwifi: rtlwifi: wireless switch is on
<12>[   27.095609] init: ttyS0 main process (2163) terminated with status 1
<12>[   27.095622] init: ttyS0 main process ended, respawning
<12>[   27.117042] init: ttyS0 main process (2179) terminated with status 1
<12>[   27.117052] init: ttyS0 main process ended, respawning
<6>[   27.126795] rtl8192ce 0000:02:00.0 wlan2: renamed from wlan0
<12>[   27.129574] init: plymouth-upstart-bridge main process ended, respawning
<12>[   27.129817] init: ttyS0 main process (2184) terminated with status 1
<12>[   27.129829] init: ttyS0 main process ended, respawning
<30>[   27.136303] systemd-udevd[1905]: renamed network interface wlan0 to wlan2
<12>[   27.155256] init: ttyS0 main process (2189) terminated with status 1
<12>[   27.155269] init: ttyS0 main process ended, respawning
<12>[   27.168539] init: ttyS0 main process (2200) terminated with status 1
<12>[   27.168554] init: ttyS0 main process ended, respawning
<12>[   27.176834] init: ttyS0 main process (2207) terminated with status 1
<12>[   27.176849] init: ttyS0 main process ended, respawning
<12>[   27.185801] init: ttyS0 main process (2210) terminated with status 1
<12>[   27.185816] init: ttyS0 main process ended, respawning
<12>[   27.194963] init: ttyS0 main process (2214) terminated with status 1
<12>[   27.194977] init: ttyS0 main process ended, respawning
<12>[   27.213867] init: ttyS0 main process (2218) terminated with status 1
<12>[   27.213878] init: ttyS0 main process ended, respawning
<12>[   27.221676] init: ttyS0 main process (2224) terminated with status 1
<12>[   27.221690] init: ttyS0 main process ended, respawning
<6>[   27.224236] cfg80211: World regulatory domain updated:
<6>[   27.224240] cfg80211:  DFS Master region: unset
<6>[   27.224242] cfg80211:   (start_freq - end_freq @ bandwidth), (max_antenna_gain, max_eirp), (dfs_cac_time)
<6>[   27.224245] cfg80211:   (2402000 KHz - 2472000 KHz @ 40000 KHz), (300 mBi, 2000 mBm), (N/A)
<6>[   27.224248] cfg80211:   (2457000 KHz - 2482000 KHz @ 40000 KHz), (300 mBi, 2000 mBm), (N/A)
<6>[   27.224250] cfg80211:   (2474000 KHz - 2494000 KHz @ 20000 KHz), (300 mBi, 2000 mBm), (N/A)
<6>[   27.224252] cfg80211:   (5170000 KHz - 5250000 KHz @ 40000 KHz), (300 mBi, 2000 mBm), (N/A)
<6>[   27.224254] cfg80211:   (5735000 KHz - 5835000 KHz @ 40000 KHz), (300 mBi, 2000 mBm), (N/A)
<12>[   27.225434] init: ttyS0 main process (2226) terminated with status 1
<12>[   27.225446] init: ttyS0 respawning too fast, stopped
