<6>[    0.000000] ACPI: LAPIC (acpi_id[0x02] lapic_id[0x02] enabled)
<6>[    0.000000] ACPI: LAPIC (acpi_id[0x03] lapic_id[0x01] enabled)
<6>[    0.000000] ACPI: LAPIC (acpi_id[0x04] lapic_id[0x03] enabled)
<6>[    0.000000] ACPI: LAPIC_NMI (acpi_id[0xff] high edge lint[0x1])
<6>[    0.000000] ACPI: IOAPIC (id[0x08] address[0xfec00000] gsi_base[0])
<6>[    0.000000] IOAPIC[0]: apic_id 8, version 32, address 0xfec00000, GSI 0-39
<6>[    0.000000] ACPI: INT_SRC_OVR (bus 0 bus_irq 0 global_irq 2 dfl dfl)
<6>[    0.000000] ACPI: INT_SRC_OVR (bus 0 bus_irq 9 global_irq 9 high level)
<7>[    0.000000] ACPI: IRQ0 used by override.
<7>[    0.000000] ACPI: IRQ9 used by override.
<6>[    0.000000] Using ACPI (MADT) for SMP configuration information
<6>[    0.000000] ACPI: HPET id: 0x8086a701 base: 0xfed00000
<6>[    0.000000] smpboot: Allowing 4 CPUs, 0 hotplug CPUs
<6>[    0.000000] PM: Registered nosave memory: [mem 0x00000000-0x00000fff]
<6>[    0.000000] PM: Registered nosave memory: [mem 0x00058000-0x00058fff]
<6>[    0.000000] PM: Registered nosave memory: [mem 0x0009e000-0x0009ffff]
<6>[    0.000000] PM: Registered nosave memory: [mem 0x000a0000-0x000fffff]
<6>[    0.000000] PM: Registered nosave memory: [mem 0xcae3b000-0xcae41fff]
<6>[    0.000000] PM: Registered nosave memory: [mem 0xcb288000-0xcb5c6fff]
<6>[    0.000000] PM: Registered nosave memory: [mem 0xdb067000-0xdb0fefff]
<6>[    0.000000] PM: Registered nosave memory: [mem 0xdb0ff000-0xdb117fff]
<6>[    0.000000] PM: Registered nosave memory: [mem 0xdb118000-0xdb8ddfff]
<6>[    0.000000] PM: Registered nosave memory: [mem 0xdb8de000-0xdbffefff]
<6>[    0.000000] PM: Registered nosave memory: [mem 0xdc000000-0xdcffffff]
<6>[    0.000000] PM: Registered nosave memory: [mem 0xdd000000-0xdf1fffff]
<6>[    0.000000] PM: Registered nosave memory: [mem 0xdf200000-0xf7ffffff]
<6>[    0.000000] PM: Registered nosave memory: [mem 0xf8000000-0xfbffffff]
<6>[    0.000000] PM: Registered nosave memory: [mem 0xfc000000-0xfebfffff]
<6>[    0.000000] PM: Registered nosave memory: [mem 0xfec00000-0xfec00fff]
<6>[    0.000000] PM: Registered nosave memory: [mem 0xfec01000-0xfecfffff]
<6>[    0.000000] PM: Registered nosave memory: [mem 0xfed00000-0xfed03fff]
<6>[    0.000000] PM: Registered nosave memory: [mem 0xfed04000-0xfed1bfff]
<6>[    0.000000] PM: Registered nosave memory: [mem 0xfed1c000-0xfed1ffff]
<6>[    0.000000] PM: Registered nosave memory: [mem 0xfed20000-0xfedfffff]
<6>[    0.000000] PM: Registered nosave memory: [mem 0xfee00000-0xfee00fff]
<6>[    0.000000] PM: Registered nosave memory: [mem 0xfee01000-0xfeffffff]
<6>[    0.000000] PM: Registered nosave memory: [mem 0xff000000-0xffffffff]
<6>[    0.000000] e820: [mem 0xdf200000-0xf7ffffff] available for PCI devices
<6>[    0.000000] Booting paravirtualized kernel on bare hardware
<6>[    0.000000] setup_percpu: NR_CPUS:256 nr_cpumask_bits:256 nr_cpu_ids:4 nr_node_ids:1
<6>[    0.000000] PERCPU: Embedded 31 pages/cpu @ffff88011fa00000 s86144 r8192 d32640 u524288
<7>[    0.000000] pcpu-alloc: s86144 r8192 d32640 u524288 alloc=1*2097152
<7>[    0.000000] pcpu-alloc: [0] 0 1 2 3 
<6>[    0.000000] Built 1 zonelists in Node order, mobility grouping on.  Total pages: 1010684
<6>[    0.000000] Policy zone: Normal
<5>[    0.000000] Kernel command line: BOOT_IMAGE=/boot/vmlinuz-3.19.0-49-generic.efi.signed root=UUID=30b8c851-93e2-4f78-a946-585654e56e8d ro quiet splash vt.handoff=7
<6>[    0.000000] PID hash table entries: 4096 (order: 3, 32768 bytes)
<6>[    0.000000] xsave: enabled xstate_bv 0x7, cntxt size 0x340 using standard form
<6>[    0.000000] AGP: Checking aperture...
<6>[    0.000000] AGP: No AGP bridge found
<7>[    0.000000] Calgary: detecting Calgary via BIOS EBDA area
<7>[    0.000000] Calgary: Unable to locate Rio Grande table in EBDA - bailing!
<6>[    0.000000] Memory: 3910992K/4107000K available (7923K kernel code, 1174K rwdata, 3760K rodata, 1408K init, 1292K bss, 196008K reserved, 0K cma-reserved)
<6>[    0.000000] SLUB: HWalign=64, Order=0-3, MinObjects=0, CPUs=4, Nodes=1
<6>[    0.000000] Hierarchical RCU implementation.
<6>[    0.000000] 	RCU dyntick-idle grace-period acceleration is enabled.
<6>[    0.000000] 	RCU restricting CPUs from NR_CPUS=256 to nr_cpu_ids=4.
<6>[    0.000000] RCU: Adjusting geometry for rcu_fanout_leaf=16, nr_cpu_ids=4
<6>[    0.000000] NR_IRQS:16640 nr_irqs:728 16
<6>[    0.000000] 	Offload RCU callbacks from all CPUs
<6>[    0.000000] 	Offload RCU callbacks from CPUs: 0-3.
<6>[    0.000000] vt handoff: transparent VT on vt#7
<6>[    0.000000] Console: colour dummy device 80x25
<6>[    0.000000] console [tty0] enabled
<7>[    0.000000] hpet clockevent registered
<6>[    0.000000] tsc: Fast TSC calibration using PIT
<6>[    0.000000] tsc: Detected 2294.668 MHz processor
<6>[    0.000029] Calibrating delay loop (skipped), value calculated using timer frequency.. 4589.33 BogoMIPS (lpj=9178672)
<6>[    0.000032] pid_max: default: 32768 minimum: 301
<6>[    0.000037] ACPI: Core revision 20141107
<4>[    0.012172] ACPI: All ACPI Tables successfully acquired
<6>[    0.012874] Security Framework initialized
<6>[    0.012889] AppArmor: AppArmor initialized
<6>[    0.012891] Yama: becoming mindful.
<6>[    0.013163] Dentry cache hash table entries: 524288 (order: 10, 4194304 bytes)
<6>[    0.013930] Inode-cache hash table entries: 262144 (order: 9, 2097152 bytes)
<6>[    0.014262] Mount-cache hash table entries: 8192 (order: 4, 65536 bytes)
<6>[    0.014270] Mountpoint-cache hash table entries: 8192 (order: 4, 65536 bytes)
<6>[    0.014461] Initializing cgroup subsys memory
<6>[    0.014466] Initializing cgroup subsys devices
<6>[    0.014469] Initializing cgroup subsys freezer
<6>[    0.014471] Initializing cgroup subsys net_cls
<6>[    0.014472] Initializing cgroup subsys blkio
<6>[    0.014474] Initializing cgroup subsys perf_event
<6>[    0.014476] Initializing cgroup subsys net_prio
<6>[    0.014478] Initializing cgroup subsys hugetlb
<6>[    0.014501] CPU: Physical Processor ID: 0
<6>[    0.014502] CPU: Processor Core ID: 0
<4>[    0.014506] ENERGY_PERF_BIAS: Set to 'normal', was 'performance'
<4>[    0.014506] ENERGY_PERF_BIAS: View and update with x86_energy_perf_policy(8)
<6>[    0.015474] mce: CPU supports 7 MCE banks
<6>[    0.015485] CPU0: Thermal monitoring enabled (TM1)
<6>[    0.015493] process: using mwait in idle threads
<6>[    0.015496] Last level iTLB entries: 4KB 1024, 2MB 1024, 4MB 1024
<6>[    0.015496] Last level dTLB entries: 4KB 1024, 2MB 1024, 4MB 1024, 1GB 4
<6>[    0.015601] Freeing SMP alternatives memory: 32K (ffffffff81e87000 - ffffffff81e8f000)
<6>[    0.023254] ftrace: allocating 30034 entries in 118 pages
<6>[    0.036002] ..TIMER: vector=0x30 apic1=0 pin1=2 apic2=0 pin2=0
<6>[    0.075664] smpboot: CPU0: Intel(R) Core(TM) i5-4200U CPU @ 1.60GHz (fam: 06, model: 45, stepping: 01)
<7>[    0.075670] TSC deadline timer enabled
<6>[    0.075693] Performance Events: PEBS fmt2+, 16-deep LBR, Haswell events, full-width counters, Intel PMU driver.
<6>[    0.075712] ... version:                3
<6>[    0.075713] ... bit width:              48
<6>[    0.075714] ... generic registers:      4
<6>[    0.075715] ... value mask:             0000ffffffffffff
<6>[    0.075716] ... max period:             0000ffffffffffff
<6>[    0.075716] ... fixed-purpose events:   3
<6>[    0.075717] ... event mask:             000000070000000f
<6>[    0.076561] x86: Booting SMP configuration:
<6>[    0.076562] .... node  #0, CPUs:      #1
<6>[    0.090727] NMI watchdog: enabled on all CPUs, permanently consumes one hw-PMU counter.
<4>[    0.090807]  #2 #3
<6>[    0.119158] x86: Booted up 1 node, 4 CPUs
<6>[    0.119161] smpboot: Total of 4 processors activated (18357.34 BogoMIPS)
<6>[    0.122829] devtmpfs: initialized
<6>[    0.124651] evm: security.selinux
<6>[    0.124652] evm: security.SMACK64
<6>[    0.124653] evm: security.SMACK64EXEC
<6>[    0.124654] evm: security.SMACK64TRANSMUTE
<6>[    0.124655] evm: security.SMACK64MMAP
<6>[    0.124656] evm: security.ima
<6>[    0.124656] evm: security.capability
<6>[    0.124702] PM: Registering ACPI NVS region [mem 0xcae3b000-0xcae41fff] (28672 bytes)
<6>[    0.124703] PM: Registering ACPI NVS region [mem 0xdb118000-0xdb8ddfff] (8151040 bytes)
<6>[    0.124925] pinctrl core: initialized pinctrl subsystem
<6>[    0.125017] RTC time:  9:03:10, date: 02/06/16
<6>[    0.125116] NET: Registered protocol family 16
<6>[    0.126692] cpuidle: using governor ladder
<6>[    0.130702] cpuidle: using governor menu
<6>[    0.130770] ACPI FADT declares the system doesn't support PCIe ASPM, so disable it
<6>[    0.130772] ACPI: bus type PCI registered
<6>[    0.130774] acpiphp: ACPI Hot Plug PCI Controller Driver version: 0.5
<6>[    0.130864] PCI: MMCONFIG for domain 0000 [bus 00-3f] at [mem 0xf8000000-0xfbffffff] (base 0xf8000000)
<6>[    0.130867] PCI: MMCONFIG at [mem 0xf8000000-0xfbffffff] reserved in E820
<6>[    0.130975] PCI: Using configuration type 1 for base access
<6>[    0.135187] ACPI: Added _OSI(Module Device)
<6>[    0.135190] ACPI: Added _OSI(Processor Device)
<6>[    0.135191] ACPI: Added _OSI(3.0 _SCP Extensions)
<6>[    0.135193] ACPI: Added _OSI(Processor Aggregator Device)
<4>[    0.139317] ACPI: Executed 1 blocks of module-level executable AML code
<5>[    0.141590] [Firmware Bug]: ACPI: BIOS _OSI(Linux) query ignored
<4>[    0.142514] ACPI: Dynamic OEM Table Load:
<4>[    0.142520] ACPI: SSDT 0xFFFF88011A783000 00042F (v01 PmRef  Cpu0Cst  00003001 INTL 20120711)
<4>[    0.143209] ACPI: Dynamic OEM Table Load:
<4>[    0.143214] ACPI: SSDT 0xFFFF88011A783800 0005AA (v01 PmRef  ApIst    00003000 INTL 20120711)
<4>[    0.143932] ACPI: Dynamic OEM Table Load:
<4>[    0.143935] ACPI: SSDT 0xFFFF88011A7D9C00 000119 (v01 PmRef  ApCst    00003000 INTL 20120711)
<6>[    0.146644] ACPI: Interpreter enabled
<4>[    0.146654] ACPI Exception: AE_NOT_FOUND, While evaluating Sleep State [\_S1_] (20141107/hwxface-580)
<4>[    0.146660] ACPI Exception: AE_NOT_FOUND, While evaluating Sleep State [\_S2_] (20141107/hwxface-580)
<6>[    0.146680] ACPI: (supports S0 S3 S4 S5)
<6>[    0.146681] ACPI: Using IOAPIC for interrupt routing
<6>[    0.146721] PCI: Using host bridge windows from ACPI; if necessary, use "pci=nocrs" and report a bug
<6>[    0.155244] ACPI: Power Resource [FN00] (off)
<6>[    0.155312] ACPI: Power Resource [FN01] (off)
<6>[    0.155875] ACPI: PCI Root Bridge [PCI0] (domain 0000 [bus 00-3e])
<6>[    0.155880] acpi PNP0A08:00: _OSC: OS supports [ExtendedConfig ASPM ClockPM Segments MSI]
<6>[    0.156239] acpi PNP0A08:00: _OSC: OS now controls [PCIeHotplug PME AER PCIeCapability]
<6>[    0.156240] acpi PNP0A08:00: FADT indicates ASPM is unsupported, using BIOS configuration
<6>[    0.156676] PCI host bridge to bus 0000:00
<6>[    0.156679] pci_bus 0000:00: root bus resource [bus 00-3e]
<6>[    0.156680] pci_bus 0000:00: root bus resource [io  0x0000-0x0cf7]
<6>[    0.156682] pci_bus 0000:00: root bus resource [io  0x0d00-0xffff]
<6>[    0.156683] pci_bus 0000:00: root bus resource [mem 0x000a0000-0x000bffff]
<6>[    0.156685] pci_bus 0000:00: root bus resource [mem 0x000c0000-0x000c3fff]
<6>[    0.156686] pci_bus 0000:00: root bus resource [mem 0x000c4000-0x000c7fff]
<6>[    0.156687] pci_bus 0000:00: root bus resource [mem 0x000c8000-0x000cbfff]
<6>[    0.156688] pci_bus 0000:00: root bus resource [mem 0x000cc000-0x000cffff]
<6>[    0.156690] pci_bus 0000:00: root bus resource [mem 0x000d0000-0x000d3fff]
<6>[    0.156691] pci_bus 0000:00: root bus resource [mem 0x000d4000-0x000d7fff]
<6>[    0.156692] pci_bus 0000:00: root bus resource [mem 0x000d8000-0x000dbfff]
<6>[    0.156694] pci_bus 0000:00: root bus resource [mem 0x000dc000-0x000dffff]
<6>[    0.156695] pci_bus 0000:00: root bus resource [mem 0xdf200000-0xfeafffff]
<7>[    0.156702] pci 0000:00:00.0: [8086:0a04] type 00 class 0x060000
<7>[    0.156787] pci 0000:00:02.0: [8086:0a16] type 00 class 0x030000
<7>[    0.156798] pci 0000:00:02.0: reg 0x10: [mem 0xf7800000-0xf7bfffff 64bit]
<7>[    0.156804] pci 0000:00:02.0: reg 0x18: [mem 0xe0000000-0xefffffff 64bit pref]
<7>[    0.156809] pci 0000:00:02.0: reg 0x20: [io  0xf000-0xf03f]
<7>[    0.156885] pci 0000:00:03.0: [8086:0a0c] type 00 class 0x040300
<7>[    0.156893] pci 0000:00:03.0: reg 0x10: [mem 0xf7e14000-0xf7e17fff 64bit]
<7>[    0.156986] pci 0000:00:14.0: [8086:9c31] type 00 class 0x0c0330
<7>[    0.157003] pci 0000:00:14.0: reg 0x10: [mem 0xf7e00000-0xf7e0ffff 64bit]
<7>[    0.157058] pci 0000:00:14.0: PME# supported from D3hot D3cold
<7>[    0.157123] pci 0000:00:16.0: [8086:9c3a] type 00 class 0x078000
<7>[    0.157142] pci 0000:00:16.0: reg 0x10: [mem 0xf7e1d000-0xf7e1d01f 64bit]
<7>[    0.157208] pci 0000:00:16.0: PME# supported from D0 D3hot D3cold
<7>[    0.157280] pci 0000:00:1b.0: [8086:9c20] type 00 class 0x040300
<7>[    0.157293] pci 0000:00:1b.0: reg 0x10: [mem 0xf7e10000-0xf7e13fff 64bit]
<7>[    0.157348] pci 0000:00:1b.0: PME# supported from D0 D3hot D3cold
<6>[    0.157384] pci 0000:00:1b.0: System wakeup disabled by ACPI
<7>[    0.157414] pci 0000:00:1c.0: [8086:9c10] type 01 class 0x060400
<7>[    0.157476] pci 0000:00:1c.0: PME# supported from D0 D3hot D3cold
<6>[    0.157513] pci 0000:00:1c.0: System wakeup disabled by ACPI
<7>[    0.157543] pci 0000:00:1c.2: [8086:9c14] type 01 class 0x060400
<7>[    0.157608] pci 0000:00:1c.2: PME# supported from D0 D3hot D3cold
<6>[    0.157645] pci 0000:00:1c.2: System wakeup disabled by ACPI
<7>[    0.157676] pci 0000:00:1c.3: [8086:9c16] type 01 class 0x060400
<7>[    0.157739] pci 0000:00:1c.3: PME# supported from D0 D3hot D3cold
<6>[    0.157777] pci 0000:00:1c.3: System wakeup disabled by ACPI
<7>[    0.157814] pci 0000:00:1d.0: [8086:9c26] type 00 class 0x0c0320
<7>[    0.157833] pci 0000:00:1d.0: reg 0x10: [mem 0xf7e1b000-0xf7e1b3ff]
<7>[    0.157919] pci 0000:00:1d.0: PME# supported from D0 D3hot D3cold
<7>[    0.157988] pci 0000:00:1f.0: [8086:9c43] type 00 class 0x060100
<7>[    0.158152] pci 0000:00:1f.2: [8086:9c03] type 00 class 0x010601
<7>[    0.158166] pci 0000:00:1f.2: reg 0x10: [io  0xf0b0-0xf0b7]
<7>[    0.158172] pci 0000:00:1f.2: reg 0x14: [io  0xf0a0-0xf0a3]
<7>[    0.158178] pci 0000:00:1f.2: reg 0x18: [io  0xf090-0xf097]
<7>[    0.158184] pci 0000:00:1f.2: reg 0x1c: [io  0xf080-0xf083]
<7>[    0.158191] pci 0000:00:1f.2: reg 0x20: [io  0xf060-0xf07f]
<7>[    0.158197] pci 0000:00:1f.2: reg 0x24: [mem 0xf7e1a000-0xf7e1a7ff]
<7>[    0.158231] pci 0000:00:1f.2: PME# supported from D3hot
<7>[    0.158290] pci 0000:00:1f.3: [8086:9c22] type 00 class 0x0c0500
<7>[    0.158303] pci 0000:00:1f.3: reg 0x10: [mem 0xf7e19000-0xf7e190ff 64bit]
<7>[    0.158320] pci 0000:00:1f.3: reg 0x20: [io  0xf040-0xf05f]
<6>[    0.158442] pci 0000:00:1c.0: PCI bridge to [bus 01]
<7>[    0.158577] pci 0000:02:00.0: [8086:08b1] type 00 class 0x028000
<7>[    0.158658] pci 0000:02:00.0: reg 0x10: [mem 0xf7d00000-0xf7d01fff 64bit]
<7>[    0.158974] pci 0000:02:00.0: PME# supported from D0 D3hot D3cold
<6>[    0.159061] pci 0000:02:00.0: System wakeup disabled by ACPI
<6>[    0.166783] pci 0000:00:1c.2: PCI bridge to [bus 02]
<7>[    0.166789] pci 0000:00:1c.2:   bridge window [mem 0xf7d00000-0xf7dfffff]
<7>[    0.166903] pci 0000:03:00.0: [10ec:8168] type 00 class 0x020000
<7>[    0.166932] pci 0000:03:00.0: reg 0x10: [io  0xe000-0xe0ff]
<7>[    0.166967] pci 0000:03:00.0: reg 0x18: [mem 0xf7c00000-0xf7c00fff 64bit]
<7>[    0.166991] pci 0000:03:00.0: reg 0x20: [mem 0xf0000000-0xf0003fff 64bit pref]
<7>[    0.167101] pci 0000:03:00.0: supports D1 D2
<7>[    0.167103] pci 0000:03:00.0: PME# supported from D0 D1 D2 D3hot D3cold
<6>[    0.167149] pci 0000:03:00.0: System wakeup disabled by ACPI
<6>[    0.178744] pci 0000:00:1c.3: PCI bridge to [bus 03]
<7>[    0.178748] pci 0000:00:1c.3:   bridge window [io  0xe000-0xefff]
<7>[    0.178752] pci 0000:00:1c.3:   bridge window [mem 0xf7c00000-0xf7cfffff]
<7>[    0.178757] pci 0000:00:1c.3:   bridge window [mem 0xf0000000-0xf00fffff 64bit pref]
<6>[    0.179799] ACPI: PCI Interrupt Link [LNKA] (IRQs 3 4 5 6 10 11 12 14 15) *0, disabled.
<6>[    0.179855] ACPI: PCI Interrupt Link [LNKB] (IRQs 3 4 5 6 10 11 12 14 15) *0, disabled.
<6>[    0.179910] ACPI: PCI Interrupt Link [LNKC] (IRQs 3 4 5 6 10 11 12 14 15) *0, disabled.
<6>[    0.179962] ACPI: PCI Interrupt Link [LNKD] (IRQs 3 4 5 6 10 11 12 14 15) *0, disabled.
<6>[    0.180014] ACPI: PCI Interrupt Link [LNKE] (IRQs 3 4 5 6 10 11 12 14 15) *0, disabled.
<6>[    0.180065] ACPI: PCI Interrupt Link [LNKF] (IRQs 3 4 5 6 10 11 12 14 15) *0, disabled.
<6>[    0.180116] ACPI: PCI Interrupt Link [LNKG] (IRQs 3 4 5 6 10 11 12 14 15) *0, disabled.
<6>[    0.180167] ACPI: PCI Interrupt Link [LNKH] (IRQs 3 4 5 6 10 11 12 14 15) *0, disabled.
<4>[    0.180640] ACPI: Enabled 3 GPEs in block 00 to 7F
<6>[    0.180679] ACPI : EC: GPE = 0xa, I/O: command/status = 0x66, data = 0x62
<6>[    0.181016] ACPI : EC: 0 stale EC events cleared
<6>[    0.181135] vgaarb: setting as boot device: PCI:0000:00:02.0
<6>[    0.181137] vgaarb: device added: PCI:0000:00:02.0,decodes=io+mem,owns=io+mem,locks=none
<6>[    0.181140] vgaarb: loaded
<6>[    0.181142] vgaarb: bridge control possible 0000:00:02.0
<5>[    0.181369] SCSI subsystem initialized
<7>[    0.181420] libata version 3.00 loaded.
<6>[    0.181448] ACPI: bus type USB registered
<6>[    0.181471] usbcore: registered new interface driver usbfs
<6>[    0.181481] usbcore: registered new interface driver hub
<6>[    0.181502] usbcore: registered new device driver usb
<6>[    0.181726] PCI: Using ACPI for IRQ routing
<7>[    0.183076] PCI: pci_cache_line_size set to 64 bytes
<7>[    0.183215] e820: reserve RAM buffer [mem 0x00058000-0x0005ffff]
<7>[    0.183216] e820: reserve RAM buffer [mem 0x0009e000-0x0009ffff]
<7>[    0.183217] e820: reserve RAM buffer [mem 0xcae3b000-0xcbffffff]
<7>[    0.183219] e820: reserve RAM buffer [mem 0xcb288000-0xcbffffff]
<7>[    0.183220] e820: reserve RAM buffer [mem 0xdb067000-0xdbffffff]
<7>[    0.183221] e820: reserve RAM buffer [mem 0x11fe00000-0x11fffffff]
<6>[    0.183316] NetLabel: Initializing
<6>[    0.183317] NetLabel:  domain hash size = 128
<6>[    0.183318] NetLabel:  protocols = UNLABELED CIPSOv4
<6>[    0.183328] NetLabel:  unlabeled traffic allowed by default
<6>[    0.183381] hpet0: at MMIO 0xfed00000, IRQs 2, 8, 0, 0, 0, 0, 0, 0
<6>[    0.183386] hpet0: 8 comparators, 64-bit 14.318180 MHz counter
<6>[    0.185425] Switched to clocksource hpet
<6>[    0.190487] AppArmor: AppArmor Filesystem Enabled
<6>[    0.190547] pnp: PnP ACPI init
<6>[    0.190740] system 00:00: [io  0x0680-0x069f] has been reserved
<6>[    0.190742] system 00:00: [io  0xffff] has been reserved
<6>[    0.190744] system 00:00: [io  0xffff] has been reserved
<6>[    0.190745] system 00:00: [io  0xffff] has been reserved
<6>[    0.190750] system 00:00: [io  0x1c00-0x1cfe] has been reserved
<6>[    0.190751] system 00:00: [io  0x1d00-0x1dfe] has been reserved
<6>[    0.190753] system 00:00: [io  0x1e00-0x1efe] has been reserved
<6>[    0.190754] system 00:00: [io  0x1f00-0x1ffe] has been reserved
<6>[    0.190756] system 00:00: [io  0x1800-0x18fe] could not be reserved
<6>[    0.190757] system 00:00: [io  0x164e-0x164f] has been reserved
<7>[    0.190760] system 00:00: Plug and Play ACPI device, IDs PNP0c02 (active)
<7>[    0.190788] pnp 00:01: Plug and Play ACPI device, IDs PNP0b00 (active)
<6>[    0.190828] system 00:02: [io  0x1854-0x1857] has been reserved
<7>[    0.190830] system 00:02: Plug and Play ACPI device, IDs INT3f0d PNP0c02 (active)
<6>[    0.190868] system 00:03: [io  0x04d0-0x04d1] has been reserved
<7>[    0.190870] system 00:03: Plug and Play ACPI device, IDs PNP0c02 (active)
<7>[    0.190895] pnp 00:04: Plug and Play ACPI device, IDs MSF0001 PNP0303 (active)
<7>[    0.190944] pnp 00:05: Plug and Play ACPI device, IDs ETD0b00 PNP0f13 PNP0f0e PNP0f03 (active)
<7>[    0.190970] pnp 00:06: Plug and Play ACPI device, IDs IFX0102 PNP0c31 (active)
<6>[    0.191425] system 00:07: [mem 0xfed1c000-0xfed1ffff] has been reserved
<6>[    0.191427] system 00:07: [mem 0xfed10000-0xfed17fff] has been reserved
<6>[    0.191429] system 00:07: [mem 0xfed18000-0xfed18fff] has been reserved
<6>[    0.191431] system 00:07: [mem 0xfed19000-0xfed19fff] has been reserved
<6>[    0.191434] system 00:07: [mem 0xf8000000-0xfbffffff] has been reserved
<6>[    0.191435] system 00:07: [mem 0xfed20000-0xfed3ffff] has been reserved
<6>[    0.191437] system 00:07: [mem 0xfed90000-0xfed93fff] has been reserved
<6>[    0.191439] system 00:07: [mem 0xfed45000-0xfed8ffff] has been reserved
<6>[    0.191441] system 00:07: [mem 0xff000000-0xffffffff] has been reserved
<6>[    0.191443] system 00:07: [mem 0xfee00000-0xfeefffff] could not be reserved
<6>[    0.191445] system 00:07: [mem 0xf7fdf000-0xf7fdffff] has been reserved
<6>[    0.191447] system 00:07: [mem 0xf7fe0000-0xf7feffff] has been reserved
<7>[    0.191449] system 00:07: Plug and Play ACPI device, IDs PNP0c02 (active)
<6>[    0.191478] system 00:08: [io  0x0a00-0x0a07] has been reserved
<7>[    0.191480] system 00:08: Plug and Play ACPI device, IDs PNP0c02 (active)
<6>[    0.191796] pnp: PnP ACPI: found 9 devices
<7>[    0.197720] pci 0000:00:1c.0: bridge window [io  0x1000-0x0fff] to [bus 01] add_size 1000
<7>[    0.197723] pci 0000:00:1c.0: bridge window [mem 0x00100000-0x000fffff 64bit pref] to [bus 01] add_size 200000
<7>[    0.197725] pci 0000:00:1c.0: bridge window [mem 0x00100000-0x000fffff] to [bus 01] add_size 200000
<7>[    0.197739] pci 0000:00:1c.0: res[14]=[mem 0x00100000-0x000fffff] get_res_add_size add_size 200000
<7>[    0.197741] pci 0000:00:1c.0: res[15]=[mem 0x00100000-0x000fffff 64bit pref] get_res_add_size add_size 200000
<7>[    0.197742] pci 0000:00:1c.0: res[13]=[io  0x1000-0x0fff] get_res_add_size add_size 1000
<6>[    0.197748] pci 0000:00:1c.0: BAR 14: assigned [mem 0xdf200000-0xdf3fffff]
<6>[    0.197754] pci 0000:00:1c.0: BAR 15: assigned [mem 0xdf400000-0xdf5fffff 64bit pref]
<6>[    0.197757] pci 0000:00:1c.0: BAR 13: assigned [io  0x2000-0x2fff]
<6>[    0.197759] pci 0000:00:1c.0: PCI bridge to [bus 01]
<6>[    0.197761] pci 0000:00:1c.0:   bridge window [io  0x2000-0x2fff]
<6>[    0.197765] pci 0000:00:1c.0:   bridge window [mem 0xdf200000-0xdf3fffff]
<6>[    0.197768] pci 0000:00:1c.0:   bridge window [mem 0xdf400000-0xdf5fffff 64bit pref]
<6>[    0.197773] pci 0000:00:1c.2: PCI bridge to [bus 02]
<6>[    0.197777] pci 0000:00:1c.2:   bridge window [mem 0xf7d00000-0xf7dfffff]
<6>[    0.197783] pci 0000:00:1c.3: PCI bridge to [bus 03]
<6>[    0.197785] pci 0000:00:1c.3:   bridge window [io  0xe000-0xefff]
<6>[    0.197789] pci 0000:00:1c.3:   bridge window [mem 0xf7c00000-0xf7cfffff]
<6>[    0.197792] pci 0000:00:1c.3:   bridge window [mem 0xf0000000-0xf00fffff 64bit pref]
<7>[    0.197797] pci_bus 0000:00: resource 4 [io  0x0000-0x0cf7]
<7>[    0.197799] pci_bus 0000:00: resource 5 [io  0x0d00-0xffff]
<7>[    0.197800] pci_bus 0000:00: resource 6 [mem 0x000a0000-0x000bffff]
<7>[    0.197802] pci_bus 0000:00: resource 7 [mem 0x000c0000-0x000c3fff]
<7>[    0.197803] pci_bus 0000:00: resource 8 [mem 0x000c4000-0x000c7fff]
<7>[    0.197804] pci_bus 0000:00: resource 9 [mem 0x000c8000-0x000cbfff]
<7>[    0.197806] pci_bus 0000:00: resource 10 [mem 0x000cc000-0x000cffff]
<7>[    0.197807] pci_bus 0000:00: resource 11 [mem 0x000d0000-0x000d3fff]
<7>[    0.197808] pci_bus 0000:00: resource 12 [mem 0x000d4000-0x000d7fff]
<7>[    0.197809] pci_bus 0000:00: resource 13 [mem 0x000d8000-0x000dbfff]
<7>[    0.197811] pci_bus 0000:00: resource 14 [mem 0x000dc000-0x000dffff]
<7>[    0.197812] pci_bus 0000:00: resource 15 [mem 0xdf200000-0xfeafffff]
<7>[    0.197814] pci_bus 0000:01: resource 0 [io  0x2000-0x2fff]
<7>[    0.197815] pci_bus 0000:01: resource 1 [mem 0xdf200000-0xdf3fffff]
<7>[    0.197816] pci_bus 0000:01: resource 2 [mem 0xdf400000-0xdf5fffff 64bit pref]
<7>[    0.197818] pci_bus 0000:02: resource 1 [mem 0xf7d00000-0xf7dfffff]
<7>[    0.197820] pci_bus 0000:03: resource 0 [io  0xe000-0xefff]
<7>[    0.197821] pci_bus 0000:03: resource 1 [mem 0xf7c00000-0xf7cfffff]
<7>[    0.197822] pci_bus 0000:03: resource 2 [mem 0xf0000000-0xf00fffff 64bit pref]
<6>[    0.197846] NET: Registered protocol family 2
<6>[    0.197993] TCP established hash table entries: 32768 (order: 6, 262144 bytes)
<6>[    0.198057] TCP bind hash table entries: 32768 (order: 7, 524288 bytes)
<6>[    0.198119] TCP: Hash tables configured (established 32768 bind 32768)
<6>[    0.198134] TCP: reno registered
<6>[    0.198142] UDP hash table entries: 2048 (order: 4, 65536 bytes)
<6>[    0.198155] UDP-Lite hash table entries: 2048 (order: 4, 65536 bytes)
<6>[    0.198200] NET: Registered protocol family 1
<7>[    0.198214] pci 0000:00:02.0: Video device with shadowed ROM
<7>[    0.198542] PCI: CLS 64 bytes, default 64
<6>[    0.198589] Trying to unpack rootfs image as initramfs...
<6>[    0.487240] Freeing initrd memory: 19340K (ffff88003ed18000 - ffff88003fffb000)
<6>[    0.487276] PCI-DMA: Using software bounce buffering for IO (SWIOTLB)
<6>[    0.487278] software IO TLB [mem 0xd549f000-0xd949f000] (64MB) mapped at [ffff8800d549f000-ffff8800d949efff]
<6>[    0.487454] RAPL PMU detected, hw unit 2^-14 Joules, API unit is 2^-32 Joules, 4 fixed counters 655360 ms ovfl timer
<6>[    0.487503] microcode: CPU0 sig=0x40651, pf=0x40, revision=0x1c
<6>[    0.487510] microcode: CPU1 sig=0x40651, pf=0x40, revision=0x1c
<6>[    0.487515] microcode: CPU2 sig=0x40651, pf=0x40, revision=0x1c
<6>[    0.487520] microcode: CPU3 sig=0x40651, pf=0x40, revision=0x1c
<6>[    0.487566] microcode: Microcode Update Driver: v2.00 <tigran@aivazian.fsnet.co.uk>, Peter Oruba
<6>[    0.487589] Scanning for low memory corruption every 60 seconds
<6>[    0.487855] futex hash table entries: 1024 (order: 4, 65536 bytes)
<5>[    0.487872] Initialise system trusted keyring
<6>[    0.487894] audit: initializing netlink subsys (disabled)
<5>[    0.487905] audit: type=2000 audit(1454749390.480:1): initialized
<6>[    0.488205] HugeTLB registered 2 MB page size, pre-allocated 0 pages
<6>[    0.489442] zpool: loaded
<6>[    0.489444] zbud: loaded
<5>[    0.489586] VFS: Disk quotas dquot_6.5.2
<6>[    0.489614] VFS: Dquot-cache hash table entries: 512 (order 0, 4096 bytes)
<6>[    0.489985] fuse init (API version 7.23)
<5>[    0.490106] Key type big_key registered
<5>[    0.490406] Key type asymmetric registered
<5>[    0.490408] Asymmetric key parser 'x509' registered
<6>[    0.490437] Block layer SCSI generic (bsg) driver version 0.4 loaded (major 252)
<6>[    0.490469] io scheduler noop registered
<6>[    0.490472] io scheduler deadline registered (default)
<6>[    0.490499] io scheduler cfq registered
<6>[    0.490971] pcieport 0000:00:1c.0: Signaling PME through PCIe PME interrupt
<7>[    0.490975] pcie_pme 0000:00:1c.0:pcie01: service driver pcie_pme loaded
<6>[    0.490988] pcieport 0000:00:1c.2: Signaling PME through PCIe PME interrupt
<6>[    0.490989] pci 0000:02:00.0: Signaling PME through PCIe PME interrupt
<7>[    0.490992] pcie_pme 0000:00:1c.2:pcie01: service driver pcie_pme loaded
<6>[    0.491005] pcieport 0000:00:1c.3: Signaling PME through PCIe PME interrupt
<6>[    0.491007] pci 0000:03:00.0: Signaling PME through PCIe PME interrupt
<7>[    0.491009] pcie_pme 0000:00:1c.3:pcie01: service driver pcie_pme loaded
<6>[    0.491015] pci_hotplug: PCI Hot Plug PCI Core version: 0.5
<6>[    0.491048] pciehp 0000:00:1c.0:pcie04: Slot #0 AttnBtn- AttnInd- PwrInd- PwrCtrl- MRL- Interlock- NoCompl+ LLActRep+
<7>[    0.491071] pciehp 0000:00:1c.0:pcie04: service driver pciehp loaded
<6>[    0.491075] pciehp: PCI Express Hot Plug Controller Driver version: 0.4
<6>[    0.491108] efifb: probing for efifb
<6>[    0.491142] efifb: framebuffer at 0xe0000000, mapped to 0xffffc90004780000, using 22500k, total 22500k
<6>[    0.491143] efifb: mode is 3200x1800x32, linelength=12800, pages=1
<6>[    0.491144] efifb: scrolling: redraw
<6>[    0.491145] efifb: Truecolor: size=8:8:8:8, shift=24:16:8:0
<6>[    0.491251] Console: switching to colour frame buffer device 400x112
<6>[    0.491300] fb0: EFI VGA frame buffer device
<7>[    0.491309] intel_idle: MWAIT substates: 0x11142120
<7>[    0.491310] intel_idle: v0.4 model 0x45
<7>[    0.491311] intel_idle: lapic_timer_reliable_states 0xffffffff
<6>[    0.491562] ACPI: AC Adapter [ADP1] (off-line)
<6>[    0.491640] input: Lid Switch as /devices/LNXSYSTM:00/LNXSYBUS:00/PNP0C0D:00/input/input0
<6>[    0.491652] ACPI: Lid Switch [LID0]
<6>[    0.491681] input: Power Button as /devices/LNXSYSTM:00/LNXSYBUS:00/PNP0C0C:00/input/input1
<6>[    0.491684] ACPI: Power Button [PWRB]
<6>[    0.491713] input: Power Button as /devices/LNXSYSTM:00/LNXPWRBN:00/input/input2
<6>[    0.491715] ACPI: Power Button [PWRF]
<4>[    0.492181] ACPI: Invalid active2 threshold
<6>[    0.492549] thermal LNXTHERM:00: registered as thermal_zone0
<6>[    0.492550] ACPI: Thermal Zone [TZ00] (35 C)
<6>[    0.493137] thermal LNXTHERM:01: registered as thermal_zone1
<6>[    0.493139] ACPI: Thermal Zone [TZ01] (35 C)
<6>[    0.493183] GHES: HEST is not enabled!
<6>[    0.493283] Serial: 8250/16550 driver, 32 ports, IRQ sharing enabled
<6>[    0.502749] Linux agpgart interface v0.103
<6>[    0.503036] tpm_tis 00:06: 1.2 TPM (device-id 0xB, rev-id 16)
<6>[    0.606220] ACPI: Battery Slot [BAT1] (battery present)
<6>[    0.742604] brd: module loaded
<6>[    0.743234] loop: module loaded
<6>[    0.743404] libphy: Fixed MDIO Bus: probed
<6>[    0.743408] tun: Universal TUN/TAP device driver, 1.6
<6>[    0.743408] tun: (C) 1999-2004 Max Krasnyansky <maxk@qualcomm.com>
<6>[    0.743450] PPP generic driver version 2.4.2
<6>[    0.743591] xhci_hcd 0000:00:14.0: xHCI Host Controller
<6>[    0.743596] xhci_hcd 0000:00:14.0: new USB bus registered, assigned bus number 1
<7>[    0.744652] xhci_hcd 0000:00:14.0: cache line size of 64 is not supported
<6>[    0.744712] usb usb1: New USB device found, idVendor=1d6b, idProduct=0002
<6>[    0.744713] usb usb1: New USB device strings: Mfr=3, Product=2, SerialNumber=1
<6>[    0.744714] usb usb1: Product: xHCI Host Controller
<6>[    0.744716] usb usb1: Manufacturer: Linux 3.19.0-49-generic xhci-hcd
<6>[    0.744717] usb usb1: SerialNumber: 0000:00:14.0
<6>[    0.744806] hub 1-0:1.0: USB hub found
<6>[    0.744814] hub 1-0:1.0: 9 ports detected
<6>[    0.746788] xhci_hcd 0000:00:14.0: xHCI Host Controller
<6>[    0.746791] xhci_hcd 0000:00:14.0: new USB bus registered, assigned bus number 2
<6>[    0.746814] usb usb2: New USB device found, idVendor=1d6b, idProduct=0003
<6>[    0.746815] usb usb2: New USB device strings: Mfr=3, Product=2, SerialNumber=1
<6>[    0.746816] usb usb2: Product: xHCI Host Controller
<6>[    0.746817] usb usb2: Manufacturer: Linux 3.19.0-49-generic xhci-hcd
<6>[    0.746818] usb usb2: SerialNumber: 0000:00:14.0
<6>[    0.746900] hub 2-0:1.0: USB hub found
<6>[    0.746906] hub 2-0:1.0: 4 ports detected
<6>[    0.747578] ehci_hcd: USB 2.0 'Enhanced' Host Controller (EHCI) Driver
<6>[    0.747582] ehci-pci: EHCI PCI platform driver
<6>[    0.747654] ehci-pci 0000:00:1d.0: EHCI Host Controller
<6>[    0.747658] ehci-pci 0000:00:1d.0: new USB bus registered, assigned bus number 3
<6>[    0.747668] ehci-pci 0000:00:1d.0: debug port 2
<7>[    0.751558] ehci-pci 0000:00:1d.0: cache line size of 64 is not supported
<6>[    0.751570] ehci-pci 0000:00:1d.0: irq 23, io mem 0xf7e1b000
<6>[    0.761116] ehci-pci 0000:00:1d.0: USB 2.0 started, EHCI 1.00
<6>[    0.761160] usb usb3: New USB device found, idVendor=1d6b, idProduct=0002
<6>[    0.761162] usb usb3: New USB device strings: Mfr=3, Product=2, SerialNumber=1
<6>[    0.761164] usb usb3: Product: EHCI Host Controller
<6>[    0.761166] usb usb3: Manufacturer: Linux 3.19.0-49-generic ehci_hcd
<6>[    0.761168] usb usb3: SerialNumber: 0000:00:1d.0
<6>[    0.761304] hub 3-0:1.0: USB hub found
<6>[    0.761311] hub 3-0:1.0: 2 ports detected
<6>[    0.761443] ehci-platform: EHCI generic platform driver
<6>[    0.761455] ohci_hcd: USB 1.1 'Open' Host Controller (OHCI) Driver
<6>[    0.761461] ohci-pci: OHCI PCI platform driver
<6>[    0.761475] ohci-platform: OHCI generic platform driver
<6>[    0.761484] uhci_hcd: USB Universal Host Controller Interface driver
<6>[    0.761549] i8042: PNP: PS/2 Controller [PNP0303:PS2K,PNP0f03:PS2M] at 0x60,0x64 irq 1,12
<6>[    0.770064] serio: i8042 KBD port at 0x60,0x64 irq 1
<6>[    0.770067] serio: i8042 AUX port at 0x60,0x64 irq 12
<6>[    0.770174] mousedev: PS/2 mouse device common for all mice
<6>[    0.770510] rtc_cmos 00:01: RTC can wake from S4
<6>[    0.770622] rtc_cmos 00:01: rtc core: registered rtc_cmos as rtc0
<6>[    0.770650] rtc_cmos 00:01: alarms up to one month, y3k, 242 bytes nvram, hpet irqs
<6>[    0.770658] i2c /dev entries driver
<6>[    0.770709] device-mapper: uevent: version 1.0.3
<6>[    0.770803] device-mapper: ioctl: 4.29.0-ioctl (2014-10-28) initialised: dm-devel@redhat.com
<6>[    0.770826] Intel P-state driver initializing.
<6>[    0.770948] Consider also installing thermald for improved thermal control.
<6>[    0.770952] ledtrig-cpu: registered to indicate activity on CPUs
<6>[    0.770976] EFI Variables Facility v0.08 2004-May-17
<4>[    0.774196] PCCT header not found.
<6>[    0.774274] TCP: cubic registered
<6>[    0.774356] NET: Registered protocol family 10
<6>[    0.774556] NET: Registered protocol family 17
<5>[    0.774569] Key type dns_resolver registered
<5>[    0.774883] Loading compiled-in X.509 certificates
<5>[    0.775750] Loaded X.509 cert 'Magrathea: Glacier signing key: a932dc237895a44d3959bf91a3566a20ee211f37'
<6>[    0.775763] registered taskstats version 1
<5>[    0.777743] Key type trusted registered
<6>[    0.779141] input: AT Translated Set 2 keyboard as /devices/platform/i8042/serio0/input/input3
<5>[    0.781420] Key type encrypted registered
<6>[    0.781427] AppArmor: AppArmor sha1 policy hashing enabled
<6>[    1.057014] usb 1-2: new full-speed USB device number 2 using xhci_hcd
<6>[    1.072998] usb 3-1: new high-speed USB device number 2 using ehci-pci
<6>[    1.188550] usb 1-2: New USB device found, idVendor=046d, idProduct=c52b
<6>[    1.188554] usb 1-2: New USB device strings: Mfr=1, Product=2, SerialNumber=0
<6>[    1.188557] usb 1-2: Product: USB Receiver
<6>[    1.188559] usb 1-2: Manufacturer: Logitech
<6>[    1.205299] usb 3-1: New USB device found, idVendor=8087, idProduct=8000
<6>[    1.205304] usb 3-1: New USB device strings: Mfr=0, Product=0, SerialNumber=0
<6>[    1.205698] hub 3-1:1.0: USB hub found
<6>[    1.205889] hub 3-1:1.0: 8 ports detected
<6>[    1.332949] evm: HMAC attrs: 0x1
<6>[    1.333577]   Magic number: 4:889:69
<6>[    1.333706] rtc_cmos 00:01: setting system clock to 2016-02-06 09:03:11 UTC (1454749391)
<6>[    1.333852] BIOS EDD facility v0.16 2004-Jun-25, 0 devices found
<6>[    1.333854] EDD information not available.
<7>[    1.333966] PM: Hibernation image not present or could not be loaded.
<6>[    1.334342] Freeing unused kernel memory: 1408K (ffffffff81d27000 - ffffffff81e87000)
<6>[    1.334344] Write protecting the kernel read-only data: 12288k
<6>[    1.334628] Freeing unused kernel memory: 256K (ffff8800017c0000 - ffff880001800000)
<6>[    1.334739] Freeing unused kernel memory: 336K (ffff880001bac000 - ffff880001c00000)
<30>[    1.347078] systemd-udevd[121]: starting version 204
<6>[    1.356874] usb 1-4: new full-speed USB device number 3 using xhci_hcd
<6>[    1.359505] sdhci: Secure Digital Host Controller Interface driver
<6>[    1.359509] sdhci: Copyright(c) Pierre Ossman
<6>[    1.374057] r8169 Gigabit Ethernet driver 2.3LK-NAPI loaded
<4>[    1.374067] r8169 0000:03:00.0: can't disable ASPM; OS doesn't have ASPM control
<7>[    1.374772] ahci 0000:00:1f.2: version 3.0
<6>[    1.381843] r8169 0000:03:00.0 eth0: RTL8168g/8111g at 0xffffc90000660000, 18:67:b0:ce:3d:38, XID 0c000800 IRQ 45
<6>[    1.381846] r8169 0000:03:00.0 eth0: jumbo features [frames: 9200 bytes, tx checksumming: ko]
<6>[    1.388786] ahci 0000:00:1f.2: AHCI 0001.0300 32 slots 4 ports 6 Gbps 0x1 impl SATA mode
<6>[    1.388793] ahci 0000:00:1f.2: flags: 64bit ncq pm led clo only pio slum part deso sadm sds apst 
<6>[    1.389326] scsi host0: ahci
<6>[    1.389473] scsi host1: ahci
<6>[    1.389680] scsi host2: ahci
<6>[    1.390395] scsi host3: ahci
<6>[    1.390470] ata1: SATA max UDMA/133 abar m2048@0xf7e1a000 port 0xf7e1a100 irq 44
<6>[    1.390473] ata2: DUMMY
<6>[    1.390475] ata3: DUMMY
<6>[    1.390476] ata4: DUMMY
<6>[    1.484728] tsc: Refined TSC clocksource calibration: 2294.688 MHz
<6>[    1.486155] usb 1-4: New USB device found, idVendor=8087, idProduct=07dc
<6>[    1.486160] usb 1-4: New USB device strings: Mfr=0, Product=0, SerialNumber=0
<6>[    1.652680] usb 1-5: new high-speed USB device number 4 using xhci_hcd
<6>[    1.708662] ata1: SATA link up 6.0 Gbps (SStatus 133 SControl 300)
<7>[    1.709131] ata1.00: ACPI cmd ef/10:09:00:00:00:b0 (SET FEATURES) succeeded
<6>[    1.709466] ata1.00: ATA-9: TOSHIBA THNSNH256G8NT, HTBAN103, max UDMA/100
<6>[    1.709471] ata1.00: 500118192 sectors, multi 16: LBA48 NCQ (depth 31/32), AA
<7>[    1.710282] ata1.00: ACPI cmd ef/10:09:00:00:00:b0 (SET FEATURES) succeeded
<6>[    1.710887] ata1.00: configured for UDMA/100
<5>[    1.711064] scsi 0:0:0:0: Direct-Access     ATA      TOSHIBA THNSNH25 N103 PQ: 0 ANSI: 5
<5>[    1.711429] sd 0:0:0:0: [sda] 500118192 512-byte logical blocks: (256 GB/238 GiB)
<5>[    1.711439] sd 0:0:0:0: Attached scsi generic sg0 type 0
<5>[    1.711472] sd 0:0:0:0: [sda] Write Protect is off
<7>[    1.711475] sd 0:0:0:0: [sda] Mode Sense: 00 3a 00 00
<5>[    1.711486] sd 0:0:0:0: [sda] Write cache: enabled, read cache: enabled, doesn't support DPO or FUA
<6>[    1.712600]  sda: sda1 sda2 sda3 sda4 sda5 sda6 sda7 sda8 sda9
<5>[    1.713142] sd 0:0:0:0: [sda] Attached SCSI disk
<6>[    1.761912] EXT4-fs (sda9): mounted filesystem with ordered data mode. Opts: (null)
<6>[    1.810189] usb 1-5: New USB device found, idVendor=2232, idProduct=1049
<6>[    1.810194] usb 1-5: New USB device strings: Mfr=3, Product=1, SerialNumber=2
<6>[    1.810196] usb 1-5: Product: WebCam SC-10HDP12B24N
<6>[    1.810198] usb 1-5: Manufacturer: Generic
<6>[    1.810200] usb 1-5: SerialNumber: 200901010001
<6>[    1.959043] psmouse serio1: elantech: assuming hardware version 4 (with firmware version 0x575f01)
<6>[    1.973038] psmouse serio1: elantech: Synaptics capabilities query result 0x40, 0x14, 0x0d.
<6>[    1.976500] usb 1-7: new full-speed USB device number 5 using xhci_hcd
<6>[    2.049516] input: ETPS/2 Elantech Touchpad as /devices/platform/i8042/serio1/input/input6
<6>[    2.105950] usb 1-7: New USB device found, idVendor=04f3, idProduct=0089
<6>[    2.105955] usb 1-7: New USB device strings: Mfr=4, Product=14, SerialNumber=0
<6>[    2.105957] usb 1-7: Product: Touchscreen
<6>[    2.105959] usb 1-7: Manufacturer: ELAN
<4>[    2.106188] usb 1-7: ep 0x2 - rounding interval to 64 microframes, ep desc says 80 microframes
<5>[    2.163777] random: init urandom read with 32 bits of entropy available
<12>[    2.188080] init: plymouth-upstart-bridge main process (187) terminated with status 1
<12>[    2.188089] init: plymouth-upstart-bridge main process ended, respawning
<12>[    2.193511] init: plymouth-upstart-bridge main process (197) terminated with status 1
<12>[    2.193521] init: plymouth-upstart-bridge main process ended, respawning
<12>[    2.196980] init: plymouth-upstart-bridge main process (200) terminated with status 1
<12>[    2.196990] init: plymouth-upstart-bridge main process ended, respawning
<12>[    2.201478] init: plymouth-upstart-bridge main process (210) terminated with status 1
<12>[    2.201487] init: plymouth-upstart-bridge main process ended, respawning
<6>[    2.300716] Adding 4666364k swap on /dev/sda8.  Priority:-1 extents:1 across:4666364k SSFS
<6>[    2.379620] EXT4-fs (sda9): re-mounted. Opts: errors=remount-ro
<30>[    2.394214] systemd-udevd[390]: starting version 204
<6>[    2.434618] lp: driver loaded but no devices found
<6>[    2.442784] ppdev: user-space parallel port driver
<6>[    2.484228] Switched to clocksource tsc
<5>[    2.516762] random: nonblocking pool is initialized
<6>[    2.536288] hidraw: raw HID events driver (C) Jiri Kosina
<6>[    2.596707] wmi: Mapper loaded
<6>[    2.709180] Bluetooth: Core ver 2.20
<6>[    2.709202] NET: Registered protocol family 31
<6>[    2.709204] Bluetooth: HCI device and connection manager initialized
<6>[    2.709208] Bluetooth: HCI socket layer initialized
<6>[    2.709211] Bluetooth: L2CAP socket layer initialized
<6>[    2.709216] Bluetooth: SCO socket layer initialized
<6>[    2.714283] [drm] Initialized drm 1.1.0 20060810
<6>[    2.722184] snd_hda_intel 0000:00:03.0: enabling device (0000 -> 0002)
<6>[    2.722395] snd_hda_intel 0000:00:1b.0: enabling device (0000 -> 0002)
<6>[    2.729578] Bluetooth: BNEP (Ethernet Emulation) ver 1.3
<6>[    2.729582] Bluetooth: BNEP filters: protocol multicast
<6>[    2.729586] Bluetooth: BNEP socket layer initialized
<6>[    2.744671] usbcore: registered new interface driver btusb
<6>[    2.746744] sound hdaudioC1D0: autoconfig: line_outs=1 (0x14/0x0/0x0/0x0/0x0) type:speaker
<6>[    2.746748] sound hdaudioC1D0:    speaker_outs=0 (0x0/0x0/0x0/0x0/0x0)
<6>[    2.746751] sound hdaudioC1D0:    hp_outs=1 (0x21/0x0/0x0/0x0/0x0)
<6>[    2.746753] sound hdaudioC1D0:    mono: mono_out=0x0
<6>[    2.746755] sound hdaudioC1D0:    inputs:
<6>[    2.746758] sound hdaudioC1D0:      Mic=0x18
<6>[    2.746761] sound hdaudioC1D0:      Internal Mic=0x12
<6>[    2.747421] shpchp: Standard Hot Plug PCI Controller Driver version: 0.4
<6>[    2.757558] input: HDA Intel PCH Mic as /devices/pci0000:00/0000:00:1b.0/sound/card1/input7
<6>[    2.757699] input: HDA Intel PCH Headphone as /devices/pci0000:00/0000:00:1b.0/sound/card1/input8
<6>[    2.762069] Bluetooth: RFCOMM TTY layer initialized
<6>[    2.762077] Bluetooth: RFCOMM socket layer initialized
<6>[    2.762083] Bluetooth: RFCOMM ver 1.11
<6>[    2.764826] [drm] Memory usable by graphics device = 2048M
<7>[    2.764831] checking generic (e0000000 15f9000) vs hw (e0000000 10000000)
<6>[    2.764833] fb: switching to inteldrmfb from EFI VGA
<6>[    2.764879] Console: switching to colour dummy device 80x25
<6>[    2.764981] [drm] Replacing VGA console driver
<6>[    2.767866] cfg80211: Calling CRDA to update world regulatory domain
<6>[    2.781849] Bluetooth: hci0: read Intel version: 370710018002030d00
<6>[    2.787969] usbcore: registered new interface driver usbhid
<6>[    2.787974] usbhid: USB HID core driver
<6>[    2.788502] [drm] Supports vblank timestamp caching Rev 2 (21.10.2013).
<6>[    2.788505] [drm] Driver supports precise vblank timestamp query.
<6>[    2.788615] vgaarb: device changed decodes: PCI:0000:00:02.0,olddecodes=io+mem,decodes=io+mem:owns=io+mem
<6>[    2.789694] Bluetooth: hci0: Intel Bluetooth firmware file: intel/ibt-hw-37.7.10-fw-1.80.2.3.d.bseq
<5>[    2.804966] audit: type=1400 audit(1454745792.967:2): apparmor="STATUS" operation="profile_load" profile="unconfined" name="/usr/lib/cups/backend/cups-pdf" pid=606 comm="apparmor_parser"
<5>[    2.804974] audit: type=1400 audit(1454745792.967:3): apparmor="STATUS" operation="profile_load" profile="unconfined" name="/usr/sbin/cupsd" pid=606 comm="apparmor_parser"
<5>[    2.805678] audit: type=1400 audit(1454745792.967:4): apparmor="STATUS" operation="profile_replace" profile="unconfined" name="/usr/sbin/cupsd" pid=606 comm="apparmor_parser"
<6>[    2.810431] Intel(R) Wireless WiFi driver for Linux, in-tree:
<6>[    2.810435] Copyright(c) 2003- 2014 Intel Corporation
<6>[    2.810529] iwlwifi 0000:02:00.0: enabling device (0000 -> 0002)
<6>[    2.824680] iwlwifi 0000:02:00.0: loaded firmware version 25.17.12.0 op_mode iwlmvm
<5>[    2.837735] audit: type=1400 audit(1454745792.999:5): apparmor="STATUS" operation="profile_load" profile="unconfined" name="/sbin/dhclient" pid=619 comm="apparmor_parser"
<5>[    2.837745] audit: type=1400 audit(1454745792.999:6): apparmor="STATUS" operation="profile_load" profile="unconfined" name="/usr/lib/NetworkManager/nm-dhcp-client.action" pid=619 comm="apparmor_parser"
<5>[    2.837751] audit: type=1400 audit(1454745792.999:7): apparmor="STATUS" operation="profile_load" profile="unconfined" name="/usr/lib/connman/scripts/dhclient-script" pid=619 comm="apparmor_parser"
<5>[    2.838692] audit: type=1400 audit(1454745792.999:8): apparmor="STATUS" operation="profile_replace" profile="unconfined" name="/usr/lib/NetworkManager/nm-dhcp-client.action" pid=619 comm="apparmor_parser"
<5>[    2.838701] audit: type=1400 audit(1454745792.999:9): apparmor="STATUS" operation="profile_replace" profile="unconfined" name="/usr/lib/connman/scripts/dhclient-script" pid=619 comm="apparmor_parser"
<5>[    2.839133] audit: type=1400 audit(1454745792.999:10): apparmor="STATUS" operation="profile_replace" profile="unconfined" name="/usr/lib/connman/scripts/dhclient-script" pid=619 comm="apparmor_parser"
<6>[    2.859693] media: Linux media interface: v0.10
<6>[    2.870458] iwlwifi 0000:02:00.0: Detected Intel(R) Dual Band Wireless N 7260, REV=0x144
<6>[    2.870617] iwlwifi 0000:02:00.0: L1 Enabled - LTR Enabled
<6>[    2.870706] Linux video capture interface: v2.00
<6>[    2.871014] iwlwifi 0000:02:00.0: L1 Enabled - LTR Enabled
<6>[    2.881305] AVX2 version of gcm_enc/dec engaged.
<6>[    2.881309] AES CTR mode by8 optimization enabled
<6>[    2.902641] ACPI: Video Device [GFX0] (multi-head: yes  rom: no  post: no)
<6>[    2.903408] input: Video Bus as /devices/LNXSYSTM:00/LNXSYBUS:00/PNP0A08:00/LNXVIDEO:00/input/input9
<6>[    2.907161] snd_hda_intel 0000:00:03.0: bound 0000:00:02.0 (ops i915_audio_component_bind_ops [i915])
<6>[    2.907178] [drm] Initialized i915 1.6.0 20141121 for 0000:00:02.0 on minor 0
<12>[    2.908476] init: cups main process (608) killed by HUP signal
<12>[    2.908488] init: cups main process ended, respawning
<6>[    2.909365] uvcvideo: Found UVC 1.00 device WebCam SC-10HDP12B24N (2232:1049)
<6>[    2.914796] fbcon: inteldrmfb (fb0) is primary device
<6>[    2.915071] Console: switching to colour frame buffer device 400x112
<6>[    2.915163] i915 0000:00:02.0: fb0: inteldrmfb frame buffer device
<6>[    2.915165] i915 0000:00:02.0: registered panic notifier
<6>[    2.916659] input: WebCam SC-10HDP12B24N as /devices/pci0000:00/0000:00:14.0/usb1/1-5/1-5:1.0/input/input10
<6>[    2.916792] usbcore: registered new interface driver uvcvideo
<6>[    2.916794] USB Video Class driver (1.1.1)
<6>[    2.929765] Bluetooth: hci0: Intel Bluetooth firmware patch completed and activated
<6>[    2.934777] input: HDA Intel HDMI HDMI/DP,pcm=3 as /devices/pci0000:00/0000:00:03.0/sound/card0/input11
<6>[    3.034414] input: ELAN Touchscreen as /devices/pci0000:00/0000:00:14.0/usb1/1-7/1-7:1.0/0003:04F3:0089.0004/input/input12
<6>[    3.044564] cfg80211: World regulatory domain updated:
<6>[    3.044569] cfg80211:  DFS Master region: unset
<6>[    3.044571] cfg80211:   (start_freq - end_freq @ bandwidth), (max_antenna_gain, max_eirp), (dfs_cac_time)
<6>[    3.044574] cfg80211:   (2402000 KHz - 2472000 KHz @ 40000 KHz), (300 mBi, 2000 mBm), (N/A)
<6>[    3.044576] cfg80211:   (2457000 KHz - 2482000 KHz @ 40000 KHz), (300 mBi, 2000 mBm), (N/A)
<6>[    3.044578] cfg80211:   (2474000 KHz - 2494000 KHz @ 20000 KHz), (300 mBi, 2000 mBm), (N/A)
<6>[    3.044580] cfg80211:   (5170000 KHz - 5250000 KHz @ 40000 KHz), (300 mBi, 2000 mBm), (N/A)
<6>[    3.044582] cfg80211:   (5735000 KHz - 5835000 KHz @ 40000 KHz), (300 mBi, 2000 mBm), (N/A)
<6>[    3.055362] logitech-djreceiver 0003:046D:C52B.0003: hiddev0,hidraw0: USB HID v1.11 Device [Logitech USB Receiver] on usb-0000:00:14.0-2/input2
<6>[    3.056635] hid-multitouch 0003:04F3:0089.0004: input,hiddev0,hidraw1: USB HID v1.10 Device [ELAN Touchscreen] on usb-0000:00:14.0-7/input0
<12>[    3.088739] init: failsafe main process (709) killed by TERM signal
<7>[    3.094565] ieee80211 phy0: Selected rate control algorithm 'iwl-mvm-rs'
<6>[    3.152243] intel_rapl: Found RAPL domain package
<6>[    3.152249] intel_rapl: Found RAPL domain core
<6>[    3.152254] intel_rapl: Found RAPL domain uncore
<6>[    3.152256] intel_rapl: Found RAPL domain dram
<6>[    3.175830] input: Logitech MX Master as /devices/pci0000:00/0000:00:14.0/usb1/1-2/1-2:1.2/0003:046D:C52B.0003/0003:046D:4041.0005/input/input14
<6>[    3.175986] logitech-hidpp-device 0003:046D:4041.0005: input,hidraw2: USB HID v1.11 Keyboard [Logitech MX Master] on usb-0000:00:14.0-2:1
<6>[    3.421218] iwlwifi 0000:02:00.0: L1 Enabled - LTR Enabled
<6>[    3.421547] iwlwifi 0000:02:00.0: L1 Enabled - LTR Enabled
<6>[    3.448053] IPv6: ADDRCONF(NETDEV_UP): wlan0: link is not ready
<6>[    3.518124] r8169 0000:03:00.0 eth0: link down
<6>[    3.518165] IPv6: ADDRCONF(NETDEV_UP): eth0: link is not ready
<12>[    5.117990] init: plymouth-upstart-bridge main process ended, respawning
<12>[    5.123758] init: plymouth-upstart-bridge main process (1234) terminated with status 1
<12>[    5.123771] init: plymouth-upstart-bridge main process ended, respawning
<4>[    5.153896] cgroup: systemd-logind (579) created nested cgroup for controller "memory" which has incomplete hierarchy support. Nested cgroups may change behavior in the future.
<4>[    5.153900] cgroup: "memory" requires setting use_hierarchy to 1 on the root
<12>[    5.813271] init: anacron main process (1093) killed by TERM signal
<6>[    6.948987] wlan0: authenticate with 00:24:d4:9a:aa:60
<6>[    6.952654] wlan0: send auth to 00:24:d4:9a:aa:60 (try 1/3)
<6>[    6.954468] wlan0: authenticated
<6>[    6.957680] wlan0: associate with 00:24:d4:9a:aa:60 (try 1/3)
<6>[    6.960371] wlan0: RX AssocResp from 00:24:d4:9a:aa:60 (capab=0x411 status=0 aid=7)
<6>[    6.961396] wlan0: associated
<6>[    6.961436] IPv6: ADDRCONF(NETDEV_CHANGE): wlan0: link becomes ready
<12>[    7.082825] init: plymouth-stop pre-start process (1680) terminated with status 1
<6>[    8.215964] aufs 3.x-rcN-20150105
<6>[    8.225987] bridge: automatic filtering via arp/ip/ip6tables has been deprecated. Update your scripts to load br_netfilter if you need this.
<6>[    8.228967] nf_conntrack version 0.5.0 (16384 buckets, 65536 max)
<6>[    8.232302] IPv6: ADDRCONF(NETDEV_UP): docker0: link is not ready
<6>[    8.241354] ip_tables: (C) 2000-2006 Netfilter Core Team
<4>[    8.478722] audit_printk_skb: 156 callbacks suppressed
<5>[    8.478725] audit: type=1400 audit(1454745798.643:63): apparmor="STATUS" operation="profile_replace" profile="unconfined" name="docker-default" pid=1929 comm="apparmor_parser"
<5>[   32.876933] audit: type=1400 audit(1454745823.050:64): apparmor="STATUS" operation="profile_replace" profile="unconfined" name="/usr/lib/cups/backend/cups-pdf" pid=2062 comm="apparmor_parser"
<5>[   32.876942] audit: type=1400 audit(1454745823.050:65): apparmor="STATUS" operation="profile_replace" profile="unconfined" name="/usr/sbin/cupsd" pid=2062 comm="apparmor_parser"
<5>[   32.877273] audit: type=1400 audit(1454745823.050:66): apparmor="STATUS" operation="profile_replace" profile="unconfined" name="/usr/sbin/cupsd" pid=2062 comm="apparmor_parser"
<4>[  182.553893] FAT-fs (dm-0): Volume was not properly unmounted. Some data may be corrupt. Please run fsck.
<28>[  182.678663] systemd-hostnamed[3088]: Warning: nss-myhostname is not installed. Changing the local hostname might make it unresolveable. Please install nss-myhostname!
<12>[  459.201075] init: anacron main process (3481) killed by TERM signal
<4>[  462.957580] i915 0000:00:02.0: BAR 6: [??? 0x00000000 flags 0x2] has bogus alignment
<7>[  462.957894] pci_bus 0000:01: Allocating resources
<7>[  462.957909] pci_bus 0000:02: Allocating resources
<7>[  462.957974] pcieport 0000:00:1c.2: bridge window [io  0x1000-0x0fff] to [bus 02] add_size 1000
<7>[  462.957979] pcieport 0000:00:1c.2: bridge window [mem 0x00100000-0x000fffff 64bit pref] to [bus 02] add_size 200000
<7>[  462.957986] pci_bus 0000:03: Allocating resources
<4>[  462.957998] i915 0000:00:02.0: BAR 6: [??? 0x00000000 flags 0x2] has bogus alignment
<7>[  462.958004] pcieport 0000:00:1c.2: res[15]=[mem 0x00100000-0x000fffff 64bit pref] get_res_add_size add_size 200000
<7>[  462.958006] pcieport 0000:00:1c.2: res[13]=[io  0x1000-0x0fff] get_res_add_size add_size 1000
<6>[  462.958019] pcieport 0000:00:1c.2: BAR 15: assigned [mem 0xdf600000-0xdf7fffff 64bit pref]
<6>[  462.958025] pcieport 0000:00:1c.2: BAR 13: assigned [io  0x3000-0x3fff]
<4>[  462.958131] i915 0000:00:02.0: BAR 6: [??? 0x00000000 flags 0x2] has bogus alignment
<4>[  462.958354] i915 0000:00:02.0: BAR 6: [??? 0x00000000 flags 0x2] has bogus alignment
<4>[  462.958374] i915 0000:00:02.0: BAR 6: [??? 0x00000000 flags 0x2] has bogus alignment
<4>[  462.958500] acpi device:38: Cannot transition to power state D3cold for parent in (unknown)
<4>[  462.964954] i915 0000:00:02.0: BAR 6: [??? 0x00000000 flags 0x2] has bogus alignment
<4>[  462.965162] i915 0000:00:02.0: BAR 6: [??? 0x00000000 flags 0x2] has bogus alignment
<6>[  463.159073] wlan0: deauthenticating from 00:24:d4:9a:aa:60 by local choice (Reason: 3=DEAUTH_LEAVING)
<6>[  463.165460] cfg80211: Calling CRDA to update world regulatory domain
<6>[  463.175125] cfg80211: World regulatory domain updated:
<6>[  463.175132] cfg80211:  DFS Master region: unset
<6>[  463.175135] cfg80211:   (start_freq - end_freq @ bandwidth), (max_antenna_gain, max_eirp), (dfs_cac_time)
<6>[  463.175141] cfg80211:   (2402000 KHz - 2472000 KHz @ 40000 KHz), (300 mBi, 2000 mBm), (N/A)
<6>[  463.175145] cfg80211:   (2457000 KHz - 2482000 KHz @ 40000 KHz), (300 mBi, 2000 mBm), (N/A)
<6>[  463.175149] cfg80211:   (2474000 KHz - 2494000 KHz @ 20000 KHz), (300 mBi, 2000 mBm), (N/A)
<6>[  463.175153] cfg80211:   (5170000 KHz - 5250000 KHz @ 40000 KHz), (300 mBi, 2000 mBm), (N/A)
<6>[  463.175157] cfg80211:   (5735000 KHz - 5835000 KHz @ 40000 KHz), (300 mBi, 2000 mBm), (N/A)
<12>[  468.235577] init: anacron main process (3915) killed by TERM signal
<6>[  468.289946] PM: Syncing filesystems ... done.
<7>[  468.295676] PM: Preparing system for mem sleep
<4>[  468.296064] Freezing user space processes ... (elapsed 0.001 seconds) done.
<4>[  468.297865] Freezing remaining freezable tasks ... (elapsed 0.001 seconds) done.
<7>[  468.299058] PM: Entering mem sleep
<4>[  468.299077] Suspending console(s) (use no_console_suspend to debug)
<5>[  468.300876] sd 0:0:0:0: [sda] Synchronizing SCSI cache
<5>[  468.300989] sd 0:0:0:0: [sda] Stopping disk
<6>[  468.433733] PM: suspend of devices complete after 134.566 msecs
<6>[  468.481762] PM: late suspend of devices complete after 48.049 msecs
<6>[  468.484305] r8169 0000:03:00.0: System wakeup enabled by ACPI
<6>[  468.498110] PM: noirq suspend of devices complete after 16.352 msecs
<6>[  468.498479] ACPI: Preparing to enter system sleep state S3
<6>[  468.545677] PM: Saving platform NVS memory
<6>[  468.545711] Disabling non-boot CPUs ...
<6>[  468.545749] intel_pstate CPU 1 exiting
<5>[  468.545978] Broke affinity for irq 48
<6>[  468.546986] kvm: disabling virtualization on CPU1
<6>[  468.547252] smpboot: CPU 1 is now offline
<6>[  468.547554] intel_pstate CPU 2 exiting
<6>[  468.548714] kvm: disabling virtualization on CPU2
<6>[  468.548722] smpboot: CPU 2 is now offline
<6>[  468.548990] intel_pstate CPU 3 exiting
<5>[  468.549121] Broke affinity for irq 23
<5>[  468.549124] Broke affinity for irq 44
<6>[  468.550129] kvm: disabling virtualization on CPU3
<6>[  468.550143] smpboot: CPU 3 is now offline
<6>[  468.552382] ACPI: Low-level resume complete
<6>[  468.552457] PM: Restoring platform NVS memory
<6>[  468.553002] Enabling non-boot CPUs ...
<6>[  468.553062] x86: Booting SMP configuration:
<6>[  468.553064] smpboot: Booting Node 0 Processor 1 APIC 0x2
<6>[  468.565439] kvm: enabling virtualization on CPU1
<6>[  468.567790] CPU1 is up
<6>[  468.567818] smpboot: Booting Node 0 Processor 2 APIC 0x1
<6>[  468.580010] kvm: enabling virtualization on CPU2
<6>[  468.582246] CPU2 is up
<6>[  468.582264] smpboot: Booting Node 0 Processor 3 APIC 0x3
<6>[  468.594548] kvm: enabling virtualization on CPU3
<6>[  468.596812] CPU3 is up
<6>[  468.611945] ACPI : EC: 0 stale EC events cleared
<6>[  468.611977] ACPI: Waking up from system sleep state S3
<6>[  468.799944] PM: noirq resume of devices complete after 123.838 msecs
<6>[  468.823965] PM: early resume of devices complete after 23.991 msecs
<6>[  468.824329] r8169 0000:03:00.0: System wakeup disabled by ACPI
<5>[  468.824586] sd 0:0:0:0: [sda] Starting disk
<6>[  468.866515] r8169 0000:03:00.0 eth0: link down
<6>[  469.143676] ata1: SATA link up 6.0 Gbps (SStatus 133 SControl 300)
<7>[  469.144032] ata1.00: ACPI cmd ef/10:09:00:00:00:b0 (SET FEATURES) succeeded
<7>[  469.144985] ata1.00: ACPI cmd ef/10:09:00:00:00:b0 (SET FEATURES) succeeded
<6>[  469.145500] ata1.00: configured for UDMA/100
<6>[  469.191808] usb 1-2: reset full-speed USB device number 2 using xhci_hcd
<4>[  469.320962] xhci_hcd 0000:00:14.0: xHCI xhci_drop_endpoint called with disabled ep ffff8800d2e8a360
<4>[  469.320963] xhci_hcd 0000:00:14.0: xHCI xhci_drop_endpoint called with disabled ep ffff8800d2e8a3c0
<4>[  469.320977] xhci_hcd 0000:00:14.0: xHCI xhci_drop_endpoint called with disabled ep ffff8800d2e8a420
<6>[  469.431739] usb 1-7: reset full-speed USB device number 5 using xhci_hcd
<4>[  469.559942] xhci_hcd 0000:00:14.0: xHCI xhci_drop_endpoint called with disabled ep ffff88003f5993c0
<4>[  469.559943] xhci_hcd 0000:00:14.0: xHCI xhci_drop_endpoint called with disabled ep ffff88003f599408
<4>[  469.559950] usb 1-7: ep 0x2 - rounding interval to 64 microframes, ep desc says 80 microframes
<6>[  469.671546] usb 1-5: reset high-speed USB device number 4 using xhci_hcd
<4>[  469.826224] xhci_hcd 0000:00:14.0: xHCI xhci_drop_endpoint called with disabled ep ffff8800d2e8a6c0
<6>[  469.911461] usb 1-4: reset full-speed USB device number 3 using xhci_hcd
<4>[  470.039685] xhci_hcd 0000:00:14.0: xHCI xhci_drop_endpoint called with disabled ep ffff88003f976c00
<4>[  470.039687] xhci_hcd 0000:00:14.0: xHCI xhci_drop_endpoint called with disabled ep ffff88003f976c48
<4>[  470.039687] xhci_hcd 0000:00:14.0: xHCI xhci_drop_endpoint called with disabled ep ffff88003f976c90
<4>[  470.039688] xhci_hcd 0000:00:14.0: xHCI xhci_drop_endpoint called with disabled ep ffff88003f9cfa80
<4>[  470.039689] xhci_hcd 0000:00:14.0: xHCI xhci_drop_endpoint called with disabled ep ffff88003f9cfac8
<3>[  471.726241] pciehp 0000:00:1c.0:pcie04: Link Training Error occurs
<3>[  471.726242] pciehp 0000:00:1c.0:pcie04: Failed to check link status
<6>[  471.726293] rtc_cmos 00:01: System wakeup disabled by ACPI
<6>[  471.837277] iwlwifi 0000:02:00.0: L1 Enabled - LTR Enabled
<6>[  471.837602] iwlwifi 0000:02:00.0: L1 Enabled - LTR Enabled
<6>[  471.857446] PM: resume of devices complete after 3035.164 msecs
<7>[  471.857915] PM: Finishing wakeup.
<4>[  471.857916] Restarting tasks ... 
<4>[  471.859813] i915 0000:00:02.0: BAR 6: [??? 0x00000000 flags 0x2] has bogus alignment
<7>[  471.860136] pci_bus 0000:01: Allocating resources
<7>[  471.860150] pci_bus 0000:02: Allocating resources
<7>[  471.860216] pci_bus 0000:03: Allocating resources
<4>[  471.860229] i915 0000:00:02.0: BAR 6: [??? 0x00000000 flags 0x2] has bogus alignment
<4>[  471.861331] i915 0000:00:02.0: BAR 6: [??? 0x00000000 flags 0x2] has bogus alignment
<4>[  471.861670] i915 0000:00:02.0: BAR 6: [??? 0x00000000 flags 0x2] has bogus alignment
<4>[  471.861690] i915 0000:00:02.0: BAR 6: [??? 0x00000000 flags 0x2] has bogus alignment
<4>[  471.861806] acpi device:38: Cannot transition to power state D3cold for parent in (unknown)
<4>[  471.861877] i915 0000:00:02.0: BAR 6: [??? 0x00000000 flags 0x2] has bogus alignment
<4>[  471.862038] i915 0000:00:02.0: BAR 6: [??? 0x00000000 flags 0x2] has bogus alignment
<4>[  471.862451] done.
<6>[  471.871093] Bluetooth: hci0: read Intel version: 370710018002030d00
<6>[  471.871100] Bluetooth: hci0: Intel Bluetooth firmware file: intel/ibt-hw-37.7.10-fw-1.80.2.3.d.bseq
<6>[  471.982035] Bluetooth: hci0: Intel Bluetooth firmware patch completed and activated
<6>[  471.997555] iwlwifi 0000:02:00.0: L1 Enabled - LTR Enabled
<6>[  471.997883] iwlwifi 0000:02:00.0: L1 Enabled - LTR Enabled
<6>[  472.014023] IPv6: ADDRCONF(NETDEV_UP): wlan0: link is not ready
<6>[  472.056534] r8169 0000:03:00.0 eth0: link down
<6>[  472.056581] IPv6: ADDRCONF(NETDEV_UP): eth0: link is not ready
<12>[  473.094756] init: anacron main process (4234) killed by TERM signal
<12>[  474.849212] init: anacron main process (4514) killed by TERM signal
<12>[  477.684550] init: anacron main process (4730) killed by TERM signal
<6>[  478.844253] wlan0: authenticate with 00:24:d4:9a:aa:60
<6>[  478.846885] wlan0: send auth to 00:24:d4:9a:aa:60 (try 1/3)
<6>[  478.849106] wlan0: authenticated
<6>[  478.850284] wlan0: associate with 00:24:d4:9a:aa:60 (try 1/3)
<6>[  478.853137] wlan0: RX AssocResp from 00:24:d4:9a:aa:60 (capab=0x411 status=0 aid=7)
<6>[  478.863034] wlan0: associated
<6>[  478.863112] IPv6: ADDRCONF(NETDEV_CHANGE): wlan0: link becomes ready
<6>[  478.871951] wlan0: deauthenticating from 00:24:d4:9a:aa:60 by local choice (Reason: 2=PREV_AUTH_NOT_VALID)
<6>[  478.877451] wlan0: authenticate with 00:24:d4:9a:aa:60
<6>[  478.880316] wlan0: send auth to 00:24:d4:9a:aa:60 (try 1/3)
<6>[  478.880429] cfg80211: Calling CRDA to update world regulatory domain
<6>[  478.882804] wlan0: authenticated
<6>[  478.883923] cfg80211: World regulatory domain updated:
<6>[  478.883928] cfg80211:  DFS Master region: unset
<6>[  478.883931] cfg80211:   (start_freq - end_freq @ bandwidth), (max_antenna_gain, max_eirp), (dfs_cac_time)
<6>[  478.883935] cfg80211:   (2402000 KHz - 2472000 KHz @ 40000 KHz), (300 mBi, 2000 mBm), (N/A)
<6>[  478.883939] cfg80211:   (2457000 KHz - 2482000 KHz @ 40000 KHz), (300 mBi, 2000 mBm), (N/A)
<6>[  478.883942] cfg80211:   (2474000 KHz - 2494000 KHz @ 20000 KHz), (300 mBi, 2000 mBm), (N/A)
<6>[  478.883945] cfg80211:   (5170000 KHz - 5250000 KHz @ 40000 KHz), (300 mBi, 2000 mBm), (N/A)
<6>[  478.883948] cfg80211:   (5735000 KHz - 5835000 KHz @ 40000 KHz), (300 mBi, 2000 mBm), (N/A)
<6>[  478.886237] wlan0: associate with 00:24:d4:9a:aa:60 (try 1/3)
<6>[  478.889052] wlan0: RX AssocResp from 00:24:d4:9a:aa:60 (capab=0x411 status=0 aid=7)
<6>[  478.890531] wlan0: associated
<12>[  481.130909] init: anacron main process (4948) killed by TERM signal
<12>[  485.610923] init: anacron main process (5289) killed by TERM signal
<4>[  886.585270] atkbd serio0: Unknown key pressed (translated set 2, code 0xa8 on isa0060/serio0).
<4>[  886.585276] atkbd serio0: Use 'setkeycodes e028 <keycode>' to make it known.
<4>[  888.242166] atkbd serio0: Unknown key pressed (translated set 2, code 0xa9 on isa0060/serio0).
<4>[  888.242169] atkbd serio0: Use 'setkeycodes e029 <keycode>' to make it known.
<4>[  899.243266] atkbd serio0: Unknown key pressed (translated set 2, code 0xa8 on isa0060/serio0).
<4>[  899.243270] atkbd serio0: Use 'setkeycodes e028 <keycode>' to make it known.
<4>[  901.494045] atkbd serio0: Unknown key pressed (translated set 2, code 0xa9 on isa0060/serio0).
<4>[  901.494049] atkbd serio0: Use 'setkeycodes e029 <keycode>' to make it known.
<4>[  903.928620] atkbd serio0: Unknown key pressed (translated set 2, code 0xa8 on isa0060/serio0).
<4>[  903.928624] atkbd serio0: Use 'setkeycodes e028 <keycode>' to make it known.
<4>[  906.094658] atkbd serio0: Unknown key pressed (translated set 2, code 0xa9 on isa0060/serio0).
<4>[  906.094663] atkbd serio0: Use 'setkeycodes e029 <keycode>' to make it known.
<12>[ 1773.007491] init: anacron main process (5523) killed by TERM signal
<12>[ 1791.574750] init: anacron main process (7827) killed by TERM signal
<12>[ 1797.667021] init: anacron main process (8068) killed by TERM signal
<12>[ 1800.514151] init: anacron main process (8287) killed by TERM signal
<12>[ 1805.109180] init: anacron main process (8506) killed by TERM signal
<12>[ 1844.927443] init: anacron main process (8726) killed by TERM signal
<12>[ 1876.567232] init: anacron main process (8962) killed by TERM signal
<12>[ 1927.122082] init: anacron main process (9226) killed by TERM signal
<12>[ 2009.512133] init: anacron main process (9492) killed by TERM signal
<12>[ 2190.854435] init: anacron main process (9763) killed by TERM signal
<12>[ 2713.562357] init: anacron main process (10144) killed by TERM signal
<12>[ 2909.514769] init: anacron main process (11652) killed by TERM signal
<12>[ 3144.597719] init: anacron main process (12303) killed by TERM signal
<12>[ 3918.862454] init: anacron main process (12926) killed by TERM signal
<4>[ 4440.249631] perf interrupt took too long (2505 > 2500), lowering kernel.perf_event_max_sample_rate to 50000
<12>[ 4587.698548] init: anacron main process (13801) killed by TERM signal
<12>[ 4594.844904] init: anacron main process (14873) killed by TERM signal
<12>[ 4604.028032] init: anacron main process (15091) killed by TERM signal
<12>[ 4711.141565] init: anacron main process (15314) killed by TERM signal
<12>[ 4729.034838] init: anacron main process (15530) killed by TERM signal
<12>[ 4797.410518] init: anacron main process (15748) killed by TERM signal
<12>[ 4819.126738] init: anacron main process (16699) killed by TERM signal
<12>[ 4826.204150] init: anacron main process (17021) killed by TERM signal
<12>[ 4830.843873] init: anacron main process (17238) killed by TERM signal
<12>[ 4833.032871] init: anacron main process (17455) killed by TERM signal
<12>[ 4845.560300] init: anacron main process (17671) killed by TERM signal
<12>[ 4857.180408] init: anacron main process (17935) killed by TERM signal
<12>[ 5042.070542] init: anacron main process (18152) killed by TERM signal
<12>[ 5074.741437] init: anacron main process (18611) killed by TERM signal
<12>[ 5076.330723] init: anacron main process (18829) killed by TERM signal
<12>[ 5085.167117] init: anacron main process (19048) killed by TERM signal
<12>[ 5087.278184] init: anacron main process (19265) killed by TERM signal
<12>[ 5091.435908] init: anacron main process (19482) killed by TERM signal
<12>[ 5108.747789] init: anacron main process (19699) killed by TERM signal
<12>[ 5149.701294] init: anacron main process (19917) killed by TERM signal
<12>[ 5210.327131] init: anacron main process (20140) killed by TERM signal
<6>[ 5401.627825] wlan0: deauthenticating from 00:24:d4:9a:aa:60 by local choice (Reason: 3=DEAUTH_LEAVING)
<6>[ 5401.636417] cfg80211: Calling CRDA to update world regulatory domain
<6>[ 5401.642753] cfg80211: World regulatory domain updated:
<6>[ 5401.642758] cfg80211:  DFS Master region: unset
<6>[ 5401.642760] cfg80211:   (start_freq - end_freq @ bandwidth), (max_antenna_gain, max_eirp), (dfs_cac_time)
<6>[ 5401.642763] cfg80211:   (2402000 KHz - 2472000 KHz @ 40000 KHz), (300 mBi, 2000 mBm), (N/A)
<6>[ 5401.642766] cfg80211:   (2457000 KHz - 2482000 KHz @ 40000 KHz), (300 mBi, 2000 mBm), (N/A)
<6>[ 5401.642768] cfg80211:   (2474000 KHz - 2494000 KHz @ 20000 KHz), (300 mBi, 2000 mBm), (N/A)
<6>[ 5401.642770] cfg80211:   (5170000 KHz - 5250000 KHz @ 40000 KHz), (300 mBi, 2000 mBm), (N/A)
<6>[ 5401.642772] cfg80211:   (5735000 KHz - 5835000 KHz @ 40000 KHz), (300 mBi, 2000 mBm), (N/A)
<6>[ 5405.083391] wlan0: authenticate with d8:fe:e3:80:7e:60
<6>[ 5405.087347] wlan0: send auth to d8:fe:e3:80:7e:60 (try 1/3)
<6>[ 5405.271439] wlan0: send auth to d8:fe:e3:80:7e:60 (try 2/3)
<6>[ 5405.279026] wlan0: authenticated
<6>[ 5405.282370] wlan0: associate with d8:fe:e3:80:7e:60 (try 1/3)
<6>[ 5405.286429] wlan0: RX AssocResp from d8:fe:e3:80:7e:60 (capab=0xc11 status=0 aid=2)
<6>[ 5405.288106] wlan0: associated
<6>[ 5405.288178] cfg80211: Calling CRDA for country: GB
<6>[ 5405.290367] cfg80211: Regulatory domain changed to country: GB
<6>[ 5405.290371] cfg80211:  DFS Master region: unset
<6>[ 5405.290372] cfg80211:   (start_freq - end_freq @ bandwidth), (max_antenna_gain, max_eirp), (dfs_cac_time)
<6>[ 5405.290374] cfg80211:   (2402000 KHz - 2482000 KHz @ 40000 KHz), (N/A, 2000 mBm), (N/A)
<6>[ 5405.290376] cfg80211:   (5170000 KHz - 5250000 KHz @ 40000 KHz), (N/A, 2000 mBm), (N/A)
<6>[ 5405.290377] cfg80211:   (5250000 KHz - 5330000 KHz @ 40000 KHz), (N/A, 2000 mBm), (0 s)
<6>[ 5405.290378] cfg80211:   (5490000 KHz - 5710000 KHz @ 40000 KHz), (N/A, 2700 mBm), (0 s)
<6>[ 5405.290379] cfg80211:   (57240000 KHz - 65880000 KHz @ 2160000 KHz), (N/A, 4000 mBm), (N/A)
<6>[ 5405.879561] IPv6: wlan0: IPv6 duplicate address fe80::7e7a:91ff:fe25:d07d detected!
<6>[ 5412.656598] Chrome_IOThread[5681]: segfault at 39 ip 00005641e3b02470 sp 00007f3714cdb348 error 6 in chromium-browser[5641e31b5000+28a7000]
<6>[ 5489.683162] IPv6: wlan0: IPv6 duplicate address 2a01:e35:8a89:3a70:f9fa:2784:3df5:6670 detected!
<6>[ 5490.066198] IPv6: wlan0: IPv6 duplicate address 2a01:e35:8a89:3a70:7e7a:91ff:fe25:d07d detected!
<6>[ 5490.373917] IPv6: wlan0: IPv6 duplicate address 2a01:e35:8a89:3a70:d1bb:6b02:30b5:7a88 detected!
<6>[ 5491.189291] IPv6: wlan0: IPv6 duplicate address 2a01:e35:8a89:3a70:7da1:45f8:f053:df66 detected!
<4>[ 5491.189404] IPv6: ipv6_create_tempaddr: regeneration time exceeded - disabled temporary address support
<6>[ 5528.277717] IPv6: wlan0: IPv6 duplicate address 2a01:e35:8a89:3a70:7e7a:91ff:fe25:d07d detected!
<6>[ 5532.413274] IPv6: wlan0: IPv6 duplicate address 2a01:e35:8a89:3a70:7e7a:91ff:fe25:d07d detected!
<6>[ 5536.203524] IPv6: wlan0: IPv6 duplicate address 2a01:e35:8a89:3a70:7e7a:91ff:fe25:d07d detected!
<6>[ 5538.920581] IPv6: wlan0: IPv6 duplicate address 2a01:e35:8a89:3a70:7e7a:91ff:fe25:d07d detected!
<12>[ 5607.357128] init: anacron main process (20361) killed by TERM signal
<12>[ 5613.890317] init: anacron main process (22635) killed by TERM signal
<6>[ 5707.463517] wlan0: AP d8:fe:e3:80:7e:60 changed bandwidth, new config is 2412 MHz, width 1 (2412/0 MHz)
<12>[ 5782.616130] init: anacron main process (22851) killed by TERM signal
<6>[ 5794.733736] IPv6: wlan0: IPv6 duplicate address 2a01:e35:8a89:3a70:7e7a:91ff:fe25:d07d detected!
<12>[ 5816.457684] init: anacron main process (23316) killed by TERM signal
<6>[ 5950.240770] IPv6: wlan0: IPv6 duplicate address 2a01:e35:8a89:3a70:7e7a:91ff:fe25:d07d detected!
<6>[ 5953.434863] IPv6: wlan0: IPv6 duplicate address 2a01:e35:8a89:3a70:7e7a:91ff:fe25:d07d detected!
<6>[ 5957.165094] IPv6: wlan0: IPv6 duplicate address 2a01:e35:8a89:3a70:7e7a:91ff:fe25:d07d detected!
<12>[ 5963.611442] init: anacron main process (23635) killed by TERM signal
<6>[ 5972.282142] IPv6: wlan0: IPv6 duplicate address 2a01:e35:8a89:3a70:7e7a:91ff:fe25:d07d detected!
<12>[ 5979.471431] init: anacron main process (23876) killed by TERM signal
<6>[ 6110.251973] IPv6: wlan0: IPv6 duplicate address 2a01:e35:8a89:3a70:7e7a:91ff:fe25:d07d detected!
<6>[ 6113.382793] IPv6: wlan0: IPv6 duplicate address 2a01:e35:8a89:3a70:7e7a:91ff:fe25:d07d detected!
<6>[ 6117.186536] IPv6: wlan0: IPv6 duplicate address 2a01:e35:8a89:3a70:7e7a:91ff:fe25:d07d detected!
<6>[ 6148.212422] IPv6: wlan0: IPv6 duplicate address 2a01:e35:8a89:3a70:7e7a:91ff:fe25:d07d detected!
<6>[ 6152.586044] IPv6: wlan0: IPv6 duplicate address 2a01:e35:8a89:3a70:7e7a:91ff:fe25:d07d detected!
<6>[ 6279.390858] IPv6: wlan0: IPv6 duplicate address 2a01:e35:8a89:3a70:7e7a:91ff:fe25:d07d detected!
<6>[ 6837.007569] IPv6: wlan0: IPv6 duplicate address 2a01:e35:8a89:3a70:7e7a:91ff:fe25:d07d detected!
<6>[ 6939.654467] IPv6: wlan0: IPv6 duplicate address 2a01:e35:8a89:3a70:7e7a:91ff:fe25:d07d detected!
<6>[ 6944.562895] IPv6: wlan0: IPv6 duplicate address 2a01:e35:8a89:3a70:7e7a:91ff:fe25:d07d detected!
<6>[ 6947.430064] IPv6: wlan0: IPv6 duplicate address 2a01:e35:8a89:3a70:7e7a:91ff:fe25:d07d detected!
<6>[ 7032.454853] IPv6: wlan0: IPv6 duplicate address 2a01:e35:8a89:3a70:7e7a:91ff:fe25:d07d detected!
<6>[ 7036.158219] IPv6: wlan0: IPv6 duplicate address 2a01:e35:8a89:3a70:7e7a:91ff:fe25:d07d detected!
<6>[ 7040.624583] IPv6: wlan0: IPv6 duplicate address 2a01:e35:8a89:3a70:7e7a:91ff:fe25:d07d detected!
<6>[ 7119.946708] IPv6: wlan0: IPv6 duplicate address 2a01:e35:8a89:3a70:7e7a:91ff:fe25:d07d detected!
<6>[ 7154.925017] IPv6: wlan0: IPv6 duplicate address 2a01:e35:8a89:3a70:7e7a:91ff:fe25:d07d detected!
<6>[ 7158.937667] IPv6: wlan0: IPv6 duplicate address 2a01:e35:8a89:3a70:7e7a:91ff:fe25:d07d detected!
<28>[ 7246.477472] systemd-hostnamed[24441]: Warning: nss-myhostname is not installed. Changing the local hostname might make it unresolveable. Please install nss-myhostname!
<6>[ 7457.030983] IPv6: wlan0: IPv6 duplicate address 2a01:e35:8a89:3a70:7e7a:91ff:fe25:d07d detected!
<6>[ 7792.246361] IPv6: wlan0: IPv6 duplicate address 2a01:e35:8a89:3a70:7e7a:91ff:fe25:d07d detected!
<6>[ 7796.286805] IPv6: wlan0: IPv6 duplicate address 2a01:e35:8a89:3a70:7e7a:91ff:fe25:d07d detected!
<6>[ 7800.306934] IPv6: wlan0: IPv6 duplicate address 2a01:e35:8a89:3a70:7e7a:91ff:fe25:d07d detected!
<6>[ 7804.095027] IPv6: wlan0: IPv6 duplicate address 2a01:e35:8a89:3a70:7e7a:91ff:fe25:d07d detected!
<6>[ 7821.997804] IPv6: wlan0: IPv6 duplicate address 2a01:e35:8a89:3a70:7e7a:91ff:fe25:d07d detected!
<6>[ 7972.228478] IPv6: wlan0: IPv6 duplicate address 2a01:e35:8a89:3a70:7e7a:91ff:fe25:d07d detected!
<6>[ 7976.078006] IPv6: wlan0: IPv6 duplicate address 2a01:e35:8a89:3a70:7e7a:91ff:fe25:d07d detected!
<6>[ 8000.417546] IPv6: wlan0: IPv6 duplicate address 2a01:e35:8a89:3a70:7e7a:91ff:fe25:d07d detected!
<6>[ 8004.505176] IPv6: wlan0: IPv6 duplicate address 2a01:e35:8a89:3a70:7e7a:91ff:fe25:d07d detected!
<6>[ 8008.265190] IPv6: wlan0: IPv6 duplicate address 2a01:e35:8a89:3a70:7e7a:91ff:fe25:d07d detected!
<6>[ 8015.041512] IPv6: wlan0: IPv6 duplicate address 2a01:e35:8a89:3a70:7e7a:91ff:fe25:d07d detected!
<6>[ 8019.105947] IPv6: wlan0: IPv6 duplicate address 2a01:e35:8a89:3a70:7e7a:91ff:fe25:d07d detected!
<6>[ 8022.912183] IPv6: wlan0: IPv6 duplicate address 2a01:e35:8a89:3a70:7e7a:91ff:fe25:d07d detected!
<6>[ 8058.864037] IPv6: wlan0: IPv6 duplicate address 2a01:e35:8a89:3a70:7e7a:91ff:fe25:d07d detected!
<6>[ 8141.178881] IPv6: wlan0: IPv6 duplicate address 2a01:e35:8a89:3a70:7e7a:91ff:fe25:d07d detected!
<6>[ 8145.653968] IPv6: wlan0: IPv6 duplicate address 2a01:e35:8a89:3a70:7e7a:91ff:fe25:d07d detected!
<6>[ 8148.977804] IPv6: wlan0: IPv6 duplicate address 2a01:e35:8a89:3a70:7e7a:91ff:fe25:d07d detected!
<6>[ 8164.851591] IPv6: wlan0: IPv6 duplicate address 2a01:e35:8a89:3a70:7e7a:91ff:fe25:d07d detected!
<6>[ 8167.443918] IPv6: wlan0: IPv6 duplicate address 2a01:e35:8a89:3a70:7e7a:91ff:fe25:d07d detected!
<6>[ 8229.182967] IPv6: wlan0: IPv6 duplicate address 2a01:e35:8a89:3a70:7e7a:91ff:fe25:d07d detected!
<12>[ 8610.524599] init: anacron main process (25998) killed by TERM signal
<12>[ 8633.820305] init: anacron main process (26216) killed by TERM signal
<6>[ 8660.365439] IPv6: wlan0: IPv6 duplicate address 2a01:e35:8a89:3a70:7e7a:91ff:fe25:d07d detected!
<12>[ 8693.375255] init: anacron main process (26437) killed by TERM signal
<6>[ 8748.372698] IPv6: wlan0: IPv6 duplicate address 2a01:e35:8a89:3a70:7e7a:91ff:fe25:d07d detected!
<12>[ 8786.819191] init: anacron main process (26656) killed by TERM signal
<12>[ 8809.467609] init: anacron main process (26880) killed by TERM signal
<6>[ 8939.079735] IPv6: wlan0: IPv6 duplicate address 2a01:e35:8a89:3a70:7e7a:91ff:fe25:d07d detected!
<6>[ 8942.072990] IPv6: wlan0: IPv6 duplicate address 2a01:e35:8a89:3a70:7e7a:91ff:fe25:d07d detected!
<6>[ 9077.420110] IPv6: wlan0: IPv6 duplicate address 2a01:e35:8a89:3a70:7e7a:91ff:fe25:d07d detected!
<6>[ 9081.388349] IPv6: wlan0: IPv6 duplicate address 2a01:e35:8a89:3a70:7e7a:91ff:fe25:d07d detected!
<6>[ 9084.562324] IPv6: wlan0: IPv6 duplicate address 2a01:e35:8a89:3a70:7e7a:91ff:fe25:d07d detected!
<6>[ 9119.935151] IPv6: wlan0: IPv6 duplicate address 2a01:e35:8a89:3a70:7e7a:91ff:fe25:d07d detected!
<6>[ 9124.654480] IPv6: wlan0: IPv6 duplicate address 2a01:e35:8a89:3a70:7e7a:91ff:fe25:d07d detected!
<6>[ 9128.652872] IPv6: wlan0: IPv6 duplicate address 2a01:e35:8a89:3a70:7e7a:91ff:fe25:d07d detected!
<12>[ 9300.143470] init: anacron main process (27099) killed by TERM signal
<12>[ 9401.648874] init: anacron main process (27528) killed by TERM signal
<6>[ 9547.872176] IPv6: wlan0: IPv6 duplicate address 2a01:e35:8a89:3a70:7e7a:91ff:fe25:d07d detected!
<4>[ 9554.453096] ICMPv6: NA: someone advertises our address 2a01:0e35:8a89:3a70:7e7a:91ff:fe25:d07d on wlan0!
<12>[ 9831.804250] init: anacron main process (27766) killed by TERM signal
<12>[ 9851.326795] init: anacron main process (29170) killed by TERM signal
<12>[10004.092543] init: anacron main process (29386) killed by TERM signal
<12>[10022.651711] init: anacron main process (30084) killed by TERM signal
<12>[10026.355136] init: anacron main process (30303) killed by TERM signal
<12>[10195.274154] init: anacron main process (30520) killed by TERM signal
<12>[10225.758020] init: anacron main process (30826) killed by TERM signal
<12>[10228.788154] init: anacron main process (31070) killed by TERM signal
<12>[10239.388228] init: anacron main process (31287) killed by TERM signal
<12>[10284.375807] init: anacron main process (31504) killed by TERM signal
<12>[10293.861255] init: anacron main process (31722) killed by TERM signal
<12>[10544.774813] init: anacron main process (31939) killed by TERM signal
<12>[10847.651984] init: anacron main process (32596) killed by TERM signal
<12>[10894.228847] init: anacron main process (842) killed by TERM signal
<12>[10983.340301] init: anacron main process (1090) killed by TERM signal
<12>[10987.603435] init: anacron main process (1377) killed by TERM signal
<12>[11494.964793] init: anacron main process (1606) killed by TERM signal
<12>[11500.352244] init: anacron main process (2591) killed by TERM signal
<12>[11654.413610] init: anacron main process (2851) killed by TERM signal
<12>[11656.761249] init: anacron main process (3410) killed by TERM signal
<12>[11668.083706] init: anacron main process (3634) killed by TERM signal
<12>[11749.735637] init: anacron main process (4051) killed by TERM signal
<12>[11862.158400] init: anacron main process (4273) killed by TERM signal
<12>[11924.723734] init: anacron main process (4609) killed by TERM signal
<12>[11932.572031] init: anacron main process (4856) killed by TERM signal
<12>[12424.799701] init: anacron main process (5074) killed by TERM signal
<12>[12577.619081] init: anacron main process (5669) killed by TERM signal
<12>[12686.887434] init: anacron main process (6055) killed by TERM signal
<12>[12877.421107] init: anacron main process (6295) killed by TERM signal
<12>[12925.858463] init: anacron main process (7109) killed by TERM signal
<12>[12929.062610] init: anacron main process (7347) killed by TERM signal
<12>[12957.621718] init: anacron main process (7563) killed by TERM signal
<12>[12985.082519] init: anacron main process (7792) killed by TERM signal
<12>[12996.718608] init: anacron main process (8010) killed by TERM signal
<12>[13029.790220] init: anacron main process (8252) killed by TERM signal
<12>[13036.840096] init: anacron main process (8486) killed by TERM signal
<12>[13061.855647] init: anacron main process (8725) killed by TERM signal
<12>[13092.800894] init: anacron main process (8955) killed by TERM signal
<12>[13095.655492] init: anacron main process (9189) killed by TERM signal
<12>[13101.799264] init: anacron main process (9406) killed by TERM signal
<12>[13112.133854] init: anacron main process (9623) killed by TERM signal
<12>[13120.724868] init: anacron main process (9841) killed by TERM signal
<12>[13156.434706] init: anacron main process (10071) killed by TERM signal
<12>[13169.944587] init: anacron main process (10326) killed by TERM signal
<12>[13192.999335] init: anacron main process (10567) killed by TERM signal
<12>[13255.059654] init: anacron main process (10786) killed by TERM signal
<12>[13491.817270] init: anacron main process (11009) killed by TERM signal
<12>[13567.050177] init: anacron main process (11537) killed by TERM signal
<12>[13616.200146] init: anacron main process (11776) killed by TERM signal
<12>[13618.633182] init: anacron main process (11995) killed by TERM signal
<12>[13674.541152] init: anacron main process (12215) killed by TERM signal
<12>[13681.304757] init: anacron main process (12560) killed by TERM signal
<12>[13742.300512] init: anacron main process (12786) killed by TERM signal
<12>[13928.256880] init: anacron main process (13084) killed by TERM signal
<12>[13932.678275] init: anacron main process (13436) killed by TERM signal
<12>[13989.941530] init: anacron main process (13653) killed by TERM signal
<12>[14045.217746] init: anacron main process (13926) killed by TERM signal
<12>[14076.071369] init: anacron main process (14187) killed by TERM signal
<12>[14080.346028] init: anacron main process (14410) killed by TERM signal
<12>[14087.000669] init: anacron main process (14626) killed by TERM signal
<12>[14093.246902] init: anacron main process (14852) killed by TERM signal
<12>[14170.748945] init: anacron main process (15068) killed by TERM signal
<12>[14333.927168] init: anacron main process (15301) killed by TERM signal
<12>[14389.730474] init: anacron main process (16097) killed by TERM signal
<12>[14397.250566] init: anacron main process (16316) killed by TERM signal
<12>[14400.906320] init: anacron main process (16534) killed by TERM signal
<12>[14411.976069] init: anacron main process (16752) killed by TERM signal
<12>[14679.689436] init: anacron main process (17012) killed by TERM signal
<12>[14725.798257] init: anacron main process (17246) killed by TERM signal
<12>[15107.075075] init: anacron main process (17466) killed by TERM signal
<12>[15365.788746] init: anacron main process (17696) killed by TERM signal
<12>[15828.544443] init: anacron main process (17959) killed by TERM signal
<12>[15833.133846] init: anacron main process (18180) killed by TERM signal
<12>[15859.862034] init: anacron main process (18397) killed by TERM signal
<12>[15867.931647] init: anacron main process (18616) killed by TERM signal
<6>[20157.413539] wlan0: deauthenticating from d8:fe:e3:80:7e:60 by local choice (Reason: 3=DEAUTH_LEAVING)
<6>[20157.422748] cfg80211: Calling CRDA to update world regulatory domain
<6>[20157.430560] cfg80211: World regulatory domain updated:
<6>[20157.430564] cfg80211:  DFS Master region: unset
<6>[20157.430565] cfg80211:   (start_freq - end_freq @ bandwidth), (max_antenna_gain, max_eirp), (dfs_cac_time)
<6>[20157.430567] cfg80211:   (2402000 KHz - 2472000 KHz @ 40000 KHz), (300 mBi, 2000 mBm), (N/A)
<6>[20157.430569] cfg80211:   (2457000 KHz - 2482000 KHz @ 40000 KHz), (300 mBi, 2000 mBm), (N/A)
<6>[20157.430570] cfg80211:   (2474000 KHz - 2494000 KHz @ 20000 KHz), (300 mBi, 2000 mBm), (N/A)
<6>[20157.430571] cfg80211:   (5170000 KHz - 5250000 KHz @ 40000 KHz), (300 mBi, 2000 mBm), (N/A)
<6>[20157.430572] cfg80211:   (5735000 KHz - 5835000 KHz @ 40000 KHz), (300 mBi, 2000 mBm), (N/A)
<3>[20157.822595] r8169 0000:03:00.0 eth0: rtl_eriar_cond == 1 (loop: 100, delay: 100).
<12>[20158.022230] init: anacron main process (20081) killed by TERM signal
<6>[20158.076221] PM: Syncing filesystems ... done.
<7>[20158.082415] PM: Preparing system for mem sleep
<4>[20158.086288] Freezing user space processes ... (elapsed 0.002 seconds) done.
<4>[20158.088427] Freezing remaining freezable tasks ... (elapsed 0.001 seconds) done.
<7>[20158.089593] PM: Entering mem sleep
<4>[20158.089609] Suspending console(s) (use no_console_suspend to debug)
<5>[20158.089860] sd 0:0:0:0: [sda] Synchronizing SCSI cache
<5>[20158.090807] sd 0:0:0:0: [sda] Stopping disk
<6>[20158.222201] PM: suspend of devices complete after 132.532 msecs
<6>[20158.270173] PM: late suspend of devices complete after 47.993 msecs
<6>[20158.272778] r8169 0000:03:00.0: System wakeup enabled by ACPI
<6>[20158.286394] PM: noirq suspend of devices complete after 16.227 msecs
<6>[20158.286651] ACPI: Preparing to enter system sleep state S3
<6>[20158.334101] PM: Saving platform NVS memory
<6>[20158.334128] Disabling non-boot CPUs ...
<6>[20158.334162] intel_pstate CPU 1 exiting
<5>[20158.334341] Broke affinity for irq 48
<6>[20158.335347] kvm: disabling virtualization on CPU1
<6>[20158.335357] smpboot: CPU 1 is now offline
<6>[20158.335674] intel_pstate CPU 2 exiting
<6>[20158.336837] kvm: disabling virtualization on CPU2
<6>[20158.337106] smpboot: CPU 2 is now offline
<6>[20158.337401] intel_pstate CPU 3 exiting
<5>[20158.337532] Broke affinity for irq 23
<5>[20158.337535] Broke affinity for irq 44
<6>[20158.338540] kvm: disabling virtualization on CPU3
<6>[20158.338550] smpboot: CPU 3 is now offline
<6>[20158.340775] ACPI: Low-level resume complete
<6>[20158.340850] PM: Restoring platform NVS memory
<6>[20158.341365] Enabling non-boot CPUs ...
<6>[20158.341424] x86: Booting SMP configuration:
<6>[20158.341426] smpboot: Booting Node 0 Processor 1 APIC 0x2
<6>[20158.353798] kvm: enabling virtualization on CPU1
<6>[20158.356153] CPU1 is up
<6>[20158.356180] smpboot: Booting Node 0 Processor 2 APIC 0x1
<6>[20158.368373] kvm: enabling virtualization on CPU2
<6>[20158.370616] CPU2 is up
<6>[20158.370634] smpboot: Booting Node 0 Processor 3 APIC 0x3
<6>[20158.382719] kvm: enabling virtualization on CPU3
<6>[20158.384933] CPU3 is up
<6>[20158.396461] ACPI : EC: 1 stale EC events cleared
<6>[20158.396489] ACPI: Waking up from system sleep state S3
<6>[20158.600460] PM: noirq resume of devices complete after 123.881 msecs
<6>[20158.624521] PM: early resume of devices complete after 24.051 msecs
<6>[20158.624908] r8169 0000:03:00.0: System wakeup disabled by ACPI
<5>[20158.631262] sd 0:0:0:0: [sda] Starting disk
<6>[20158.944187] ata1: SATA link up 6.0 Gbps (SStatus 133 SControl 300)
<7>[20158.944542] ata1.00: ACPI cmd ef/10:09:00:00:00:b0 (SET FEATURES) succeeded
<7>[20158.945393] ata1.00: ACPI cmd ef/10:09:00:00:00:b0 (SET FEATURES) succeeded
<6>[20158.945783] ata1.00: configured for UDMA/100
<6>[20158.992324] usb 1-2: reset full-speed USB device number 2 using xhci_hcd
<4>[20159.121230] xhci_hcd 0000:00:14.0: xHCI xhci_drop_endpoint called with disabled ep ffff8800d2e8a360
<4>[20159.121231] xhci_hcd 0000:00:14.0: xHCI xhci_drop_endpoint called with disabled ep ffff8800d2e8a3c0
<4>[20159.121232] xhci_hcd 0000:00:14.0: xHCI xhci_drop_endpoint called with disabled ep ffff8800d2e8a420
<6>[20159.232236] usb 1-7: reset full-speed USB device number 5 using xhci_hcd
<4>[20159.360612] xhci_hcd 0000:00:14.0: xHCI xhci_drop_endpoint called with disabled ep ffff88003f5993c0
<4>[20159.360614] xhci_hcd 0000:00:14.0: xHCI xhci_drop_endpoint called with disabled ep ffff88003f599408
<4>[20159.360640] usb 1-7: ep 0x2 - rounding interval to 64 microframes, ep desc says 80 microframes
<6>[20159.472083] usb 1-5: reset high-speed USB device number 4 using xhci_hcd
<4>[20159.626726] xhci_hcd 0000:00:14.0: xHCI xhci_drop_endpoint called with disabled ep ffff8800d2e8a6c0
<6>[20159.627779] restoring control 00000000-0000-0000-0000-000000000101/10/5
<6>[20159.711977] usb 1-4: reset full-speed USB device number 3 using xhci_hcd
<4>[20159.840190] xhci_hcd 0000:00:14.0: xHCI xhci_drop_endpoint called with disabled ep ffff88003f976c00
<4>[20159.840191] xhci_hcd 0000:00:14.0: xHCI xhci_drop_endpoint called with disabled ep ffff88003f976c48
<4>[20159.840192] xhci_hcd 0000:00:14.0: xHCI xhci_drop_endpoint called with disabled ep ffff88003f976c90
<4>[20159.840193] xhci_hcd 0000:00:14.0: xHCI xhci_drop_endpoint called with disabled ep ffff88003f9cfa80
<4>[20159.840194] xhci_hcd 0000:00:14.0: xHCI xhci_drop_endpoint called with disabled ep ffff88003f9cfac8
<3>[20161.526769] pciehp 0000:00:1c.0:pcie04: Link Training Error occurs
<3>[20161.526771] pciehp 0000:00:1c.0:pcie04: Failed to check link status
<6>[20161.526854] rtc_cmos 00:01: System wakeup disabled by ACPI
<6>[20161.637569] PM: resume of devices complete after 3014.720 msecs
<7>[20161.638018] PM: Finishing wakeup.
<4>[20161.638019] Restarting tasks ... done.
<6>[20161.663633] Bluetooth: hci0: read Intel version: 370710018002030d00
<6>[20161.665204] Bluetooth: hci0: Intel Bluetooth firmware file: intel/ibt-hw-37.7.10-fw-1.80.2.3.d.bseq
<6>[20161.769573] Bluetooth: hci0: Intel Bluetooth firmware patch completed and activated
<12>[20161.829090] init: anacron main process (20375) killed by TERM signal
<6>[20161.941529] iwlwifi 0000:02:00.0: L1 Enabled - LTR Enabled
<6>[20161.941879] iwlwifi 0000:02:00.0: L1 Enabled - LTR Enabled
<6>[20161.960039] IPv6: ADDRCONF(NETDEV_UP): wlan0: link is not ready
<6>[20162.017003] r8169 0000:03:00.0 eth0: link down
<6>[20162.017053] IPv6: ADDRCONF(NETDEV_UP): eth0: link is not ready
<6>[20165.494244] wlan0: authenticate with 00:24:d4:9a:aa:60
<6>[20165.497728] wlan0: send auth to 00:24:d4:9a:aa:60 (try 1/3)
<6>[20165.499505] wlan0: authenticated
<6>[20165.500514] wlan0: associate with 00:24:d4:9a:aa:60 (try 1/3)
<6>[20165.503204] wlan0: RX AssocResp from 00:24:d4:9a:aa:60 (capab=0x411 status=0 aid=1)
<6>[20165.505514] wlan0: associated
<6>[20165.505581] IPv6: ADDRCONF(NETDEV_CHANGE): wlan0: link becomes ready
<4>[20409.238656] i915 0000:00:02.0: BAR 6: [??? 0x00000000 flags 0x2] has bogus alignment
<7>[20409.239169] pci_bus 0000:01: Allocating resources
<7>[20409.239183] pci_bus 0000:02: Allocating resources
<7>[20409.239250] pci_bus 0000:03: Allocating resources
<4>[20409.239263] i915 0000:00:02.0: BAR 6: [??? 0x00000000 flags 0x2] has bogus alignment
<4>[20409.239391] i915 0000:00:02.0: BAR 6: [??? 0x00000000 flags 0x2] has bogus alignment
<4>[20409.239669] i915 0000:00:02.0: BAR 6: [??? 0x00000000 flags 0x2] has bogus alignment
<4>[20409.239688] i915 0000:00:02.0: BAR 6: [??? 0x00000000 flags 0x2] has bogus alignment
<4>[20409.239804] acpi device:38: Cannot transition to power state D3cold for parent in (unknown)
<4>[20409.239875] i915 0000:00:02.0: BAR 6: [??? 0x00000000 flags 0x2] has bogus alignment
<4>[20409.240026] i915 0000:00:02.0: BAR 6: [??? 0x00000000 flags 0x2] has bogus alignment
<6>[20409.440379] wlan0: deauthenticating from 00:24:d4:9a:aa:60 by local choice (Reason: 3=DEAUTH_LEAVING)
<6>[20409.454610] cfg80211: Calling CRDA to update world regulatory domain
<6>[20409.457251] cfg80211: World regulatory domain updated:
<6>[20409.457256] cfg80211:  DFS Master region: unset
<6>[20409.457258] cfg80211:   (start_freq - end_freq @ bandwidth), (max_antenna_gain, max_eirp), (dfs_cac_time)
<6>[20409.457261] cfg80211:   (2402000 KHz - 2472000 KHz @ 40000 KHz), (300 mBi, 2000 mBm), (N/A)
<6>[20409.457264] cfg80211:   (2457000 KHz - 2482000 KHz @ 40000 KHz), (300 mBi, 2000 mBm), (N/A)
<6>[20409.457266] cfg80211:   (2474000 KHz - 2494000 KHz @ 20000 KHz), (300 mBi, 2000 mBm), (N/A)
<6>[20409.457268] cfg80211:   (5170000 KHz - 5250000 KHz @ 40000 KHz), (300 mBi, 2000 mBm), (N/A)
<6>[20409.457270] cfg80211:   (5735000 KHz - 5835000 KHz @ 40000 KHz), (300 mBi, 2000 mBm), (N/A)
<3>[20410.008173] r8169 0000:03:00.0 eth0: rtl_eriar_cond == 1 (loop: 100, delay: 100).
<12>[20410.222613] init: anacron main process (20836) killed by TERM signal
<6>[20410.296310] PM: Syncing filesystems ... done.
<7>[20410.309216] PM: Preparing system for mem sleep
<4>[20410.310159] Freezing user space processes ... (elapsed 0.002 seconds) done.
<4>[20410.312438] Freezing remaining freezable tasks ... (elapsed 0.001 seconds) done.
<7>[20410.313635] PM: Entering mem sleep
<4>[20410.313650] Suspending console(s) (use no_console_suspend to debug)
<5>[20410.313936] sd 0:0:0:0: [sda] Synchronizing SCSI cache
<5>[20410.314050] sd 0:0:0:0: [sda] Stopping disk
<6>[20410.449817] PM: suspend of devices complete after 136.176 msecs
<6>[20410.497818] PM: late suspend of devices complete after 48.048 msecs
<6>[20410.500451] r8169 0000:03:00.0: System wakeup enabled by ACPI
<6>[20410.514038] PM: noirq suspend of devices complete after 16.233 msecs
<6>[20410.514295] ACPI: Preparing to enter system sleep state S3
<6>[20410.561713] PM: Saving platform NVS memory
<6>[20410.561740] Disabling non-boot CPUs ...
<6>[20410.561772] intel_pstate CPU 1 exiting
<6>[20410.562952] kvm: disabling virtualization on CPU1
<6>[20410.563220] smpboot: CPU 1 is now offline
<6>[20410.563522] intel_pstate CPU 2 exiting
<6>[20410.564679] kvm: disabling virtualization on CPU2
<6>[20410.564685] smpboot: CPU 2 is now offline
<6>[20410.564916] intel_pstate CPU 3 exiting
<5>[20410.565059] Broke affinity for irq 44
<6>[20410.566066] kvm: disabling virtualization on CPU3
<6>[20410.566080] smpboot: CPU 3 is now offline
<6>[20410.568380] ACPI: Low-level resume complete
<6>[20410.568456] PM: Restoring platform NVS memory
<6>[20410.568962] Enabling non-boot CPUs ...
<6>[20410.569021] x86: Booting SMP configuration:
<6>[20410.569023] smpboot: Booting Node 0 Processor 1 APIC 0x2
<6>[20410.581396] kvm: enabling virtualization on CPU1
<6>[20410.583748] CPU1 is up
<6>[20410.583775] smpboot: Booting Node 0 Processor 2 APIC 0x1
<6>[20410.595965] kvm: enabling virtualization on CPU2
<6>[20410.598206] CPU2 is up
<6>[20410.598225] smpboot: Booting Node 0 Processor 3 APIC 0x3
<6>[20410.610311] kvm: enabling virtualization on CPU3
<6>[20410.612528] CPU3 is up
<6>[20410.620012] ACPI : EC: 0 stale EC events cleared
<6>[20410.620038] ACPI: Waking up from system sleep state S3
<6>[20410.807923] PM: noirq resume of devices complete after 123.841 msecs
<6>[20410.831919] PM: early resume of devices complete after 24.001 msecs
<6>[20410.832379] r8169 0000:03:00.0: System wakeup disabled by ACPI
<5>[20410.835993] sd 0:0:0:0: [sda] Starting disk
<6>[20411.155467] ata1: SATA link up 6.0 Gbps (SStatus 133 SControl 300)
<7>[20411.155824] ata1.00: ACPI cmd ef/10:09:00:00:00:b0 (SET FEATURES) succeeded
<7>[20411.156757] ata1.00: ACPI cmd ef/10:09:00:00:00:b0 (SET FEATURES) succeeded
<6>[20411.157203] ata1.00: configured for UDMA/100
<6>[20411.199635] usb 1-5: reset high-speed USB device number 4 using xhci_hcd
<4>[20411.354117] xhci_hcd 0000:00:14.0: xHCI xhci_drop_endpoint called with disabled ep ffff8800d2e8a6c0
<6>[20411.355033] restoring control 00000000-0000-0000-0000-000000000101/10/5
<6>[20411.439402] usb 1-2: reset full-speed USB device number 2 using xhci_hcd
<4>[20411.568205] xhci_hcd 0000:00:14.0: xHCI xhci_drop_endpoint called with disabled ep ffff8800d2e8a360
<4>[20411.568206] xhci_hcd 0000:00:14.0: xHCI xhci_drop_endpoint called with disabled ep ffff8800d2e8a3c0
<4>[20411.568207] xhci_hcd 0000:00:14.0: xHCI xhci_drop_endpoint called with disabled ep ffff8800d2e8a420
<6>[20411.679105] usb 1-7: reset full-speed USB device number 5 using xhci_hcd
<4>[20411.807394] xhci_hcd 0000:00:14.0: xHCI xhci_drop_endpoint called with disabled ep ffff88003f5993c0
<4>[20411.807395] xhci_hcd 0000:00:14.0: xHCI xhci_drop_endpoint called with disabled ep ffff88003f599408
<4>[20411.807421] usb 1-7: ep 0x2 - rounding interval to 64 microframes, ep desc says 80 microframes
<6>[20411.918917] usb 1-4: reset full-speed USB device number 3 using xhci_hcd
<4>[20412.047115] xhci_hcd 0000:00:14.0: xHCI xhci_drop_endpoint called with disabled ep ffff88003f976c00
<4>[20412.047116] xhci_hcd 0000:00:14.0: xHCI xhci_drop_endpoint called with disabled ep ffff88003f976c48
<4>[20412.047117] xhci_hcd 0000:00:14.0: xHCI xhci_drop_endpoint called with disabled ep ffff88003f976c90
<4>[20412.047117] xhci_hcd 0000:00:14.0: xHCI xhci_drop_endpoint called with disabled ep ffff88003f9cfa80
<4>[20412.047118] xhci_hcd 0000:00:14.0: xHCI xhci_drop_endpoint called with disabled ep ffff88003f9cfac8
<3>[20413.732780] pciehp 0000:00:1c.0:pcie04: Link Training Error occurs
<3>[20413.732782] pciehp 0000:00:1c.0:pcie04: Failed to check link status
<6>[20413.732867] rtc_cmos 00:01: System wakeup disabled by ACPI
<6>[20413.847217] PM: resume of devices complete after 3018.480 msecs
<7>[20413.847730] PM: Finishing wakeup.
<4>[20413.847731] Restarting tasks ... 
<4>[20413.848480] i915 0000:00:02.0: BAR 6: [??? 0x00000000 flags 0x2] has bogus alignment
<7>[20413.848808] pci_bus 0000:01: Allocating resources
<7>[20413.848822] pci_bus 0000:02: Allocating resources
<7>[20413.848889] pci_bus 0000:03: Allocating resources
<4>[20413.848901] i915 0000:00:02.0: BAR 6: [??? 0x00000000 flags 0x2] has bogus alignment
<4>[20413.849034] i915 0000:00:02.0: BAR 6: [??? 0x00000000 flags 0x2] has bogus alignment
<4>[20413.849313] i915 0000:00:02.0: BAR 6: [??? 0x00000000 flags 0x2] has bogus alignment
<4>[20413.849332] i915 0000:00:02.0: BAR 6: [??? 0x00000000 flags 0x2] has bogus alignment
<4>[20413.849444] acpi device:38: Cannot transition to power state D3cold for parent in (unknown)
<4>[20413.849515] i915 0000:00:02.0: BAR 6: [??? 0x00000000 flags 0x2] has bogus alignment
<4>[20413.849609] done.
<6>[20413.860008] Bluetooth: hci0: read Intel version: 370710018002030d00
<6>[20413.860015] Bluetooth: hci0: Intel Bluetooth firmware file: intel/ibt-hw-37.7.10-fw-1.80.2.3.d.bseq
<4>[20413.867612] i915 0000:00:02.0: BAR 6: [??? 0x00000000 flags 0x2] has bogus alignment
<6>[20414.018863] Bluetooth: hci0: Intel Bluetooth firmware patch completed and activated
<12>[20414.094804] init: anacron main process (21038) killed by TERM signal
<6>[20414.181337] iwlwifi 0000:02:00.0: L1 Enabled - LTR Enabled
<6>[20414.181676] iwlwifi 0000:02:00.0: L1 Enabled - LTR Enabled
<6>[20414.200394] IPv6: ADDRCONF(NETDEV_UP): wlan0: link is not ready
<6>[20414.258705] r8169 0000:03:00.0 eth0: link down
<6>[20414.258754] IPv6: ADDRCONF(NETDEV_UP): eth0: link is not ready
<6>[20421.049681] wlan0: authenticate with d8:fe:e3:80:7e:60
<6>[20421.055803] wlan0: send auth to d8:fe:e3:80:7e:60 (try 1/3)
<6>[20421.057650] wlan0: authenticated
<6>[20421.061032] wlan0: associate with d8:fe:e3:80:7e:60 (try 1/3)
<6>[20421.065135] wlan0: RX AssocResp from d8:fe:e3:80:7e:60 (capab=0xc11 status=0 aid=3)
<6>[20421.066064] wlan0: associated
<6>[20421.066093] IPv6: ADDRCONF(NETDEV_CHANGE): wlan0: link becomes ready
<6>[20421.066165] cfg80211: Calling CRDA for country: GB
<6>[20421.068397] cfg80211: Regulatory domain changed to country: GB
<6>[20421.068401] cfg80211:  DFS Master region: unset
<6>[20421.068402] cfg80211:   (start_freq - end_freq @ bandwidth), (max_antenna_gain, max_eirp), (dfs_cac_time)
<6>[20421.068404] cfg80211:   (2402000 KHz - 2482000 KHz @ 40000 KHz), (N/A, 2000 mBm), (N/A)
<6>[20421.068406] cfg80211:   (5170000 KHz - 5250000 KHz @ 40000 KHz), (N/A, 2000 mBm), (N/A)
<6>[20421.068407] cfg80211:   (5250000 KHz - 5330000 KHz @ 40000 KHz), (N/A, 2000 mBm), (0 s)
<6>[20421.068408] cfg80211:   (5490000 KHz - 5710000 KHz @ 40000 KHz), (N/A, 2700 mBm), (0 s)
<6>[20421.068410] cfg80211:   (57240000 KHz - 65880000 KHz @ 2160000 KHz), (N/A, 4000 mBm), (N/A)
<6>[20421.316208] wlan0: deauthenticating from d8:fe:e3:80:7e:60 by local choice (Reason: 2=PREV_AUTH_NOT_VALID)
<6>[20421.321342] cfg80211: Calling CRDA to update world regulatory domain
<6>[20421.321399] wlan0: authenticate with d8:fe:e3:80:7e:60
<6>[20421.324527] wlan0: send auth to d8:fe:e3:80:7e:60 (try 1/3)
<6>[20421.324660] cfg80211: World regulatory domain updated:
<6>[20421.324664] cfg80211:  DFS Master region: unset
<6>[20421.324665] cfg80211:   (start_freq - end_freq @ bandwidth), (max_antenna_gain, max_eirp), (dfs_cac_time)
<6>[20421.324668] cfg80211:   (2402000 KHz - 2472000 KHz @ 40000 KHz), (300 mBi, 2000 mBm), (N/A)
<6>[20421.324671] cfg80211:   (2457000 KHz - 2482000 KHz @ 40000 KHz), (300 mBi, 2000 mBm), (N/A)
<6>[20421.324673] cfg80211:   (2474000 KHz - 2494000 KHz @ 20000 KHz), (300 mBi, 2000 mBm), (N/A)
<6>[20421.324675] cfg80211:   (5170000 KHz - 5250000 KHz @ 40000 KHz), (300 mBi, 2000 mBm), (N/A)
