<6>[    0.000000] Initializing cgroup subsys cpuset
<6>[    0.000000] Initializing cgroup subsys cpu
<6>[    0.000000] Initializing cgroup subsys cpuacct
<5>[    0.000000] Linux version 4.2.0-18-generic (buildd@lgw01-55) (gcc version 4.8.2 (Ubuntu 4.8.2-19ubuntu1) ) #22~14.04.1-Ubuntu SMP Fri Nov 6 22:20:11 UTC 2015 (Ubuntu 4.2.0-18.22~14.04.1-generic 4.2.3)
<6>[    0.000000] Command line: initrd=/casper/initrd.lz boot=casper config ip=frommedia persistent noprompt splash quiet FWTS_AUTO_SHUTDOWN=1 username=ubuntu hostname=fwts-live  quiet BOOT_IMAGE=/casper/vmlinuz 
<6>[    0.000000] KERNEL supported cpus:
<6>[    0.000000]   Intel GenuineIntel
<6>[    0.000000]   AMD AuthenticAMD
<6>[    0.000000]   Centaur CentaurHauls
<6>[    0.000000] x86/fpu: xstate_offset[2]: 0240, xstate_sizes[2]: 0100
<6>[    0.000000] x86/fpu: Supporting XSAVE feature 0x01: 'x87 floating point registers'
<6>[    0.000000] x86/fpu: Supporting XSAVE feature 0x02: 'SSE registers'
<6>[    0.000000] x86/fpu: Supporting XSAVE feature 0x04: 'AVX registers'
<6>[    0.000000] x86/fpu: Enabled xstate features 0x7, context size is 0x340 bytes, using 'standard' format.
<6>[    0.000000] x86/fpu: Using 'eager' FPU context switches.
<6>[    0.000000] e820: BIOS-provided physical RAM map:
<6>[    0.000000] BIOS-e820: [mem 0x0000000000000000-0x000000000009d3ff] usable
<6>[    0.000000] BIOS-e820: [mem 0x000000000009d400-0x000000000009ffff] reserved
<6>[    0.000000] BIOS-e820: [mem 0x00000000000e0000-0x00000000000fffff] reserved
<6>[    0.000000] BIOS-e820: [mem 0x0000000000100000-0x00000000ce636fff] usable
<6>[    0.000000] BIOS-e820: [mem 0x00000000ce637000-0x00000000ce63dfff] ACPI NVS
<6>[    0.000000] BIOS-e820: [mem 0x00000000ce63e000-0x00000000cf327fff] usable
<6>[    0.000000] BIOS-e820: [mem 0x00000000cf328000-0x00000000cf7f2fff] reserved
<6>[    0.000000] BIOS-e820: [mem 0x00000000cf7f3000-0x00000000d7dadfff] usable
<6>[    0.000000] BIOS-e820: [mem 0x00000000d7dae000-0x00000000d7ffffff] reserved
<6>[    0.000000] BIOS-e820: [mem 0x00000000d8000000-0x00000000d86c7fff] usable
<6>[    0.000000] BIOS-e820: [mem 0x00000000d86c8000-0x00000000d87fffff] reserved
<6>[    0.000000] BIOS-e820: [mem 0x00000000d8800000-0x00000000d8fa8fff] usable
<6>[    0.000000] BIOS-e820: [mem 0x00000000d8fa9000-0x00000000d8ffffff] ACPI data
<6>[    0.000000] BIOS-e820: [mem 0x00000000d9000000-0x00000000da71cfff] usable
<6>[    0.000000] BIOS-e820: [mem 0x00000000da71d000-0x00000000da7fffff] ACPI NVS
<6>[    0.000000] BIOS-e820: [mem 0x00000000da800000-0x00000000dbad7fff] usable
<6>[    0.000000] BIOS-e820: [mem 0x00000000dbad8000-0x00000000dbffffff] reserved
<6>[    0.000000] BIOS-e820: [mem 0x00000000dd000000-0x00000000df1fffff] reserved
<6>[    0.000000] BIOS-e820: [mem 0x00000000f8000000-0x00000000fbffffff] reserved
<6>[    0.000000] BIOS-e820: [mem 0x00000000fec00000-0x00000000fec00fff] reserved
<6>[    0.000000] BIOS-e820: [mem 0x00000000fed00000-0x00000000fed03fff] reserved
<6>[    0.000000] BIOS-e820: [mem 0x00000000fed1c000-0x00000000fed1ffff] reserved
<6>[    0.000000] BIOS-e820: [mem 0x00000000fee00000-0x00000000fee00fff] reserved
<6>[    0.000000] BIOS-e820: [mem 0x00000000ff000000-0x00000000ffffffff] reserved
<6>[    0.000000] BIOS-e820: [mem 0x0000000100000000-0x000000011edfffff] usable
<6>[    0.000000] NX (Execute Disable) protection: active
<6>[    0.000000] SMBIOS 2.7 present.
<7>[    0.000000] DMI: Dell Inc. Venue 11 Pro 7130 vPro/066NXF, BIOS A13 09/15/2014
<7>[    0.000000] e820: update [mem 0x00000000-0x00000fff] usable ==> reserved
<7>[    0.000000] e820: remove [mem 0x000a0000-0x000fffff] usable
<6>[    0.000000] e820: last_pfn = 0x11ee00 max_arch_pfn = 0x400000000
<7>[    0.000000] MTRR default type: uncachable
<7>[    0.000000] MTRR fixed ranges enabled:
<7>[    0.000000]   00000-9FFFF write-back
<7>[    0.000000]   A0000-BFFFF uncachable
<7>[    0.000000]   C0000-CFFFF write-protect
<7>[    0.000000]   D0000-E7FFF uncachable
<7>[    0.000000]   E8000-FFFFF write-protect
<7>[    0.000000] MTRR variable ranges enabled:
<7>[    0.000000]   0 base 0000000000 mask 7F00000000 write-back
<7>[    0.000000]   1 base 0100000000 mask 7FE0000000 write-back
<7>[    0.000000]   2 base 00E0000000 mask 7FE0000000 uncachable
<7>[    0.000000]   3 base 00DE000000 mask 7FFE000000 uncachable
<7>[    0.000000]   4 base 00DD000000 mask 7FFF000000 uncachable
<7>[    0.000000]   5 base 011F000000 mask 7FFF000000 uncachable
<7>[    0.000000]   6 base 011EE00000 mask 7FFFE00000 uncachable
<7>[    0.000000]   7 disabled
<7>[    0.000000]   8 disabled
<7>[    0.000000]   9 disabled
<6>[    0.000000] x86/PAT: Configuration [0-7]: WB  WC  UC- UC  WB  WC  UC- WT  
<7>[    0.000000] original variable MTRRs
<7>[    0.000000] reg 0, base: 0GB, range: 4GB, type WB
<7>[    0.000000] reg 1, base: 4GB, range: 512MB, type WB
<7>[    0.000000] reg 2, base: 3584MB, range: 512MB, type UC
<7>[    0.000000] reg 3, base: 3552MB, range: 32MB, type UC
<7>[    0.000000] reg 4, base: 3536MB, range: 16MB, type UC
<7>[    0.000000] reg 5, base: 4592MB, range: 16MB, type UC
<7>[    0.000000] reg 6, base: 4590MB, range: 2MB, type UC
<6>[    0.000000] total RAM covered: 4030M
<6>[    0.000000] Found optimal setting for mtrr clean up
<6>[    0.000000]  gran_size: 64K 	chunk_size: 64M 	num_reg: 8  	lose cover RAM: 0G
<7>[    0.000000] New variable MTRRs
<7>[    0.000000] reg 0, base: 0GB, range: 2GB, type WB
<7>[    0.000000] reg 1, base: 2GB, range: 1GB, type WB
<7>[    0.000000] reg 2, base: 3GB, range: 512MB, type WB
<7>[    0.000000] reg 3, base: 3536MB, range: 16MB, type UC
<7>[    0.000000] reg 4, base: 3552MB, range: 32MB, type UC
<7>[    0.000000] reg 5, base: 4GB, range: 512MB, type WB
<7>[    0.000000] reg 6, base: 4590MB, range: 2MB, type UC
<7>[    0.000000] reg 7, base: 4592MB, range: 16MB, type UC
<7>[    0.000000] e820: update [mem 0xdd000000-0xffffffff] usable ==> reserved
<6>[    0.000000] e820: last_pfn = 0xdbad8 max_arch_pfn = 0x400000000
<6>[    0.000000] found SMP MP-table at [mem 0x000fd940-0x000fd94f] mapped at [ffff8800000fd940]
<6>[    0.000000] Scanning 1 areas for low memory corruption
<7>[    0.000000] Base memory trampoline at [ffff880000097000] 97000 size 24576
<6>[    0.000000] Using GB pages for direct mapping
<6>[    0.000000] init_memory_mapping: [mem 0x00000000-0x000fffff]
<7>[    0.000000]  [mem 0x00000000-0x000fffff] page 4k
<7>[    0.000000] BRK [0x01ff2000, 0x01ff2fff] PGTABLE
<7>[    0.000000] BRK [0x01ff3000, 0x01ff3fff] PGTABLE
<7>[    0.000000] BRK [0x01ff4000, 0x01ff4fff] PGTABLE
<6>[    0.000000] init_memory_mapping: [mem 0x11ec00000-0x11edfffff]
<7>[    0.000000]  [mem 0x11ec00000-0x11edfffff] page 2M
<7>[    0.000000] BRK [0x01ff5000, 0x01ff5fff] PGTABLE
<6>[    0.000000] init_memory_mapping: [mem 0x100000000-0x11ebfffff]
<7>[    0.000000]  [mem 0x100000000-0x11ebfffff] page 2M
<6>[    0.000000] init_memory_mapping: [mem 0xc0000000-0xce636fff]
<7>[    0.000000]  [mem 0xc0000000-0xce5fffff] page 2M
<7>[    0.000000]  [mem 0xce600000-0xce636fff] page 4k
<7>[    0.000000] BRK [0x01ff6000, 0x01ff6fff] PGTABLE
<7>[    0.000000] BRK [0x01ff7000, 0x01ff7fff] PGTABLE
<6>[    0.000000] init_memory_mapping: [mem 0xce63e000-0xcf327fff]
<7>[    0.000000]  [mem 0xce63e000-0xce7fffff] page 4k
<7>[    0.000000]  [mem 0xce800000-0xcf1fffff] page 2M
<7>[    0.000000]  [mem 0xcf200000-0xcf327fff] page 4k
<6>[    0.000000] init_memory_mapping: [mem 0xcf7f3000-0xd7dadfff]
<7>[    0.000000]  [mem 0xcf7f3000-0xcf7fffff] page 4k
<7>[    0.000000]  [mem 0xcf800000-0xd7bfffff] page 2M
<7>[    0.000000]  [mem 0xd7c00000-0xd7dadfff] page 4k
<6>[    0.000000] init_memory_mapping: [mem 0xd8000000-0xd86c7fff]
<7>[    0.000000]  [mem 0xd8000000-0xd85fffff] page 2M
<7>[    0.000000]  [mem 0xd8600000-0xd86c7fff] page 4k
<6>[    0.000000] init_memory_mapping: [mem 0xd8800000-0xd8fa8fff]
<7>[    0.000000]  [mem 0xd8800000-0xd8dfffff] page 2M
<7>[    0.000000]  [mem 0xd8e00000-0xd8fa8fff] page 4k
<6>[    0.000000] init_memory_mapping: [mem 0xd9000000-0xda71cfff]
<7>[    0.000000]  [mem 0xd9000000-0xda5fffff] page 2M
<7>[    0.000000]  [mem 0xda600000-0xda71cfff] page 4k
<6>[    0.000000] init_memory_mapping: [mem 0xda800000-0xdbad7fff]
<7>[    0.000000]  [mem 0xda800000-0xdb9fffff] page 2M
<7>[    0.000000]  [mem 0xdba00000-0xdbad7fff] page 4k
<6>[    0.000000] init_memory_mapping: [mem 0x00100000-0xbfffffff]
<7>[    0.000000]  [mem 0x00100000-0x001fffff] page 4k
<7>[    0.000000]  [mem 0x00200000-0x3fffffff] page 2M
<7>[    0.000000]  [mem 0x40000000-0xbfffffff] page 1G
<6>[    0.000000] RAMDISK: [mem 0x7f2bd000-0x7fffefff]
<6>[    0.000000] ACPI: Early table checksum verification disabled
<4>[    0.000000] ACPI: RSDP 0x00000000000EEE70 000024 (v02 DELL  )
<4>[    0.000000] ACPI: XSDT 0x00000000D8FEA090 0000A4 (v01 DELL   CBX3     01072009 AMI  00010013)
<4>[    0.000000] ACPI: FACP 0x00000000D8FFBA80 00010C (v05 DELL   CBX3     01072009 AMI  00010013)
<4>[    0.000000] ACPI: DSDT 0x00000000D8FEA1C8 0118B6 (v02 DELL   CBX3     00000014 INTL 20120711)
<4>[    0.000000] ACPI: FACS 0x00000000DA7FE080 000040
<4>[    0.000000] ACPI: APIC 0x00000000D8FFBB90 000072 (v03 DELL   CBX3     01072009 AMI  00010013)
<4>[    0.000000] ACPI: FPDT 0x00000000D8FFBC08 000044 (v01 DELL   CBX3     01072009 AMI  00010013)
<4>[    0.000000] ACPI: SLIC 0x00000000D8FFBC50 000176 (v03 DELL   CBX3     01072009 MSFT 00010013)
<4>[    0.000000] ACPI: LPIT 0x00000000D8FFBDC8 00005C (v01 DELL   CBX3     00000000 AMI. 00000005)
<4>[    0.000000] ACPI: SSDT 0x00000000D8FFBE28 000228 (v01 INTEL  sensrhub 00000000 INTL 20120711)
<4>[    0.000000] ACPI: SSDT 0x00000000D8FFC050 001721 (v01 AcpiRe Ult0Rtd3 00001000 INTL 20120711)
<4>[    0.000000] ACPI: SSDT 0x00000000D8FFD778 0004C4 (v01 PmRef  Cpu0Ist  00003000 INTL 20120711)
<4>[    0.000000] ACPI: SSDT 0x00000000D8FFDC40 000AD8 (v01 PmRef  CpuPm    00003000 INTL 20120711)
<4>[    0.000000] ACPI: HPET 0x00000000D8FFE718 000038 (v01 DELL   CBX3     01072009 AMI. 00000005)
<4>[    0.000000] ACPI: SSDT 0x00000000D8FFE750 000455 (v01 SataRe SataTabl 00001000 INTL 20120711)
<4>[    0.000000] ACPI: MCFG 0x00000000D8FFEBA8 00003C (v01 DELL   CBX3     01072009 MSFT 00000097)
<4>[    0.000000] ACPI: ASF! 0x00000000D8FFEBE8 0000A5 (v32 INTEL   HCG     00000001 TFSM 000F4240)
<4>[    0.000000] ACPI: MSDM 0x00000000D8FFEC90 000055 (v03 DELL   CBX3     06222004 AMI  00010013)
<4>[    0.000000] ACPI: BGRT 0x00000000D8FFECE8 000038 (v00 óî              01072009 AMI  00010013)
<4>[    0.000000] ACPI: DMAR 0x00000000D8FFED20 000164 (v01 INTEL  HSW      00000001 INTL 00000001)
<7>[    0.000000] ACPI: Local APIC address 0xfee00000
<6>[    0.000000] No NUMA configuration found
<6>[    0.000000] Faking a node at [mem 0x0000000000000000-0x000000011edfffff]
<6>[    0.000000] NODE_DATA(0) allocated [mem 0x11edf4000-0x11edf8fff]
<7>[    0.000000]  [ffffea0000000000-ffffea00047fffff] PMD -> [ffff88011a400000-ffff88011e3fffff] on node 0
<6>[    0.000000] Zone ranges:
<6>[    0.000000]   DMA      [mem 0x0000000000001000-0x0000000000ffffff]
<6>[    0.000000]   DMA32    [mem 0x0000000001000000-0x00000000ffffffff]
<6>[    0.000000]   Normal   [mem 0x0000000100000000-0x000000011edfffff]
<6>[    0.000000] Movable zone start for each node
<6>[    0.000000] Early memory node ranges
<6>[    0.000000]   node   0: [mem 0x0000000000001000-0x000000000009cfff]
<6>[    0.000000]   node   0: [mem 0x0000000000100000-0x00000000ce636fff]
<6>[    0.000000]   node   0: [mem 0x00000000ce63e000-0x00000000cf327fff]
<6>[    0.000000]   node   0: [mem 0x00000000cf7f3000-0x00000000d7dadfff]
<6>[    0.000000]   node   0: [mem 0x00000000d8000000-0x00000000d86c7fff]
<6>[    0.000000]   node   0: [mem 0x00000000d8800000-0x00000000d8fa8fff]
<6>[    0.000000]   node   0: [mem 0x00000000d9000000-0x00000000da71cfff]
<6>[    0.000000]   node   0: [mem 0x00000000da800000-0x00000000dbad7fff]
<6>[    0.000000]   node   0: [mem 0x0000000100000000-0x000000011edfffff]
<6>[    0.000000] Initmem setup node 0 [mem 0x0000000000001000-0x000000011edfffff]
<7>[    0.000000] On node 0 totalpages: 1023710
<7>[    0.000000]   DMA zone: 64 pages used for memmap
<7>[    0.000000]   DMA zone: 21 pages reserved
<7>[    0.000000]   DMA zone: 3996 pages, LIFO batch:0
<7>[    0.000000]   DMA32 zone: 13958 pages used for memmap
<7>[    0.000000]   DMA32 zone: 893250 pages, LIFO batch:31
<7>[    0.000000]   Normal zone: 1976 pages used for memmap
<7>[    0.000000]   Normal zone: 126464 pages, LIFO batch:31
<6>[    0.000000] Reserving Intel graphics stolen memory at 0xdd200000-0xdf1fffff
<6>[    0.000000] ACPI: PM-Timer IO Port: 0x1808
<7>[    0.000000] ACPI: Local APIC address 0xfee00000
<6>[    0.000000] ACPI: LAPIC_NMI (acpi_id[0xff] high edge lint[0x1])
<6>[    0.000000] IOAPIC[0]: apic_id 8, version 32, address 0xfec00000, GSI 0-39
<6>[    0.000000] ACPI: INT_SRC_OVR (bus 0 bus_irq 0 global_irq 2 dfl dfl)
<6>[    0.000000] ACPI: INT_SRC_OVR (bus 0 bus_irq 9 global_irq 9 high level)
<7>[    0.000000] ACPI: IRQ0 used by override.
<7>[    0.000000] ACPI: IRQ9 used by override.
<6>[    0.000000] Using ACPI (MADT) for SMP configuration information
<6>[    0.000000] ACPI: HPET id: 0x8086a701 base: 0xfed00000
<6>[    0.000000] smpboot: Allowing 4 CPUs, 0 hotplug CPUs
<6>[    0.000000] PM: Registered nosave memory: [mem 0x00000000-0x00000fff]
<6>[    0.000000] PM: Registered nosave memory: [mem 0x0009d000-0x0009dfff]
<6>[    0.000000] PM: Registered nosave memory: [mem 0x0009e000-0x0009ffff]
<6>[    0.000000] PM: Registered nosave memory: [mem 0x000a0000-0x000dffff]
<6>[    0.000000] PM: Registered nosave memory: [mem 0x000e0000-0x000fffff]
<6>[    0.000000] PM: Registered nosave memory: [mem 0xce637000-0xce63dfff]
<6>[    0.000000] PM: Registered nosave memory: [mem 0xcf328000-0xcf7f2fff]
<6>[    0.000000] PM: Registered nosave memory: [mem 0xd7dae000-0xd7ffffff]
<6>[    0.000000] PM: Registered nosave memory: [mem 0xd86c8000-0xd87fffff]
<6>[    0.000000] PM: Registered nosave memory: [mem 0xd8fa9000-0xd8ffffff]
<6>[    0.000000] PM: Registered nosave memory: [mem 0xda71d000-0xda7fffff]
<6>[    0.000000] PM: Registered nosave memory: [mem 0xdbad8000-0xdbffffff]
<6>[    0.000000] PM: Registered nosave memory: [mem 0xdc000000-0xdcffffff]
<6>[    0.000000] PM: Registered nosave memory: [mem 0xdd000000-0xdf1fffff]
<6>[    0.000000] PM: Registered nosave memory: [mem 0xdf200000-0xf7ffffff]
<6>[    0.000000] PM: Registered nosave memory: [mem 0xf8000000-0xfbffffff]
<6>[    0.000000] PM: Registered nosave memory: [mem 0xfc000000-0xfebfffff]
<6>[    0.000000] PM: Registered nosave memory: [mem 0xfec00000-0xfec00fff]
<6>[    0.000000] PM: Registered nosave memory: [mem 0xfec01000-0xfecfffff]
<6>[    0.000000] PM: Registered nosave memory: [mem 0xfed00000-0xfed03fff]
<6>[    0.000000] PM: Registered nosave memory: [mem 0xfed04000-0xfed1bfff]
<6>[    0.000000] PM: Registered nosave memory: [mem 0xfed1c000-0xfed1ffff]
<6>[    0.000000] PM: Registered nosave memory: [mem 0xfed20000-0xfedfffff]
<6>[    0.000000] PM: Registered nosave memory: [mem 0xfee00000-0xfee00fff]
<6>[    0.000000] PM: Registered nosave memory: [mem 0xfee01000-0xfeffffff]
<6>[    0.000000] PM: Registered nosave memory: [mem 0xff000000-0xffffffff]
<6>[    0.000000] e820: [mem 0xdf200000-0xf7ffffff] available for PCI devices
<6>[    0.000000] Booting paravirtualized kernel on bare hardware
<6>[    0.000000] clocksource: refined-jiffies: mask: 0xffffffff max_cycles: 0xffffffff, max_idle_ns: 7645519600211568 ns
<6>[    0.000000] setup_percpu: NR_CPUS:256 nr_cpumask_bits:256 nr_cpu_ids:4 nr_node_ids:1
<6>[    0.000000] PERCPU: Embedded 33 pages/cpu @ffff88011ea00000 s96728 r8192 d30248 u524288
<7>[    0.000000] pcpu-alloc: s96728 r8192 d30248 u524288 alloc=1*2097152
<7>[    0.000000] pcpu-alloc: [0] 0 1 2 3 
<6>[    0.000000] Built 1 zonelists in Node order, mobility grouping on.  Total pages: 1007691
<6>[    0.000000] Policy zone: Normal
<5>[    0.000000] Kernel command line: initrd=/casper/initrd.lz boot=casper config ip=frommedia persistent noprompt splash quiet FWTS_AUTO_SHUTDOWN=1 username=ubuntu hostname=fwts-live  quiet BOOT_IMAGE=/casper/vmlinuz 
<6>[    0.000000] PID hash table entries: 4096 (order: 3, 32768 bytes)
<7>[    0.000000] Calgary: detecting Calgary via BIOS EBDA area
<7>[    0.000000] Calgary: Unable to locate Rio Grande table in EBDA - bailing!
<6>[    0.000000] Memory: 3932412K/4094840K available (7932K kernel code, 1242K rwdata, 3812K rodata, 1464K init, 1292K bss, 162428K reserved, 0K cma-reserved)
<6>[    0.000000] SLUB: HWalign=64, Order=0-3, MinObjects=0, CPUs=4, Nodes=1
<6>[    0.000000] Hierarchical RCU implementation.
<6>[    0.000000] 	Build-time adjustment of leaf fanout to 64.
<6>[    0.000000] 	RCU restricting CPUs from NR_CPUS=256 to nr_cpu_ids=4.
<6>[    0.000000] RCU: Adjusting geometry for rcu_fanout_leaf=64, nr_cpu_ids=4
<6>[    0.000000] NR_IRQS:16640 nr_irqs:728 16
<6>[    0.000000] 	Offload RCU callbacks from all CPUs
<6>[    0.000000] 	Offload RCU callbacks from CPUs: 0-3.
<6>[    0.000000] Console: colour VGA+ 80x25
<6>[    0.000000] console [tty0] enabled
<6>[    0.000000] clocksource: hpet: mask: 0xffffffff max_cycles: 0xffffffff, max_idle_ns: 133484882848 ns
<7>[    0.000000] hpet clockevent registered
<6>[    0.000000] tsc: Fast TSC calibration using PIT
<6>[    0.000000] tsc: Detected 1596.239 MHz processor
<6>[    0.000032] Calibrating delay loop (skipped), value calculated using timer frequency.. 3192.47 BogoMIPS (lpj=6384956)
<6>[    0.000035] pid_max: default: 32768 minimum: 301
<6>[    0.000041] ACPI: Core revision 20150619
<4>[    0.016350] ACPI: All ACPI Tables successfully acquired
<6>[    0.016370] Security Framework initialized
<6>[    0.016380] AppArmor: AppArmor initialized
<6>[    0.016381] Yama: becoming mindful.
<6>[    0.016695] Dentry cache hash table entries: 524288 (order: 10, 4194304 bytes)
<6>[    0.017569] Inode-cache hash table entries: 262144 (order: 9, 2097152 bytes)
<6>[    0.017947] Mount-cache hash table entries: 8192 (order: 4, 65536 bytes)
<6>[    0.017953] Mountpoint-cache hash table entries: 8192 (order: 4, 65536 bytes)
<6>[    0.018158] Initializing cgroup subsys blkio
<6>[    0.018161] Initializing cgroup subsys memory
<6>[    0.018168] Initializing cgroup subsys devices
<6>[    0.018170] Initializing cgroup subsys freezer
<6>[    0.018172] Initializing cgroup subsys net_cls
<6>[    0.018174] Initializing cgroup subsys perf_event
<6>[    0.018177] Initializing cgroup subsys net_prio
<6>[    0.018179] Initializing cgroup subsys hugetlb
<6>[    0.018203] CPU: Physical Processor ID: 0
<6>[    0.018205] CPU: Processor Core ID: 0
<4>[    0.018209] ENERGY_PERF_BIAS: Set to 'normal', was 'performance'
<4>[    0.018210] ENERGY_PERF_BIAS: View and update with x86_energy_perf_policy(8)
<6>[    0.019436] mce: CPU supports 7 MCE banks
<6>[    0.019450] CPU0: Thermal monitoring enabled (TM1)
<6>[    0.019458] process: using mwait in idle threads
<6>[    0.019462] Last level iTLB entries: 4KB 1024, 2MB 1024, 4MB 1024
<6>[    0.019463] Last level dTLB entries: 4KB 1024, 2MB 1024, 4MB 1024, 1GB 4
<6>[    0.019605] Freeing SMP alternatives memory: 28K (ffffffff81ea6000 - ffffffff81ead000)
<6>[    0.022025] ftrace: allocating 30954 entries in 121 pages
<6>[    0.036475] DMAR: Host address width 39
<6>[    0.036478] DMAR: DRHD base: 0x000000fed90000 flags: 0x0
<6>[    0.036488] DMAR: dmar0: reg_base_addr fed90000 ver 1:0 cap c0000020660462 ecap f0101a
<6>[    0.036489] DMAR: DRHD base: 0x000000fed91000 flags: 0x1
<6>[    0.036496] DMAR: dmar1: reg_base_addr fed91000 ver 1:0 cap d2008020660462 ecap f010da
<6>[    0.036497] DMAR: RMRR base: 0x000000d7f18000 end: 0x000000d7f26fff
<6>[    0.036498] DMAR: RMRR base: 0x000000dd000000 end: 0x000000df1fffff
<6>[    0.036500] DMAR: ANDD device: 1 name: \_SB.PCI0.I2C0
<6>[    0.036501] DMAR: ANDD device: 2 name: \_SB.PCI0.I2C1
<6>[    0.036502] DMAR: ANDD device: 5 name: \_SB.PCI0.UA00
<6>[    0.036503] DMAR: ANDD device: 6 name: \_SB.PCI0.UA01
<6>[    0.036504] DMAR: ANDD device: 7 name: \_SB.PCI0.SDHC
<6>[    0.036506] DMAR-IR: IOAPIC id 8 under DRHD base  0xfed91000 IOMMU 1
<6>[    0.036507] DMAR-IR: HPET id 0 under DRHD base 0xfed91000
<6>[    0.036508] DMAR-IR: Queued invalidation will be enabled to support x2apic and Intr-remapping.
<6>[    0.036894] DMAR-IR: Enabled IRQ remapping in x2apic mode
<6>[    0.036895] x2apic enabled
<6>[    0.036901] Switched APIC routing to cluster x2apic.
<6>[    0.037509] ..TIMER: vector=0x30 apic1=0 pin1=2 apic2=-1 pin2=-1
<7>[    0.077230] TSC deadline timer enabled
<6>[    0.077233] smpboot: CPU0: Intel(R) Core(TM) i5-4300Y CPU @ 1.60GHz (fam: 06, model: 45, stepping: 01)
<6>[    0.077259] Performance Events: PEBS fmt2+, 16-deep LBR, Haswell events, full-width counters, Intel PMU driver.
<6>[    0.077281] ... version:                3
<6>[    0.077282] ... bit width:              48
<6>[    0.077283] ... generic registers:      4
<6>[    0.077284] ... value mask:             0000ffffffffffff
<6>[    0.077285] ... max period:             0000ffffffffffff
<6>[    0.077286] ... fixed-purpose events:   3
<6>[    0.077287] ... event mask:             000000070000000f
<6>[    0.078200] x86: Booting SMP configuration:
<6>[    0.078202] .... node  #0, CPUs:      #1
<6>[    0.082604] NMI watchdog: enabled on all CPUs, permanently consumes one hw-PMU counter.
<4>[    0.082687]  #2 #3
<6>[    0.091451] x86: Booted up 1 node, 4 CPUs
<6>[    0.091455] smpboot: Total of 4 processors activated (12769.91 BogoMIPS)
<6>[    0.095633] devtmpfs: initialized
<6>[    0.099104] evm: security.selinux
<6>[    0.099106] evm: security.SMACK64
<6>[    0.099107] evm: security.SMACK64EXEC
<6>[    0.099108] evm: security.SMACK64TRANSMUTE
<6>[    0.099109] evm: security.SMACK64MMAP
<6>[    0.099109] evm: security.ima
<6>[    0.099110] evm: security.capability
<6>[    0.099189] PM: Registering ACPI NVS region [mem 0xce637000-0xce63dfff] (28672 bytes)
<6>[    0.099191] PM: Registering ACPI NVS region [mem 0xda71d000-0xda7fffff] (929792 bytes)
<6>[    0.099281] clocksource: jiffies: mask: 0xffffffff max_cycles: 0xffffffff, max_idle_ns: 7645041785100000 ns
<6>[    0.099364] pinctrl core: initialized pinctrl subsystem
<6>[    0.099481] RTC time: 21:29:05, date: 02/18/16
<6>[    0.099605] NET: Registered protocol family 16
<6>[    0.103515] cpuidle: using governor ladder
<6>[    0.107516] cpuidle: using governor menu
<6>[    0.107642] ACPI: bus type PCI registered
<6>[    0.107644] acpiphp: ACPI Hot Plug PCI Controller Driver version: 0.5
<6>[    0.107728] PCI: MMCONFIG for domain 0000 [bus 00-3f] at [mem 0xf8000000-0xfbffffff] (base 0xf8000000)
<6>[    0.107730] PCI: MMCONFIG at [mem 0xf8000000-0xfbffffff] reserved in E820
<6>[    0.107742] PCI: Using configuration type 1 for base access
<6>[    0.107752] dmi type 0xB1 record - unknown flag
<6>[    0.108033] perf_event_intel: PMU erratum BJ122, BV98, HSD29 worked around, HT is on
<6>[    0.111951] ACPI: Added _OSI(Module Device)
<6>[    0.111954] ACPI: Added _OSI(Processor Device)
<6>[    0.111955] ACPI: Added _OSI(3.0 _SCP Extensions)
<6>[    0.111957] ACPI: Added _OSI(Processor Aggregator Device)
<4>[    0.116825] ACPI: Executed 2 blocks of module-level executable AML code
<5>[    0.119936] [Firmware Bug]: ACPI: BIOS _OSI(Linux) query ignored
<4>[    0.123462] ACPI: Dynamic OEM Table Load:
<4>[    0.123468] ACPI: SSDT 0xFFFF8801191DD800 0003D3 (v01 PmRef  Cpu0Cst  00003001 INTL 20120711)
<4>[    0.124259] ACPI: Dynamic OEM Table Load:
<4>[    0.124265] ACPI: SSDT 0xFFFF8801191B3000 0005AA (v01 PmRef  ApIst    00003000 INTL 20120711)
<4>[    0.125091] ACPI: Dynamic OEM Table Load:
<4>[    0.125095] ACPI: SSDT 0xFFFF880119230400 000119 (v01 PmRef  ApCst    00003000 INTL 20120711)
<6>[    0.126387] ACPI : EC: EC started
<6>[    0.127853] ACPI: Interpreter enabled
<4>[    0.127864] ACPI Exception: AE_NOT_FOUND, While evaluating Sleep State [\_S1_] (20150619/hwxface-580)
<4>[    0.127872] ACPI Exception: AE_NOT_FOUND, While evaluating Sleep State [\_S2_] (20150619/hwxface-580)
<6>[    0.127898] ACPI: (supports S0 S3 S4 S5)
<6>[    0.127900] ACPI: Using IOAPIC for interrupt routing
<6>[    0.127943] PCI: Using host bridge windows from ACPI; if necessary, use "pci=nocrs" and report a bug
<6>[    0.130738] ACPI: Power Resource [PXP] (on)
<6>[    0.258588] ACPI: Power Resource [PX03] (off)
<6>[    0.258819] ACPI: Power Resource [PX05] (off)
<6>[    0.259041] ACPI: Power Resource [PX06] (on)
<6>[    0.259161] ACPI: Power Resource [PX07] (on)
<6>[    0.259985] ACPI: Power Resource [PAUD] (on)
<6>[    0.260459] ACPI: Power Resource [PSEN] (on)
<6>[    0.260507] ACPI: Power Resource [PXTC] (on)
<6>[    0.314788] acpi LNXIOBAY:00: ACPI dock station (docks/bays count: 1)
<6>[    0.316194] ACPI: Power Resource [LCD1] (on)
<6>[    0.321528] ACPI: Power Resource [QFAN] (off)
<6>[    0.322034] ACPI: Power Resource [NF03] (on)
<6>[    0.322688] ACPI: PCI Root Bridge [PCI0] (domain 0000 [bus 00-3e])
<6>[    0.322693] acpi PNP0A08:00: _OSC: OS supports [ExtendedConfig ASPM ClockPM Segments MSI]
<6>[    0.323201] acpi PNP0A08:00: _OSC: OS now controls [PCIeHotplug PME AER PCIeCapability]
<6>[    0.323640] PCI host bridge to bus 0000:00
<6>[    0.323643] pci_bus 0000:00: root bus resource [bus 00-3e]
<6>[    0.323645] pci_bus 0000:00: root bus resource [io  0x0000-0x0cf7 window]
<6>[    0.323647] pci_bus 0000:00: root bus resource [io  0x0d00-0xffff window]
<6>[    0.323649] pci_bus 0000:00: root bus resource [mem 0x000a0000-0x000bffff window]
<6>[    0.323650] pci_bus 0000:00: root bus resource [mem 0x000d0000-0x000d3fff window]
<6>[    0.323652] pci_bus 0000:00: root bus resource [mem 0x000d4000-0x000d7fff window]
<6>[    0.323653] pci_bus 0000:00: root bus resource [mem 0x000d8000-0x000dbfff window]
<6>[    0.323655] pci_bus 0000:00: root bus resource [mem 0x000dc000-0x000dffff window]
<6>[    0.323657] pci_bus 0000:00: root bus resource [mem 0x000e0000-0x000e3fff window]
<6>[    0.323658] pci_bus 0000:00: root bus resource [mem 0x000e4000-0x000e7fff window]
<6>[    0.323660] pci_bus 0000:00: root bus resource [mem 0xdf200000-0xfeafffff window]
<7>[    0.323668] pci 0000:00:00.0: [8086:0a04] type 00 class 0x060000
<7>[    0.323772] pci 0000:00:02.0: [8086:0a1e] type 00 class 0x030000
<7>[    0.323788] pci 0000:00:02.0: reg 0x10: [mem 0xf7800000-0xf7bfffff 64bit]
<7>[    0.323795] pci 0000:00:02.0: reg 0x18: [mem 0xe0000000-0xefffffff 64bit pref]
<7>[    0.323800] pci 0000:00:02.0: reg 0x20: [io  0xf000-0xf03f]
<7>[    0.323888] pci 0000:00:03.0: [8086:0a0c] type 00 class 0x040300
<7>[    0.323902] pci 0000:00:03.0: reg 0x10: [mem 0xf7e14000-0xf7e17fff 64bit]
<7>[    0.324010] pci 0000:00:14.0: [8086:9c31] type 00 class 0x0c0330
<7>[    0.324034] pci 0000:00:14.0: reg 0x10: [mem 0xf7e00000-0xf7e0ffff 64bit]
<7>[    0.324079] pci 0000:00:14.0: PME# supported from D3hot D3cold
<6>[    0.324123] pci 0000:00:14.0: System wakeup disabled by ACPI
<7>[    0.324160] pci 0000:00:16.0: [8086:9c3a] type 00 class 0x078000
<7>[    0.324188] pci 0000:00:16.0: reg 0x10: [mem 0xf7e1e000-0xf7e1e01f 64bit]
<7>[    0.324241] pci 0000:00:16.0: PME# supported from D0 D3hot D3cold
<7>[    0.324318] pci 0000:00:16.3: [8086:9c3d] type 00 class 0x070002
<7>[    0.324342] pci 0000:00:16.3: reg 0x10: [io  0xf0c0-0xf0c7]
<7>[    0.324351] pci 0000:00:16.3: reg 0x14: [mem 0xf7e1c000-0xf7e1cfff]
<7>[    0.324477] pci 0000:00:1b.0: [8086:9c20] type 00 class 0x040300
<7>[    0.324501] pci 0000:00:1b.0: reg 0x10: [mem 0xf7e10000-0xf7e13fff 64bit]
<7>[    0.324551] pci 0000:00:1b.0: PME# supported from D0 D3hot D3cold
<6>[    0.324595] pci 0000:00:1b.0: System wakeup disabled by ACPI
<7>[    0.324638] pci 0000:00:1c.0: [8086:9c14] type 01 class 0x060400
<7>[    0.324705] pci 0000:00:1c.0: PME# supported from D0 D3hot D3cold
<6>[    0.324788] pci 0000:00:1c.0: System wakeup disabled by ACPI
<7>[    0.324834] pci 0000:00:1c.3: [8086:9c16] type 01 class 0x060400
<7>[    0.324900] pci 0000:00:1c.3: PME# supported from D0 D3hot D3cold
<6>[    0.324976] pci 0000:00:1c.3: System wakeup disabled by ACPI
<7>[    0.325020] pci 0000:00:1f.0: [8086:9c43] type 00 class 0x060100
<7>[    0.325193] pci 0000:00:1f.2: [8086:9c03] type 00 class 0x010601
<7>[    0.325212] pci 0000:00:1f.2: reg 0x10: [io  0xf0b0-0xf0b7]
<7>[    0.325219] pci 0000:00:1f.2: reg 0x14: [io  0xf0a0-0xf0a3]
<7>[    0.325226] pci 0000:00:1f.2: reg 0x18: [io  0xf090-0xf097]
<7>[    0.325233] pci 0000:00:1f.2: reg 0x1c: [io  0xf080-0xf083]
<7>[    0.325240] pci 0000:00:1f.2: reg 0x20: [io  0xf060-0xf07f]
<7>[    0.325247] pci 0000:00:1f.2: reg 0x24: [mem 0xf7e1a000-0xf7e1a7ff]
<7>[    0.325269] pci 0000:00:1f.2: PME# supported from D3hot
<7>[    0.325341] pci 0000:00:1f.3: [8086:9c22] type 00 class 0x0c0500
<7>[    0.325356] pci 0000:00:1f.3: reg 0x10: [mem 0xf7e19000-0xf7e190ff 64bit]
<7>[    0.325375] pci 0000:00:1f.3: reg 0x20: [io  0xf040-0xf05f]
<7>[    0.325673] pci 0000:01:00.0: [8086:08b1] type 00 class 0x028000
<7>[    0.325783] pci 0000:01:00.0: reg 0x10: [mem 0xf7d00000-0xf7d01fff 64bit]
<7>[    0.326027] pci 0000:01:00.0: PME# supported from D0 D3hot D3cold
<6>[    0.326119] pci 0000:01:00.0: System wakeup disabled by ACPI
<6>[    0.335690] pci 0000:00:1c.0: PCI bridge to [bus 01]
<7>[    0.335696] pci 0000:00:1c.0:   bridge window [mem 0xf7d00000-0xf7dfffff]
<7>[    0.337585] pci 0000:02:00.0: [1217:8621] type 00 class 0x080501
<7>[    0.337628] pci 0000:02:00.0: reg 0x10: [mem 0xf7c01000-0xf7c01fff]
<7>[    0.337643] pci 0000:02:00.0: reg 0x14: [mem 0xf7c00000-0xf7c007ff]
<7>[    0.337763] pci 0000:02:00.0: PME# supported from D3hot D3cold
<6>[    0.337794] pci 0000:02:00.0: System wakeup disabled by ACPI
<6>[    0.349371] pci 0000:00:1c.3: PCI bridge to [bus 02]
<7>[    0.349377] pci 0000:00:1c.3:   bridge window [mem 0xf7c00000-0xf7cfffff]
<6>[    0.357303] ACPI: PCI Interrupt Link [LNKA] (IRQs 3 4 5 6 10 *11 12 14 15)
<6>[    0.357362] ACPI: PCI Interrupt Link [LNKB] (IRQs 3 4 5 6 10 11 12 14 15) *0, disabled.
<6>[    0.357419] ACPI: PCI Interrupt Link [LNKC] (IRQs *3 4 5 6 10 11 12 14 15)
<6>[    0.357475] ACPI: PCI Interrupt Link [LNKD] (IRQs 3 4 5 6 *10 11 12 14 15)
<6>[    0.357539] ACPI: PCI Interrupt Link [LNKE] (IRQs 3 4 5 6 10 11 12 14 15) *0, disabled.
<6>[    0.357586] ACPI: PCI Interrupt Link [LNKF] (IRQs 3 4 5 6 10 *11 12 14 15)
<6>[    0.357632] ACPI: PCI Interrupt Link [LNKG] (IRQs 3 4 *5 6 10 11 12 14 15)
<6>[    0.357678] ACPI: PCI Interrupt Link [LNKH] (IRQs 3 4 5 6 10 11 12 14 15) *0, disabled.
<4>[    0.359139] ACPI: Enabled 2 GPEs in block 00 to 7F
<6>[    0.359191] ACPI : EC: GPE = 0xa, I/O: command/status = 0x934, data = 0x930
<6>[    0.359309] vgaarb: setting as boot device: PCI:0000:00:02.0
<6>[    0.359311] vgaarb: device added: PCI:0000:00:02.0,decodes=io+mem,owns=io+mem,locks=none
<6>[    0.359313] vgaarb: loaded
<6>[    0.359315] vgaarb: bridge control possible 0000:00:02.0
<5>[    0.359543] SCSI subsystem initialized
<7>[    0.359586] libata version 3.00 loaded.
<6>[    0.359610] ACPI: bus type USB registered
<6>[    0.359627] usbcore: registered new interface driver usbfs
<6>[    0.359636] usbcore: registered new interface driver hub
<6>[    0.359652] usbcore: registered new device driver usb
<6>[    0.359792] PCI: Using ACPI for IRQ routing
<7>[    0.361113] PCI: pci_cache_line_size set to 64 bytes
<7>[    0.365084] e820: reserve RAM buffer [mem 0x0009d400-0x0009ffff]
<7>[    0.365086] e820: reserve RAM buffer [mem 0xce637000-0xcfffffff]
<7>[    0.365088] e820: reserve RAM buffer [mem 0xcf328000-0xcfffffff]
<7>[    0.365089] e820: reserve RAM buffer [mem 0xd7dae000-0xd7ffffff]
<7>[    0.365091] e820: reserve RAM buffer [mem 0xd86c8000-0xdbffffff]
<7>[    0.365093] e820: reserve RAM buffer [mem 0xd8fa9000-0xdbffffff]
<7>[    0.365095] e820: reserve RAM buffer [mem 0xda71d000-0xdbffffff]
<7>[    0.365096] e820: reserve RAM buffer [mem 0xdbad8000-0xdbffffff]
<7>[    0.365098] e820: reserve RAM buffer [mem 0x11ee00000-0x11fffffff]
<6>[    0.365238] NetLabel: Initializing
<6>[    0.365239] NetLabel:  domain hash size = 128
<6>[    0.365240] NetLabel:  protocols = UNLABELED CIPSOv4
<6>[    0.365254] NetLabel:  unlabeled traffic allowed by default
<6>[    0.365372] hpet0: at MMIO 0xfed00000, IRQs 2, 8, 0, 0, 0, 0, 0, 0
<6>[    0.365379] hpet0: 8 comparators, 64-bit 14.318180 MHz counter
<6>[    0.367412] clocksource: Switched to clocksource hpet
<6>[    0.373228] AppArmor: AppArmor Filesystem Enabled
<6>[    0.373295] pnp: PnP ACPI init
<6>[    0.373383] system 00:00: [mem 0xfed40000-0xfed44fff] has been reserved
<7>[    0.373388] system 00:00: Plug and Play ACPI device, IDs PNP0c01 (active)
<6>[    0.373562] system 00:01: [io  0x0680-0x069f] has been reserved
<6>[    0.373565] system 00:01: [io  0xffff] has been reserved
<6>[    0.373566] system 00:01: [io  0xffff] has been reserved
<6>[    0.373568] system 00:01: [io  0xffff] has been reserved
<6>[    0.373570] system 00:01: [io  0x1c00-0x1cfe] could not be reserved
<6>[    0.373572] system 00:01: [io  0x1d00-0x1dfe] could not be reserved
<6>[    0.373573] system 00:01: [io  0x1e00-0x1efe] could not be reserved
<6>[    0.373575] system 00:01: [io  0x1f00-0x1ffe] could not be reserved
<6>[    0.373577] system 00:01: [io  0x1800-0x18fe] could not be reserved
<6>[    0.373578] system 00:01: [io  0x164e-0x164f] has been reserved
<7>[    0.373581] system 00:01: Plug and Play ACPI device, IDs PNP0c02 (active)
<7>[    0.373607] pnp 00:02: Plug and Play ACPI device, IDs PNP0b00 (active)
<6>[    0.373650] system 00:03: [io  0x1854-0x1857] has been reserved
<7>[    0.373653] system 00:03: Plug and Play ACPI device, IDs INT3f0d PNP0c02 (active)
<6>[    0.373696] system 00:04: [io  0x04d0-0x04d1] has been reserved
<7>[    0.373699] system 00:04: Plug and Play ACPI device, IDs PNP0c02 (active)
<7>[    0.373754] pnp 00:05: Plug and Play ACPI device, IDs PNP0303 (active)
<6>[    0.374225] system 00:06: [mem 0xfe104000-0xfe104fff] has been reserved
<6>[    0.374227] system 00:06: [mem 0xfe106000-0xfe106fff] has been reserved
<6>[    0.374229] system 00:06: [mem 0xfe10c000-0xfe10cfff] has been reserved
<6>[    0.374231] system 00:06: [mem 0xfe10e000-0xfe10efff] has been reserved
<6>[    0.374232] system 00:06: [mem 0xfe112000-0xfe112fff] has been reserved
<6>[    0.374234] system 00:06: [mem 0xfe111000-0xfe111007] has been reserved
<6>[    0.374236] system 00:06: [mem 0xfe111014-0xfe111fff] has been reserved
<7>[    0.374239] system 00:06: Plug and Play ACPI device, IDs PNP0c02 (active)
<6>[    0.375534] system 00:07: [mem 0xfed1c000-0xfed1ffff] has been reserved
<6>[    0.375537] system 00:07: [mem 0xfed10000-0xfed17fff] has been reserved
<6>[    0.375539] system 00:07: [mem 0xfed18000-0xfed18fff] has been reserved
<6>[    0.375542] system 00:07: [mem 0xfed19000-0xfed19fff] has been reserved
<6>[    0.375544] system 00:07: [mem 0xf8000000-0xfbffffff] has been reserved
<6>[    0.375546] system 00:07: [mem 0xfed20000-0xfed3ffff] has been reserved
<6>[    0.375548] system 00:07: [mem 0xfed90000-0xfed93fff] could not be reserved
<6>[    0.375551] system 00:07: [mem 0xfed45000-0xfed8ffff] has been reserved
<6>[    0.375553] system 00:07: [mem 0xff000000-0xffffffff] has been reserved
<6>[    0.375555] system 00:07: [mem 0xfee00000-0xfeefffff] could not be reserved
<6>[    0.375557] system 00:07: [mem 0xf7fee000-0xf7feefff] has been reserved
<6>[    0.375559] system 00:07: [mem 0xf7fd0000-0xf7fdffff] has been reserved
<7>[    0.375563] system 00:07: Plug and Play ACPI device, IDs PNP0c02 (active)
<6>[    0.378718] pnp: PnP ACPI: found 8 devices
<6>[    0.385543] clocksource: acpi_pm: mask: 0xffffff max_cycles: 0xffffff, max_idle_ns: 2085701024 ns
<6>[    0.385573] pci 0000:00:1c.0: PCI bridge to [bus 01]
<6>[    0.385581] pci 0000:00:1c.0:   bridge window [mem 0xf7d00000-0xf7dfffff]
<6>[    0.385588] pci 0000:00:1c.3: PCI bridge to [bus 02]
<6>[    0.385594] pci 0000:00:1c.3:   bridge window [mem 0xf7c00000-0xf7cfffff]
<7>[    0.385607] pci_bus 0000:00: resource 4 [io  0x0000-0x0cf7 window]
<7>[    0.385609] pci_bus 0000:00: resource 5 [io  0x0d00-0xffff window]
<7>[    0.385611] pci_bus 0000:00: resource 6 [mem 0x000a0000-0x000bffff window]
<7>[    0.385612] pci_bus 0000:00: resource 7 [mem 0x000d0000-0x000d3fff window]
<7>[    0.385614] pci_bus 0000:00: resource 8 [mem 0x000d4000-0x000d7fff window]
<7>[    0.385615] pci_bus 0000:00: resource 9 [mem 0x000d8000-0x000dbfff window]
<7>[    0.385617] pci_bus 0000:00: resource 10 [mem 0x000dc000-0x000dffff window]
<7>[    0.385618] pci_bus 0000:00: resource 11 [mem 0x000e0000-0x000e3fff window]
<7>[    0.385620] pci_bus 0000:00: resource 12 [mem 0x000e4000-0x000e7fff window]
<7>[    0.385621] pci_bus 0000:00: resource 13 [mem 0xdf200000-0xfeafffff window]
<7>[    0.385623] pci_bus 0000:01: resource 1 [mem 0xf7d00000-0xf7dfffff]
<7>[    0.385625] pci_bus 0000:02: resource 1 [mem 0xf7c00000-0xf7cfffff]
<6>[    0.385659] NET: Registered protocol family 2
<6>[    0.385809] TCP established hash table entries: 32768 (order: 6, 262144 bytes)
<6>[    0.385882] TCP bind hash table entries: 32768 (order: 7, 524288 bytes)
<6>[    0.385943] TCP: Hash tables configured (established 32768 bind 32768)
<6>[    0.385968] UDP hash table entries: 2048 (order: 4, 65536 bytes)
<6>[    0.385983] UDP-Lite hash table entries: 2048 (order: 4, 65536 bytes)
<6>[    0.386029] NET: Registered protocol family 1
<7>[    0.386045] pci 0000:00:02.0: Video device with shadowed ROM
<7>[    0.388756] PCI: CLS 64 bytes, default 64
<6>[    0.388822] Trying to unpack rootfs image as initramfs...
<6>[    3.525577] Freeing initrd memory: 13576K (ffff88007f2bd000 - ffff88007ffff000)
<6>[    3.525599] DMAR: ACPI device "INT33C2:00" under DMAR at fed91000 as 00:15.1
<6>[    3.525602] DMAR: ACPI device "INT33C3:00" under DMAR at fed91000 as 00:15.2
<6>[    3.525605] DMAR: ACPI device "INT33C4:00" under DMAR at fed91000 as 00:15.5
<6>[    3.525607] DMAR: ACPI device "INT33C5:00" under DMAR at fed91000 as 00:15.6
<6>[    3.525609] DMAR: ACPI device "INT33C6:00" under DMAR at fed91000 as 00:17.0
<6>[    3.525619] PCI-DMA: Using software bounce buffering for IO (SWIOTLB)
<6>[    3.525622] software IO TLB [mem 0xd3dae000-0xd7dae000] (64MB) mapped at [ffff8800d3dae000-ffff8800d7dadfff]
<6>[    3.525724] RAPL PMU detected, API unit is 2^-32 Joules, 4 fixed counters 655360 ms ovfl timer
<6>[    3.525725] hw unit of domain pp0-core 2^-14 Joules
<6>[    3.525726] hw unit of domain package 2^-14 Joules
<6>[    3.525727] hw unit of domain dram 2^-14 Joules
<6>[    3.525728] hw unit of domain pp1-gpu 2^-14 Joules
<6>[    3.525841] microcode: CPU0 sig=0x40651, pf=0x40, revision=0x1c
<6>[    3.525850] microcode: CPU1 sig=0x40651, pf=0x40, revision=0x1c
<6>[    3.525855] microcode: CPU2 sig=0x40651, pf=0x40, revision=0x1c
<6>[    3.525863] microcode: CPU3 sig=0x40651, pf=0x40, revision=0x1c
<6>[    3.525919] microcode: Microcode Update Driver: v2.00 <tigran@aivazian.fsnet.co.uk>, Peter Oruba
<6>[    3.526025] Scanning for low memory corruption every 60 seconds
<6>[    3.526331] futex hash table entries: 1024 (order: 4, 65536 bytes)
<5>[    3.526349] Initialise system trusted keyring
<6>[    3.526370] audit: initializing netlink subsys (disabled)
<5>[    3.526384] audit: type=2000 audit(1455830948.508:1): initialized
<6>[    3.526735] HugeTLB registered 1 GB page size, pre-allocated 0 pages
<6>[    3.526737] HugeTLB registered 2 MB page size, pre-allocated 0 pages
<6>[    3.528262] zpool: loaded
<6>[    3.528264] zbud: loaded
<5>[    3.528450] VFS: Disk quotas dquot_6.6.0
<6>[    3.528483] VFS: Dquot-cache hash table entries: 512 (order 0, 4096 bytes)
<6>[    3.528968] fuse init (API version 7.23)
<5>[    3.529104] Key type big_key registered
<5>[    3.529391] Key type asymmetric registered
<5>[    3.529395] Asymmetric key parser 'x509' registered
<6>[    3.529418] Block layer SCSI generic (bsg) driver version 0.4 loaded (major 249)
<6>[    3.529455] io scheduler noop registered
<6>[    3.529459] io scheduler deadline registered (default)
<6>[    3.529492] io scheduler cfq registered
<6>[    3.529986] pcieport 0000:00:1c.0: Signaling PME through PCIe PME interrupt
<6>[    3.529988] pci 0000:01:00.0: Signaling PME through PCIe PME interrupt
<7>[    3.529998] pcie_pme 0000:00:1c.0:pcie01: service driver pcie_pme loaded
<6>[    3.530021] pcieport 0000:00:1c.3: Signaling PME through PCIe PME interrupt
<6>[    3.530023] pci 0000:02:00.0: Signaling PME through PCIe PME interrupt
<7>[    3.530033] pcie_pme 0000:00:1c.3:pcie01: service driver pcie_pme loaded
<6>[    3.530040] pci_hotplug: PCI Hot Plug PCI Core version: 0.5
<6>[    3.530048] pciehp: PCI Express Hot Plug Controller Driver version: 0.4
<7>[    3.530090] intel_idle: MWAIT substates: 0x11142120
<7>[    3.530091] intel_idle: v0.4 model 0x45
<7>[    3.530092] intel_idle: lapic_timer_reliable_states 0xffffffff
<6>[    3.530861] ACPI: AC Adapter [AC] (off-line)
<6>[    3.530929] input: Lid Switch as /devices/LNXSYSTM:00/LNXSYBUS:00/PNP0C0D:00/input/input0
<6>[    3.531264] ACPI: Lid Switch [LID0]
<6>[    3.531302] input: Power Button as /devices/LNXSYSTM:00/LNXSYBUS:00/PNP0C0C:00/input/input1
<6>[    3.531305] ACPI: Power Button [PBTN]
<6>[    3.531340] input: Power Button as /devices/LNXSYSTM:00/LNXPWRBN:00/input/input2
<6>[    3.531342] ACPI: Power Button [PWRF]
<6>[    3.535939] thermal LNXTHERM:00: registered as thermal_zone0
<6>[    3.535941] ACPI: Thermal Zone [THM] (49 C)
<6>[    3.535986] GHES: HEST is not enabled!
<6>[    3.536097] Serial: 8250/16550 driver, 32 ports, IRQ sharing enabled
<6>[    3.551192] ACPI: Battery Slot [BAT0] (battery present)
<6>[    3.558279] 0000:00:16.3: ttyS4 at I/O 0xf0c0 (irq = 19, base_baud = 115200) is a 16550A
<6>[    3.559886] Linux agpgart interface v0.103
<6>[    3.562759] brd: module loaded
<6>[    3.564034] loop: module loaded
<6>[    3.564239] libphy: Fixed MDIO Bus: probed
<6>[    3.564242] tun: Universal TUN/TAP device driver, 1.6
<6>[    3.564244] tun: (C) 1999-2004 Max Krasnyansky <maxk@qualcomm.com>
<6>[    3.564291] PPP generic driver version 2.4.2
<6>[    3.564585] xhci_hcd 0000:00:14.0: xHCI Host Controller
<6>[    3.564592] xhci_hcd 0000:00:14.0: new USB bus registered, assigned bus number 1
<6>[    3.564679] xhci_hcd 0000:00:14.0: hcc params 0x200077c1 hci version 0x100 quirks 0x0000b810
<7>[    3.564684] xhci_hcd 0000:00:14.0: cache line size of 64 is not supported
<6>[    3.564761] usb usb1: New USB device found, idVendor=1d6b, idProduct=0002
<6>[    3.564763] usb usb1: New USB device strings: Mfr=3, Product=2, SerialNumber=1
<6>[    3.564764] usb usb1: Product: xHCI Host Controller
<6>[    3.564766] usb usb1: Manufacturer: Linux 4.2.0-18-generic xhci-hcd
<6>[    3.564767] usb usb1: SerialNumber: 0000:00:14.0
<6>[    3.564957] hub 1-0:1.0: USB hub found
<6>[    3.564967] hub 1-0:1.0: 9 ports detected
<6>[    3.575652] ACPI: Battery Slot [BAT1] (battery present)
<6>[    3.978604] xhci_hcd 0000:00:14.0: xHCI Host Controller
<6>[    3.978612] xhci_hcd 0000:00:14.0: new USB bus registered, assigned bus number 2
<6>[    3.978666] usb usb2: New USB device found, idVendor=1d6b, idProduct=0003
<6>[    3.978670] usb usb2: New USB device strings: Mfr=3, Product=2, SerialNumber=1
<6>[    3.978673] usb usb2: Product: xHCI Host Controller
<6>[    3.978676] usb usb2: Manufacturer: Linux 4.2.0-18-generic xhci-hcd
<6>[    3.978677] usb usb2: SerialNumber: 0000:00:14.0
<6>[    3.978907] hub 2-0:1.0: USB hub found
<6>[    3.978919] hub 2-0:1.0: 4 ports detected
<6>[    3.979883] ehci_hcd: USB 2.0 'Enhanced' Host Controller (EHCI) Driver
<6>[    3.979891] ehci-pci: EHCI PCI platform driver
<6>[    3.979906] ehci-platform: EHCI generic platform driver
<6>[    3.979924] ohci_hcd: USB 1.1 'Open' Host Controller (OHCI) Driver
<6>[    3.979929] ohci-pci: OHCI PCI platform driver
<6>[    3.979942] ohci-platform: OHCI generic platform driver
<6>[    3.979953] uhci_hcd: USB Universal Host Controller Interface driver
<6>[    3.980014] i8042: PNP: PS/2 Controller [PNP0303:PS2K] at 0x60,0x64 irq 1
<4>[    3.980016] i8042: PNP: PS/2 appears to have AUX port disabled, if this is incorrect please boot with i8042.nopnp
<4>[    3.980562] i8042: Warning: Keylock active
<6>[    3.980863] serio: i8042 KBD port at 0x60,0x64 irq 1
<6>[    3.981162] mousedev: PS/2 mouse device common for all mice
<6>[    3.981593] rtc_cmos 00:02: RTC can wake from S4
<6>[    3.981738] rtc_cmos 00:02: rtc core: registered rtc_cmos as rtc0
<6>[    3.981781] rtc_cmos 00:02: alarms up to one month, y3k, 242 bytes nvram, hpet irqs
<6>[    3.981790] i2c /dev entries driver
<6>[    3.981869] device-mapper: uevent: version 1.0.3
<6>[    3.981948] device-mapper: ioctl: 4.33.0-ioctl (2015-8-18) initialised: dm-devel@redhat.com
<6>[    3.981970] Intel P-state driver initializing.
<6>[    3.982161] ledtrig-cpu: registered to indicate activity on CPUs
<4>[    3.982562] PCCT header not found.
<6>[    3.982685] input: AT Translated Set 2 keyboard as /devices/platform/i8042/serio0/input/input3
<6>[    3.983309] NET: Registered protocol family 10
<6>[    3.983863] NET: Registered protocol family 17
<5>[    3.983909] Key type dns_resolver registered
<5>[    3.984994] Loading compiled-in X.509 certificates
<5>[    3.986982] Loaded X.509 cert 'Build time autogenerated kernel key: 714df7ce1739f2da38b31837ada06c6e4fb64084'
<6>[    3.986998] registered taskstats version 1
<6>[    3.987028] zswap: loading zswap
<6>[    3.987031] zswap: using zbud pool
<6>[    3.987036] zswap: using lzo compressor
<5>[    3.988891] Key type trusted registered
<5>[    3.991647] Key type encrypted registered
<6>[    3.991654] AppArmor: AppArmor sha1 policy hashing enabled
<6>[    3.991658] ima: No TPM chip found, activating TPM-bypass!
<6>[    3.991679] evm: HMAC attrs: 0x1
<6>[    3.993956]   Magic number: 4:482:500
<6>[    3.994060] rtc_cmos 00:02: setting system clock to 2016-02-18 21:29:09 UTC (1455830949)
<6>[    3.994124] BIOS EDD facility v0.16 2004-Jun-25, 0 devices found
<6>[    3.994125] EDD information not available.
<6>[    4.290654] usb 1-2: new high-speed USB device number 2 using xhci_hcd
<6>[    4.419608] usb 1-2: New USB device found, idVendor=0781, idProduct=5575
<6>[    4.419613] usb 1-2: New USB device strings: Mfr=1, Product=2, SerialNumber=3
<6>[    4.419615] usb 1-2: Product: Cruzer Glide
<6>[    4.419617] usb 1-2: Manufacturer: SanDisk
<6>[    4.419619] usb 1-2: SerialNumber: 4C530300821116101093
<6>[    4.522841] tsc: Refined TSC clocksource calibration: 1596.304 MHz
<6>[    4.522846] clocksource: tsc: mask: 0xffffffffffffffff max_cycles: 0x17028179fb5, max_idle_ns: 440795217409 ns
<6>[    4.586893] usb 1-3: new high-speed USB device number 3 using xhci_hcd
<6>[    4.747069] usb 1-3: New USB device found, idVendor=0bda, idProduct=5751
<6>[    4.747075] usb 1-3: New USB device strings: Mfr=3, Product=1, SerialNumber=2
<6>[    4.747077] usb 1-3: Product: Integrated Webcam
<6>[    4.747079] usb 1-3: Manufacturer: CN0WDCKY7248746H0J7PA00
<6>[    4.747081] usb 1-3: SerialNumber: 200901010001
<6>[    4.915158] usb 1-4: new full-speed USB device number 4 using xhci_hcd
<6>[    5.045056] usb 1-4: New USB device found, idVendor=06cb, idProduct=2819
<6>[    5.045061] usb 1-4: New USB device strings: Mfr=0, Product=2, SerialNumber=3
<6>[    5.045063] usb 1-4: Product: Synaptics T Pad V 01.31
<6>[    5.045065] usb 1-4: SerialNumber: 066FFF545349885087193215
<4>[    5.045206] usb 1-4: ep 0x81 - rounding interval to 64 microframes, ep desc says 80 microframes
<4>[    5.045212] usb 1-4: ep 0x83 - rounding interval to 64 microframes, ep desc says 80 microframes
<4>[    5.045216] usb 1-4: ep 0x3 - rounding interval to 64 microframes, ep desc says 80 microframes
<6>[    5.211398] usb 1-5: new high-speed USB device number 5 using xhci_hcd
<6>[    5.340284] usb 1-5: New USB device found, idVendor=114d, idProduct=1000
<6>[    5.340289] usb 1-5: New USB device strings: Mfr=1, Product=10, SerialNumber=0
<6>[    5.340291] usb 1-5: Product: Integrated_Webcam_8M
<6>[    5.340293] usb 1-5: Manufacturer: 00000000000000000000000
<6>[    5.507638] usb 1-7: new full-speed USB device number 6 using xhci_hcd
<6>[    5.523803] clocksource: Switched to clocksource tsc
<6>[    5.636837] usb 1-7: New USB device found, idVendor=8087, idProduct=07dc
<6>[    5.636842] usb 1-7: New USB device strings: Mfr=0, Product=0, SerialNumber=0
<7>[   16.048150] PM: Hibernation image not present or could not be loaded.
<6>[   16.048569] Freeing unused kernel memory: 1464K (ffffffff81d38000 - ffffffff81ea6000)
<6>[   16.048572] Write protecting the kernel read-only data: 12288k
<6>[   16.048867] Freeing unused kernel memory: 248K (ffff8800017c2000 - ffff880001800000)
<6>[   16.048962] Freeing unused kernel memory: 284K (ffff880001bb9000 - ffff880001c00000)
<30>[   16.062883] systemd-udevd[123]: starting version 204
<6>[   16.076010] sdhci: Secure Digital Host Controller Interface driver
<6>[   16.076014] sdhci: Copyright(c) Pierre Ossman
<6>[   16.080041] sdhci-acpi INT33C6:00: No vmmc regulator found
<6>[   16.080046] sdhci-acpi INT33C6:00: No vqmmc regulator found
<6>[   16.083443] mmc0: SDHCI controller on ACPI [INT33C6:00] using ADMA
<6>[   16.091506] wmi: Mapper loaded
<6>[   16.096649] hidraw: raw HID events driver (C) Jiri Kosina
<7>[   16.098486] ahci 0000:00:1f.2: version 3.0
<6>[   16.100499] [drm] Initialized drm 1.1.0 20060810
<6>[   16.101405] sdhci-pci 0000:02:00.0: SDHCI controller found [1217:8621] (rev 1)
<3>[   16.103337] mmc1: Unknown controller version (3). You may experience problems.
<6>[   16.103388] sdhci-pci 0000:02:00.0: No vmmc regulator found
<6>[   16.103391] sdhci-pci 0000:02:00.0: No vqmmc regulator found
<6>[   16.111302] mmc1: SDHCI controller on PCI [0000:02:00.0] using ADMA
<6>[   16.113128] ahci 0000:00:1f.2: AHCI 0001.0300 32 slots 4 ports 6 Gbps 0x1 impl SATA mode
<6>[   16.113134] ahci 0000:00:1f.2: flags: 64bit ncq pm led clo only pio slum part deso sadm sds apst 
<6>[   16.115887] usb-storage 1-2:1.0: USB Mass Storage device detected
<6>[   16.116269] scsi host0: usb-storage 1-2:1.0
<6>[   16.116333] usbcore: registered new interface driver usbhid
<6>[   16.116336] usbhid: USB HID core driver
<6>[   16.116420] usbcore: registered new interface driver usb-storage
<6>[   16.117725] usbcore: registered new interface driver uas
<6>[   16.139772] input: Synaptics T Pad V 01.31 as /devices/pci0000:00/0000:00:14.0/usb1/1-4/1-4:1.1/0003:06CB:2819.0002/input/input4
<6>[   16.141975] scsi host1: ahci
<6>[   16.142066] scsi host2: ahci
<6>[   16.142146] scsi host3: ahci
<6>[   16.142224] scsi host4: ahci
<6>[   16.142270] ata1: SATA max UDMA/133 abar m2048@0xf7e1a000 port 0xf7e1a100 irq 45
<6>[   16.142271] ata2: DUMMY
<6>[   16.142272] ata3: DUMMY
<6>[   16.142273] ata4: DUMMY
<6>[   16.148592] [drm] Memory usable by graphics device = 2048M
<6>[   16.148596] [drm] Replacing VGA console driver
<6>[   16.149376] Console: switching to colour dummy device 80x25
<6>[   16.156327] [drm] Supports vblank timestamp caching Rev 2 (21.10.2013).
<6>[   16.156329] [drm] Driver supports precise vblank timestamp query.
<6>[   16.156471] vgaarb: device changed decodes: PCI:0000:00:02.0,olddecodes=io+mem,decodes=io+mem:owns=io+mem
<6>[   16.188217] fbcon: inteldrmfb (fb0) is primary device
<6>[   16.189482] ACPI: Video Device [GFX0] (multi-head: yes  rom: no  post: no)
<6>[   16.190011] input: Video Bus as /devices/LNXSYSTM:00/LNXSYBUS:00/PNP0A08:00/LNXVIDEO:00/input/input5
<6>[   16.192387] hid-generic 0003:06CB:2819.0002: input,hidraw0: USB HID v1.10 Keyboard [Synaptics T Pad V 01.31] on usb-0000:00:14.0-4/input1
<6>[   16.192473] [drm] Initialized i915 1.6.0 20150522 for 0000:00:02.0 on minor 0
<6>[   16.194847] input: Synaptics T Pad V 01.31 as /devices/pci0000:00/0000:00:14.0/usb1/1-4/1-4:1.2/0003:06CB:2819.0003/input/input6
<6>[   16.248583] hid-generic 0003:06CB:2819.0003: input,hiddev0,hidraw1: USB HID v1.10 Device [Synaptics T Pad V 01.31] on usb-0000:00:14.0-4/input2
<6>[   16.460505] ata1: SATA link up 6.0 Gbps (SStatus 133 SControl 300)
<7>[   16.461159] ata1.00: ACPI cmd ef/10:09:00:00:00:b0 (SET FEATURES) succeeded
<6>[   16.462048] ata1.00: ATA-8: SanDisk SD6SP1M128G1012, X231312, max UDMA/133
<6>[   16.462050] ata1.00: 250069680 sectors, multi 1: LBA48 NCQ (depth 31/32), AA
<7>[   16.463181] ata1.00: ACPI cmd ef/10:09:00:00:00:b0 (SET FEATURES) succeeded
<6>[   16.464586] ata1.00: configured for UDMA/133
<5>[   16.464855] scsi 1:0:0:0: Direct-Access     ATA      SanDisk SD6SP1M1 312  PQ: 0 ANSI: 5
<5>[   16.465276] sd 1:0:0:0: [sda] 250069680 512-byte logical blocks: (128 GB/119 GiB)
<5>[   16.465308] sd 1:0:0:0: [sda] Write Protect is off
<7>[   16.465310] sd 1:0:0:0: [sda] Mode Sense: 00 3a 00 00
<5>[   16.465321] sd 1:0:0:0: [sda] Write cache: enabled, read cache: enabled, doesn't support DPO or FUA
<5>[   16.465323] sd 1:0:0:0: Attached scsi generic sg0 type 0
<6>[   16.466925]  sda: sda1 sda2 sda3 sda4 sda5
<5>[   16.467749] sd 1:0:0:0: [sda] Attached SCSI disk
<5>[   17.117570] scsi 0:0:0:0: Direct-Access     SanDisk  Cruzer Glide     1.26 PQ: 0 ANSI: 6
<5>[   17.117909] sd 0:0:0:0: Attached scsi generic sg1 type 0
<5>[   17.118024] sd 0:0:0:0: [sdb] 15633408 512-byte logical blocks: (8.00 GB/7.45 GiB)
<5>[   17.118701] sd 0:0:0:0: [sdb] Write Protect is off
<7>[   17.118703] sd 0:0:0:0: [sdb] Mode Sense: 43 00 00 00
<5>[   17.119035] sd 0:0:0:0: [sdb] Write cache: disabled, read cache: enabled, doesn't support DPO or FUA
<6>[   17.120413]  sdb: sdb1
<5>[   17.121346] sd 0:0:0:0: [sdb] Attached SCSI disk
<6>[   17.286004] Console: switching to colour frame buffer device 240x67
<6>[   17.293228] i915 0000:00:02.0: fb0: inteldrmfb frame buffer device
<6>[   17.293229] i915 0000:00:02.0: registered panic notifier
<4>[   17.912433] FAT-fs (sda3): Volume was not properly unmounted. Some data may be corrupt. Please run fsck.
<4>[   18.015440] FAT-fs (sdb1): Volume was not properly unmounted. Some data may be corrupt. Please run fsck.
<6>[   18.064688] EXT4-fs (loop0): mounting ext3 file system using the ext4 subsystem
<4>[   18.130756] EXT4-fs (loop0): warning: checktime reached, running e2fsck is recommended
<6>[   18.130877] EXT4-fs (loop0): recovery complete
<6>[   18.134768] EXT4-fs (loop0): mounted filesystem with ordered data mode. Opts: (null)
<6>[   18.180211] squashfs: version 4.0 (2009/01/31) Phillip Lougher
<4>[   18.390532] FAT-fs (sda3): Volume was not properly unmounted. Some data may be corrupt. Please run fsck.
<5>[   18.714629] random: nonblocking pool is initialized
<4>[   18.773139] FAT-fs (sda3): Volume was not properly unmounted. Some data may be corrupt. Please run fsck.
<4>[   19.154336] FAT-fs (sda3): Volume was not properly unmounted. Some data may be corrupt. Please run fsck.
<30>[   21.796341] systemd-udevd[2018]: starting version 204
<6>[   21.915384] INT33C4:00: ttyS5 at MMIO 0xfe10b000 (irq = 21, base_baud = 6250000) is a 16550A
<6>[   21.916370] INT33C5:00: ttyS6 at MMIO 0xfe10d000 (irq = 21, base_baud = 6250000) is a 16550A
<6>[   21.935120] shpchp: Standard Hot Plug PCI Controller Driver version: 0.4
<6>[   22.026587] mei_me 0000:00:16.0: NFC MEI VERSION: IVN 0x1 Vendor ID 0x1 Type 0x1
<6>[   22.044414] snd_hda_intel 0000:00:03.0: bound 0000:00:02.0 (ops i915_audio_component_bind_ops [i915])
<6>[   22.082138] input: HDA Intel HDMI HDMI/DP,pcm=3 as /devices/pci0000:00/0000:00:03.0/sound/card0/input7
<6>[   22.082227] input: HDA Intel HDMI HDMI/DP,pcm=7 as /devices/pci0000:00/0000:00:03.0/sound/card0/input8
<6>[   22.082306] input: HDA Intel HDMI HDMI/DP,pcm=8 as /devices/pci0000:00/0000:00:03.0/sound/card0/input9
<6>[   22.086275] snd_hda_codec_realtek hdaudioC1D0: autoconfig for ALC3223: line_outs=1 (0x1b/0x0/0x0/0x0/0x0) type:line
<6>[   22.086281] snd_hda_codec_realtek hdaudioC1D0:    speaker_outs=1 (0x14/0x0/0x0/0x0/0x0)
<6>[   22.086285] snd_hda_codec_realtek hdaudioC1D0:    hp_outs=1 (0x21/0x0/0x0/0x0/0x0)
<6>[   22.086287] snd_hda_codec_realtek hdaudioC1D0:    mono: mono_out=0x0
<6>[   22.086290] snd_hda_codec_realtek hdaudioC1D0:    inputs:
<6>[   22.086293] snd_hda_codec_realtek hdaudioC1D0:      Mic=0x12
<6>[   22.103531] input: HDA Intel PCH Dock Headphone as /devices/pci0000:00/0000:00:1b.0/sound/card1/input10
<6>[   22.103668] input: HDA Intel PCH Headphone as /devices/pci0000:00/0000:00:1b.0/sound/card1/input11
<6>[   22.134889] media: Linux media interface: v0.10
<6>[   22.142642] input: Synaptics T Pad V 01.31 UNKNOWN as /devices/pci0000:00/0000:00:14.0/usb1/1-4/1-4:1.0/0003:06CB:2819.0001/input/input12
<6>[   22.142868] hid-multitouch 0003:06CB:2819.0001: input,hiddev0,hidraw2: USB HID v1.11 Mouse [Synaptics T Pad V 01.31] on usb-0000:00:14.0-4/input0
<6>[   22.192405] Bluetooth: Core ver 2.20
<6>[   22.192422] NET: Registered protocol family 31
<6>[   22.192424] Bluetooth: HCI device and connection manager initialized
<6>[   22.192429] Bluetooth: HCI socket layer initialized
<6>[   22.192433] Bluetooth: L2CAP socket layer initialized
<6>[   22.192440] Bluetooth: SCO socket layer initialized
<6>[   22.198275] Linux video capture interface: v2.00
<6>[   22.226372] Intel(R) Wireless WiFi driver for Linux
<6>[   22.226376] Copyright(c) 2003- 2015 Intel Corporation
<6>[   22.227470] usbcore: registered new interface driver btusb
<4>[   22.227858] iwlwifi 0000:01:00.0: Direct firmware load for iwlwifi-7260-15.ucode failed with error -2
<4>[   22.227883] iwlwifi 0000:01:00.0: Direct firmware load for iwlwifi-7260-14.ucode failed with error -2
<4>[   22.227901] iwlwifi 0000:01:00.0: Direct firmware load for iwlwifi-7260-13.ucode failed with error -2
<4>[   22.227918] iwlwifi 0000:01:00.0: Direct firmware load for iwlwifi-7260-12.ucode failed with error -2
<3>[   22.227921] iwlwifi 0000:01:00.0: request for firmware file 'iwlwifi-7260-12.ucode' failed.
<4>[   22.227936] iwlwifi 0000:01:00.0: Direct firmware load for iwlwifi-7260-11.ucode failed with error -2
<3>[   22.227939] iwlwifi 0000:01:00.0: request for firmware file 'iwlwifi-7260-11.ucode' failed.
<4>[   22.227956] iwlwifi 0000:01:00.0: Direct firmware load for iwlwifi-7260-10.ucode failed with error -2
<3>[   22.227959] iwlwifi 0000:01:00.0: request for firmware file 'iwlwifi-7260-10.ucode' failed.
<3>[   22.227961] iwlwifi 0000:01:00.0: no suitable firmware found!
<6>[   22.241458] Bluetooth: hci0: read Intel version: 370710018002030d00
<4>[   22.241494] bluetooth hci0: Direct firmware load for intel/ibt-hw-37.7.10-fw-1.80.2.3.d.bseq failed with error -2
<3>[   22.241498] Bluetooth: hci0 failed to open Intel firmware file: intel/ibt-hw-37.7.10-fw-1.80.2.3.d.bseq(-2)
<4>[   22.241511] bluetooth hci0: Direct firmware load for intel/ibt-hw-37.7.bseq failed with error -2
<3>[   22.241513] Bluetooth: hci0 failed to open default Intel fw file: intel/ibt-hw-37.7.bseq
<6>[   22.278876] dcdbas dcdbas: Dell Systems Management Base Driver (version 5.6.0-3.2)
<6>[   22.281649] uvcvideo: Found UVC 1.00 device Integrated Webcam (0bda:5751)
<6>[   22.281899] uvcvideo: No valid video chain found.
<6>[   22.281997] uvcvideo: Found UVC 1.00 device Integrated_Webcam_8M (114d:1000)
<6>[   22.288188] input: Integrated_Webcam_8M as /devices/pci0000:00/0000:00:14.0/usb1/1-5/1-5:1.0/input/input14
<6>[   22.291026] usbcore: registered new interface driver uvcvideo
<6>[   22.291031] USB Video Class driver (1.1.1)
<6>[   22.309716] AVX2 version of gcm_enc/dec engaged.
<6>[   22.309719] AES CTR mode by8 optimization enabled
<6>[   22.342651] input: Dell WMI hotkeys as /devices/virtual/input/input15
<6>[   22.351789] nfc: nfc_init: NFC Core ver 0.1
<6>[   22.351816] NET: Registered protocol family 39
<6>[   22.368272] ppdev: user-space parallel port driver
<12>[   22.377589] init: failsafe main process (2111) killed by TERM signal
<6>[   22.412917] Probing NFC pn544
<6>[   22.621245] intel_rapl: Found RAPL domain package
<6>[   22.621249] intel_rapl: Found RAPL domain core
<6>[   22.621251] intel_rapl: Found RAPL domain uncore
<6>[   22.621253] intel_rapl: Found RAPL domain dram
<6>[   22.633340] cfg80211: World regulatory domain updated:
<6>[   22.633345] cfg80211:  DFS Master region: unset
<6>[   22.633347] cfg80211:   (start_freq - end_freq @ bandwidth), (max_antenna_gain, max_eirp), (dfs_cac_time)
<6>[   22.633351] cfg80211:   (2402000 KHz - 2472000 KHz @ 40000 KHz), (300 mBi, 2000 mBm), (N/A)
<6>[   22.633353] cfg80211:   (2457000 KHz - 2482000 KHz @ 40000 KHz), (300 mBi, 2000 mBm), (N/A)
<6>[   22.633356] cfg80211:   (2474000 KHz - 2494000 KHz @ 20000 KHz), (300 mBi, 2000 mBm), (N/A)
<6>[   22.633358] cfg80211:   (5170000 KHz - 5250000 KHz @ 40000 KHz), (300 mBi, 2000 mBm), (N/A)
<6>[   22.633360] cfg80211:   (5735000 KHz - 5835000 KHz @ 40000 KHz), (300 mBi, 2000 mBm), (N/A)
<12>[   22.674846] init: ttyS0 main process (2326) terminated with status 1
<12>[   22.674860] init: ttyS0 main process ended, respawning
<12>[   22.688834] init: ttyS0 main process (2355) terminated with status 1
<12>[   22.688843] init: ttyS0 main process ended, respawning
<12>[   22.695788] init: ttyS0 main process (2363) terminated with status 1
<12>[   22.695798] init: ttyS0 main process ended, respawning
<12>[   22.700051] init: ttyS0 main process (2368) terminated with status 1
<12>[   22.700065] init: ttyS0 main process ended, respawning
<12>[   22.706465] init: ttyS0 main process (2373) terminated with status 1
<12>[   22.706474] init: ttyS0 main process ended, respawning
<12>[   22.709536] init: ttyS0 main process (2376) terminated with status 1
<12>[   22.709546] init: ttyS0 main process ended, respawning
<12>[   22.714837] init: ttyS0 main process (2377) terminated with status 1
<12>[   22.714847] init: ttyS0 main process ended, respawning
<12>[   22.719995] init: plymouth-upstart-bridge main process ended, respawning
<12>[   22.720199] init: ttyS0 main process (2380) terminated with status 1
<12>[   22.720205] init: ttyS0 main process ended, respawning
<12>[   22.732289] init: ttyS0 main process (2388) terminated with status 1
<12>[   22.732299] init: ttyS0 main process ended, respawning
<12>[   22.737959] init: ttyS0 main process (2395) terminated with status 1
<12>[   22.737969] init: ttyS0 main process ended, respawning
<12>[   22.742028] init: ttyS0 main process (2397) terminated with status 1
<12>[   22.742042] init: ttyS0 respawning too fast, stopped
