<6>[    0.000000] Initializing cgroup subsys cpuset
<6>[    0.000000] Initializing cgroup subsys cpu
<6>[    0.000000] Initializing cgroup subsys cpuacct
<5>[    0.000000] Linux version 4.2.0-18-generic (buildd@lgw01-55) (gcc version 4.8.2 (Ubuntu 4.8.2-19ubuntu1) ) #22~14.04.1-Ubuntu SMP Fri Nov 6 22:20:11 UTC 2015 (Ubuntu 4.2.0-18.22~14.04.1-generic 4.2.3)
<6>[    0.000000] Command line: BOOT_IMAGE=/casper/vmlinuz boot=casper ip=frommedia persistent noprompt splash quiet FWTS_AUTO_SHUTDOWN=1 --
<6>[    0.000000] KERNEL supported cpus:
<6>[    0.000000]   Intel GenuineIntel
<6>[    0.000000]   AMD AuthenticAMD
<6>[    0.000000]   Centaur CentaurHauls
<6>[    0.000000] x86/fpu: xstate_offset[2]: 0240, xstate_sizes[2]: 0100
<6>[    0.000000] x86/fpu: Supporting XSAVE feature 0x01: 'x87 floating point registers'
<6>[    0.000000] x86/fpu: Supporting XSAVE feature 0x02: 'SSE registers'
<6>[    0.000000] x86/fpu: Supporting XSAVE feature 0x04: 'AVX registers'
<6>[    0.000000] x86/fpu: Enabled xstate features 0x7, context size is 0x340 bytes, using 'standard' format.
<6>[    0.000000] x86/fpu: Using 'eager' FPU context switches.
<6>[    0.000000] e820: BIOS-provided physical RAM map:
<6>[    0.000000] BIOS-e820: [mem 0x0000000000000000-0x000000000009dfff] usable
<6>[    0.000000] BIOS-e820: [mem 0x000000000009e000-0x000000000009ffff] reserved
<6>[    0.000000] BIOS-e820: [mem 0x0000000000100000-0x000000001fffffff] usable
<6>[    0.000000] BIOS-e820: [mem 0x0000000020000000-0x00000000201fffff] reserved
<6>[    0.000000] BIOS-e820: [mem 0x0000000020200000-0x0000000040003fff] usable
<6>[    0.000000] BIOS-e820: [mem 0x0000000040004000-0x0000000040004fff] reserved
<6>[    0.000000] BIOS-e820: [mem 0x0000000040005000-0x00000000d9749fff] usable
<6>[    0.000000] BIOS-e820: [mem 0x00000000d974a000-0x00000000d9d4afff] ACPI NVS
<6>[    0.000000] BIOS-e820: [mem 0x00000000d9d4b000-0x00000000d9d4dfff] type 20
<6>[    0.000000] BIOS-e820: [mem 0x00000000d9d4e000-0x00000000d9d63fff] usable
<6>[    0.000000] BIOS-e820: [mem 0x00000000d9d64000-0x00000000d9d69fff] type 20
<6>[    0.000000] BIOS-e820: [mem 0x00000000d9d6a000-0x00000000d9d6bfff] usable
<6>[    0.000000] BIOS-e820: [mem 0x00000000d9d6c000-0x00000000d9d79fff] type 20
<6>[    0.000000] BIOS-e820: [mem 0x00000000d9d7a000-0x00000000d9f0ffff] usable
<6>[    0.000000] BIOS-e820: [mem 0x00000000d9f10000-0x00000000d9f13fff] type 20
<6>[    0.000000] BIOS-e820: [mem 0x00000000d9f14000-0x00000000d9f5cfff] usable
<6>[    0.000000] BIOS-e820: [mem 0x00000000d9f5d000-0x00000000d9f63fff] type 20
<6>[    0.000000] BIOS-e820: [mem 0x00000000d9f64000-0x00000000d9f65fff] usable
<6>[    0.000000] BIOS-e820: [mem 0x00000000d9f66000-0x00000000d9f72fff] reserved
<6>[    0.000000] BIOS-e820: [mem 0x00000000d9f73000-0x00000000d9f84fff] type 20
<6>[    0.000000] BIOS-e820: [mem 0x00000000d9f85000-0x00000000d9f87fff] usable
<6>[    0.000000] BIOS-e820: [mem 0x00000000d9f88000-0x00000000d9f89fff] type 20
<6>[    0.000000] BIOS-e820: [mem 0x00000000d9f8a000-0x00000000d9fa0fff] usable
<6>[    0.000000] BIOS-e820: [mem 0x00000000d9fa1000-0x00000000d9fa6fff] type 20
<6>[    0.000000] BIOS-e820: [mem 0x00000000d9fa7000-0x00000000d9faefff] usable
<6>[    0.000000] BIOS-e820: [mem 0x00000000d9faf000-0x00000000d9faffff] type 20
<6>[    0.000000] BIOS-e820: [mem 0x00000000d9fb0000-0x00000000d9fbefff] usable
<6>[    0.000000] BIOS-e820: [mem 0x00000000d9fbf000-0x00000000d9fbffff] type 20
<6>[    0.000000] BIOS-e820: [mem 0x00000000d9fc0000-0x00000000d9fcafff] usable
<6>[    0.000000] BIOS-e820: [mem 0x00000000d9fcb000-0x00000000d9fcffff] type 20
<6>[    0.000000] BIOS-e820: [mem 0x00000000d9fd0000-0x00000000d9feefff] usable
<6>[    0.000000] BIOS-e820: [mem 0x00000000d9fef000-0x00000000d9ff0fff] type 20
<6>[    0.000000] BIOS-e820: [mem 0x00000000d9ff1000-0x00000000d9ffdfff] usable
<6>[    0.000000] BIOS-e820: [mem 0x00000000d9ffe000-0x00000000d9ffefff] type 20
<6>[    0.000000] BIOS-e820: [mem 0x00000000d9fff000-0x00000000da010fff] usable
<6>[    0.000000] BIOS-e820: [mem 0x00000000da011000-0x00000000da037fff] type 20
<6>[    0.000000] BIOS-e820: [mem 0x00000000da038000-0x00000000da04dfff] usable
<6>[    0.000000] BIOS-e820: [mem 0x00000000da04e000-0x00000000da04efff] type 20
<6>[    0.000000] BIOS-e820: [mem 0x00000000da04f000-0x00000000da04ffff] usable
<6>[    0.000000] BIOS-e820: [mem 0x00000000da050000-0x00000000da051fff] type 20
<6>[    0.000000] BIOS-e820: [mem 0x00000000da052000-0x00000000da052fff] usable
<6>[    0.000000] BIOS-e820: [mem 0x00000000da053000-0x00000000da057fff] type 20
<6>[    0.000000] BIOS-e820: [mem 0x00000000da058000-0x00000000da06cfff] usable
<6>[    0.000000] BIOS-e820: [mem 0x00000000da06d000-0x00000000da0edfff] reserved
<6>[    0.000000] BIOS-e820: [mem 0x00000000da0ee000-0x00000000da108fff] type 20
<6>[    0.000000] BIOS-e820: [mem 0x00000000da109000-0x00000000da632fff] reserved
<6>[    0.000000] BIOS-e820: [mem 0x00000000da633000-0x00000000da8b2fff] ACPI NVS
<6>[    0.000000] BIOS-e820: [mem 0x00000000da8b3000-0x00000000da8b7fff] ACPI data
<6>[    0.000000] BIOS-e820: [mem 0x00000000da8b8000-0x00000000da8b8fff] usable
<6>[    0.000000] BIOS-e820: [mem 0x00000000da8b9000-0x00000000da8fbfff] ACPI NVS
<6>[    0.000000] BIOS-e820: [mem 0x00000000da8fc000-0x00000000dad08fff] usable
<6>[    0.000000] BIOS-e820: [mem 0x00000000dad09000-0x00000000daff3fff] reserved
<6>[    0.000000] BIOS-e820: [mem 0x00000000daff4000-0x00000000daffffff] usable
<6>[    0.000000] BIOS-e820: [mem 0x00000000dbc00000-0x00000000dfdfffff] reserved
<6>[    0.000000] BIOS-e820: [mem 0x00000000f8000000-0x00000000fbffffff] reserved
<6>[    0.000000] BIOS-e820: [mem 0x00000000fec00000-0x00000000fec00fff] reserved
<6>[    0.000000] BIOS-e820: [mem 0x00000000fed00000-0x00000000fed03fff] reserved
<6>[    0.000000] BIOS-e820: [mem 0x00000000fed1c000-0x00000000fed1ffff] reserved
<6>[    0.000000] BIOS-e820: [mem 0x00000000fee00000-0x00000000fee00fff] reserved
<6>[    0.000000] BIOS-e820: [mem 0x00000000ff000000-0x00000000ffffffff] reserved
<6>[    0.000000] BIOS-e820: [mem 0x0000000100000000-0x000000011f1fffff] usable
<6>[    0.000000] NX (Execute Disable) protection: active
<6>[    0.000000] efi: EFI v2.31 by American Megatrends
<6>[    0.000000] efi:  ACPI=0xda887000  ACPI 2.0=0xda887000  SMBIOS=0xda131298 
<6>[    0.000000] SMBIOS 2.7 present.
<7>[    0.000000] DMI: ASUSTeK COMPUTER INC. K56CA/K56CA, BIOS K56CA.208 11/13/2012
<7>[    0.000000] e820: update [mem 0x00000000-0x00000fff] usable ==> reserved
<7>[    0.000000] e820: remove [mem 0x000a0000-0x000fffff] usable
<6>[    0.000000] e820: last_pfn = 0x11f200 max_arch_pfn = 0x400000000
<7>[    0.000000] MTRR default type: uncachable
<7>[    0.000000] MTRR fixed ranges enabled:
<7>[    0.000000]   00000-9FFFF write-back
<7>[    0.000000]   A0000-DFFFF uncachable
<7>[    0.000000]   E0000-FFFFF write-protect
<7>[    0.000000] MTRR variable ranges enabled:
<7>[    0.000000]   0 base 000000000 mask F00000000 write-back
<7>[    0.000000]   1 base 100000000 mask FE0000000 write-back
<7>[    0.000000]   2 base 0E0000000 mask FE0000000 uncachable
<7>[    0.000000]   3 base 0DC000000 mask FFC000000 uncachable
<7>[    0.000000]   4 base 0DBC00000 mask FFFC00000 uncachable
<7>[    0.000000]   5 base 11F800000 mask FFF800000 uncachable
<7>[    0.000000]   6 base 11F400000 mask FFFC00000 uncachable
<7>[    0.000000]   7 base 11F200000 mask FFFE00000 uncachable
<7>[    0.000000]   8 disabled
<7>[    0.000000]   9 disabled
<6>[    0.000000] x86/PAT: Configuration [0-7]: WB  WC  UC- UC  WB  WC  UC- WT  
<7>[    0.000000] original variable MTRRs
<7>[    0.000000] reg 0, base: 0GB, range: 4GB, type WB
<7>[    0.000000] reg 1, base: 4GB, range: 512MB, type WB
<7>[    0.000000] reg 2, base: 3584MB, range: 512MB, type UC
<7>[    0.000000] reg 3, base: 3520MB, range: 64MB, type UC
<7>[    0.000000] reg 4, base: 3516MB, range: 4MB, type UC
<7>[    0.000000] reg 5, base: 4600MB, range: 8MB, type UC
<7>[    0.000000] reg 6, base: 4596MB, range: 4MB, type UC
<7>[    0.000000] reg 7, base: 4594MB, range: 2MB, type UC
<6>[    0.000000] total RAM covered: 4014M
<6>[    0.000000] Found optimal setting for mtrr clean up
<6>[    0.000000]  gran_size: 64K 	chunk_size: 128M 	num_reg: 9  	lose cover RAM: 0G
<7>[    0.000000] New variable MTRRs
<7>[    0.000000] reg 0, base: 0GB, range: 2GB, type WB
<7>[    0.000000] reg 1, base: 2GB, range: 1GB, type WB
<7>[    0.000000] reg 2, base: 3GB, range: 512MB, type WB
<7>[    0.000000] reg 3, base: 3516MB, range: 4MB, type UC
<7>[    0.000000] reg 4, base: 3520MB, range: 64MB, type UC
<7>[    0.000000] reg 5, base: 4GB, range: 512MB, type WB
<7>[    0.000000] reg 6, base: 4594MB, range: 2MB, type UC
<7>[    0.000000] reg 7, base: 4596MB, range: 4MB, type UC
<7>[    0.000000] reg 8, base: 4600MB, range: 8MB, type UC
<7>[    0.000000] e820: update [mem 0xdbc00000-0xffffffff] usable ==> reserved
<6>[    0.000000] e820: last_pfn = 0xdb000 max_arch_pfn = 0x400000000
<6>[    0.000000] Scanning 1 areas for low memory corruption
<7>[    0.000000] Base memory trampoline at [ffff880000098000] 98000 size 24576
<6>[    0.000000] init_memory_mapping: [mem 0x00000000-0x000fffff]
<7>[    0.000000]  [mem 0x00000000-0x000fffff] page 4k
<7>[    0.000000] BRK [0x01ff2000, 0x01ff2fff] PGTABLE
<7>[    0.000000] BRK [0x01ff3000, 0x01ff3fff] PGTABLE
<7>[    0.000000] BRK [0x01ff4000, 0x01ff4fff] PGTABLE
<6>[    0.000000] init_memory_mapping: [mem 0x11f000000-0x11f1fffff]
<7>[    0.000000]  [mem 0x11f000000-0x11f1fffff] page 2M
<7>[    0.000000] BRK [0x01ff5000, 0x01ff5fff] PGTABLE
<6>[    0.000000] init_memory_mapping: [mem 0x100000000-0x11effffff]
<7>[    0.000000]  [mem 0x100000000-0x11effffff] page 2M
<6>[    0.000000] init_memory_mapping: [mem 0xc0000000-0xd9749fff]
<7>[    0.000000]  [mem 0xc0000000-0xd95fffff] page 2M
<7>[    0.000000]  [mem 0xd9600000-0xd9749fff] page 4k
<7>[    0.000000] BRK [0x01ff6000, 0x01ff6fff] PGTABLE
<7>[    0.000000] BRK [0x01ff7000, 0x01ff7fff] PGTABLE
<6>[    0.000000] init_memory_mapping: [mem 0xd9d4e000-0xd9d63fff]
<7>[    0.000000]  [mem 0xd9d4e000-0xd9d63fff] page 4k
<6>[    0.000000] init_memory_mapping: [mem 0xd9d6a000-0xd9d6bfff]
<7>[    0.000000]  [mem 0xd9d6a000-0xd9d6bfff] page 4k
<6>[    0.000000] init_memory_mapping: [mem 0xd9d7a000-0xd9f0ffff]
<7>[    0.000000]  [mem 0xd9d7a000-0xd9f0ffff] page 4k
<6>[    0.000000] init_memory_mapping: [mem 0xd9f14000-0xd9f5cfff]
<7>[    0.000000]  [mem 0xd9f14000-0xd9f5cfff] page 4k
<6>[    0.000000] init_memory_mapping: [mem 0xd9f64000-0xd9f65fff]
<7>[    0.000000]  [mem 0xd9f64000-0xd9f65fff] page 4k
<6>[    0.000000] init_memory_mapping: [mem 0xd9f85000-0xd9f87fff]
<7>[    0.000000]  [mem 0xd9f85000-0xd9f87fff] page 4k
<6>[    0.000000] init_memory_mapping: [mem 0xd9f8a000-0xd9fa0fff]
<7>[    0.000000]  [mem 0xd9f8a000-0xd9fa0fff] page 4k
<6>[    0.000000] init_memory_mapping: [mem 0xd9fa7000-0xd9faefff]
<7>[    0.000000]  [mem 0xd9fa7000-0xd9faefff] page 4k
<6>[    0.000000] init_memory_mapping: [mem 0xd9fb0000-0xd9fbefff]
<7>[    0.000000]  [mem 0xd9fb0000-0xd9fbefff] page 4k
<6>[    0.000000] init_memory_mapping: [mem 0xd9fc0000-0xd9fcafff]
<7>[    0.000000]  [mem 0xd9fc0000-0xd9fcafff] page 4k
<6>[    0.000000] init_memory_mapping: [mem 0xd9fd0000-0xd9feefff]
<7>[    0.000000]  [mem 0xd9fd0000-0xd9feefff] page 4k
<6>[    0.000000] init_memory_mapping: [mem 0xd9ff1000-0xd9ffdfff]
<7>[    0.000000]  [mem 0xd9ff1000-0xd9ffdfff] page 4k
<6>[    0.000000] init_memory_mapping: [mem 0xd9fff000-0xda010fff]
<7>[    0.000000]  [mem 0xd9fff000-0xda010fff] page 4k
<6>[    0.000000] init_memory_mapping: [mem 0xda038000-0xda04dfff]
<7>[    0.000000]  [mem 0xda038000-0xda04dfff] page 4k
<6>[    0.000000] init_memory_mapping: [mem 0xda04f000-0xda04ffff]
<7>[    0.000000]  [mem 0xda04f000-0xda04ffff] page 4k
<6>[    0.000000] init_memory_mapping: [mem 0xda052000-0xda052fff]
<7>[    0.000000]  [mem 0xda052000-0xda052fff] page 4k
<6>[    0.000000] init_memory_mapping: [mem 0xda058000-0xda06cfff]
<7>[    0.000000]  [mem 0xda058000-0xda06cfff] page 4k
<6>[    0.000000] init_memory_mapping: [mem 0xda8b8000-0xda8b8fff]
<7>[    0.000000]  [mem 0xda8b8000-0xda8b8fff] page 4k
<6>[    0.000000] init_memory_mapping: [mem 0xda8fc000-0xdad08fff]
<7>[    0.000000]  [mem 0xda8fc000-0xda9fffff] page 4k
<7>[    0.000000]  [mem 0xdaa00000-0xdabfffff] page 2M
<7>[    0.000000]  [mem 0xdac00000-0xdad08fff] page 4k
<6>[    0.000000] init_memory_mapping: [mem 0xdaff4000-0xdaffffff]
<7>[    0.000000]  [mem 0xdaff4000-0xdaffffff] page 4k
<6>[    0.000000] init_memory_mapping: [mem 0x00100000-0x1fffffff]
<7>[    0.000000]  [mem 0x00100000-0x001fffff] page 4k
<7>[    0.000000]  [mem 0x00200000-0x1fffffff] page 2M
<6>[    0.000000] init_memory_mapping: [mem 0x20200000-0x40003fff]
<7>[    0.000000]  [mem 0x20200000-0x3fffffff] page 2M
<7>[    0.000000]  [mem 0x40000000-0x40003fff] page 4k
<6>[    0.000000] init_memory_mapping: [mem 0x40005000-0xbfffffff]
<7>[    0.000000]  [mem 0x40005000-0x401fffff] page 4k
<7>[    0.000000]  [mem 0x40200000-0xbfffffff] page 2M
<6>[    0.000000] RAMDISK: [mem 0x3656c000-0x372adfff]
<6>[    0.000000] ACPI: Early table checksum verification disabled
<4>[    0.000000] ACPI: RSDP 0x00000000DA887000 000024 (v02 _ASUS_)
<4>[    0.000000] ACPI: XSDT 0x00000000DA887090 0000AC (v01 _ASUS_ Notebook 01072009 AMI  00010013)
<4>[    0.000000] ACPI: FACP 0x00000000DA8984E8 00010C (v05 _ASUS_ Notebook 01072009 AMI  00010013)
<4>[    0.000000] ACPI: DSDT 0x00000000DA8871D0 011312 (v02 _ASUS_ Notebook 00000013 INTL 20091112)
<4>[    0.000000] ACPI: FACS 0x00000000DA8B0080 000040
<4>[    0.000000] ACPI: APIC 0x00000000DA8985F8 000072 (v03 _ASUS_ Notebook 01072009 AMI  00010013)
<4>[    0.000000] ACPI: FPDT 0x00000000DA898670 000044 (v01 _ASUS_ Notebook 01072009 AMI  00010013)
<4>[    0.000000] ACPI: ECDT 0x00000000DA8986B8 0000C1 (v01 _ASUS_ Notebook 01072009 AMI. 00000005)
<4>[    0.000000] ACPI: MCFG 0x00000000DA898780 00003C (v01 _ASUS_ Notebook 01072009 MSFT 00000097)
<4>[    0.000000] ACPI: SSDT 0x00000000DA8987C0 000A3C (v01 DptfTa DptfTab  00001000 INTL 20091112)
<4>[    0.000000] ACPI: SSDT 0x00000000DA899200 000CA5 (v01 SADptf SADptf_  00001000 INTL 20091112)
<4>[    0.000000] ACPI: SSDT 0x00000000DA899EA8 000098 (v01 PchDpt PchDptf  00001000 INTL 20091112)
<4>[    0.000000] ACPI: SSDT 0x00000000DA899F40 00091C (v01 CfgTDP CfgTDP_  00001000 INTL 20091112)
<4>[    0.000000] ACPI: HPET 0x00000000DA89A860 000038 (v01 _ASUS_ Notebook 01072009 AMI. 00000005)
<4>[    0.000000] ACPI: SSDT 0x00000000DA89A898 00066E (v01 AhciR1 AhciTab1 00001000 INTL 20091112)
<4>[    0.000000] ACPI: SSDT 0x00000000DA89AF08 00049E (v01 AhciR2 AhciTab2 00001000 INTL 20091112)
<4>[    0.000000] ACPI: SSDT 0x00000000DA89B3A8 0008C8 (v01 PmRef  Cpu0Ist  00003000 INTL 20051117)
<4>[    0.000000] ACPI: SSDT 0x00000000DA89BC70 000A92 (v01 PmRef  CpuPm    00003000 INTL 20051117)
<4>[    0.000000] ACPI: BGRT 0x00000000DA89C708 000038 (v00 _ASUS_ Notebook 01072009 ASUS 00010013)
<4>[    0.000000] ACPI: SSDT 0x00000000DA89C740 0000D0 (v01 Iffs   IffsAsl  00003000 INTL 20051117)
<4>[    0.000000] ACPI: MSDM 0x00000000DA632E18 000055 (v03 _ASUS_ Notebook 00000000 ASUS 00000001)
<7>[    0.000000] ACPI: Local APIC address 0xfee00000
<6>[    0.000000] No NUMA configuration found
<6>[    0.000000] Faking a node at [mem 0x0000000000000000-0x000000011f1fffff]
<6>[    0.000000] NODE_DATA(0) allocated [mem 0x11f1f2000-0x11f1f6fff]
<7>[    0.000000]  [ffffea0000000000-ffffea00047fffff] PMD -> [ffff88011a800000-ffff88011e7fffff] on node 0
<6>[    0.000000] Zone ranges:
<6>[    0.000000]   DMA      [mem 0x0000000000001000-0x0000000000ffffff]
<6>[    0.000000]   DMA32    [mem 0x0000000001000000-0x00000000ffffffff]
<6>[    0.000000]   Normal   [mem 0x0000000100000000-0x000000011f1fffff]
<6>[    0.000000] Movable zone start for each node
<6>[    0.000000] Early memory node ranges
<6>[    0.000000]   node   0: [mem 0x0000000000001000-0x000000000009dfff]
<6>[    0.000000]   node   0: [mem 0x0000000000100000-0x000000001fffffff]
<6>[    0.000000]   node   0: [mem 0x0000000020200000-0x0000000040003fff]
<6>[    0.000000]   node   0: [mem 0x0000000040005000-0x00000000d9749fff]
<6>[    0.000000]   node   0: [mem 0x00000000d9d4e000-0x00000000d9d63fff]
<6>[    0.000000]   node   0: [mem 0x00000000d9d6a000-0x00000000d9d6bfff]
<6>[    0.000000]   node   0: [mem 0x00000000d9d7a000-0x00000000d9f0ffff]
<6>[    0.000000]   node   0: [mem 0x00000000d9f14000-0x00000000d9f5cfff]
<6>[    0.000000]   node   0: [mem 0x00000000d9f64000-0x00000000d9f65fff]
<6>[    0.000000]   node   0: [mem 0x00000000d9f85000-0x00000000d9f87fff]
<6>[    0.000000]   node   0: [mem 0x00000000d9f8a000-0x00000000d9fa0fff]
<6>[    0.000000]   node   0: [mem 0x00000000d9fa7000-0x00000000d9faefff]
<6>[    0.000000]   node   0: [mem 0x00000000d9fb0000-0x00000000d9fbefff]
<6>[    0.000000]   node   0: [mem 0x00000000d9fc0000-0x00000000d9fcafff]
<6>[    0.000000]   node   0: [mem 0x00000000d9fd0000-0x00000000d9feefff]
<6>[    0.000000]   node   0: [mem 0x00000000d9ff1000-0x00000000d9ffdfff]
<6>[    0.000000]   node   0: [mem 0x00000000d9fff000-0x00000000da010fff]
<6>[    0.000000]   node   0: [mem 0x00000000da038000-0x00000000da04dfff]
<6>[    0.000000]   node   0: [mem 0x00000000da04f000-0x00000000da04ffff]
<6>[    0.000000]   node   0: [mem 0x00000000da052000-0x00000000da052fff]
<6>[    0.000000]   node   0: [mem 0x00000000da058000-0x00000000da06cfff]
<6>[    0.000000]   node   0: [mem 0x00000000da8b8000-0x00000000da8b8fff]
<6>[    0.000000]   node   0: [mem 0x00000000da8fc000-0x00000000dad08fff]
<6>[    0.000000]   node   0: [mem 0x00000000daff4000-0x00000000daffffff]
<6>[    0.000000]   node   0: [mem 0x0000000100000000-0x000000011f1fffff]
<6>[    0.000000] Initmem setup node 0 [mem 0x0000000000001000-0x000000011f1fffff]
<7>[    0.000000] On node 0 totalpages: 1019296
<7>[    0.000000]   DMA zone: 64 pages used for memmap
<7>[    0.000000]   DMA zone: 24 pages reserved
<7>[    0.000000]   DMA zone: 3997 pages, LIFO batch:0
<7>[    0.000000]   DMA32 zone: 13873 pages used for memmap
<7>[    0.000000]   DMA32 zone: 887811 pages, LIFO batch:31
<7>[    0.000000]   Normal zone: 1992 pages used for memmap
<7>[    0.000000]   Normal zone: 127488 pages, LIFO batch:31
<6>[    0.000000] Reserving Intel graphics stolen memory at 0xdbe00000-0xdfdfffff
<6>[    0.000000] ACPI: PM-Timer IO Port: 0x408
<7>[    0.000000] ACPI: Local APIC address 0xfee00000
<6>[    0.000000] ACPI: LAPIC_NMI (acpi_id[0xff] high edge lint[0x1])
<6>[    0.000000] IOAPIC[0]: apic_id 2, version 32, address 0xfec00000, GSI 0-23
<6>[    0.000000] ACPI: INT_SRC_OVR (bus 0 bus_irq 0 global_irq 2 dfl dfl)
<6>[    0.000000] ACPI: INT_SRC_OVR (bus 0 bus_irq 9 global_irq 9 high level)
<7>[    0.000000] ACPI: IRQ0 used by override.
<7>[    0.000000] ACPI: IRQ9 used by override.
<6>[    0.000000] Using ACPI (MADT) for SMP configuration information
<6>[    0.000000] ACPI: HPET id: 0x8086a701 base: 0xfed00000
<6>[    0.000000] smpboot: Allowing 4 CPUs, 0 hotplug CPUs
<6>[    0.000000] PM: Registered nosave memory: [mem 0x00000000-0x00000fff]
<6>[    0.000000] PM: Registered nosave memory: [mem 0x0009e000-0x0009ffff]
<6>[    0.000000] PM: Registered nosave memory: [mem 0x000a0000-0x000fffff]
<6>[    0.000000] PM: Registered nosave memory: [mem 0x20000000-0x201fffff]
<6>[    0.000000] PM: Registered nosave memory: [mem 0x40004000-0x40004fff]
<6>[    0.000000] PM: Registered nosave memory: [mem 0xd974a000-0xd9d4afff]
<6>[    0.000000] PM: Registered nosave memory: [mem 0xd9d4b000-0xd9d4dfff]
<6>[    0.000000] PM: Registered nosave memory: [mem 0xd9d64000-0xd9d69fff]
<6>[    0.000000] PM: Registered nosave memory: [mem 0xd9d6c000-0xd9d79fff]
<6>[    0.000000] PM: Registered nosave memory: [mem 0xd9f10000-0xd9f13fff]
<6>[    0.000000] PM: Registered nosave memory: [mem 0xd9f5d000-0xd9f63fff]
<6>[    0.000000] PM: Registered nosave memory: [mem 0xd9f66000-0xd9f72fff]
<6>[    0.000000] PM: Registered nosave memory: [mem 0xd9f73000-0xd9f84fff]
<6>[    0.000000] PM: Registered nosave memory: [mem 0xd9f88000-0xd9f89fff]
<6>[    0.000000] PM: Registered nosave memory: [mem 0xd9fa1000-0xd9fa6fff]
<6>[    0.000000] PM: Registered nosave memory: [mem 0xd9faf000-0xd9faffff]
<6>[    0.000000] PM: Registered nosave memory: [mem 0xd9fbf000-0xd9fbffff]
<6>[    0.000000] PM: Registered nosave memory: [mem 0xd9fcb000-0xd9fcffff]
<6>[    0.000000] PM: Registered nosave memory: [mem 0xd9fef000-0xd9ff0fff]
<6>[    0.000000] PM: Registered nosave memory: [mem 0xd9ffe000-0xd9ffefff]
<6>[    0.000000] PM: Registered nosave memory: [mem 0xda011000-0xda037fff]
<6>[    0.000000] PM: Registered nosave memory: [mem 0xda04e000-0xda04efff]
<6>[    0.000000] PM: Registered nosave memory: [mem 0xda050000-0xda051fff]
<6>[    0.000000] PM: Registered nosave memory: [mem 0xda053000-0xda057fff]
<6>[    0.000000] PM: Registered nosave memory: [mem 0xda06d000-0xda0edfff]
<6>[    0.000000] PM: Registered nosave memory: [mem 0xda0ee000-0xda108fff]
<6>[    0.000000] PM: Registered nosave memory: [mem 0xda109000-0xda632fff]
<6>[    0.000000] PM: Registered nosave memory: [mem 0xda633000-0xda8b2fff]
<6>[    0.000000] PM: Registered nosave memory: [mem 0xda8b3000-0xda8b7fff]
<6>[    0.000000] PM: Registered nosave memory: [mem 0xda8b9000-0xda8fbfff]
<6>[    0.000000] PM: Registered nosave memory: [mem 0xdad09000-0xdaff3fff]
<6>[    0.000000] PM: Registered nosave memory: [mem 0xdb000000-0xdbbfffff]
<6>[    0.000000] PM: Registered nosave memory: [mem 0xdbc00000-0xdfdfffff]
<6>[    0.000000] PM: Registered nosave memory: [mem 0xdfe00000-0xf7ffffff]
<6>[    0.000000] PM: Registered nosave memory: [mem 0xf8000000-0xfbffffff]
<6>[    0.000000] PM: Registered nosave memory: [mem 0xfc000000-0xfebfffff]
<6>[    0.000000] PM: Registered nosave memory: [mem 0xfec00000-0xfec00fff]
<6>[    0.000000] PM: Registered nosave memory: [mem 0xfec01000-0xfecfffff]
<6>[    0.000000] PM: Registered nosave memory: [mem 0xfed00000-0xfed03fff]
<6>[    0.000000] PM: Registered nosave memory: [mem 0xfed04000-0xfed1bfff]
<6>[    0.000000] PM: Registered nosave memory: [mem 0xfed1c000-0xfed1ffff]
<6>[    0.000000] PM: Registered nosave memory: [mem 0xfed20000-0xfedfffff]
<6>[    0.000000] PM: Registered nosave memory: [mem 0xfee00000-0xfee00fff]
<6>[    0.000000] PM: Registered nosave memory: [mem 0xfee01000-0xfeffffff]
<6>[    0.000000] PM: Registered nosave memory: [mem 0xff000000-0xffffffff]
<6>[    0.000000] e820: [mem 0xdfe00000-0xf7ffffff] available for PCI devices
<6>[    0.000000] Booting paravirtualized kernel on bare hardware
<6>[    0.000000] clocksource: refined-jiffies: mask: 0xffffffff max_cycles: 0xffffffff, max_idle_ns: 7645519600211568 ns
<6>[    0.000000] setup_percpu: NR_CPUS:256 nr_cpumask_bits:256 nr_cpu_ids:4 nr_node_ids:1
<6>[    0.000000] PERCPU: Embedded 33 pages/cpu @ffff88011ee00000 s96728 r8192 d30248 u524288
<7>[    0.000000] pcpu-alloc: s96728 r8192 d30248 u524288 alloc=1*2097152
<7>[    0.000000] pcpu-alloc: [0] 0 1 2 3 
<6>[    0.000000] Built 1 zonelists in Node order, mobility grouping on.  Total pages: 1003343
<6>[    0.000000] Policy zone: Normal
<5>[    0.000000] Kernel command line: BOOT_IMAGE=/casper/vmlinuz boot=casper ip=frommedia persistent noprompt splash quiet FWTS_AUTO_SHUTDOWN=1 --
<6>[    0.000000] PID hash table entries: 4096 (order: 3, 32768 bytes)
<7>[    0.000000] Calgary: detecting Calgary via BIOS EBDA area
<7>[    0.000000] Calgary: Unable to locate Rio Grande table in EBDA - bailing!
<6>[    0.000000] Memory: 3887788K/4077184K available (7932K kernel code, 1242K rwdata, 3812K rodata, 1464K init, 1292K bss, 189396K reserved, 0K cma-reserved)
<6>[    0.000000] SLUB: HWalign=64, Order=0-3, MinObjects=0, CPUs=4, Nodes=1
<6>[    0.000000] Hierarchical RCU implementation.
<6>[    0.000000] 	Build-time adjustment of leaf fanout to 64.
<6>[    0.000000] 	RCU restricting CPUs from NR_CPUS=256 to nr_cpu_ids=4.
<6>[    0.000000] RCU: Adjusting geometry for rcu_fanout_leaf=64, nr_cpu_ids=4
<6>[    0.000000] NR_IRQS:16640 nr_irqs:456 16
<6>[    0.000000] 	Offload RCU callbacks from all CPUs
<6>[    0.000000] 	Offload RCU callbacks from CPUs: 0-3.
<6>[    0.000000] Console: colour dummy device 80x25
<6>[    0.000000] console [tty0] enabled
<6>[    0.000000] clocksource: hpet: mask: 0xffffffff max_cycles: 0xffffffff, max_idle_ns: 133484882848 ns
<7>[    0.000000] hpet clockevent registered
<6>[    0.000000] tsc: Fast TSC calibration using PIT
<6>[    0.000000] tsc: Detected 1796.001 MHz processor
<6>[    0.000047] Calibrating delay loop (skipped), value calculated using timer frequency.. 3592.00 BogoMIPS (lpj=7184004)
<6>[    0.000050] pid_max: default: 32768 minimum: 301
<6>[    0.000057] ACPI: Core revision 20150619
<4>[    0.022487] ACPI: All ACPI Tables successfully acquired
<6>[    0.023291] Security Framework initialized
<6>[    0.023302] AppArmor: AppArmor initialized
<6>[    0.023303] Yama: becoming mindful.
<6>[    0.023694] Dentry cache hash table entries: 524288 (order: 10, 4194304 bytes)
<6>[    0.025138] Inode-cache hash table entries: 262144 (order: 9, 2097152 bytes)
<6>[    0.025778] Mount-cache hash table entries: 8192 (order: 4, 65536 bytes)
<6>[    0.025785] Mountpoint-cache hash table entries: 8192 (order: 4, 65536 bytes)
<6>[    0.026037] Initializing cgroup subsys blkio
<6>[    0.026041] Initializing cgroup subsys memory
<6>[    0.026050] Initializing cgroup subsys devices
<6>[    0.026053] Initializing cgroup subsys freezer
<6>[    0.026055] Initializing cgroup subsys net_cls
<6>[    0.026058] Initializing cgroup subsys perf_event
<6>[    0.026062] Initializing cgroup subsys net_prio
<6>[    0.026065] Initializing cgroup subsys hugetlb
<6>[    0.026091] CPU: Physical Processor ID: 0
<6>[    0.026092] CPU: Processor Core ID: 0
<4>[    0.026098] ENERGY_PERF_BIAS: Set to 'normal', was 'performance'
<4>[    0.026099] ENERGY_PERF_BIAS: View and update with x86_energy_perf_policy(8)
<6>[    0.026103] mce: CPU supports 7 MCE banks
<6>[    0.026117] CPU0: Thermal monitoring enabled (TM1)
<6>[    0.026126] process: using mwait in idle threads
<6>[    0.026130] Last level iTLB entries: 4KB 512, 2MB 8, 4MB 8
<6>[    0.026131] Last level dTLB entries: 4KB 512, 2MB 32, 4MB 32, 1GB 0
<6>[    0.026318] Freeing SMP alternatives memory: 28K (ffffffff81ea6000 - ffffffff81ead000)
<3>[    0.029956] Ignoring BGRT: invalid status 0 (expected 1)
<6>[    0.031442] ftrace: allocating 30954 entries in 121 pages
<6>[    0.051304] x2apic: IRQ remapping doesn't support X2APIC mode
<6>[    0.051789] ..TIMER: vector=0x30 apic1=0 pin1=2 apic2=-1 pin2=-1
<7>[    0.091469] TSC deadline timer enabled
<6>[    0.091474] smpboot: CPU0: Intel(R) Core(TM) i3-3217U CPU @ 1.80GHz (fam: 06, model: 3a, stepping: 09)
<6>[    0.091505] Performance Events: PEBS fmt1+, 16-deep LBR, IvyBridge events, full-width counters, Intel PMU driver.
<6>[    0.091532] ... version:                3
<6>[    0.091533] ... bit width:              48
<6>[    0.091534] ... generic registers:      4
<6>[    0.091536] ... value mask:             0000ffffffffffff
<6>[    0.091537] ... max period:             0000ffffffffffff
<6>[    0.091538] ... fixed-purpose events:   3
<6>[    0.091539] ... event mask:             000000070000000f
<6>[    0.092635] x86: Booting SMP configuration:
<6>[    0.092637] .... node  #0, CPUs:      #1
<6>[    0.095862] NMI watchdog: enabled on all CPUs, permanently consumes one hw-PMU counter.
<4>[    0.095977]  #2 #3
<6>[    0.102410] x86: Booted up 1 node, 4 CPUs
<6>[    0.102414] smpboot: Total of 4 processors activated (14368.00 BogoMIPS)
<6>[    0.106744] devtmpfs: initialized
<6>[    0.110205] evm: security.selinux
<6>[    0.110207] evm: security.SMACK64
<6>[    0.110208] evm: security.SMACK64EXEC
<6>[    0.110209] evm: security.SMACK64TRANSMUTE
<6>[    0.110210] evm: security.SMACK64MMAP
<6>[    0.110211] evm: security.ima
<6>[    0.110212] evm: security.capability
<6>[    0.110299] PM: Registering ACPI NVS region [mem 0xd974a000-0xd9d4afff] (6295552 bytes)
<6>[    0.110397] PM: Registering ACPI NVS region [mem 0xda633000-0xda8b2fff] (2621440 bytes)
<6>[    0.110439] PM: Registering ACPI NVS region [mem 0xda8b9000-0xda8fbfff] (274432 bytes)
<6>[    0.110547] clocksource: jiffies: mask: 0xffffffff max_cycles: 0xffffffff, max_idle_ns: 7645041785100000 ns
<6>[    0.110651] pinctrl core: initialized pinctrl subsystem
<6>[    0.110783] RTC time: 23:45:32, date: 02/18/16
<6>[    0.110915] NET: Registered protocol family 16
<6>[    0.114575] cpuidle: using governor ladder
<6>[    0.118576] cpuidle: using governor menu
<6>[    0.118680] ACPI FADT declares the system doesn't support PCIe ASPM, so disable it
<6>[    0.118682] ACPI: bus type PCI registered
<6>[    0.118684] acpiphp: ACPI Hot Plug PCI Controller Driver version: 0.5
<6>[    0.118769] PCI: MMCONFIG for domain 0000 [bus 00-3f] at [mem 0xf8000000-0xfbffffff] (base 0xf8000000)
<6>[    0.118772] PCI: MMCONFIG at [mem 0xf8000000-0xfbffffff] reserved in E820
<6>[    0.118786] PCI: Using configuration type 1 for base access
<6>[    0.119053] perf_event_intel: PMU erratum BJ122, BV98, HSD29 worked around, HT is on
<6>[    0.123011] ACPI: Added _OSI(Module Device)
<6>[    0.123014] ACPI: Added _OSI(Processor Device)
<6>[    0.123015] ACPI: Added _OSI(3.0 _SCP Extensions)
<6>[    0.123017] ACPI: Added _OSI(Processor Aggregator Device)
<6>[    0.125658] ACPI : EC: EC description table is found, configuring boot EC
<6>[    0.125671] ACPI : EC: EC started
<4>[    0.128396] ACPI: Executed 1 blocks of module-level executable AML code
<5>[    0.132446] [Firmware Bug]: ACPI: BIOS _OSI(Linux) query ignored
<4>[    0.132925] ACPI: Dynamic OEM Table Load:
<4>[    0.132935] ACPI: SSDT 0xFFFF880119B61000 000853 (v01 PmRef  Cpu0Cst  00003001 INTL 20051117)
<4>[    0.133861] ACPI: Dynamic OEM Table Load:
<4>[    0.133868] ACPI: SSDT 0xFFFF880119B32000 000303 (v01 PmRef  ApIst    00003000 INTL 20051117)
<4>[    0.134706] ACPI: Dynamic OEM Table Load:
<4>[    0.134711] ACPI: SSDT 0xFFFF880119B45800 000119 (v01 PmRef  ApCst    00003000 INTL 20051117)
<6>[    0.136107] ACPI: Interpreter enabled
<4>[    0.136117] ACPI Exception: AE_NOT_FOUND, While evaluating Sleep State [\_S1_] (20150619/hwxface-580)
<4>[    0.136123] ACPI Exception: AE_NOT_FOUND, While evaluating Sleep State [\_S2_] (20150619/hwxface-580)
<6>[    0.136143] ACPI: (supports S0 S3 S4 S5)
<6>[    0.136145] ACPI: Using IOAPIC for interrupt routing
<6>[    0.136177] PCI: Using host bridge windows from ACPI; if necessary, use "pci=nocrs" and report a bug
<6>[    0.145027] ACPI: PCI Root Bridge [PCI0] (domain 0000 [bus 00-3e])
<6>[    0.145034] acpi PNP0A08:00: _OSC: OS supports [ExtendedConfig ASPM ClockPM Segments MSI]
<6>[    0.798505] acpi PNP0A08:00: _OSC: platform does not support [PCIeHotplug PME]
<6>[    0.798686] acpi PNP0A08:00: _OSC: OS now controls [AER PCIeCapability]
<6>[    0.798688] acpi PNP0A08:00: FADT indicates ASPM is unsupported, using BIOS configuration
<6>[    0.799215] PCI host bridge to bus 0000:00
<6>[    0.799219] pci_bus 0000:00: root bus resource [bus 00-3e]
<6>[    0.799222] pci_bus 0000:00: root bus resource [io  0x0000-0x0cf7 window]
<6>[    0.799224] pci_bus 0000:00: root bus resource [io  0x0d00-0xffff window]
<6>[    0.799226] pci_bus 0000:00: root bus resource [mem 0x000a0000-0x000bffff window]
<6>[    0.799229] pci_bus 0000:00: root bus resource [mem 0x000c0000-0x000c3fff window]
<6>[    0.799231] pci_bus 0000:00: root bus resource [mem 0x000c4000-0x000c7fff window]
<6>[    0.799233] pci_bus 0000:00: root bus resource [mem 0x000c8000-0x000cbfff window]
<6>[    0.799235] pci_bus 0000:00: root bus resource [mem 0x000cc000-0x000cffff window]
<6>[    0.799237] pci_bus 0000:00: root bus resource [mem 0x000d0000-0x000d3fff window]
<6>[    0.799240] pci_bus 0000:00: root bus resource [mem 0x000d4000-0x000d7fff window]
<6>[    0.799242] pci_bus 0000:00: root bus resource [mem 0x000d8000-0x000dbfff window]
<6>[    0.799244] pci_bus 0000:00: root bus resource [mem 0x000dc000-0x000dffff window]
<6>[    0.799246] pci_bus 0000:00: root bus resource [mem 0xdfe00000-0xfeafffff window]
<7>[    0.799255] pci 0000:00:00.0: [8086:0154] type 00 class 0x060000
<7>[    0.799372] pci 0000:00:02.0: [8086:0166] type 00 class 0x030000
<7>[    0.799390] pci 0000:00:02.0: reg 0x10: [mem 0xf7800000-0xf7bfffff 64bit]
<7>[    0.799399] pci 0000:00:02.0: reg 0x18: [mem 0xe0000000-0xefffffff 64bit pref]
<7>[    0.799405] pci 0000:00:02.0: reg 0x20: [io  0xf000-0xf03f]
<7>[    0.799513] pci 0000:00:04.0: [8086:0153] type 00 class 0x118000
<7>[    0.799530] pci 0000:00:04.0: reg 0x10: [mem 0xfed98000-0xfed9ffff 64bit]
<7>[    0.799673] pci 0000:00:14.0: [8086:1e31] type 00 class 0x0c0330
<7>[    0.799710] pci 0000:00:14.0: reg 0x10: [mem 0xf7e00000-0xf7e0ffff 64bit]
<7>[    0.799776] pci 0000:00:14.0: PME# supported from D3hot D3cold
<6>[    0.799835] pci 0000:00:14.0: System wakeup disabled by ACPI
<7>[    0.799885] pci 0000:00:16.0: [8086:1e3a] type 00 class 0x078000
<7>[    0.799921] pci 0000:00:16.0: reg 0x10: [mem 0xf7e22000-0xf7e2200f 64bit]
<7>[    0.799990] pci 0000:00:16.0: PME# supported from D0 D3hot D3cold
<7>[    0.800105] pci 0000:00:1a.0: [8086:1e2d] type 00 class 0x0c0320
<7>[    0.800138] pci 0000:00:1a.0: reg 0x10: [mem 0xf7e20000-0xf7e203ff]
<7>[    0.800218] pci 0000:00:1a.0: PME# supported from D0 D3hot D3cold
<6>[    0.800275] pci 0000:00:1a.0: System wakeup disabled by ACPI
<7>[    0.800327] pci 0000:00:1b.0: [8086:1e20] type 00 class 0x040300
<7>[    0.800359] pci 0000:00:1b.0: reg 0x10: [mem 0xf7e18000-0xf7e1bfff 64bit]
<7>[    0.800429] pci 0000:00:1b.0: PME# supported from D0 D3hot D3cold
<6>[    0.800487] pci 0000:00:1b.0: System wakeup disabled by ACPI
<7>[    0.800534] pci 0000:00:1c.0: [8086:1e10] type 01 class 0x060400
<7>[    0.800619] pci 0000:00:1c.0: PME# supported from D0 D3hot D3cold
<6>[    0.800678] pci 0000:00:1c.0: System wakeup disabled by ACPI
<7>[    0.800725] pci 0000:00:1c.1: [8086:1e12] type 01 class 0x060400
<7>[    0.800809] pci 0000:00:1c.1: PME# supported from D0 D3hot D3cold
<7>[    0.800914] pci 0000:00:1c.3: [8086:1e16] type 01 class 0x060400
<7>[    0.800997] pci 0000:00:1c.3: PME# supported from D0 D3hot D3cold
<6>[    0.801056] pci 0000:00:1c.3: System wakeup disabled by ACPI
<7>[    0.801111] pci 0000:00:1d.0: [8086:1e26] type 00 class 0x0c0320
<7>[    0.801144] pci 0000:00:1d.0: reg 0x10: [mem 0xf7e1f000-0xf7e1f3ff]
<7>[    0.801224] pci 0000:00:1d.0: PME# supported from D0 D3hot D3cold
<6>[    0.801281] pci 0000:00:1d.0: System wakeup disabled by ACPI
<7>[    0.801330] pci 0000:00:1f.0: [8086:1e59] type 00 class 0x060100
<7>[    0.801532] pci 0000:00:1f.2: [8086:1e03] type 00 class 0x010601
<7>[    0.801562] pci 0000:00:1f.2: reg 0x10: [io  0xf0b0-0xf0b7]
<7>[    0.801572] pci 0000:00:1f.2: reg 0x14: [io  0xf0a0-0xf0a3]
<7>[    0.801582] pci 0000:00:1f.2: reg 0x18: [io  0xf090-0xf097]
<7>[    0.801592] pci 0000:00:1f.2: reg 0x1c: [io  0xf080-0xf083]
<7>[    0.801602] pci 0000:00:1f.2: reg 0x20: [io  0xf060-0xf07f]
<7>[    0.801612] pci 0000:00:1f.2: reg 0x24: [mem 0xf7e1e000-0xf7e1e7ff]
<7>[    0.801646] pci 0000:00:1f.2: PME# supported from D3hot
<7>[    0.801742] pci 0000:00:1f.3: [8086:1e22] type 00 class 0x0c0500
<7>[    0.801764] pci 0000:00:1f.3: reg 0x10: [mem 0xf7e1d000-0xf7e1d0ff 64bit]
<7>[    0.801789] pci 0000:00:1f.3: reg 0x20: [io  0xf040-0xf05f]
<7>[    0.801904] pci 0000:00:1f.6: [8086:1e24] type 00 class 0x118000
<7>[    0.801936] pci 0000:00:1f.6: reg 0x10: [mem 0xf7e1c000-0xf7e1cfff 64bit]
<6>[    0.802133] pci 0000:00:1c.0: PCI bridge to [bus 01]
<7>[    0.802235] pci 0000:02:00.0: [168c:0032] type 00 class 0x028000
<7>[    0.802289] pci 0000:02:00.0: reg 0x10: [mem 0xf7d00000-0xf7d7ffff 64bit]
<7>[    0.802359] pci 0000:02:00.0: reg 0x30: [mem 0xf7d80000-0xf7d8ffff pref]
<7>[    0.802424] pci 0000:02:00.0: supports D1 D2
<7>[    0.802426] pci 0000:02:00.0: PME# supported from D0 D1 D2 D3hot D3cold
<6>[    0.802460] pci 0000:02:00.0: System wakeup disabled by ACPI
<6>[    0.810442] pci 0000:00:1c.1: PCI bridge to [bus 02]
<7>[    0.810449] pci 0000:00:1c.1:   bridge window [mem 0xf7d00000-0xf7dfffff]
<7>[    0.810541] pci 0000:03:00.0: [10ec:5289] type 00 class 0xff0000
<7>[    0.810595] pci 0000:03:00.0: reg 0x10: [mem 0xf7c00000-0xf7c0ffff]
<7>[    0.810740] pci 0000:03:00.0: supports D1 D2
<7>[    0.810743] pci 0000:03:00.0: PME# supported from D1 D2 D3hot D3cold
<6>[    0.810779] pci 0000:03:00.0: System wakeup disabled by ACPI
<7>[    0.810838] pci 0000:03:00.2: [10ec:8168] type 00 class 0x020000
<7>[    0.810892] pci 0000:03:00.2: reg 0x10: [io  0xe000-0xe0ff]
<7>[    0.810930] pci 0000:03:00.2: reg 0x18: [mem 0xf0004000-0xf0004fff 64bit pref]
<7>[    0.810954] pci 0000:03:00.2: reg 0x20: [mem 0xf0000000-0xf0003fff 64bit pref]
<7>[    0.811021] pci 0000:03:00.2: supports D1 D2
<7>[    0.811023] pci 0000:03:00.2: PME# supported from D0 D1 D2 D3hot D3cold
<6>[    0.818452] pci 0000:00:1c.3: PCI bridge to [bus 03]
<7>[    0.818458] pci 0000:00:1c.3:   bridge window [io  0xe000-0xefff]
<7>[    0.818463] pci 0000:00:1c.3:   bridge window [mem 0xf7c00000-0xf7cfffff]
<7>[    0.818471] pci 0000:00:1c.3:   bridge window [mem 0xf0000000-0xf00fffff 64bit pref]
<6>[    0.819292] ACPI: PCI Interrupt Link [LNKA] (IRQs 3 4 5 6 7 10 11 12) *0, disabled.
<6>[    0.819355] ACPI: PCI Interrupt Link [LNKB] (IRQs 3 4 5 6 7 10 12) *0, disabled.
<6>[    0.819413] ACPI: PCI Interrupt Link [LNKC] (IRQs 3 4 5 6 7 10 12) *0, disabled.
<6>[    0.819470] ACPI: PCI Interrupt Link [LNKD] (IRQs 3 4 5 6 7 10 12) *0, disabled.
<6>[    0.819529] ACPI: PCI Interrupt Link [LNKE] (IRQs 3 4 5 6 7 10 12) *0, disabled.
<6>[    0.819587] ACPI: PCI Interrupt Link [LNKF] (IRQs 3 4 5 6 7 10 12) *0, disabled.
<6>[    0.819644] ACPI: PCI Interrupt Link [LNKG] (IRQs 3 4 5 6 7 10 12) *0, disabled.
<6>[    0.819701] ACPI: PCI Interrupt Link [LNKH] (IRQs 3 4 5 6 7 10 12) *0, disabled.
<4>[    0.819927] ACPI: Enabled 4 GPEs in block 00 to 3F
<6>[    0.820014] ACPI : EC: GPE = 0x19, I/O: command/status = 0x66, data = 0x62
<6>[    0.820146] vgaarb: setting as boot device: PCI:0000:00:02.0
<6>[    0.820149] vgaarb: device added: PCI:0000:00:02.0,decodes=io+mem,owns=io+mem,locks=none
<6>[    0.820153] vgaarb: loaded
<6>[    0.820154] vgaarb: bridge control possible 0000:00:02.0
<5>[    0.820434] SCSI subsystem initialized
<7>[    0.820490] libata version 3.00 loaded.
<6>[    0.820519] ACPI: bus type USB registered
<6>[    0.820543] usbcore: registered new interface driver usbfs
<6>[    0.820553] usbcore: registered new interface driver hub
<6>[    0.820573] usbcore: registered new device driver usb
<6>[    0.820906] PCI: Using ACPI for IRQ routing
<7>[    0.822748] PCI: pci_cache_line_size set to 64 bytes
<6>[    0.822758] pci 0000:00:04.0: can't claim BAR 0 [mem 0xfed98000-0xfed9ffff 64bit]: no compatible bridge window
<7>[    0.822829] e820: reserve RAM buffer [mem 0x0009e000-0x0009ffff]
<7>[    0.822831] e820: reserve RAM buffer [mem 0x40004000-0x43ffffff]
<7>[    0.822833] e820: reserve RAM buffer [mem 0xd974a000-0xdbffffff]
<7>[    0.822843] e820: reserve RAM buffer [mem 0xd9d64000-0xdbffffff]
<7>[    0.822853] e820: reserve RAM buffer [mem 0xd9d6c000-0xdbffffff]
<7>[    0.822862] e820: reserve RAM buffer [mem 0xd9f10000-0xdbffffff]
<7>[    0.822871] e820: reserve RAM buffer [mem 0xd9f5d000-0xdbffffff]
<7>[    0.822880] e820: reserve RAM buffer [mem 0xd9f66000-0xdbffffff]
<7>[    0.822888] e820: reserve RAM buffer [mem 0xd9f88000-0xdbffffff]
<7>[    0.822896] e820: reserve RAM buffer [mem 0xd9fa1000-0xdbffffff]
<7>[    0.822904] e820: reserve RAM buffer [mem 0xd9faf000-0xdbffffff]
<7>[    0.822912] e820: reserve RAM buffer [mem 0xd9fbf000-0xdbffffff]
<7>[    0.822919] e820: reserve RAM buffer [mem 0xd9fcb000-0xdbffffff]
<7>[    0.822926] e820: reserve RAM buffer [mem 0xd9fef000-0xdbffffff]
<7>[    0.822933] e820: reserve RAM buffer [mem 0xd9ffe000-0xdbffffff]
<7>[    0.822939] e820: reserve RAM buffer [mem 0xda011000-0xdbffffff]
<7>[    0.822945] e820: reserve RAM buffer [mem 0xda04e000-0xdbffffff]
<7>[    0.822950] e820: reserve RAM buffer [mem 0xda050000-0xdbffffff]
<7>[    0.822956] e820: reserve RAM buffer [mem 0xda053000-0xdbffffff]
<7>[    0.822960] e820: reserve RAM buffer [mem 0xda06d000-0xdbffffff]
<7>[    0.822965] e820: reserve RAM buffer [mem 0xda8b9000-0xdbffffff]
<7>[    0.822968] e820: reserve RAM buffer [mem 0xdad09000-0xdbffffff]
<7>[    0.822970] e820: reserve RAM buffer [mem 0xdb000000-0xdbffffff]
<7>[    0.822972] e820: reserve RAM buffer [mem 0x11f200000-0x11fffffff]
<6>[    0.823116] NetLabel: Initializing
<6>[    0.823117] NetLabel:  domain hash size = 128
<6>[    0.823118] NetLabel:  protocols = UNLABELED CIPSOv4
<6>[    0.823135] NetLabel:  unlabeled traffic allowed by default
<6>[    0.823237] hpet0: at MMIO 0xfed00000, IRQs 2, 8, 0, 0, 0, 0, 0, 0
<6>[    0.823244] hpet0: 8 comparators, 64-bit 14.318180 MHz counter
<6>[    0.825275] clocksource: Switched to clocksource hpet
<6>[    0.832281] AppArmor: AppArmor Filesystem Enabled
<6>[    0.832367] pnp: PnP ACPI init
<6>[    0.832489] system 00:00: [mem 0xfed40000-0xfed44fff] has been reserved
<7>[    0.832494] system 00:00: Plug and Play ACPI device, IDs PNP0c01 (active)
<6>[    0.832649] system 00:01: [io  0x0680-0x069f] has been reserved
<6>[    0.832652] system 00:01: [io  0x1000-0x100f] has been reserved
<6>[    0.832654] system 00:01: [io  0xffff] has been reserved
<6>[    0.832656] system 00:01: [io  0xffff] has been reserved
<6>[    0.832659] system 00:01: [io  0x0400-0x0453] could not be reserved
<6>[    0.832661] system 00:01: [io  0x0458-0x047f] has been reserved
<6>[    0.832663] system 00:01: [io  0x0500-0x057f] has been reserved
<6>[    0.832666] system 00:01: [io  0x164e-0x164f] has been reserved
<7>[    0.832669] system 00:01: Plug and Play ACPI device, IDs PNP0c02 (active)
<7>[    0.832701] pnp 00:02: Plug and Play ACPI device, IDs PNP0b00 (active)
<6>[    0.832762] system 00:03: [io  0x0454-0x0457] has been reserved
<7>[    0.832765] system 00:03: Plug and Play ACPI device, IDs INT3f0d PNP0c02 (active)
<6>[    0.832827] system 00:04: [io  0x04d0-0x04d1] has been reserved
<7>[    0.832831] system 00:04: Plug and Play ACPI device, IDs PNP0c02 (active)
<7>[    0.832903] pnp 00:05: Plug and Play ACPI device, IDs ETD0108 SYN0a00 SYN0002 PNP0f03 PNP0f13 PNP0f12 (active)
<7>[    0.832950] pnp 00:06: Plug and Play ACPI device, IDs ATK3001 PNP030b (active)
<6>[    0.833169] system 00:07: [mem 0xfed1c000-0xfed1ffff] has been reserved
<6>[    0.833172] system 00:07: [mem 0xfed10000-0xfed17fff] has been reserved
<6>[    0.833175] system 00:07: [mem 0xfed18000-0xfed18fff] has been reserved
<6>[    0.833177] system 00:07: [mem 0xfed19000-0xfed19fff] has been reserved
<6>[    0.833180] system 00:07: [mem 0xf8000000-0xfbffffff] has been reserved
<6>[    0.833183] system 00:07: [mem 0xfed20000-0xfed3ffff] has been reserved
<6>[    0.833185] system 00:07: [mem 0xfed90000-0xfed93fff] has been reserved
<6>[    0.833188] system 00:07: [mem 0xfed45000-0xfed8ffff] has been reserved
<6>[    0.833190] system 00:07: [mem 0xff000000-0xffffffff] has been reserved
<6>[    0.833193] system 00:07: [mem 0xfee00000-0xfeefffff] could not be reserved
<6>[    0.833196] system 00:07: [mem 0xdfe00000-0xdfe00fff] has been reserved
<7>[    0.833199] system 00:07: Plug and Play ACPI device, IDs PNP0c02 (active)
<6>[    0.833305] system 00:08: [mem 0xdfe00000-0xdfe00fff] has been reserved
<7>[    0.833309] system 00:08: Plug and Play ACPI device, IDs PNP0c02 (active)
<6>[    0.833484] system 00:09: [mem 0x20000000-0x201fffff] has been reserved
<6>[    0.833487] system 00:09: [mem 0x40004000-0x40004fff] has been reserved
<7>[    0.833490] system 00:09: Plug and Play ACPI device, IDs PNP0c01 (active)
<6>[    0.833529] pnp: PnP ACPI: found 10 devices
<6>[    0.840291] clocksource: acpi_pm: mask: 0xffffff max_cycles: 0xffffff, max_idle_ns: 2085701024 ns
<6>[    0.840344] pci 0000:00:04.0: BAR 0: assigned [mem 0xdfe08000-0xdfe0ffff 64bit]
<6>[    0.840351] pci 0000:00:1c.0: PCI bridge to [bus 01]
<6>[    0.840367] pci 0000:00:1c.1: PCI bridge to [bus 02]
<6>[    0.840373] pci 0000:00:1c.1:   bridge window [mem 0xf7d00000-0xf7dfffff]
<6>[    0.840385] pci 0000:00:1c.3: PCI bridge to [bus 03]
<6>[    0.840389] pci 0000:00:1c.3:   bridge window [io  0xe000-0xefff]
<6>[    0.840395] pci 0000:00:1c.3:   bridge window [mem 0xf7c00000-0xf7cfffff]
<6>[    0.840401] pci 0000:00:1c.3:   bridge window [mem 0xf0000000-0xf00fffff 64bit pref]
<7>[    0.840411] pci_bus 0000:00: resource 4 [io  0x0000-0x0cf7 window]
<7>[    0.840413] pci_bus 0000:00: resource 5 [io  0x0d00-0xffff window]
<7>[    0.840416] pci_bus 0000:00: resource 6 [mem 0x000a0000-0x000bffff window]
<7>[    0.840418] pci_bus 0000:00: resource 7 [mem 0x000c0000-0x000c3fff window]
<7>[    0.840420] pci_bus 0000:00: resource 8 [mem 0x000c4000-0x000c7fff window]
<7>[    0.840422] pci_bus 0000:00: resource 9 [mem 0x000c8000-0x000cbfff window]
<7>[    0.840425] pci_bus 0000:00: resource 10 [mem 0x000cc000-0x000cffff window]
<7>[    0.840427] pci_bus 0000:00: resource 11 [mem 0x000d0000-0x000d3fff window]
<7>[    0.840429] pci_bus 0000:00: resource 12 [mem 0x000d4000-0x000d7fff window]
<7>[    0.840431] pci_bus 0000:00: resource 13 [mem 0x000d8000-0x000dbfff window]
<7>[    0.840433] pci_bus 0000:00: resource 14 [mem 0x000dc000-0x000dffff window]
<7>[    0.840436] pci_bus 0000:00: resource 15 [mem 0xdfe00000-0xfeafffff window]
<7>[    0.840439] pci_bus 0000:02: resource 1 [mem 0xf7d00000-0xf7dfffff]
<7>[    0.840441] pci_bus 0000:03: resource 0 [io  0xe000-0xefff]
<7>[    0.840443] pci_bus 0000:03: resource 1 [mem 0xf7c00000-0xf7cfffff]
<7>[    0.840445] pci_bus 0000:03: resource 2 [mem 0xf0000000-0xf00fffff 64bit pref]
<6>[    0.840486] NET: Registered protocol family 2
<6>[    0.840670] TCP established hash table entries: 32768 (order: 6, 262144 bytes)
<6>[    0.840771] TCP bind hash table entries: 32768 (order: 7, 524288 bytes)
<6>[    0.840855] TCP: Hash tables configured (established 32768 bind 32768)
<6>[    0.840881] UDP hash table entries: 2048 (order: 4, 65536 bytes)
<6>[    0.840901] UDP-Lite hash table entries: 2048 (order: 4, 65536 bytes)
<6>[    0.840957] NET: Registered protocol family 1
<7>[    0.840978] pci 0000:00:02.0: Video device with shadowed ROM
<7>[    0.881407] PCI: CLS 64 bytes, default 64
<6>[    0.881475] Trying to unpack rootfs image as initramfs...
<6>[    4.869304] Freeing initrd memory: 13576K (ffff88003656c000 - ffff8800372ae000)
<6>[    4.869334] PCI-DMA: Using software bounce buffering for IO (SWIOTLB)
<6>[    4.869337] software IO TLB [mem 0xd3d40000-0xd7d40000] (64MB) mapped at [ffff8800d3d40000-ffff8800d7d3ffff]
<6>[    4.869441] RAPL PMU detected, API unit is 2^-32 Joules, 3 fixed counters 163840 ms ovfl timer
<6>[    4.869442] hw unit of domain pp0-core 2^-16 Joules
<6>[    4.869444] hw unit of domain package 2^-16 Joules
<6>[    4.869445] hw unit of domain pp1-gpu 2^-16 Joules
<6>[    4.869588] microcode: CPU0 sig=0x306a9, pf=0x10, revision=0x15
<6>[    4.869598] microcode: CPU1 sig=0x306a9, pf=0x10, revision=0x15
<6>[    4.869608] microcode: CPU2 sig=0x306a9, pf=0x10, revision=0x15
<6>[    4.869618] microcode: CPU3 sig=0x306a9, pf=0x10, revision=0x15
<6>[    4.869682] microcode: Microcode Update Driver: v2.00 <tigran@aivazian.fsnet.co.uk>, Peter Oruba
<6>[    4.869783] Scanning for low memory corruption every 60 seconds
<6>[    4.870165] futex hash table entries: 1024 (order: 4, 65536 bytes)
<5>[    4.870189] Initialise system trusted keyring
<6>[    4.870215] audit: initializing netlink subsys (disabled)
<5>[    4.870231] audit: type=2000 audit(1455839136.204:1): initialized
<6>[    4.870693] HugeTLB registered 2 MB page size, pre-allocated 0 pages
<6>[    4.872540] zpool: loaded
<6>[    4.872543] zbud: loaded
<5>[    4.872776] VFS: Disk quotas dquot_6.6.0
<6>[    4.872819] VFS: Dquot-cache hash table entries: 512 (order 0, 4096 bytes)
<6>[    4.873421] fuse init (API version 7.23)
<5>[    4.873585] Key type big_key registered
<5>[    4.873994] Key type asymmetric registered
<5>[    4.873998] Asymmetric key parser 'x509' registered
<6>[    4.874015] Block layer SCSI generic (bsg) driver version 0.4 loaded (major 249)
<6>[    4.874058] io scheduler noop registered
<6>[    4.874062] io scheduler deadline registered (default)
<6>[    4.874100] io scheduler cfq registered
<6>[    4.874667] pci_hotplug: PCI Hot Plug PCI Core version: 0.5
<6>[    4.874678] pciehp: PCI Express Hot Plug Controller Driver version: 0.4
<6>[    4.874726] efifb: probing for efifb
<6>[    4.874742] efifb: framebuffer at 0xe0000000, mapped to 0xffffc90000800000, using 1920k, total 1920k
<6>[    4.874744] efifb: mode is 800x600x32, linelength=3200, pages=1
<6>[    4.874745] efifb: scrolling: redraw
<6>[    4.874747] efifb: Truecolor: size=8:8:8:8, shift=24:16:8:0
<6>[    4.876360] Console: switching to colour frame buffer device 100x37
<6>[    4.877833] fb0: EFI VGA frame buffer device
<7>[    4.877847] intel_idle: MWAIT substates: 0x21120
<7>[    4.877849] intel_idle: v0.4 model 0x3A
<7>[    4.877850] intel_idle: lapic_timer_reliable_states 0xffffffff
<6>[    4.878147] ACPI: AC Adapter [AC0] (on-line)
<6>[    4.878226] input: Lid Switch as /devices/LNXSYSTM:00/LNXSYBUS:00/PNP0C0D:00/input/input0
<6>[    4.900058] ACPI: Lid Switch [LID]
<6>[    4.900110] input: Sleep Button as /devices/LNXSYSTM:00/LNXSYBUS:00/PNP0C0E:00/input/input1
<6>[    4.900114] ACPI: Sleep Button [SLPB]
<6>[    4.900156] input: Power Button as /devices/LNXSYSTM:00/LNXPWRBN:00/input/input2
<6>[    4.900159] ACPI: Power Button [PWRF]
<6>[    4.901178] thermal LNXTHERM:00: registered as thermal_zone0
<6>[    4.901181] ACPI: Thermal Zone [THRM] (51 C)
<6>[    4.901221] GHES: HEST is not enabled!
<6>[    4.901353] Serial: 8250/16550 driver, 32 ports, IRQ sharing enabled
<6>[    4.903814] Linux agpgart interface v0.103
<6>[    4.907097] brd: module loaded
<6>[    4.908146] loop: module loaded
<6>[    4.908391] libphy: Fixed MDIO Bus: probed
<6>[    4.908396] tun: Universal TUN/TAP device driver, 1.6
<6>[    4.908397] tun: (C) 1999-2004 Max Krasnyansky <maxk@qualcomm.com>
<6>[    4.908450] PPP generic driver version 2.4.2
<6>[    4.908667] xhci_hcd 0000:00:14.0: xHCI Host Controller
<6>[    4.908675] xhci_hcd 0000:00:14.0: new USB bus registered, assigned bus number 1
<6>[    4.908775] xhci_hcd 0000:00:14.0: hcc params 0x20007181 hci version 0x100 quirks 0x0000b930
<7>[    4.908784] xhci_hcd 0000:00:14.0: cache line size of 64 is not supported
<6>[    4.908887] usb usb1: New USB device found, idVendor=1d6b, idProduct=0002
<6>[    4.908889] usb usb1: New USB device strings: Mfr=3, Product=2, SerialNumber=1
<6>[    4.908892] usb usb1: Product: xHCI Host Controller
<6>[    4.908894] usb usb1: Manufacturer: Linux 4.2.0-18-generic xhci-hcd
<6>[    4.908895] usb usb1: SerialNumber: 0000:00:14.0
<6>[    4.909020] hub 1-0:1.0: USB hub found
<6>[    4.909031] hub 1-0:1.0: 4 ports detected
<6>[    4.909161] xhci_hcd 0000:00:14.0: xHCI Host Controller
<6>[    4.909165] xhci_hcd 0000:00:14.0: new USB bus registered, assigned bus number 2
<6>[    4.909205] usb usb2: New USB device found, idVendor=1d6b, idProduct=0003
<6>[    4.909207] usb usb2: New USB device strings: Mfr=3, Product=2, SerialNumber=1
<6>[    4.909209] usb usb2: Product: xHCI Host Controller
<6>[    4.909211] usb usb2: Manufacturer: Linux 4.2.0-18-generic xhci-hcd
<6>[    4.909213] usb usb2: SerialNumber: 0000:00:14.0
<6>[    4.909320] hub 2-0:1.0: USB hub found
<6>[    4.909330] hub 2-0:1.0: 4 ports detected
<6>[    4.909582] ehci_hcd: USB 2.0 'Enhanced' Host Controller (EHCI) Driver
<6>[    4.909623] ehci-pci: EHCI PCI platform driver
<6>[    4.909858] ehci-pci 0000:00:1a.0: EHCI Host Controller
<6>[    4.909869] ehci-pci 0000:00:1a.0: new USB bus registered, assigned bus number 3
<6>[    4.909886] ehci-pci 0000:00:1a.0: debug port 2
<7>[    4.913800] ehci-pci 0000:00:1a.0: cache line size of 64 is not supported
<6>[    4.913831] ehci-pci 0000:00:1a.0: irq 16, io mem 0xf7e20000
<6>[    4.923992] ehci-pci 0000:00:1a.0: USB 2.0 started, EHCI 1.00
<6>[    4.924042] usb usb3: New USB device found, idVendor=1d6b, idProduct=0002
<6>[    4.924045] usb usb3: New USB device strings: Mfr=3, Product=2, SerialNumber=1
<6>[    4.924047] usb usb3: Product: EHCI Host Controller
<6>[    4.924049] usb usb3: Manufacturer: Linux 4.2.0-18-generic ehci_hcd
<6>[    4.924051] usb usb3: SerialNumber: 0000:00:1a.0
<6>[    4.924238] hub 3-0:1.0: USB hub found
<6>[    4.924245] hub 3-0:1.0: 2 ports detected
<6>[    4.924477] ehci-pci 0000:00:1d.0: EHCI Host Controller
<6>[    4.924484] ehci-pci 0000:00:1d.0: new USB bus registered, assigned bus number 4
<6>[    4.924498] ehci-pci 0000:00:1d.0: debug port 2
<7>[    4.928414] ehci-pci 0000:00:1d.0: cache line size of 64 is not supported
<6>[    4.928429] ehci-pci 0000:00:1d.0: irq 23, io mem 0xf7e1f000
<6>[    4.940023] ehci-pci 0000:00:1d.0: USB 2.0 started, EHCI 1.00
<6>[    4.940078] usb usb4: New USB device found, idVendor=1d6b, idProduct=0002
<6>[    4.940081] usb usb4: New USB device strings: Mfr=3, Product=2, SerialNumber=1
<6>[    4.940083] usb usb4: Product: EHCI Host Controller
<6>[    4.940085] usb usb4: Manufacturer: Linux 4.2.0-18-generic ehci_hcd
<6>[    4.940087] usb usb4: SerialNumber: 0000:00:1d.0
<6>[    4.940308] hub 4-0:1.0: USB hub found
<6>[    4.940318] hub 4-0:1.0: 2 ports detected
<6>[    4.940435] ehci-platform: EHCI generic platform driver
<6>[    4.940449] ohci_hcd: USB 1.1 'Open' Host Controller (OHCI) Driver
<6>[    4.940456] ohci-pci: OHCI PCI platform driver
<6>[    4.940469] ohci-platform: OHCI generic platform driver
<6>[    4.940482] uhci_hcd: USB Universal Host Controller Interface driver
<6>[    4.940553] i8042: PNP: PS/2 Controller [PNP030b:PS2K,PNP0f03:PS2M] at 0x60,0x64 irq 1,12
<6>[    4.942322] i8042: Detected active multiplexing controller, rev 1.1
<6>[    4.956862] serio: i8042 KBD port at 0x60,0x64 irq 1
<6>[    4.956867] serio: i8042 AUX0 port at 0x60,0x64 irq 12
<6>[    4.956907] serio: i8042 AUX1 port at 0x60,0x64 irq 12
<6>[    4.956939] serio: i8042 AUX2 port at 0x60,0x64 irq 12
<6>[    4.956970] serio: i8042 AUX3 port at 0x60,0x64 irq 12
<6>[    4.957265] mousedev: PS/2 mouse device common for all mice
<6>[    4.957774] rtc_cmos 00:02: RTC can wake from S4
<6>[    4.957987] rtc_cmos 00:02: rtc core: registered rtc_cmos as rtc0
<6>[    4.958019] rtc_cmos 00:02: alarms up to one month, y3k, 242 bytes nvram, hpet irqs
<6>[    4.958031] i2c /dev entries driver
<6>[    4.958127] device-mapper: uevent: version 1.0.3
<6>[    4.958260] device-mapper: ioctl: 4.33.0-ioctl (2015-8-18) initialised: dm-devel@redhat.com
<6>[    4.958285] Intel P-state driver initializing.
<6>[    4.958488] ledtrig-cpu: registered to indicate activity on CPUs
<6>[    4.958499] EFI Variables Facility v0.08 2004-May-17
<4>[    4.964333] PCCT header not found.
<6>[    4.964914] NET: Registered protocol family 10
<6>[    4.965354] NET: Registered protocol family 17
<5>[    4.965423] Key type dns_resolver registered
<5>[    4.966446] Loading compiled-in X.509 certificates
<5>[    4.968456] Loaded X.509 cert 'Build time autogenerated kernel key: 714df7ce1739f2da38b31837ada06c6e4fb64084'
<6>[    4.968472] registered taskstats version 1
<6>[    4.968501] zswap: loading zswap
<6>[    4.968503] zswap: using zbud pool
<6>[    4.968508] zswap: using lzo compressor
<5>[    4.970764] Key type trusted registered
<5>[    4.974388] Key type encrypted registered
<6>[    4.974396] AppArmor: AppArmor sha1 policy hashing enabled
<6>[    4.974400] ima: No TPM chip found, activating TPM-bypass!
<6>[    4.974421] evm: HMAC attrs: 0x1
<6>[    4.974783]   Magic number: 4:6:808
<6>[    4.974895] rtc_cmos 00:02: setting system clock to 2016-02-18 23:45:37 UTC (1455839137)
<6>[    4.974982] BIOS EDD facility v0.16 2004-Jun-25, 0 devices found
<6>[    4.974983] EDD information not available.
<6>[    5.004673] ACPI: Battery Slot [BAT0] (battery present)
<6>[    5.014316] input: AT Translated Set 2 keyboard as /devices/platform/i8042/serio0/input/input3
<6>[    5.219937] usb 1-1: new high-speed USB device number 2 using xhci_hcd
<6>[    5.235929] usb 3-1: new high-speed USB device number 2 using ehci-pci
<6>[    5.251924] usb 4-1: new high-speed USB device number 2 using ehci-pci
<6>[    5.348658] usb 1-1: New USB device found, idVendor=0781, idProduct=5575
<6>[    5.348661] usb 1-1: New USB device strings: Mfr=1, Product=2, SerialNumber=3
<6>[    5.348664] usb 1-1: Product: Cruzer Glide
<6>[    5.348666] usb 1-1: Manufacturer: SanDisk
<6>[    5.348668] usb 1-1: SerialNumber: 4C530300821116101093
<6>[    5.368566] usb 3-1: New USB device found, idVendor=8087, idProduct=0024
<6>[    5.368570] usb 3-1: New USB device strings: Mfr=0, Product=0, SerialNumber=0
<6>[    5.368984] hub 3-1:1.0: USB hub found
<6>[    5.369190] hub 3-1:1.0: 6 ports detected
<6>[    5.384441] usb 4-1: New USB device found, idVendor=8087, idProduct=0024
<6>[    5.384445] usb 4-1: New USB device strings: Mfr=0, Product=0, SerialNumber=0
<6>[    5.384854] hub 4-1:1.0: USB hub found
<6>[    5.385060] hub 4-1:1.0: 6 ports detected
<6>[    5.515841] usb 1-3: new full-speed USB device number 3 using xhci_hcd
<6>[    5.639801] usb 3-1.1: new full-speed USB device number 3 using ehci-pci
<6>[    5.646424] usb 1-3: New USB device found, idVendor=046d, idProduct=c52f
<6>[    5.646428] usb 1-3: New USB device strings: Mfr=1, Product=2, SerialNumber=0
<6>[    5.646431] usb 1-3: Product: USB Receiver
<6>[    5.646432] usb 1-3: Manufacturer: Logitech
<6>[    5.733928] usb 3-1.1: New USB device found, idVendor=13d3, idProduct=3362
<6>[    5.733932] usb 3-1.1: New USB device strings: Mfr=1, Product=2, SerialNumber=3
<6>[    5.733935] usb 3-1.1: Product: Bluetooth USB Host Controller
<6>[    5.733936] usb 3-1.1: Manufacturer: Atheros Communications
<6>[    5.733938] usb 3-1.1: SerialNumber: Alaska Day 2006
<6>[    5.803749] usb 3-1.2: new high-speed USB device number 4 using ehci-pci
<6>[    5.867734] tsc: Refined TSC clocksource calibration: 1795.920 MHz
<6>[    5.867739] clocksource: tsc: mask: 0xffffffffffffffff max_cycles: 0x19e31b7216c, max_idle_ns: 440795249889 ns
<6>[    5.998341] usb 3-1.2: New USB device found, idVendor=13d3, idProduct=5165
<6>[    5.998345] usb 3-1.2: New USB device strings: Mfr=3, Product=1, SerialNumber=2
<6>[    5.998347] usb 3-1.2: Product: USB Camera
<6>[    5.998349] usb 3-1.2: Manufacturer: Azurewave
<6>[    5.998350] usb 3-1.2: SerialNumber: NULL
<6>[    6.867607] clocksource: Switched to clocksource tsc
<7>[   17.016191] PM: Hibernation image not present or could not be loaded.
<6>[   17.016582] Freeing unused kernel memory: 1464K (ffffffff81d38000 - ffffffff81ea6000)
<6>[   17.016584] Write protecting the kernel read-only data: 12288k
<6>[   17.016869] Freeing unused kernel memory: 248K (ffff8800017c2000 - ffff880001800000)
<6>[   17.016956] Freeing unused kernel memory: 284K (ffff880001bb9000 - ffff880001c00000)
<30>[   17.030970] systemd-udevd[124]: starting version 204
<6>[   17.055183] wmi: Mapper loaded
<6>[   17.062299] usb-storage 1-1:1.0: USB Mass Storage device detected
<6>[   17.063366] hidraw: raw HID events driver (C) Jiri Kosina
<6>[   17.064231] scsi host0: usb-storage 1-1:1.0
<6>[   17.064417] usbcore: registered new interface driver usb-storage
<6>[   17.064421] [drm] Initialized drm 1.1.0 20060810
<6>[   17.067094] usbcore: registered new interface driver uas
<6>[   17.070023] usbcore: registered new interface driver usbhid
<6>[   17.070027] usbhid: USB HID core driver
<6>[   17.073229] rtsx_pci 0000:03:00.0: rtsx_pci_acquire_irq: pcr->msi_en = 1, pci->irq = 25
<6>[   17.075418] r8169 Gigabit Ethernet driver 2.3LK-NAPI loaded
<4>[   17.075434] r8169 0000:03:00.2: can't disable ASPM; OS doesn't have ASPM control
<6>[   17.076335] r8169 0000:03:00.2 eth0: RTL8411 at 0xffffc90000662000, 50:46:5d:ed:3f:d4, XID 08800800 IRQ 26
<6>[   17.076340] r8169 0000:03:00.2 eth0: jumbo features [frames: 9200 bytes, tx checksumming: ko]
<7>[   17.081882] ahci 0000:00:1f.2: version 3.0
<6>[   17.096171] ahci 0000:00:1f.2: AHCI 0001.0300 32 slots 6 ports 6 Gbps 0x7 impl SATA mode
<6>[   17.096178] ahci 0000:00:1f.2: flags: 64bit ncq pm led clo pio slum part ems apst 
<6>[   17.112798] scsi host1: ahci
<6>[   17.112915] scsi host2: ahci
<6>[   17.113019] scsi host3: ahci
<6>[   17.114764] input: Logitech USB Receiver as /devices/pci0000:00/0000:00:14.0/usb1/1-3/1-3:1.0/0003:046D:C52F.0001/input/input11
<6>[   17.114843] scsi host4: ahci
<6>[   17.114981] hid-generic 0003:046D:C52F.0001: input,hidraw0: USB HID v1.11 Mouse [Logitech USB Receiver] on usb-0000:00:14.0-3/input0
<6>[   17.115348] scsi host5: ahci
<6>[   17.115527] scsi host6: ahci
<6>[   17.115656] ata1: SATA max UDMA/133 abar m2048@0xf7e1e000 port 0xf7e1e100 irq 27
<6>[   17.115662] ata2: SATA max UDMA/133 abar m2048@0xf7e1e000 port 0xf7e1e180 irq 27
<6>[   17.115677] ata3: SATA max UDMA/133 abar m2048@0xf7e1e000 port 0xf7e1e200 irq 27
<6>[   17.115680] ata4: DUMMY
<6>[   17.115682] ata5: DUMMY
<6>[   17.115684] ata6: DUMMY
<6>[   17.115998] input: Logitech USB Receiver as /devices/pci0000:00/0000:00:14.0/usb1/1-3/1-3:1.1/0003:046D:C52F.0002/input/input13
<6>[   17.116786] [drm] Memory usable by graphics device = 2048M
<7>[   17.116791] checking generic (e0000000 1e0000) vs hw (e0000000 10000000)
<6>[   17.116793] fb: switching to inteldrmfb from EFI VGA
<6>[   17.116821] Console: switching to colour dummy device 80x25
<6>[   17.116898] [drm] Replacing VGA console driver
<6>[   17.123911] [drm] Supports vblank timestamp caching Rev 2 (21.10.2013).
<6>[   17.123913] [drm] Driver supports precise vblank timestamp query.
<6>[   17.123994] vgaarb: device changed decodes: PCI:0000:00:02.0,olddecodes=io+mem,decodes=io+mem:owns=io+mem
<6>[   17.145424] ACPI: Video Device [GFX0] (multi-head: yes  rom: no  post: no)
<6>[   17.149577] input: Video Bus as /devices/LNXSYSTM:00/LNXSYBUS:00/PNP0A08:00/LNXVIDEO:00/input/input14
<6>[   17.156792] fbcon: inteldrmfb (fb0) is primary device
<6>[   17.168366] [drm] Initialized i915 1.6.0 20150522 for 0000:00:02.0 on minor 0
<6>[   17.168487] hid-generic 0003:046D:C52F.0002: input,hiddev0,hidraw1: USB HID v1.11 Device [Logitech USB Receiver] on usb-0000:00:14.0-3/input1
<6>[   17.432058] ata1: SATA link up 6.0 Gbps (SStatus 133 SControl 300)
<6>[   17.436063] ata3: SATA link up 1.5 Gbps (SStatus 113 SControl 300)
<6>[   17.436083] ata2: SATA link up 6.0 Gbps (SStatus 133 SControl 300)
<6>[   17.436473] ata2.00: ACPI cmd f5/00:00:00:00:00:a0 (SECURITY FREEZE LOCK) filtered out
<7>[   17.436596] ata2.00: ACPI cmd ef/10:06:00:00:00:a0 (SET FEATURES) succeeded
<6>[   17.436598] ata2.00: ACPI cmd ef/10:03:00:00:00:a0 (SET FEATURES) filtered out
<6>[   17.437161] ata2.00: ATA-9: SanDisk SSD i100 24GB, 11.50.02, max UDMA/133
<6>[   17.437163] ata2.00: 46905264 sectors, multi 1: LBA48 NCQ (depth 31/32)
<6>[   17.437650] ata2.00: ACPI cmd f5/00:00:00:00:00:a0 (SECURITY FREEZE LOCK) filtered out
<7>[   17.437782] ata2.00: ACPI cmd ef/10:06:00:00:00:a0 (SET FEATURES) succeeded
<6>[   17.437784] ata2.00: ACPI cmd ef/10:03:00:00:00:a0 (SET FEATURES) filtered out
<6>[   17.438181] ata2.00: configured for UDMA/133
<7>[   17.439043] ata3.00: ACPI cmd ef/10:06:00:00:00:a0 (SET FEATURES) succeeded
<6>[   17.439047] ata3.00: ACPI cmd ef/10:03:00:00:00:a0 (SET FEATURES) filtered out
<6>[   17.440028] ata3.00: ATAPI: MATSHITADVD-RAM UJ8C2 S, 1.00, max UDMA/133
<7>[   17.442807] ata3.00: ACPI cmd ef/10:06:00:00:00:a0 (SET FEATURES) succeeded
<6>[   17.442810] ata3.00: ACPI cmd ef/10:03:00:00:00:a0 (SET FEATURES) filtered out
<6>[   17.443910] ata3.00: configured for UDMA/133
<6>[   17.456421] ata1.00: ACPI cmd f5/00:00:00:00:00:a0 (SECURITY FREEZE LOCK) filtered out
<7>[   17.456749] ata1.00: ACPI cmd ef/10:06:00:00:00:a0 (SET FEATURES) succeeded
<6>[   17.456752] ata1.00: ACPI cmd ef/10:03:00:00:00:a0 (SET FEATURES) filtered out
<6>[   17.458264] ata1.00: ATA-8: TOSHIBA MQ01ABD050, AX002J, max UDMA/100
<6>[   17.458265] ata1.00: 976773168 sectors, multi 16: LBA48 NCQ (depth 31/32), AA
<6>[   17.459620] ata1.00: ACPI cmd f5/00:00:00:00:00:a0 (SECURITY FREEZE LOCK) filtered out
<7>[   17.459939] ata1.00: ACPI cmd ef/10:06:00:00:00:a0 (SET FEATURES) succeeded
<6>[   17.459943] ata1.00: ACPI cmd ef/10:03:00:00:00:a0 (SET FEATURES) filtered out
<6>[   17.461459] ata1.00: configured for UDMA/100
<5>[   17.461661] scsi 1:0:0:0: Direct-Access     ATA      TOSHIBA MQ01ABD0 2J   PQ: 0 ANSI: 5
<5>[   17.461943] sd 1:0:0:0: [sda] 976773168 512-byte logical blocks: (500 GB/465 GiB)
<5>[   17.461946] sd 1:0:0:0: [sda] 4096-byte physical blocks
<5>[   17.461988] sd 1:0:0:0: Attached scsi generic sg0 type 0
<5>[   17.462030] sd 1:0:0:0: [sda] Write Protect is off
<7>[   17.462033] sd 1:0:0:0: [sda] Mode Sense: 00 3a 00 00
<5>[   17.462062] sd 1:0:0:0: [sda] Write cache: enabled, read cache: enabled, doesn't support DPO or FUA
<5>[   17.462156] scsi 2:0:0:0: Direct-Access     ATA      SanDisk SSD i100 0.02 PQ: 0 ANSI: 5
<5>[   17.462342] sd 2:0:0:0: [sdb] 46905264 512-byte logical blocks: (24.0 GB/22.3 GiB)
<5>[   17.462373] sd 2:0:0:0: Attached scsi generic sg1 type 0
<5>[   17.462521] sd 2:0:0:0: [sdb] Write Protect is off
<7>[   17.462523] sd 2:0:0:0: [sdb] Mode Sense: 00 3a 00 00
<5>[   17.462552] sd 2:0:0:0: [sdb] Write cache: enabled, read cache: enabled, doesn't support DPO or FUA
<5>[   17.463700] scsi 3:0:0:0: CD-ROM            MATSHITA DVD-RAM UJ8C2 S  1.00 PQ: 0 ANSI: 5
<6>[   17.465628]  sdb: sdb1 sdb2
<5>[   17.465934] sd 2:0:0:0: [sdb] Attached SCSI disk
<6>[   17.482538] sr 3:0:0:0: [sr0] scsi3-mmc drive: 24x/24x writer dvd-ram cd/rw xa/form2 cdda tray
<6>[   17.482539] cdrom: Uniform CD-ROM driver Revision: 3.20
<7>[   17.482738] sr 3:0:0:0: Attached scsi CD-ROM sr0
<5>[   17.482849] sr 3:0:0:0: Attached scsi generic sg2 type 5
<6>[   17.498183]  sda: sda1 sda2 sda3 sda4 sda5 sda6 sda7
<5>[   17.498724] sd 1:0:0:0: [sda] Attached SCSI disk
<6>[   17.968749] Console: switching to colour frame buffer device 170x48
<6>[   17.972456] i915 0000:00:02.0: fb0: inteldrmfb frame buffer device
<6>[   17.972459] i915 0000:00:02.0: registered panic notifier
<6>[   17.998815] psmouse serio4: elantech: assuming hardware version 4 (with firmware version 0x361f03)
<6>[   18.013426] psmouse serio4: elantech: Synaptics capabilities query result 0x10, 0x14, 0x0e.
<6>[   18.029031] psmouse serio4: elantech: Elan sample query result 05, 24, 64
<5>[   18.064232] scsi 0:0:0:0: Direct-Access     SanDisk  Cruzer Glide     1.26 PQ: 0 ANSI: 6
<5>[   18.064566] sd 0:0:0:0: Attached scsi generic sg3 type 0
<5>[   18.064752] sd 0:0:0:0: [sdc] 15633408 512-byte logical blocks: (8.00 GB/7.45 GiB)
<5>[   18.064998] sd 0:0:0:0: [sdc] Write Protect is off
<7>[   18.065005] sd 0:0:0:0: [sdc] Mode Sense: 43 00 00 00
<5>[   18.065264] sd 0:0:0:0: [sdc] Write cache: disabled, read cache: enabled, doesn't support DPO or FUA
<6>[   18.066623]  sdc: sdc1
<5>[   18.067486] sd 0:0:0:0: [sdc] Attached SCSI disk
<6>[   18.096817] input: ETPS/2 Elantech Touchpad as /devices/platform/i8042/serio4/input/input12
<5>[   18.824400] random: nonblocking pool is initialized
<4>[   20.216109] FAT-fs (sda1): Volume was not properly unmounted. Some data may be corrupt. Please run fsck.
<4>[   20.589948] FAT-fs (sdc1): Volume was not properly unmounted. Some data may be corrupt. Please run fsck.
<6>[   20.630538] EXT4-fs (loop0): mounting ext3 file system using the ext4 subsystem
<4>[   20.718587] EXT4-fs (loop0): warning: checktime reached, running e2fsck is recommended
<6>[   20.718747] EXT4-fs (loop0): recovery complete
<6>[   20.722413] EXT4-fs (loop0): mounted filesystem with ordered data mode. Opts: (null)
<6>[   20.769813] squashfs: version 4.0 (2009/01/31) Phillip Lougher
<4>[   21.189355] FAT-fs (sda1): Volume was not properly unmounted. Some data may be corrupt. Please run fsck.
<4>[   22.504449] FAT-fs (sda1): Volume was not properly unmounted. Some data may be corrupt. Please run fsck.
<4>[   23.793050] FAT-fs (sda1): Volume was not properly unmounted. Some data may be corrupt. Please run fsck.
<30>[   28.305959] systemd-udevd[2346]: starting version 204
<4>[   28.461984] ACPI Warning: SystemIO range 0x0000000000000428-0x000000000000042F conflicts with OpRegion 0x0000000000000400-0x000000000000044F (\GPIS) (20150619/utaddress-254)
<4>[   28.461994] ACPI Warning: SystemIO range 0x0000000000000428-0x000000000000042F conflicts with OpRegion 0x0000000000000400-0x000000000000047F (\PMIO) (20150619/utaddress-254)
<6>[   28.462002] ACPI: If an ACPI driver is available for this device, you should use it instead of the native driver
<4>[   28.462007] ACPI Warning: SystemIO range 0x0000000000000540-0x000000000000054F conflicts with OpRegion 0x0000000000000500-0x000000000000057F (\GPIO) (20150619/utaddress-254)
<4>[   28.462013] ACPI Warning: SystemIO range 0x0000000000000540-0x000000000000054F conflicts with OpRegion 0x0000000000000500-0x0000000000000563 (\GP01) (20150619/utaddress-254)
<6>[   28.462020] ACPI: If an ACPI driver is available for this device, you should use it instead of the native driver
<4>[   28.462022] ACPI Warning: SystemIO range 0x0000000000000530-0x000000000000053F conflicts with OpRegion 0x0000000000000500-0x000000000000057F (\GPIO) (20150619/utaddress-254)
<4>[   28.462028] ACPI Warning: SystemIO range 0x0000000000000530-0x000000000000053F conflicts with OpRegion 0x0000000000000500-0x0000000000000563 (\GP01) (20150619/utaddress-254)
<6>[   28.462034] ACPI: If an ACPI driver is available for this device, you should use it instead of the native driver
<4>[   28.462037] ACPI Warning: SystemIO range 0x0000000000000500-0x000000000000052F conflicts with OpRegion 0x0000000000000500-0x000000000000057F (\GPIO) (20150619/utaddress-254)
<4>[   28.462042] ACPI Warning: SystemIO range 0x0000000000000500-0x000000000000052F conflicts with OpRegion 0x0000000000000500-0x0000000000000563 (\GP01) (20150619/utaddress-254)
<6>[   28.462049] ACPI: If an ACPI driver is available for this device, you should use it instead of the native driver
<4>[   28.462051] lpc_ich: Resource conflict(s) found affecting gpio_ich
<6>[   28.468681] shpchp: Standard Hot Plug PCI Controller Driver version: 0.4
<6>[   28.561934] media: Linux media interface: v0.10
<6>[   28.586481] Bluetooth: Core ver 2.20
<6>[   28.586506] NET: Registered protocol family 31
<6>[   28.586509] Bluetooth: HCI device and connection manager initialized
<6>[   28.586514] Bluetooth: HCI socket layer initialized
<6>[   28.586518] Bluetooth: L2CAP socket layer initialized
<6>[   28.586527] Bluetooth: SCO socket layer initialized
<6>[   28.607591] Linux video capture interface: v2.00
<6>[   28.658145] r8169 0000:03:00.2 eth10: renamed from eth0
<6>[   28.664753] usbcore: registered new interface driver btusb
<30>[   28.688568] systemd-udevd[2385]: renamed network interface eth0 to eth10
<4>[   28.704453] usb 3-1.1: Direct firmware load for ar3k/AthrBT_0x01020200.dfu failed with error -2
<3>[   28.704459] Bluetooth: Patch file not found ar3k/AthrBT_0x01020200.dfu
<3>[   28.704461] Bluetooth: Loading patch file failed
<4>[   28.704470] ath3k: probe of 3-1.1:1.0 failed with error -2
<6>[   28.704561] usbcore: registered new interface driver ath3k
<6>[   28.728480] uvcvideo: Found UVC 1.00 device USB Camera (13d3:5165)
<6>[   28.743803] input: USB Camera as /devices/pci0000:00/0000:00:1a.0/usb3/3-1/3-1.2/3-1.2:1.0/input/input15
<6>[   28.743943] usbcore: registered new interface driver uvcvideo
<6>[   28.743947] USB Video Class driver (1.1.1)
<6>[   28.812076] snd_hda_codec_realtek hdaudioC0D0: autoconfig for ALC270: line_outs=1 (0x14/0x0/0x0/0x0/0x0) type:speaker
<6>[   28.812083] snd_hda_codec_realtek hdaudioC0D0:    speaker_outs=0 (0x0/0x0/0x0/0x0/0x0)
<6>[   28.812088] snd_hda_codec_realtek hdaudioC0D0:    hp_outs=1 (0x21/0x0/0x0/0x0/0x0)
<6>[   28.812091] snd_hda_codec_realtek hdaudioC0D0:    mono: mono_out=0x0
<6>[   28.812094] snd_hda_codec_realtek hdaudioC0D0:    inputs:
<6>[   28.812098] snd_hda_codec_realtek hdaudioC0D0:      Mic=0x19
<6>[   28.849111] asus_wmi: ASUS WMI generic driver loaded
<6>[   28.853254] asus_wmi: Initialization: 0x1
<6>[   28.853321] asus_wmi: BIOS WMI version: 7.9
<6>[   28.853397] asus_wmi: SFUN value: 0x4a0877
<6>[   28.855095] input: Asus WMI hotkeys as /devices/platform/asus-nb-wmi/input/input17
<6>[   28.865028] input: HDA Intel PCH Headphone as /devices/pci0000:00/0000:00:1b.0/sound/card0/input16
<6>[   28.865323] input: HDA Intel PCH HDMI/DP,pcm=3 as /devices/pci0000:00/0000:00:1b.0/sound/card0/input18
<6>[   28.897807] ath: phy0: Disable PLL PowerSave
<12>[   28.901173] init: failsafe main process (2467) killed by TERM signal
<6>[   28.910599] intel_rapl: Found RAPL domain package
<6>[   28.910604] intel_rapl: Found RAPL domain core
<6>[   28.910607] intel_rapl: Found RAPL domain uncore
<6>[   28.924211] asus_wmi: Number of fans: 1
<6>[   28.933630] ath: phy0: ASPM enabled: 0x42
<7>[   28.933637] ath: EEPROM regdomain: 0x60
<7>[   28.933639] ath: EEPROM indicates we should expect a direct regpair map
<7>[   28.933642] ath: Country alpha2 being used: 00
<7>[   28.933644] ath: Regpair used: 0x60
<7>[   28.964668] ieee80211 phy0: Selected rate control algorithm 'minstrel_ht'
<6>[   28.965198] ieee80211 phy0: Atheros AR9485 Rev:1 mem=0xffffc90000b00000, irq=17
<6>[   29.033124] ath9k 0000:02:00.0 wlan4: renamed from wlan0
<30>[   29.069502] systemd-udevd[2377]: renamed network interface wlan0 to wlan4
<6>[   29.085393] cfg80211: World regulatory domain updated:
<6>[   29.085398] cfg80211:  DFS Master region: unset
<6>[   29.085400] cfg80211:   (start_freq - end_freq @ bandwidth), (max_antenna_gain, max_eirp), (dfs_cac_time)
<6>[   29.085404] cfg80211:   (2402000 KHz - 2472000 KHz @ 40000 KHz), (300 mBi, 2000 mBm), (N/A)
<6>[   29.085407] cfg80211:   (2457000 KHz - 2482000 KHz @ 40000 KHz), (300 mBi, 2000 mBm), (N/A)
<6>[   29.085411] cfg80211:   (2474000 KHz - 2494000 KHz @ 20000 KHz), (300 mBi, 2000 mBm), (N/A)
<6>[   29.085414] cfg80211:   (5170000 KHz - 5250000 KHz @ 40000 KHz), (300 mBi, 2000 mBm), (N/A)
<6>[   29.085417] cfg80211:   (5735000 KHz - 5835000 KHz @ 40000 KHz), (300 mBi, 2000 mBm), (N/A)
<12>[   29.158167] init: ttyS0 main process (2680) terminated with status 1
<12>[   29.158184] init: ttyS0 main process ended, respawning
<12>[   29.178477] init: ttyS0 main process (2710) terminated with status 1
<12>[   29.178492] init: ttyS0 main process ended, respawning
<12>[   29.186322] init: ttyS0 main process (2717) terminated with status 1
<12>[   29.186341] init: ttyS0 main process ended, respawning
<12>[   29.187097] init: plymouth-upstart-bridge main process ended, respawning
<12>[   29.199221] init: ttyS0 main process (2723) terminated with status 1
<12>[   29.199235] init: ttyS0 main process ended, respawning
<12>[   29.199499] init: plymouth-upstart-bridge main process (2726) terminated with status 1
<12>[   29.199511] init: plymouth-upstart-bridge main process ended, respawning
<12>[   29.213952] init: ttyS0 main process (2730) terminated with status 1
<12>[   29.213966] init: ttyS0 main process ended, respawning
<12>[   29.223349] init: ttyS0 main process (2743) terminated with status 1
<12>[   29.223367] init: ttyS0 main process ended, respawning
<12>[   29.228702] init: ttyS0 main process (2745) terminated with status 1
<12>[   29.228720] init: ttyS0 main process ended, respawning
<12>[   29.234316] init: ttyS0 main process (2747) terminated with status 1
<12>[   29.234335] init: ttyS0 main process ended, respawning
<12>[   29.239766] init: ttyS0 main process (2749) terminated with status 1
<12>[   29.239778] init: ttyS0 main process ended, respawning
<12>[   29.245438] init: ttyS0 main process (2751) terminated with status 1
<12>[   29.245451] init: ttyS0 main process ended, respawning
<12>[   29.250366] init: ttyS0 main process (2753) terminated with status 1
<12>[   29.250379] init: ttyS0 respawning too fast, stopped
<5>[   33.599248] efi_runtime: module verification failed: signature and/or required key missing - tainting kernel
<6>[   33.599488] EFI_RUNTIME Driver v0.1
<6>[   33.608226] EFI_RUNTIME Driver Exit.
<6>[   33.647066] EFI_RUNTIME Driver v0.1
<6>[   50.886350] EFI_RUNTIME Driver Exit.
<6>[   50.904770] EFI_RUNTIME Driver v0.1
<6>[   61.059837] EFI_RUNTIME Driver Exit.
<6>[   61.073410] EFI_RUNTIME Driver v0.1
<3>[   61.074431] efitime: can't read time
<3>[   61.074566] efitime: can't read time
<6>[   63.154177] EFI_RUNTIME Driver Exit.
