<6>[    0.000000] Initializing cgroup subsys cpuset
<6>[    0.000000] Initializing cgroup subsys cpu
<6>[    0.000000] Initializing cgroup subsys cpuacct
<5>[    0.000000] Linux version 4.2.0-18-generic (buildd@lgw01-55) (gcc version 4.8.2 (Ubuntu 4.8.2-19ubuntu1) ) #22~14.04.1-Ubuntu SMP Fri Nov 6 22:20:11 UTC 2015 (Ubuntu 4.2.0-18.22~14.04.1-generic 4.2.3)
<6>[    0.000000] Command line: BOOT_IMAGE=/casper/vmlinuz boot=casper ip=frommedia persistent noprompt splash quiet FWTS_AUTO_SHUTDOWN=1 --
<6>[    0.000000] KERNEL supported cpus:
<6>[    0.000000]   Intel GenuineIntel
<6>[    0.000000]   AMD AuthenticAMD
<6>[    0.000000]   Centaur CentaurHauls
<6>[    0.000000] x86/fpu: xstate_offset[2]: 0240, xstate_sizes[2]: 0100
<6>[    0.000000] x86/fpu: Supporting XSAVE feature 0x01: 'x87 floating point registers'
<6>[    0.000000] x86/fpu: Supporting XSAVE feature 0x02: 'SSE registers'
<6>[    0.000000] x86/fpu: Supporting XSAVE feature 0x04: 'AVX registers'
<6>[    0.000000] x86/fpu: Enabled xstate features 0x7, context size is 0x340 bytes, using 'standard' format.
<6>[    0.000000] x86/fpu: Using 'eager' FPU context switches.
<6>[    0.000000] e820: BIOS-provided physical RAM map:
<6>[    0.000000] BIOS-e820: [mem 0x0000000000000000-0x0000000000087fff] usable
<6>[    0.000000] BIOS-e820: [mem 0x0000000000088000-0x00000000000bffff] reserved
<6>[    0.000000] BIOS-e820: [mem 0x0000000000100000-0x000000001fffffff] usable
<6>[    0.000000] BIOS-e820: [mem 0x0000000020000000-0x00000000201fffff] reserved
<6>[    0.000000] BIOS-e820: [mem 0x0000000020200000-0x0000000040003fff] usable
<6>[    0.000000] BIOS-e820: [mem 0x0000000040004000-0x0000000040004fff] reserved
<6>[    0.000000] BIOS-e820: [mem 0x0000000040005000-0x00000000a0baffff] usable
<6>[    0.000000] BIOS-e820: [mem 0x00000000a0bb0000-0x00000000a13affff] reserved
<6>[    0.000000] BIOS-e820: [mem 0x00000000a13b0000-0x00000000a9dbefff] usable
<6>[    0.000000] BIOS-e820: [mem 0x00000000a9dbf000-0x00000000aa1befff] type 20
<6>[    0.000000] BIOS-e820: [mem 0x00000000aa1bf000-0x00000000aaebefff] reserved
<6>[    0.000000] BIOS-e820: [mem 0x00000000aaebf000-0x00000000aafbefff] ACPI NVS
<6>[    0.000000] BIOS-e820: [mem 0x00000000aafbf000-0x00000000aaffefff] ACPI data
<6>[    0.000000] BIOS-e820: [mem 0x00000000aafff000-0x00000000aaffffff] usable
<6>[    0.000000] BIOS-e820: [mem 0x00000000ab000000-0x00000000af9fffff] reserved
<6>[    0.000000] BIOS-e820: [mem 0x00000000e0000000-0x00000000efffffff] reserved
<6>[    0.000000] BIOS-e820: [mem 0x00000000feb00000-0x00000000feb03fff] reserved
<6>[    0.000000] BIOS-e820: [mem 0x00000000fec00000-0x00000000fec00fff] reserved
<6>[    0.000000] BIOS-e820: [mem 0x00000000fed10000-0x00000000fed19fff] reserved
<6>[    0.000000] BIOS-e820: [mem 0x00000000fed1c000-0x00000000fed1ffff] reserved
<6>[    0.000000] BIOS-e820: [mem 0x00000000fee00000-0x00000000fee00fff] reserved
<6>[    0.000000] BIOS-e820: [mem 0x00000000ffb80000-0x00000000ffffffff] reserved
<6>[    0.000000] BIOS-e820: [mem 0x0000000100000000-0x000000034f5fffff] usable
<6>[    0.000000] NX (Execute Disable) protection: active
<6>[    0.000000] efi: EFI v2.31 by INSYDE Corp.
<6>[    0.000000] efi:  ACPI=0xaaffe000  ACPI 2.0=0xaaffe014  SMBIOS=0xaaebef98 
<6>[    0.000000] SMBIOS 2.7 present.
<7>[    0.000000] DMI: Dell Inc. Inspiron 3521/0010T1, BIOS A12 10/25/2013
<7>[    0.000000] e820: update [mem 0x00000000-0x00000fff] usable ==> reserved
<7>[    0.000000] e820: remove [mem 0x000a0000-0x000fffff] usable
<6>[    0.000000] e820: last_pfn = 0x34f600 max_arch_pfn = 0x400000000
<7>[    0.000000] MTRR default type: uncachable
<7>[    0.000000] MTRR fixed ranges enabled:
<7>[    0.000000]   00000-9FFFF write-back
<7>[    0.000000]   A0000-BFFFF uncachable
<7>[    0.000000]   C0000-E7FFF write-protect
<7>[    0.000000]   E8000-EFFFF write-combining
<7>[    0.000000]   F0000-FFFFF write-protect
<7>[    0.000000] MTRR variable ranges enabled:
<7>[    0.000000]   0 base 000000000 mask F80000000 write-back
<7>[    0.000000]   1 base 080000000 mask FE0000000 write-back
<7>[    0.000000]   2 base 0A0000000 mask FF8000000 write-back
<7>[    0.000000]   3 base 0A8000000 mask FFE000000 write-back
<7>[    0.000000]   4 base 0AA000000 mask FFF000000 write-back
<7>[    0.000000]   5 base 0FFA00000 mask FFFE00000 write-protect
<7>[    0.000000]   6 base 0FFC00000 mask FFFC00000 write-protect
<7>[    0.000000]   7 base 100000000 mask F00000000 write-back
<7>[    0.000000]   8 base 200000000 mask E00000000 write-back
<7>[    0.000000]   9 base 34F600000 mask FFFE00000 uncachable
<6>[    0.000000] x86/PAT: Configuration [0-7]: WB  WC  UC- UC  WB  WC  UC- WT  
<6>[    0.000000] e820: last_pfn = 0xab000 max_arch_pfn = 0x400000000
<6>[    0.000000] found SMP MP-table at [mem 0x000fe1b0-0x000fe1bf] mapped at [ffff8800000fe1b0]
<6>[    0.000000] Scanning 1 areas for low memory corruption
<7>[    0.000000] Base memory trampoline at [ffff880000024000] 24000 size 24576
<6>[    0.000000] init_memory_mapping: [mem 0x00000000-0x000fffff]
<7>[    0.000000]  [mem 0x00000000-0x000fffff] page 4k
<7>[    0.000000] BRK [0x02ff2000, 0x02ff2fff] PGTABLE
<7>[    0.000000] BRK [0x02ff3000, 0x02ff3fff] PGTABLE
<7>[    0.000000] BRK [0x02ff4000, 0x02ff4fff] PGTABLE
<6>[    0.000000] init_memory_mapping: [mem 0x34f400000-0x34f5fffff]
<7>[    0.000000]  [mem 0x34f400000-0x34f5fffff] page 2M
<7>[    0.000000] BRK [0x02ff5000, 0x02ff5fff] PGTABLE
<6>[    0.000000] init_memory_mapping: [mem 0x340000000-0x34f3fffff]
<7>[    0.000000]  [mem 0x340000000-0x34f3fffff] page 2M
<6>[    0.000000] init_memory_mapping: [mem 0x320000000-0x33fffffff]
<7>[    0.000000]  [mem 0x320000000-0x33fffffff] page 2M
<7>[    0.000000] BRK [0x02ff6000, 0x02ff6fff] PGTABLE
<6>[    0.000000] init_memory_mapping: [mem 0x00100000-0x1fffffff]
<7>[    0.000000]  [mem 0x00100000-0x001fffff] page 4k
<7>[    0.000000]  [mem 0x00200000-0x1fffffff] page 2M
<6>[    0.000000] init_memory_mapping: [mem 0x20200000-0x40003fff]
<7>[    0.000000]  [mem 0x20200000-0x3fffffff] page 2M
<7>[    0.000000]  [mem 0x40000000-0x40003fff] page 4k
<7>[    0.000000] BRK [0x02ff7000, 0x02ff7fff] PGTABLE
<6>[    0.000000] init_memory_mapping: [mem 0x40005000-0xa0baffff]
<7>[    0.000000]  [mem 0x40005000-0x401fffff] page 4k
<7>[    0.000000]  [mem 0x40200000-0xa09fffff] page 2M
<7>[    0.000000]  [mem 0xa0a00000-0xa0baffff] page 4k
<6>[    0.000000] init_memory_mapping: [mem 0xa13b0000-0xa9dbefff]
<7>[    0.000000]  [mem 0xa13b0000-0xa13fffff] page 4k
<7>[    0.000000]  [mem 0xa1400000-0xa9bfffff] page 2M
<7>[    0.000000]  [mem 0xa9c00000-0xa9dbefff] page 4k
<6>[    0.000000] init_memory_mapping: [mem 0xaafff000-0xaaffffff]
<7>[    0.000000]  [mem 0xaafff000-0xaaffffff] page 4k
<6>[    0.000000] init_memory_mapping: [mem 0x100000000-0x31fffffff]
<7>[    0.000000]  [mem 0x100000000-0x31fffffff] page 2M
<6>[    0.000000] RAMDISK: [mem 0x3656c000-0x372adfff]
<6>[    0.000000] ACPI: Early table checksum verification disabled
<4>[    0.000000] ACPI: RSDP 0x00000000AAFFE014 000024 (v02 DELL  )
<4>[    0.000000] ACPI: XSDT 0x00000000AAFFE210 0000AC (v01 DELL   CL09     00000001      01000013)
<4>[    0.000000] ACPI: FACP 0x00000000AAFFA000 00010C (v05 DELL   CL09     00000001 ASL  00040000)
<4>[    0.000000] ACPI: DSDT 0x00000000AAFED000 009332 (v01 DELL   CL09     00000000 ASL  00040000)
<4>[    0.000000] ACPI: FACS 0x00000000AAFB9000 000040
<4>[    0.000000] ACPI: SLIC 0x00000000AAFFD000 000176 (v01 DELL   CL09     00000001 ASL  00040000)
<4>[    0.000000] ACPI: UEFI 0x00000000AAFFC000 000236 (v01 DELL   CL09     00000001 ASL  00040000)
<4>[    0.000000] ACPI: ASF! 0x00000000AAFFB000 0000A5 (v32 DELL   CL09     00000001 ASL  00040000)
<4>[    0.000000] ACPI: HPET 0x00000000AAFF9000 000038 (v01 DELL   CL09     00000001 ASL  00040000)
<4>[    0.000000] ACPI: APIC 0x00000000AAFF8000 00008C (v03 DELL   CL09     00000001 ASL  00040000)
<4>[    0.000000] ACPI: MCFG 0x00000000AAFF7000 00003C (v01 DELL   CL09     00000001 ASL  00040000)
<4>[    0.000000] ACPI: SLIC 0x00000000AAFEC000 000176 (v01 DELL   CL09     00000001 ASL  00040000)
<4>[    0.000000] ACPI: SSDT 0x00000000AAFEB000 0006FE (v01 COMPAL CRV ORB  00001000 ACPI 00040000)
<4>[    0.000000] ACPI: BOOT 0x00000000AAFE9000 000028 (v01 DELL   CL09     00000001 ASL  00040000)
<4>[    0.000000] ACPI: ASPT 0x00000000AAFE7000 000034 (v07 DELL   CL09     00000001 ASL  00040000)
<4>[    0.000000] ACPI: DBGP 0x00000000AAFE6000 000034 (v01 DELL   CL09     00000001 ASL  00040000)
<4>[    0.000000] ACPI: FPDT 0x00000000AAFE4000 000044 (v01 DELL   CL09     00000001 ASL  00040000)
<4>[    0.000000] ACPI: MSDM 0x00000000AAFE3000 000055 (v03 DELL   CL09     00000001 ASL  00040000)
<4>[    0.000000] ACPI: SSDT 0x00000000AAFE2000 0008E4 (v01 COMPAL CRV ORB  00003000 ACPI 00040000)
<4>[    0.000000] ACPI: SSDT 0x00000000AAFE1000 000A92 (v01 COMPAL CRV ORB  00003000 ACPI 00040000)
<4>[    0.000000] ACPI: DMAR 0x00000000AAFE0000 0000B8 (v01 DELL   CL09     00000001 ASL  00040000)
<7>[    0.000000] ACPI: Local APIC address 0xfee00000
<6>[    0.000000] No NUMA configuration found
<6>[    0.000000] Faking a node at [mem 0x0000000000000000-0x000000034f5fffff]
<6>[    0.000000] NODE_DATA(0) allocated [mem 0x34f5ed000-0x34f5f1fff]
<7>[    0.000000]  [ffffea0000000000-ffffea000d3fffff] PMD -> [ffff880342c00000-ffff88034ebfffff] on node 0
<6>[    0.000000] Zone ranges:
<6>[    0.000000]   DMA      [mem 0x0000000000001000-0x0000000000ffffff]
<6>[    0.000000]   DMA32    [mem 0x0000000001000000-0x00000000ffffffff]
<6>[    0.000000]   Normal   [mem 0x0000000100000000-0x000000034f5fffff]
<6>[    0.000000] Movable zone start for each node
<6>[    0.000000] Early memory node ranges
<6>[    0.000000]   node   0: [mem 0x0000000000001000-0x0000000000087fff]
<6>[    0.000000]   node   0: [mem 0x0000000000100000-0x000000001fffffff]
<6>[    0.000000]   node   0: [mem 0x0000000020200000-0x0000000040003fff]
<6>[    0.000000]   node   0: [mem 0x0000000040005000-0x00000000a0baffff]
<6>[    0.000000]   node   0: [mem 0x00000000a13b0000-0x00000000a9dbefff]
<6>[    0.000000]   node   0: [mem 0x00000000aafff000-0x00000000aaffffff]
<6>[    0.000000]   node   0: [mem 0x0000000100000000-0x000000034f5fffff]
<6>[    0.000000] Initmem setup node 0 [mem 0x0000000000001000-0x000000034f5fffff]
<7>[    0.000000] On node 0 totalpages: 3115334
<7>[    0.000000]   DMA zone: 64 pages used for memmap
<7>[    0.000000]   DMA zone: 112 pages reserved
<7>[    0.000000]   DMA zone: 3975 pages, LIFO batch:0
<7>[    0.000000]   DMA32 zone: 10767 pages used for memmap
<7>[    0.000000]   DMA32 zone: 689087 pages, LIFO batch:31
<7>[    0.000000]   Normal zone: 37848 pages used for memmap
<7>[    0.000000]   Normal zone: 2422272 pages, LIFO batch:31
<6>[    0.000000] Reserving Intel graphics stolen memory at 0xaba00000-0xaf9fffff
<6>[    0.000000] ACPI: PM-Timer IO Port: 0x408
<7>[    0.000000] ACPI: Local APIC address 0xfee00000
<6>[    0.000000] IOAPIC[0]: apic_id 0, version 32, address 0xfec00000, GSI 0-23
<6>[    0.000000] ACPI: INT_SRC_OVR (bus 0 bus_irq 0 global_irq 2 dfl dfl)
<6>[    0.000000] ACPI: INT_SRC_OVR (bus 0 bus_irq 9 global_irq 9 high level)
<7>[    0.000000] ACPI: IRQ0 used by override.
<7>[    0.000000] ACPI: IRQ9 used by override.
<6>[    0.000000] Using ACPI (MADT) for SMP configuration information
<6>[    0.000000] ACPI: HPET id: 0x8086a201 base: 0xfed00000
<6>[    0.000000] smpboot: Allowing 8 CPUs, 4 hotplug CPUs
<6>[    0.000000] PM: Registered nosave memory: [mem 0x00000000-0x00000fff]
<6>[    0.000000] PM: Registered nosave memory: [mem 0x00088000-0x000bffff]
<6>[    0.000000] PM: Registered nosave memory: [mem 0x000c0000-0x000fffff]
<6>[    0.000000] PM: Registered nosave memory: [mem 0x20000000-0x201fffff]
<6>[    0.000000] PM: Registered nosave memory: [mem 0x40004000-0x40004fff]
<6>[    0.000000] PM: Registered nosave memory: [mem 0xa0bb0000-0xa13affff]
<6>[    0.000000] PM: Registered nosave memory: [mem 0xa9dbf000-0xaa1befff]
<6>[    0.000000] PM: Registered nosave memory: [mem 0xaa1bf000-0xaaebefff]
<6>[    0.000000] PM: Registered nosave memory: [mem 0xaaebf000-0xaafbefff]
<6>[    0.000000] PM: Registered nosave memory: [mem 0xaafbf000-0xaaffefff]
<6>[    0.000000] PM: Registered nosave memory: [mem 0xab000000-0xaf9fffff]
<6>[    0.000000] PM: Registered nosave memory: [mem 0xafa00000-0xdfffffff]
<6>[    0.000000] PM: Registered nosave memory: [mem 0xe0000000-0xefffffff]
<6>[    0.000000] PM: Registered nosave memory: [mem 0xf0000000-0xfeafffff]
<6>[    0.000000] PM: Registered nosave memory: [mem 0xfeb00000-0xfeb03fff]
<6>[    0.000000] PM: Registered nosave memory: [mem 0xfeb04000-0xfebfffff]
<6>[    0.000000] PM: Registered nosave memory: [mem 0xfec00000-0xfec00fff]
<6>[    0.000000] PM: Registered nosave memory: [mem 0xfec01000-0xfed0ffff]
<6>[    0.000000] PM: Registered nosave memory: [mem 0xfed10000-0xfed19fff]
<6>[    0.000000] PM: Registered nosave memory: [mem 0xfed1a000-0xfed1bfff]
<6>[    0.000000] PM: Registered nosave memory: [mem 0xfed1c000-0xfed1ffff]
<6>[    0.000000] PM: Registered nosave memory: [mem 0xfed20000-0xfedfffff]
<6>[    0.000000] PM: Registered nosave memory: [mem 0xfee00000-0xfee00fff]
<6>[    0.000000] PM: Registered nosave memory: [mem 0xfee01000-0xffb7ffff]
<6>[    0.000000] PM: Registered nosave memory: [mem 0xffb80000-0xffffffff]
<6>[    0.000000] e820: [mem 0xafa00000-0xdfffffff] available for PCI devices
<6>[    0.000000] Booting paravirtualized kernel on bare hardware
<6>[    0.000000] clocksource: refined-jiffies: mask: 0xffffffff max_cycles: 0xffffffff, max_idle_ns: 7645519600211568 ns
<6>[    0.000000] setup_percpu: NR_CPUS:256 nr_cpumask_bits:256 nr_cpu_ids:8 nr_node_ids:1
<6>[    0.000000] PERCPU: Embedded 33 pages/cpu @ffff88034f200000 s96728 r8192 d30248 u262144
<7>[    0.000000] pcpu-alloc: s96728 r8192 d30248 u262144 alloc=1*2097152
<7>[    0.000000] pcpu-alloc: [0] 0 1 2 3 4 5 6 7 
<6>[    0.000000] Built 1 zonelists in Node order, mobility grouping on.  Total pages: 3066543
<6>[    0.000000] Policy zone: Normal
<5>[    0.000000] Kernel command line: BOOT_IMAGE=/casper/vmlinuz boot=casper ip=frommedia persistent noprompt splash quiet FWTS_AUTO_SHUTDOWN=1 --
<6>[    0.000000] PID hash table entries: 4096 (order: 3, 32768 bytes)
<7>[    0.000000] Calgary: detecting Calgary via BIOS EBDA area
<7>[    0.000000] Calgary: Unable to locate Rio Grande table in EBDA - bailing!
<6>[    0.000000] Memory: 12101088K/12461336K available (7932K kernel code, 1242K rwdata, 3812K rodata, 1464K init, 1292K bss, 360248K reserved, 0K cma-reserved)
<6>[    0.000000] SLUB: HWalign=64, Order=0-3, MinObjects=0, CPUs=8, Nodes=1
<6>[    0.000000] Hierarchical RCU implementation.
<6>[    0.000000] 	Build-time adjustment of leaf fanout to 64.
<6>[    0.000000] 	RCU restricting CPUs from NR_CPUS=256 to nr_cpu_ids=8.
<6>[    0.000000] RCU: Adjusting geometry for rcu_fanout_leaf=64, nr_cpu_ids=8
<6>[    0.000000] NR_IRQS:16640 nr_irqs:488 16
<6>[    0.000000] 	Offload RCU callbacks from all CPUs
<6>[    0.000000] 	Offload RCU callbacks from CPUs: 0-7.
<6>[    0.000000] Console: colour dummy device 80x25
<6>[    0.000000] console [tty0] enabled
<6>[    0.000000] clocksource: hpet: mask: 0xffffffff max_cycles: 0xffffffff, max_idle_ns: 133484882848 ns
<7>[    0.000000] hpet clockevent registered
<6>[    0.000000] tsc: Fast TSC calibration using PIT
<6>[    0.000000] tsc: Detected 1796.055 MHz processor
<6>[    0.000048] Calibrating delay loop (skipped), value calculated using timer frequency.. 3592.11 BogoMIPS (lpj=7184220)
<6>[    0.000051] pid_max: default: 32768 minimum: 301
<6>[    0.000058] ACPI: Core revision 20150619
<4>[    0.008974] ACPI: All ACPI Tables successfully acquired
<6>[    0.027302] Security Framework initialized
<6>[    0.027320] AppArmor: AppArmor initialized
<6>[    0.027321] Yama: becoming mindful.
<6>[    0.028721] Dentry cache hash table entries: 2097152 (order: 12, 16777216 bytes)
<6>[    0.034441] Inode-cache hash table entries: 1048576 (order: 11, 8388608 bytes)
<6>[    0.037015] Mount-cache hash table entries: 32768 (order: 6, 262144 bytes)
<6>[    0.037039] Mountpoint-cache hash table entries: 32768 (order: 6, 262144 bytes)
<6>[    0.037350] Initializing cgroup subsys blkio
<6>[    0.037354] Initializing cgroup subsys memory
<6>[    0.037363] Initializing cgroup subsys devices
<6>[    0.037366] Initializing cgroup subsys freezer
<6>[    0.037368] Initializing cgroup subsys net_cls
<6>[    0.037371] Initializing cgroup subsys perf_event
<6>[    0.037375] Initializing cgroup subsys net_prio
<6>[    0.037378] Initializing cgroup subsys hugetlb
<6>[    0.037404] CPU: Physical Processor ID: 0
<6>[    0.037405] CPU: Processor Core ID: 0
<4>[    0.037411] ENERGY_PERF_BIAS: Set to 'normal', was 'performance'
<4>[    0.037412] ENERGY_PERF_BIAS: View and update with x86_energy_perf_policy(8)
<6>[    0.037934] mce: CPU supports 7 MCE banks
<6>[    0.037948] CPU0: Thermal monitoring enabled (TM1)
<6>[    0.037957] process: using mwait in idle threads
<6>[    0.037961] Last level iTLB entries: 4KB 512, 2MB 8, 4MB 8
<6>[    0.037962] Last level dTLB entries: 4KB 512, 2MB 32, 4MB 32, 1GB 0
<6>[    0.038160] Freeing SMP alternatives memory: 28K (ffffffff81ea6000 - ffffffff81ead000)
<6>[    0.058027] ftrace: allocating 30954 entries in 121 pages
<6>[    0.077722] DMAR: Host address width 36
<6>[    0.077726] DMAR: DRHD base: 0x000000fed90000 flags: 0x0
<6>[    0.077736] DMAR: dmar0: reg_base_addr fed90000 ver 1:0 cap c0000020e60262 ecap f0101a
<6>[    0.077738] DMAR: DRHD base: 0x000000fed91000 flags: 0x1
<6>[    0.077743] DMAR: dmar1: reg_base_addr fed91000 ver 1:0 cap c9008020660262 ecap f0105a
<6>[    0.077745] DMAR: RMRR base: 0x000000aae8c000 end: 0x000000aaeabfff
<6>[    0.077747] DMAR: RMRR base: 0x000000ab800000 end: 0x000000af9fffff
<6>[    0.077750] DMAR-IR: IOAPIC id 0 under DRHD base  0xfed91000 IOMMU 1
<6>[    0.077751] DMAR-IR: HPET id 0 under DRHD base 0xfed91000
<6>[    0.077753] DMAR-IR: Queued invalidation will be enabled to support x2apic and Intr-remapping.
<6>[    0.078132] DMAR-IR: Enabled IRQ remapping in x2apic mode
<6>[    0.078135] x2apic enabled
<6>[    0.078141] Switched APIC routing to cluster x2apic.
<6>[    0.078604] ..TIMER: vector=0x30 apic1=0 pin1=2 apic2=-1 pin2=-1
<7>[    0.118287] TSC deadline timer enabled
<6>[    0.118292] smpboot: CPU0: Intel(R) Core(TM) i5-3337U CPU @ 1.80GHz (fam: 06, model: 3a, stepping: 09)
<6>[    0.118326] Performance Events: PEBS fmt1+, 16-deep LBR, IvyBridge events, full-width counters, Intel PMU driver.
<6>[    0.118353] ... version:                3
<6>[    0.118355] ... bit width:              48
<6>[    0.118356] ... generic registers:      4
<6>[    0.118357] ... value mask:             0000ffffffffffff
<6>[    0.118358] ... max period:             0000ffffffffffff
<6>[    0.118359] ... fixed-purpose events:   3
<6>[    0.118360] ... event mask:             000000070000000f
<6>[    0.119500] x86: Booting SMP configuration:
<6>[    0.119502] .... node  #0, CPUs:      #1
<6>[    0.123430] NMI watchdog: enabled on all CPUs, permanently consumes one hw-PMU counter.
<4>[    0.123557]  #2 #3
<6>[    0.131040] x86: Booted up 1 node, 4 CPUs
<6>[    0.131044] smpboot: Total of 4 processors activated (14368.44 BogoMIPS)
<6>[    0.135332] devtmpfs: initialized
<6>[    0.139796] evm: security.selinux
<6>[    0.139798] evm: security.SMACK64
<6>[    0.139800] evm: security.SMACK64EXEC
<6>[    0.139801] evm: security.SMACK64TRANSMUTE
<6>[    0.139802] evm: security.SMACK64MMAP
<6>[    0.139803] evm: security.ima
<6>[    0.139804] evm: security.capability
<6>[    0.139892] PM: Registering ACPI NVS region [mem 0xaaebf000-0xaafbefff] (1048576 bytes)
<6>[    0.140015] clocksource: jiffies: mask: 0xffffffff max_cycles: 0xffffffff, max_idle_ns: 7645041785100000 ns
<6>[    0.140124] pinctrl core: initialized pinctrl subsystem
<6>[    0.140264] RTC time: 13:05:36, date: 02/09/16
<6>[    0.140408] NET: Registered protocol family 16
<6>[    0.143136] cpuidle: using governor ladder
<6>[    0.147138] cpuidle: using governor menu
<6>[    0.147193] Simple Boot Flag at 0x44 set to 0x1
<6>[    0.147255] ACPI FADT declares the system doesn't support PCIe ASPM, so disable it
<6>[    0.147257] ACPI: bus type PCI registered
<6>[    0.147259] acpiphp: ACPI Hot Plug PCI Controller Driver version: 0.5
<6>[    0.147354] PCI: MMCONFIG for domain 0000 [bus 00-ff] at [mem 0xe0000000-0xefffffff] (base 0xe0000000)
<6>[    0.147357] PCI: MMCONFIG at [mem 0xe0000000-0xefffffff] reserved in E820
<6>[    0.147374] PCI: Using configuration type 1 for base access
<6>[    0.147499] dmi type 0xB1 record - unknown flag
<6>[    0.147897] perf_event_intel: PMU erratum BJ122, BV98, HSD29 worked around, HT is on
<6>[    0.151585] ACPI: Added _OSI(Module Device)
<6>[    0.151588] ACPI: Added _OSI(Processor Device)
<6>[    0.151590] ACPI: Added _OSI(3.0 _SCP Extensions)
<6>[    0.151591] ACPI: Added _OSI(Processor Aggregator Device)
<4>[    0.154735] ACPI: Executed 1 blocks of module-level executable AML code
<4>[    0.157965] ACPI: Dynamic OEM Table Load:
<4>[    0.157978] ACPI: SSDT 0xFFFF880340527000 00083B (v01 PmRef  Cpu0Cst  00003001 INTL 20130117)
<4>[    0.158625] ACPI: Dynamic OEM Table Load:
<4>[    0.158635] ACPI: SSDT 0xFFFF88034054B400 000303 (v01 PmRef  ApIst    00003000 INTL 20130117)
<4>[    0.159199] ACPI: Dynamic OEM Table Load:
<4>[    0.159208] ACPI: SSDT 0xFFFF880340507E00 000119 (v01 PmRef  ApCst    00003000 INTL 20130117)
<6>[    0.160272] ACPI : EC: EC started
<6>[    0.160397] ACPI: Interpreter enabled
<4>[    0.160405] ACPI Exception: AE_NOT_FOUND, While evaluating Sleep State [\_S1_] (20150619/hwxface-580)
<4>[    0.160411] ACPI Exception: AE_NOT_FOUND, While evaluating Sleep State [\_S2_] (20150619/hwxface-580)
<6>[    0.160428] ACPI: (supports S0 S3 S4 S5)
<6>[    0.160430] ACPI: Using IOAPIC for interrupt routing
<6>[    0.160463] PCI: Using host bridge windows from ACPI; if necessary, use "pci=nocrs" and report a bug
<6>[    0.307498] ACPI: PCI Root Bridge [PCI0] (domain 0000 [bus 00-fe])
<6>[    0.307505] acpi PNP0A08:00: _OSC: OS supports [ExtendedConfig ASPM ClockPM Segments MSI]
<7>[    0.307651] \_SB_.PCI0:_OSC invalid UUID
<7>[    0.307653] _OSC request data:1 1f 0 
<6>[    0.307658] acpi PNP0A08:00: _OSC failed (AE_ERROR); disabling ASPM
<6>[    0.308141] PCI host bridge to bus 0000:00
<6>[    0.308145] pci_bus 0000:00: root bus resource [bus 00-fe]
<6>[    0.308148] pci_bus 0000:00: root bus resource [io  0x0000-0x0cf7 window]
<6>[    0.308150] pci_bus 0000:00: root bus resource [io  0x0d00-0xffff window]
<6>[    0.308153] pci_bus 0000:00: root bus resource [mem 0x000a0000-0x000bffff window]
<6>[    0.308155] pci_bus 0000:00: root bus resource [mem 0xafa00000-0xfeafffff window]
<7>[    0.308165] pci 0000:00:00.0: [8086:0154] type 00 class 0x060000
<7>[    0.308265] pci 0000:00:02.0: [8086:0166] type 00 class 0x030000
<7>[    0.308282] pci 0000:00:02.0: reg 0x10: [mem 0xc0000000-0xc03fffff 64bit]
<7>[    0.308290] pci 0000:00:02.0: reg 0x18: [mem 0xb0000000-0xbfffffff 64bit pref]
<7>[    0.308296] pci 0000:00:02.0: reg 0x20: [io  0x3000-0x303f]
<7>[    0.308429] pci 0000:00:14.0: [8086:1e31] type 00 class 0x0c0330
<7>[    0.308464] pci 0000:00:14.0: reg 0x10: [mem 0xc0600000-0xc060ffff 64bit]
<7>[    0.308530] pci 0000:00:14.0: PME# supported from D3hot D3cold
<6>[    0.308579] pci 0000:00:14.0: System wakeup disabled by ACPI
<7>[    0.308633] pci 0000:00:16.0: [8086:1e3a] type 00 class 0x078000
<7>[    0.308670] pci 0000:00:16.0: reg 0x10: [mem 0xc0614000-0xc061400f 64bit]
<7>[    0.308738] pci 0000:00:16.0: PME# supported from D0 D3hot D3cold
<7>[    0.308834] pci 0000:00:1a.0: [8086:1e2d] type 00 class 0x0c0320
<7>[    0.308867] pci 0000:00:1a.0: reg 0x10: [mem 0xc0619000-0xc06193ff]
<7>[    0.308945] pci 0000:00:1a.0: PME# supported from D0 D3hot D3cold
<7>[    0.309029] pci 0000:00:1b.0: [8086:1e20] type 00 class 0x040300
<7>[    0.309060] pci 0000:00:1b.0: reg 0x10: [mem 0xc0610000-0xc0613fff 64bit]
<7>[    0.309128] pci 0000:00:1b.0: PME# supported from D0 D3hot D3cold
<7>[    0.309211] pci 0000:00:1c.0: [8086:1e10] type 01 class 0x060400
<7>[    0.309294] pci 0000:00:1c.0: PME# supported from D0 D3hot D3cold
<6>[    0.309344] pci 0000:00:1c.0: System wakeup disabled by ACPI
<7>[    0.309392] pci 0000:00:1c.1: [8086:1e12] type 01 class 0x060400
<7>[    0.309473] pci 0000:00:1c.1: PME# supported from D0 D3hot D3cold
<6>[    0.309513] pci 0000:00:1c.1: System wakeup disabled by ACPI
<7>[    0.309573] pci 0000:00:1d.0: [8086:1e26] type 00 class 0x0c0320
<7>[    0.309606] pci 0000:00:1d.0: reg 0x10: [mem 0xc0618000-0xc06183ff]
<7>[    0.309685] pci 0000:00:1d.0: PME# supported from D0 D3hot D3cold
<6>[    0.309737] pci 0000:00:1d.0: System wakeup disabled by ACPI
<7>[    0.309787] pci 0000:00:1f.0: [8086:1e59] type 00 class 0x060100
<7>[    0.309968] pci 0000:00:1f.2: [8086:1e03] type 00 class 0x010601
<7>[    0.309997] pci 0000:00:1f.2: reg 0x10: [io  0x3088-0x308f]
<7>[    0.310006] pci 0000:00:1f.2: reg 0x14: [io  0x3094-0x3097]
<7>[    0.310016] pci 0000:00:1f.2: reg 0x18: [io  0x3080-0x3087]
<7>[    0.310026] pci 0000:00:1f.2: reg 0x1c: [io  0x3090-0x3093]
<7>[    0.310035] pci 0000:00:1f.2: reg 0x20: [io  0x3060-0x307f]
<7>[    0.310045] pci 0000:00:1f.2: reg 0x24: [mem 0xc0617000-0xc06177ff]
<7>[    0.310077] pci 0000:00:1f.2: PME# supported from D3hot
<7>[    0.310153] pci 0000:00:1f.3: [8086:1e22] type 00 class 0x0c0500
<7>[    0.310175] pci 0000:00:1f.3: reg 0x10: [mem 0xc0615000-0xc06150ff 64bit]
<7>[    0.310199] pci 0000:00:1f.3: reg 0x20: [io  0x3040-0x305f]
<7>[    0.310426] pci 0000:01:00.0: [10ec:8136] type 00 class 0x020000
<7>[    0.310599] pci 0000:01:00.0: reg 0x10: [io  0x2000-0x20ff]
<7>[    0.310723] pci 0000:01:00.0: reg 0x18: [mem 0xc0404000-0xc0404fff 64bit pref]
<7>[    0.310796] pci 0000:01:00.0: reg 0x20: [mem 0xc0400000-0xc0403fff 64bit pref]
<7>[    0.311045] pci 0000:01:00.0: supports D1 D2
<7>[    0.311047] pci 0000:01:00.0: PME# supported from D0 D1 D2 D3hot D3cold
<6>[    0.315320] pci 0000:00:1c.0: PCI bridge to [bus 01]
<7>[    0.315326] pci 0000:00:1c.0:   bridge window [io  0x2000-0x2fff]
<7>[    0.315335] pci 0000:00:1c.0:   bridge window [mem 0xc0400000-0xc04fffff 64bit pref]
<7>[    0.315443] pci 0000:02:00.0: [168c:0032] type 00 class 0x028000
<7>[    0.315540] pci 0000:02:00.0: reg 0x10: [mem 0xc0500000-0xc057ffff 64bit]
<7>[    0.315665] pci 0000:02:00.0: reg 0x30: [mem 0xffff0000-0xffffffff pref]
<7>[    0.315759] pci 0000:02:00.0: supports D1 D2
<7>[    0.315761] pci 0000:02:00.0: PME# supported from D0 D1 D2 D3hot D3cold
<6>[    0.323296] pci 0000:00:1c.1: PCI bridge to [bus 02]
<7>[    0.323304] pci 0000:00:1c.1:   bridge window [mem 0xc0500000-0xc05fffff]
<6>[    0.395550] ACPI: PCI Interrupt Link [LNKA] (IRQs 1 3 4 5 6 10 11 12 14 15) *7
<6>[    0.395611] ACPI: PCI Interrupt Link [LNKB] (IRQs 1 3 4 5 6 10 *11 12 14 15)
<6>[    0.395669] ACPI: PCI Interrupt Link [LNKC] (IRQs 1 3 4 5 6 10 11 12 14 15) *0, disabled.
<6>[    0.395728] ACPI: PCI Interrupt Link [LNKD] (IRQs 1 3 4 5 6 *10 11 12 14 15)
<6>[    0.395786] ACPI: PCI Interrupt Link [LNKE] (IRQs 1 3 4 5 6 10 11 12 14 15) *0, disabled.
<6>[    0.395845] ACPI: PCI Interrupt Link [LNKF] (IRQs 1 3 4 5 6 10 11 12 14 15) *7
<6>[    0.395905] ACPI: PCI Interrupt Link [LNKG] (IRQs 1 3 4 5 6 *10 11 12 14 15)
<6>[    0.395968] ACPI: PCI Interrupt Link [LNKH] (IRQs 1 3 4 5 6 10 *11 12 14 15)
<4>[    0.396116] ACPI: Enabled 5 GPEs in block 00 to 3F
<6>[    0.396162] ACPI : EC: GPE = 0x17, I/O: command/status = 0x66, data = 0x62
<6>[    0.396292] vgaarb: setting as boot device: PCI:0000:00:02.0
<6>[    0.396294] vgaarb: device added: PCI:0000:00:02.0,decodes=io+mem,owns=io+mem,locks=none
<6>[    0.396297] vgaarb: loaded
<6>[    0.396299] vgaarb: bridge control possible 0000:00:02.0
<5>[    0.396577] SCSI subsystem initialized
<7>[    0.396635] libata version 3.00 loaded.
<6>[    0.396664] ACPI: bus type USB registered
<6>[    0.396686] usbcore: registered new interface driver usbfs
<6>[    0.396697] usbcore: registered new interface driver hub
<6>[    0.396722] usbcore: registered new device driver usb
<6>[    0.396967] PCI: Using ACPI for IRQ routing
<7>[    0.404475] PCI: pci_cache_line_size set to 64 bytes
<7>[    0.404538] e820: reserve RAM buffer [mem 0x00088000-0x0008ffff]
<7>[    0.404541] e820: reserve RAM buffer [mem 0x40004000-0x43ffffff]
<7>[    0.404542] e820: reserve RAM buffer [mem 0xa0bb0000-0xa3ffffff]
<7>[    0.404544] e820: reserve RAM buffer [mem 0xa9dbf000-0xabffffff]
<7>[    0.404546] e820: reserve RAM buffer [mem 0xab000000-0xabffffff]
<7>[    0.404548] e820: reserve RAM buffer [mem 0x34f600000-0x34fffffff]
<6>[    0.404697] NetLabel: Initializing
<6>[    0.404698] NetLabel:  domain hash size = 128
<6>[    0.404699] NetLabel:  protocols = UNLABELED CIPSOv4
<6>[    0.404714] NetLabel:  unlabeled traffic allowed by default
<6>[    0.404816] hpet0: at MMIO 0xfed00000, IRQs 2, 8, 0, 0, 0, 0, 0, 0
<6>[    0.404823] hpet0: 8 comparators, 64-bit 14.318180 MHz counter
<6>[    0.406854] clocksource: Switched to clocksource hpet
<6>[    0.414105] AppArmor: AppArmor Filesystem Enabled
<6>[    0.414195] pnp: PnP ACPI init
<6>[    0.414344] system 00:00: [io  0x0680-0x069f] has been reserved
<6>[    0.414347] system 00:00: [io  0x1000-0x100f] has been reserved
<6>[    0.414350] system 00:00: [io  0xffff] has been reserved
<6>[    0.414352] system 00:00: [io  0xffff] has been reserved
<6>[    0.414354] system 00:00: [io  0x0400-0x0453] could not be reserved
<6>[    0.414357] system 00:00: [io  0x0458-0x047f] has been reserved
<6>[    0.414359] system 00:00: [io  0x0500-0x057f] has been reserved
<6>[    0.414361] system 00:00: [io  0x164e-0x164f] has been reserved
<6>[    0.414364] system 00:00: [io  0xfd60-0xfd63] has been reserved
<7>[    0.414368] system 00:00: Plug and Play ACPI device, IDs PNP0c02 (active)
<7>[    0.414403] pnp 00:01: Plug and Play ACPI device, IDs PNP0b00 (active)
<6>[    0.414461] system 00:02: [io  0x0454-0x0457] has been reserved
<7>[    0.414465] system 00:02: Plug and Play ACPI device, IDs INT3f0d PNP0c02 (active)
<7>[    0.414504] pnp 00:03: Plug and Play ACPI device, IDs PNP0303 (active)
<7>[    0.414537] pnp 00:04: Plug and Play ACPI device, IDs DLL0597 PNP0f13 (active)
<6>[    0.483014] system 00:05: [mem 0xfed1c000-0xfed1ffff] has been reserved
<6>[    0.483018] system 00:05: [mem 0xfed10000-0xfed17fff] has been reserved
<6>[    0.483021] system 00:05: [mem 0xfed18000-0xfed18fff] has been reserved
<6>[    0.483023] system 00:05: [mem 0xfed19000-0xfed19fff] has been reserved
<6>[    0.483025] system 00:05: [mem 0xe0000000-0xefffffff] has been reserved
<6>[    0.483028] system 00:05: [mem 0xfed20000-0xfed3ffff] has been reserved
<6>[    0.483030] system 00:05: [mem 0xfed90000-0xfed93fff] could not be reserved
<6>[    0.483033] system 00:05: [mem 0xff000000-0xff000fff] has been reserved
<6>[    0.483035] system 00:05: [mem 0xff010000-0xffffffff] could not be reserved
<6>[    0.483038] system 00:05: [mem 0xfee00000-0xfeefffff] could not be reserved
<6>[    0.483040] system 00:05: [mem 0xafa00000-0xafa00fff] has been reserved
<7>[    0.483044] system 00:05: Plug and Play ACPI device, IDs PNP0c02 (active)
<6>[    0.483341] system 00:06: [mem 0x20000000-0x201fffff] has been reserved
<6>[    0.483344] system 00:06: [mem 0x40004000-0x40004fff] has been reserved
<7>[    0.483347] system 00:06: Plug and Play ACPI device, IDs PNP0c01 (active)
<6>[    0.483366] pnp: PnP ACPI: found 7 devices
<6>[    0.490130] clocksource: acpi_pm: mask: 0xffffff max_cycles: 0xffffff, max_idle_ns: 2085701024 ns
<6>[    0.490139] pci 0000:02:00.0: can't claim BAR 6 [mem 0xffff0000-0xffffffff pref]: no compatible bridge window
<6>[    0.490165] pci 0000:00:1c.0: PCI bridge to [bus 01]
<6>[    0.490169] pci 0000:00:1c.0:   bridge window [io  0x2000-0x2fff]
<6>[    0.490180] pci 0000:00:1c.0:   bridge window [mem 0xc0400000-0xc04fffff 64bit pref]
<6>[    0.490190] pci 0000:02:00.0: BAR 6: assigned [mem 0xc0580000-0xc058ffff pref]
<6>[    0.490193] pci 0000:00:1c.1: PCI bridge to [bus 02]
<6>[    0.490199] pci 0000:00:1c.1:   bridge window [mem 0xc0500000-0xc05fffff]
<7>[    0.490211] pci_bus 0000:00: resource 4 [io  0x0000-0x0cf7 window]
<7>[    0.490214] pci_bus 0000:00: resource 5 [io  0x0d00-0xffff window]
<7>[    0.490216] pci_bus 0000:00: resource 6 [mem 0x000a0000-0x000bffff window]
<7>[    0.490218] pci_bus 0000:00: resource 7 [mem 0xafa00000-0xfeafffff window]
<7>[    0.490221] pci_bus 0000:01: resource 0 [io  0x2000-0x2fff]
<7>[    0.490223] pci_bus 0000:01: resource 2 [mem 0xc0400000-0xc04fffff 64bit pref]
<7>[    0.490225] pci_bus 0000:02: resource 1 [mem 0xc0500000-0xc05fffff]
<6>[    0.490268] NET: Registered protocol family 2
<6>[    0.490525] TCP established hash table entries: 131072 (order: 8, 1048576 bytes)
<6>[    0.490855] TCP bind hash table entries: 65536 (order: 8, 1048576 bytes)
<6>[    0.490993] TCP: Hash tables configured (established 131072 bind 65536)
<6>[    0.491038] UDP hash table entries: 8192 (order: 6, 262144 bytes)
<6>[    0.491110] UDP-Lite hash table entries: 8192 (order: 6, 262144 bytes)
<6>[    0.491220] NET: Registered protocol family 1
<7>[    0.491242] pci 0000:00:02.0: Video device with shadowed ROM
<7>[    0.874850] PCI: CLS 64 bytes, default 64
<6>[    0.874922] Trying to unpack rootfs image as initramfs...
<6>[    4.869863] Freeing initrd memory: 13576K (ffff88003656c000 - ffff8800372ae000)
<6>[    4.869894] PCI-DMA: Using software bounce buffering for IO (SWIOTLB)
<6>[    4.869897] software IO TLB [mem 0xa27b0000-0xa67b0000] (64MB) mapped at [ffff8800a27b0000-ffff8800a67affff]
<6>[    4.870005] RAPL PMU detected, API unit is 2^-32 Joules, 3 fixed counters 163840 ms ovfl timer
<6>[    4.870007] hw unit of domain pp0-core 2^-16 Joules
<6>[    4.870008] hw unit of domain package 2^-16 Joules
<6>[    4.870010] hw unit of domain pp1-gpu 2^-16 Joules
<6>[    4.870156] microcode: CPU0 sig=0x306a9, pf=0x10, revision=0x17
<6>[    4.870165] microcode: CPU1 sig=0x306a9, pf=0x10, revision=0x17
<6>[    4.870178] microcode: CPU2 sig=0x306a9, pf=0x10, revision=0x17
<6>[    4.870187] microcode: CPU3 sig=0x306a9, pf=0x10, revision=0x17
<6>[    4.870251] microcode: Microcode Update Driver: v2.00 <tigran@aivazian.fsnet.co.uk>, Peter Oruba
<6>[    4.870355] Scanning for low memory corruption every 60 seconds
<6>[    4.870787] futex hash table entries: 2048 (order: 5, 131072 bytes)
<5>[    4.870815] Initialise system trusted keyring
<6>[    4.870840] audit: initializing netlink subsys (disabled)
<5>[    4.870858] audit: type=2000 audit(1455023140.832:1): initialized
<6>[    4.871326] HugeTLB registered 2 MB page size, pre-allocated 0 pages
<6>[    4.873148] zpool: loaded
<6>[    4.873151] zbud: loaded
<5>[    4.873388] VFS: Disk quotas dquot_6.6.0
<6>[    4.873430] VFS: Dquot-cache hash table entries: 512 (order 0, 4096 bytes)
<6>[    4.874054] fuse init (API version 7.23)
<5>[    4.874224] Key type big_key registered
<5>[    4.874630] Key type asymmetric registered
<5>[    4.874634] Asymmetric key parser 'x509' registered
<6>[    4.874652] Block layer SCSI generic (bsg) driver version 0.4 loaded (major 249)
<6>[    4.874699] io scheduler noop registered
<6>[    4.874703] io scheduler deadline registered (default)
<6>[    4.874742] io scheduler cfq registered
<6>[    4.875164] pci_hotplug: PCI Hot Plug PCI Core version: 0.5
<6>[    4.875173] pciehp: PCI Express Hot Plug Controller Driver version: 0.4
<6>[    4.875221] efifb: probing for efifb
<6>[    4.875233] efifb: framebuffer at 0xb0000000, mapped to 0xffffc90001c00000, using 3072k, total 3072k
<6>[    4.875235] efifb: mode is 1024x768x32, linelength=4096, pages=1
<6>[    4.875236] efifb: scrolling: redraw
<6>[    4.875238] efifb: Truecolor: size=8:8:8:8, shift=24:16:8:0
<6>[    4.877809] Console: switching to colour frame buffer device 128x48
<6>[    4.880236] fb0: EFI VGA frame buffer device
<7>[    4.880250] intel_idle: MWAIT substates: 0x21120
<7>[    4.880251] intel_idle: v0.4 model 0x3A
<7>[    4.880253] intel_idle: lapic_timer_reliable_states 0xffffffff
<6>[    4.880520] ACPI: AC Adapter [ACAD] (on-line)
<6>[    4.880594] input: Power Button as /devices/LNXSYSTM:00/LNXSYBUS:00/PNP0A08:00/device:01/PNP0C0C:00/input/input0
<6>[    4.880598] ACPI: Power Button [PWRB]
<6>[    4.880649] input: Lid Switch as /devices/LNXSYSTM:00/LNXSYBUS:00/PNP0C0D:00/input/input1
<6>[    4.880674] ACPI: Lid Switch [LID0]
<6>[    4.880718] input: Power Button as /devices/LNXSYSTM:00/LNXPWRBN:00/input/input2
<6>[    4.880720] ACPI: Power Button [PWRF]
<6>[    4.881066] GHES: HEST is not enabled!
<6>[    4.881194] Serial: 8250/16550 driver, 32 ports, IRQ sharing enabled
<6>[    5.117388] ACPI: Battery Slot [BAT1] (battery present)
<6>[    5.117633] Linux agpgart interface v0.103
<6>[    5.120409] brd: module loaded
<6>[    5.121537] loop: module loaded
<6>[    5.121784] libphy: Fixed MDIO Bus: probed
<6>[    5.121788] tun: Universal TUN/TAP device driver, 1.6
<6>[    5.121789] tun: (C) 1999-2004 Max Krasnyansky <maxk@qualcomm.com>
<6>[    5.121849] PPP generic driver version 2.4.2
<6>[    5.122072] xhci_hcd 0000:00:14.0: xHCI Host Controller
<6>[    5.122080] xhci_hcd 0000:00:14.0: new USB bus registered, assigned bus number 1
<6>[    5.122433] xhci_hcd 0000:00:14.0: hcc params 0x20007181 hci version 0x100 quirks 0x0000b930
<7>[    5.122442] xhci_hcd 0000:00:14.0: cache line size of 64 is not supported
<6>[    5.122543] usb usb1: New USB device found, idVendor=1d6b, idProduct=0002
<6>[    5.122545] usb usb1: New USB device strings: Mfr=3, Product=2, SerialNumber=1
<6>[    5.122548] usb usb1: Product: xHCI Host Controller
<6>[    5.122550] usb usb1: Manufacturer: Linux 4.2.0-18-generic xhci-hcd
<6>[    5.122551] usb usb1: SerialNumber: 0000:00:14.0
<6>[    5.122697] hub 1-0:1.0: USB hub found
<6>[    5.122709] hub 1-0:1.0: 4 ports detected
<6>[    5.123112] xhci_hcd 0000:00:14.0: xHCI Host Controller
<6>[    5.123117] xhci_hcd 0000:00:14.0: new USB bus registered, assigned bus number 2
<6>[    5.123158] usb usb2: New USB device found, idVendor=1d6b, idProduct=0003
<6>[    5.123160] usb usb2: New USB device strings: Mfr=3, Product=2, SerialNumber=1
<6>[    5.123162] usb usb2: Product: xHCI Host Controller
<6>[    5.123164] usb usb2: Manufacturer: Linux 4.2.0-18-generic xhci-hcd
<6>[    5.123166] usb usb2: SerialNumber: 0000:00:14.0
<6>[    5.123297] hub 2-0:1.0: USB hub found
<6>[    5.123308] hub 2-0:1.0: 4 ports detected
<6>[    5.123704] ehci_hcd: USB 2.0 'Enhanced' Host Controller (EHCI) Driver
<6>[    5.123711] ehci-pci: EHCI PCI platform driver
<6>[    5.123826] ehci-pci 0000:00:1a.0: EHCI Host Controller
<6>[    5.123832] ehci-pci 0000:00:1a.0: new USB bus registered, assigned bus number 3
<6>[    5.123847] ehci-pci 0000:00:1a.0: debug port 2
<7>[    5.127742] ehci-pci 0000:00:1a.0: cache line size of 64 is not supported
<6>[    5.127758] ehci-pci 0000:00:1a.0: irq 16, io mem 0xc0619000
<6>[    5.137369] ehci-pci 0000:00:1a.0: USB 2.0 started, EHCI 1.00
<6>[    5.137414] usb usb3: New USB device found, idVendor=1d6b, idProduct=0002
<6>[    5.137416] usb usb3: New USB device strings: Mfr=3, Product=2, SerialNumber=1
<6>[    5.137418] usb usb3: Product: EHCI Host Controller
<6>[    5.137420] usb usb3: Manufacturer: Linux 4.2.0-18-generic ehci_hcd
<6>[    5.137422] usb usb3: SerialNumber: 0000:00:1a.0
<6>[    5.137562] hub 3-0:1.0: USB hub found
<6>[    5.137569] hub 3-0:1.0: 2 ports detected
<6>[    5.137792] ehci-pci 0000:00:1d.0: EHCI Host Controller
<6>[    5.137798] ehci-pci 0000:00:1d.0: new USB bus registered, assigned bus number 4
<6>[    5.137812] ehci-pci 0000:00:1d.0: debug port 2
<7>[    5.141716] ehci-pci 0000:00:1d.0: cache line size of 64 is not supported
<6>[    5.141729] ehci-pci 0000:00:1d.0: irq 23, io mem 0xc0618000
<6>[    5.153363] ehci-pci 0000:00:1d.0: USB 2.0 started, EHCI 1.00
<6>[    5.153409] usb usb4: New USB device found, idVendor=1d6b, idProduct=0002
<6>[    5.153412] usb usb4: New USB device strings: Mfr=3, Product=2, SerialNumber=1
<6>[    5.153414] usb usb4: Product: EHCI Host Controller
<6>[    5.153416] usb usb4: Manufacturer: Linux 4.2.0-18-generic ehci_hcd
<6>[    5.153418] usb usb4: SerialNumber: 0000:00:1d.0
<6>[    5.153558] hub 4-0:1.0: USB hub found
<6>[    5.153565] hub 4-0:1.0: 2 ports detected
<6>[    5.153680] ehci-platform: EHCI generic platform driver
<6>[    5.153693] ohci_hcd: USB 1.1 'Open' Host Controller (OHCI) Driver
<6>[    5.153699] ohci-pci: OHCI PCI platform driver
<6>[    5.153712] ohci-platform: OHCI generic platform driver
<6>[    5.153724] uhci_hcd: USB Universal Host Controller Interface driver
<6>[    5.153791] i8042: PNP: PS/2 Controller [PNP0303:PS2K,PNP0f13:PS2M] at 0x60,0x64 irq 1,12
<6>[    5.173312] serio: i8042 KBD port at 0x60,0x64 irq 1
<6>[    5.173317] serio: i8042 AUX port at 0x60,0x64 irq 12
<6>[    5.173510] mousedev: PS/2 mouse device common for all mice
<6>[    5.173743] rtc_cmos 00:01: RTC can wake from S4
<6>[    5.173886] rtc_cmos 00:01: rtc core: registered rtc_cmos as rtc0
<6>[    5.173919] rtc_cmos 00:01: alarms up to one month, 242 bytes nvram, hpet irqs
<6>[    5.173931] i2c /dev entries driver
<6>[    5.174030] device-mapper: uevent: version 1.0.3
<6>[    5.174121] device-mapper: ioctl: 4.33.0-ioctl (2015-8-18) initialised: dm-devel@redhat.com
<6>[    5.174148] Intel P-state driver initializing.
<6>[    5.174342] ledtrig-cpu: registered to indicate activity on CPUs
<6>[    5.174353] EFI Variables Facility v0.08 2004-May-17
<4>[    5.186373] PCCT header not found.
<6>[    5.186634] NET: Registered protocol family 10
<6>[    5.186822] NET: Registered protocol family 17
<5>[    5.186835] Key type dns_resolver registered
<5>[    5.187165] Loading compiled-in X.509 certificates
<5>[    5.187953] Loaded X.509 cert 'Build time autogenerated kernel key: 714df7ce1739f2da38b31837ada06c6e4fb64084'
<6>[    5.187968] registered taskstats version 1
<6>[    5.187987] zswap: loading zswap
<6>[    5.187989] zswap: using zbud pool
<6>[    5.187992] zswap: using lzo compressor
<5>[    5.189856] Key type trusted registered
<5>[    5.193001] Key type encrypted registered
<6>[    5.193008] AppArmor: AppArmor sha1 policy hashing enabled
<6>[    5.193011] ima: No TPM chip found, activating TPM-bypass!
<6>[    5.193029] evm: HMAC attrs: 0x1
<6>[    5.193323]   Magic number: 4:541:78
<6>[    5.193430] rtc_cmos 00:01: setting system clock to 2016-02-09 13:05:41 UTC (1455023141)
<6>[    5.193499] BIOS EDD facility v0.16 2004-Jun-25, 0 devices found
<6>[    5.193500] EDD information not available.
<6>[    5.194157] input: AT Translated Set 2 keyboard as /devices/platform/i8042/serio0/input/input3
<6>[    5.433366] usb 1-2: new high-speed USB device number 2 using xhci_hcd
<6>[    5.449357] usb 3-1: new high-speed USB device number 2 using ehci-pci
<6>[    5.465350] usb 4-1: new high-speed USB device number 2 using ehci-pci
<6>[    5.562029] usb 1-2: New USB device found, idVendor=0781, idProduct=5575
<6>[    5.562033] usb 1-2: New USB device strings: Mfr=1, Product=2, SerialNumber=3
<6>[    5.562034] usb 1-2: Product: Cruzer Glide
<6>[    5.562036] usb 1-2: Manufacturer: SanDisk
<6>[    5.562037] usb 1-2: SerialNumber: 4C530300821116101093
<6>[    5.582008] usb 3-1: New USB device found, idVendor=8087, idProduct=0024
<6>[    5.582012] usb 3-1: New USB device strings: Mfr=0, Product=0, SerialNumber=0
<6>[    5.582544] hub 3-1:1.0: USB hub found
<6>[    5.582755] hub 3-1:1.0: 6 ports detected
<6>[    5.597996] usb 4-1: New USB device found, idVendor=8087, idProduct=0024
<6>[    5.597999] usb 4-1: New USB device strings: Mfr=0, Product=0, SerialNumber=0
<6>[    5.598536] hub 4-1:1.0: USB hub found
<6>[    5.598763] hub 4-1:1.0: 6 ports detected
<6>[    5.853229] usb 3-1.1: new full-speed USB device number 3 using ehci-pci
<6>[    5.869227] tsc: Refined TSC clocksource calibration: 1795.923 MHz
<6>[    5.869232] clocksource: tsc: mask: 0xffffffffffffffff max_cycles: 0x19e31e3a1e3, max_idle_ns: 440795283323 ns
<6>[    5.947766] usb 3-1.1: New USB device found, idVendor=0cf3, idProduct=e004
<6>[    5.947783] usb 3-1.1: New USB device strings: Mfr=1, Product=2, SerialNumber=3
<6>[    5.947785] usb 3-1.1: Product: Bluetooth USB Host Controller
<6>[    5.947786] usb 3-1.1: Manufacturer: Atheros Communications
<6>[    5.947787] usb 3-1.1: SerialNumber: Alaska Day 2006
<6>[    6.021179] usb 3-1.3: new high-speed USB device number 4 using ehci-pci
<6>[    6.114313] usb 3-1.3: New USB device found, idVendor=0bda, idProduct=0129
<6>[    6.114317] usb 3-1.3: New USB device strings: Mfr=1, Product=2, SerialNumber=3
<6>[    6.114319] usb 3-1.3: Product: USB2.0-CRW
<6>[    6.114320] usb 3-1.3: Manufacturer: Generic
<6>[    6.114322] usb 3-1.3: SerialNumber: 20100201396000000
<6>[    6.185128] usb 3-1.4: new high-speed USB device number 5 using ehci-pci
<6>[    6.334172] usb 3-1.4: New USB device found, idVendor=0bda, idProduct=58c2
<6>[    6.334176] usb 3-1.4: New USB device strings: Mfr=3, Product=1, SerialNumber=2
<6>[    6.334178] usb 3-1.4: Product: Laptop_Integrated_Webcam_HD
<6>[    6.334180] usb 3-1.4: Manufacturer: CNFCH41j155010049262
<6>[    6.334181] usb 3-1.4: SerialNumber: 0x0001
<6>[    6.869148] clocksource: Switched to clocksource tsc
<7>[   17.237689] PM: Hibernation image not present or could not be loaded.
<6>[   17.238050] Freeing unused kernel memory: 1464K (ffffffff81d38000 - ffffffff81ea6000)
<6>[   17.238053] Write protecting the kernel read-only data: 12288k
<6>[   17.238320] Freeing unused kernel memory: 248K (ffff8800027c2000 - ffff880002800000)
<6>[   17.238407] Freeing unused kernel memory: 284K (ffff880002bb9000 - ffff880002c00000)
<30>[   17.248604] systemd-udevd[126]: starting version 204
<6>[   17.354967] wmi: Mapper loaded
<7>[   17.360836] ahci 0000:00:1f.2: version 3.0
<6>[   17.363909] r8169 Gigabit Ethernet driver 2.3LK-NAPI loaded
<4>[   17.363920] r8169 0000:01:00.0: can't disable ASPM; OS doesn't have ASPM control
<6>[   17.364375] r8169 0000:01:00.0 eth0: RTL8105e at 0xffffc900018da000, 74:86:7a:11:41:a0, XID 00c00000 IRQ 28
<6>[   17.366524] usb-storage 1-2:1.0: USB Mass Storage device detected
<6>[   17.366621] scsi host0: usb-storage 1-2:1.0
<6>[   17.366753] usbcore: registered new interface driver usb-storage
<6>[   17.368506] usbcore: registered new interface driver uas
<6>[   17.369281] [drm] Initialized drm 1.1.0 20060810
<6>[   17.373513] ahci 0000:00:1f.2: AHCI 0001.0300 32 slots 6 ports 6 Gbps 0x5 impl SATA mode
<6>[   17.373519] ahci 0000:00:1f.2: flags: 64bit ncq pm led clo pio slum part ems apst 
<6>[   17.375270] usbcore: registered new interface driver rtsx_usb
<6>[   17.386180] scsi host1: ahci
<6>[   17.386584] scsi host2: ahci
<6>[   17.386823] scsi host3: ahci
<6>[   17.387569] scsi host4: ahci
<6>[   17.387688] scsi host5: ahci
<6>[   17.387797] scsi host6: ahci
<6>[   17.387860] ata1: SATA max UDMA/133 abar m2048@0xc0617000 port 0xc0617100 irq 27
<6>[   17.387862] ata2: DUMMY
<6>[   17.387865] ata3: SATA max UDMA/133 abar m2048@0xc0617000 port 0xc0617200 irq 27
<6>[   17.387866] ata4: DUMMY
<6>[   17.387868] ata5: DUMMY
<6>[   17.387869] ata6: DUMMY
<6>[   17.394359] [drm] Memory usable by graphics device = 2048M
<7>[   17.394363] checking generic (b0000000 300000) vs hw (b0000000 10000000)
<6>[   17.394365] fb: switching to inteldrmfb from EFI VGA
<6>[   17.394393] Console: switching to colour dummy device 80x25
<6>[   17.394671] [drm] Replacing VGA console driver
<6>[   17.401528] [drm] Supports vblank timestamp caching Rev 2 (21.10.2013).
<6>[   17.401530] [drm] Driver supports precise vblank timestamp query.
<6>[   17.401618] vgaarb: device changed decodes: PCI:0000:00:02.0,olddecodes=io+mem,decodes=io+mem:owns=io+mem
<6>[   17.422072] ACPI: Video Device [GFX0] (multi-head: yes  rom: no  post: no)
<6>[   17.422209] input: Video Bus as /devices/LNXSYSTM:00/LNXSYBUS:00/PNP0A08:00/LNXVIDEO:01/input/input6
<6>[   17.422310] [drm] Initialized i915 1.6.0 20150522 for 0000:00:02.0 on minor 0
<6>[   17.489543] [drm] GMBUS [i915 gmbus vga] timed out, falling back to bit banging on pin 2
<6>[   17.506559] fbcon: inteldrmfb (fb0) is primary device
<6>[   17.705488] ata3: SATA link up 1.5 Gbps (SStatus 113 SControl 300)
<6>[   17.713075] ata3.00: ATAPI: PLDS DVD+/-RW DU-8A5HH, SD11, max UDMA/100
<6>[   17.713406] ata1: SATA link up 3.0 Gbps (SStatus 123 SControl 300)
<6>[   17.713781] ata3.00: configured for UDMA/100
<3>[   17.770891] [drm:intel_set_pch_fifo_underrun_reporting [i915]] *ERROR* uncleared pch fifo underrun on pch transcoder A
<3>[   17.770909] [drm:intel_pch_fifo_underrun_irq_handler [i915]] *ERROR* PCH transcoder A FIFO underrun
<6>[   18.127743] psmouse serio1: synaptics: queried max coordinates: x [..5674], y [..4754]
<6>[   18.189430] psmouse serio1: synaptics: queried min coordinates: x [1268..], y [1098..]
<6>[   18.193887] Console: switching to colour frame buffer device 170x48
<6>[   18.196293] i915 0000:00:02.0: fb0: inteldrmfb frame buffer device
<6>[   18.196295] i915 0000:00:02.0: registered panic notifier
<6>[   18.305470] psmouse serio1: synaptics: Touchpad model: 1, fw: 8.1, id: 0x1e2b1, caps: 0xd00123/0x840300/0x26c00/0x0, board id: 2382, fw id: 1238635
<5>[   18.367356] scsi 0:0:0:0: Direct-Access     SanDisk  Cruzer Glide     1.26 PQ: 0 ANSI: 6
<5>[   18.367666] sd 0:0:0:0: Attached scsi generic sg0 type 0
<5>[   18.367838] sd 0:0:0:0: [sda] 15633408 512-byte logical blocks: (8.00 GB/7.45 GiB)
<5>[   18.368549] sd 0:0:0:0: [sda] Write Protect is off
<7>[   18.368552] sd 0:0:0:0: [sda] Mode Sense: 43 00 00 00
<5>[   18.368808] sd 0:0:0:0: [sda] Write cache: disabled, read cache: enabled, doesn't support DPO or FUA
<6>[   18.370873]  sda: sda1
<5>[   18.372103] sd 0:0:0:0: [sda] Attached SCSI disk
<6>[   18.380866] input: SynPS/2 Synaptics TouchPad as /devices/platform/i8042/serio1/input/input5
<6>[   18.406975] ata1.00: ATA-8: TOSHIBA MK2555GSX, FG001J, max UDMA/100
<6>[   18.406983] ata1.00: 488397168 sectors, multi 16: LBA48 NCQ (depth 31/32), AA
<6>[   18.407778] ata1.00: configured for UDMA/100
<5>[   18.407959] scsi 1:0:0:0: Direct-Access     ATA      TOSHIBA MK2555GS 1J   PQ: 0 ANSI: 5
<5>[   18.408123] sd 1:0:0:0: [sdb] 488397168 512-byte logical blocks: (250 GB/232 GiB)
<5>[   18.408176] sd 1:0:0:0: [sdb] Write Protect is off
<5>[   18.408177] sd 1:0:0:0: Attached scsi generic sg1 type 0
<7>[   18.408182] sd 1:0:0:0: [sdb] Mode Sense: 00 3a 00 00
<5>[   18.408204] sd 1:0:0:0: [sdb] Write cache: enabled, read cache: enabled, doesn't support DPO or FUA
<5>[   18.416089] scsi 3:0:0:0: CD-ROM            PLDS     DVD+-RW DU-8A5HH SD11 PQ: 0 ANSI: 5
<6>[   18.433773] sr 3:0:0:0: [sr0] scsi3-mmc drive: 24x/24x writer dvd-ram cd/rw xa/form2 cdda tray
<6>[   18.433780] cdrom: Uniform CD-ROM driver Revision: 3.20
<7>[   18.433902] sr 3:0:0:0: Attached scsi CD-ROM sr0
<5>[   18.433975] sr 3:0:0:0: Attached scsi generic sg2 type 5
<6>[   18.460747]  sdb: sdb1 sdb2 sdb3 sdb4
<5>[   18.461128] sd 1:0:0:0: [sdb] Attached SCSI disk
<5>[   19.268816] random: nonblocking pool is initialized
<6>[   19.502859] EXT4-fs (loop0): mounting ext3 file system using the ext4 subsystem
<4>[   19.512294] EXT4-fs (loop0): warning: checktime reached, running e2fsck is recommended
<6>[   19.512401] EXT4-fs (loop0): mounted filesystem with ordered data mode. Opts: (null)
<6>[   19.554507] squashfs: version 4.0 (2009/01/31) Phillip Lougher
<30>[   29.053304] systemd-udevd[1901]: starting version 204
<6>[   29.254115] shpchp: Standard Hot Plug PCI Controller Driver version: 0.4
<4>[   29.262046] ACPI Warning: SystemIO range 0x0000000000000428-0x000000000000042F conflicts with OpRegion 0x0000000000000400-0x000000000000047F (\PMIO) (20150619/utaddress-254)
<6>[   29.262055] ACPI: If an ACPI driver is available for this device, you should use it instead of the native driver
<4>[   29.262060] ACPI Warning: SystemIO range 0x0000000000000540-0x000000000000054F conflicts with OpRegion 0x0000000000000500-0x0000000000000563 (\GPIO) (20150619/utaddress-254)
<6>[   29.262066] ACPI: If an ACPI driver is available for this device, you should use it instead of the native driver
<4>[   29.262068] ACPI Warning: SystemIO range 0x0000000000000530-0x000000000000053F conflicts with OpRegion 0x0000000000000500-0x0000000000000563 (\GPIO) (20150619/utaddress-254)
<6>[   29.262072] ACPI: If an ACPI driver is available for this device, you should use it instead of the native driver
<4>[   29.262116] ACPI Warning: SystemIO range 0x0000000000000500-0x000000000000052F conflicts with OpRegion 0x0000000000000500-0x0000000000000563 (\GPIO) (20150619/utaddress-254)
<6>[   29.262121] ACPI: If an ACPI driver is available for this device, you should use it instead of the native driver
<4>[   29.262123] lpc_ich: Resource conflict(s) found affecting gpio_ich
<6>[   29.290110] media: Linux media interface: v0.10
<6>[   29.324205] Bluetooth: Core ver 2.20
<6>[   29.324220] NET: Registered protocol family 31
<6>[   29.324221] Bluetooth: HCI device and connection manager initialized
<6>[   29.324225] Bluetooth: HCI socket layer initialized
<6>[   29.324227] Bluetooth: L2CAP socket layer initialized
<6>[   29.324231] Bluetooth: SCO socket layer initialized
<6>[   29.354767] Linux video capture interface: v2.00
<6>[   29.404526] usbcore: registered new interface driver btusb
<4>[   29.437887] usb 3-1.1: Direct firmware load for ar3k/AthrBT_0x01020200.dfu failed with error -2
<3>[   29.437892] Bluetooth: Patch file not found ar3k/AthrBT_0x01020200.dfu
<3>[   29.437894] Bluetooth: Loading patch file failed
<4>[   29.437901] ath3k: probe of 3-1.1:1.0 failed with error -2
<6>[   29.437958] usbcore: registered new interface driver ath3k
<6>[   29.466941] uvcvideo: Found UVC 1.00 device Laptop_Integrated_Webcam_HD (0bda:58c2)
<6>[   29.472271] input: Laptop_Integrated_Webcam_HD as /devices/pci0000:00/0000:00:1a.0/usb3/3-1/3-1.4/3-1.4:1.0/input/input7
<6>[   29.472357] usbcore: registered new interface driver uvcvideo
<6>[   29.472360] USB Video Class driver (1.1.1)
<6>[   29.479044] AVX version of gcm_enc/dec engaged.
<6>[   29.479046] AES CTR mode by8 optimization enabled
<6>[   29.546022] dcdbas dcdbas: Dell Systems Management Base Driver (version 5.6.0-3.2)
<6>[   29.578592] ath: phy0: ASPM enabled: 0x43
<7>[   29.578596] ath: EEPROM regdomain: 0x60
<7>[   29.578598] ath: EEPROM indicates we should expect a direct regpair map
<7>[   29.578601] ath: Country alpha2 being used: 00
<7>[   29.578602] ath: Regpair used: 0x60
<7>[   29.589645] ieee80211 phy0: Selected rate control algorithm 'minstrel_ht'
<6>[   29.589960] ieee80211 phy0: Atheros AR9485 Rev:1 mem=0xffffc90002000000, irq=17
<12>[   29.591563] init: failsafe main process (2026) killed by TERM signal
<6>[   29.630895] intel_rapl: Found RAPL domain package
<6>[   29.630898] intel_rapl: Found RAPL domain core
<6>[   29.630900] intel_rapl: Found RAPL domain uncore
<6>[   29.633565] input: Dell WMI hotkeys as /devices/virtual/input/input8
<6>[   29.677172] snd_hda_codec_realtek hdaudioC0D0: autoconfig for ALC3221: line_outs=1 (0x14/0x0/0x0/0x0/0x0) type:speaker
<6>[   29.677177] snd_hda_codec_realtek hdaudioC0D0:    speaker_outs=0 (0x0/0x0/0x0/0x0/0x0)
<6>[   29.677179] snd_hda_codec_realtek hdaudioC0D0:    hp_outs=1 (0x21/0x0/0x0/0x0/0x0)
<6>[   29.677181] snd_hda_codec_realtek hdaudioC0D0:    mono: mono_out=0x0
<6>[   29.677183] snd_hda_codec_realtek hdaudioC0D0:    inputs:
<6>[   29.677186] snd_hda_codec_realtek hdaudioC0D0:      Mic=0x19
<6>[   29.677189] snd_hda_codec_realtek hdaudioC0D0:      Internal Mic=0x12
<6>[   29.723651] input: HDA Intel PCH Mic as /devices/pci0000:00/0000:00:1b.0/sound/card0/input9
<6>[   29.723734] input: HDA Intel PCH Front Headphone as /devices/pci0000:00/0000:00:1b.0/sound/card0/input10
<6>[   29.723811] input: HDA Intel PCH HDMI/DP,pcm=3 as /devices/pci0000:00/0000:00:1b.0/sound/card0/input11
<6>[   30.132178] cfg80211: World regulatory domain updated:
<6>[   30.132182] cfg80211:  DFS Master region: unset
<6>[   30.132183] cfg80211:   (start_freq - end_freq @ bandwidth), (max_antenna_gain, max_eirp), (dfs_cac_time)
<6>[   30.132185] cfg80211:   (2402000 KHz - 2472000 KHz @ 40000 KHz), (300 mBi, 2000 mBm), (N/A)
<6>[   30.132187] cfg80211:   (2457000 KHz - 2482000 KHz @ 40000 KHz), (300 mBi, 2000 mBm), (N/A)
<6>[   30.132188] cfg80211:   (2474000 KHz - 2494000 KHz @ 20000 KHz), (300 mBi, 2000 mBm), (N/A)
<6>[   30.132189] cfg80211:   (5170000 KHz - 5250000 KHz @ 40000 KHz), (300 mBi, 2000 mBm), (N/A)
<6>[   30.132191] cfg80211:   (5735000 KHz - 5835000 KHz @ 40000 KHz), (300 mBi, 2000 mBm), (N/A)
<12>[   30.146550] init: ttyS0 main process (2260) terminated with status 1
<12>[   30.146564] init: ttyS0 main process ended, respawning
<12>[   30.158914] init: ttyS0 main process (2275) terminated with status 1
<12>[   30.158927] init: ttyS0 main process ended, respawning
<12>[   30.170460] init: ttyS0 main process (2285) terminated with status 1
<12>[   30.170469] init: ttyS0 main process ended, respawning
<12>[   30.179055] init: plymouth-upstart-bridge main process ended, respawning
<12>[   30.179585] init: ttyS0 main process (2291) terminated with status 1
<12>[   30.179594] init: ttyS0 main process ended, respawning
<12>[   30.194048] init: ttyS0 main process (2298) terminated with status 1
<12>[   30.194058] init: ttyS0 main process ended, respawning
<12>[   30.199767] init: ttyS0 main process (2312) terminated with status 1
<12>[   30.199777] init: ttyS0 main process ended, respawning
<12>[   30.203872] init: ttyS0 main process (2314) terminated with status 1
<12>[   30.203886] init: ttyS0 main process ended, respawning
<12>[   30.208197] init: ttyS0 main process (2316) terminated with status 1
<12>[   30.208210] init: ttyS0 main process ended, respawning
<12>[   30.212380] init: ttyS0 main process (2318) terminated with status 1
<12>[   30.212390] init: ttyS0 main process ended, respawning
<12>[   30.216386] init: ttyS0 main process (2320) terminated with status 1
<12>[   30.216396] init: ttyS0 main process ended, respawning
<12>[   30.220046] init: ttyS0 main process (2322) terminated with status 1
<12>[   30.220057] init: ttyS0 respawning too fast, stopped
<5>[   33.950596] efi_runtime: module verification failed: signature and/or required key missing - tainting kernel
<6>[   33.950796] EFI_RUNTIME Driver v0.1
<6>[   33.956013] EFI_RUNTIME Driver Exit.
<6>[   34.006020] EFI_RUNTIME Driver v0.1
<6>[   34.019552] EFI_RUNTIME Driver Exit.
<6>[   34.038716] EFI_RUNTIME Driver v0.1
<6>[   50.543342] EFI_RUNTIME Driver Exit.
<6>[   50.557560] EFI_RUNTIME Driver v0.1
<3>[   50.558214] efitime: can't read time
<3>[   50.558350] efitime: can't read time
<6>[   53.565155] EFI_RUNTIME Driver Exit.
