<6>[    0.000000] Initializing cgroup subsys cpuset
<6>[    0.000000] Initializing cgroup subsys cpu
<6>[    0.000000] Initializing cgroup subsys cpuacct
<5>[    0.000000] Linux version 4.2.0-18-generic (buildd@lgw01-55) (gcc version 4.8.2 (Ubuntu 4.8.2-19ubuntu1) ) #22~14.04.1-Ubuntu SMP Fri Nov 6 22:20:11 UTC 2015 (Ubuntu 4.2.0-18.22~14.04.1-generic 4.2.3)
<6>[    0.000000] Command line: initrd=/casper/initrd.lz boot=casper config ip=frommedia persistent noprompt splash quiet FWTS_AUTO_SHUTDOWN=1 username=ubuntu hostname=fwts-live  quiet BOOT_IMAGE=/casper/vmlinuz 
<6>[    0.000000] KERNEL supported cpus:
<6>[    0.000000]   Intel GenuineIntel
<6>[    0.000000]   AMD AuthenticAMD
<6>[    0.000000]   Centaur CentaurHauls
<6>[    0.000000] x86/fpu: xstate_offset[2]: 0240, xstate_sizes[2]: 0100
<6>[    0.000000] x86/fpu: Supporting XSAVE feature 0x01: 'x87 floating point registers'
<6>[    0.000000] x86/fpu: Supporting XSAVE feature 0x02: 'SSE registers'
<6>[    0.000000] x86/fpu: Supporting XSAVE feature 0x04: 'AVX registers'
<6>[    0.000000] x86/fpu: Enabled xstate features 0x7, context size is 0x340 bytes, using 'standard' format.
<6>[    0.000000] x86/fpu: Using 'eager' FPU context switches.
<6>[    0.000000] e820: BIOS-provided physical RAM map:
<6>[    0.000000] BIOS-e820: [mem 0x0000000000000000-0x000000000009bfff] usable
<6>[    0.000000] BIOS-e820: [mem 0x000000000009c000-0x000000000009ffff] reserved
<6>[    0.000000] BIOS-e820: [mem 0x00000000000e0000-0x00000000000fffff] reserved
<6>[    0.000000] BIOS-e820: [mem 0x0000000000100000-0x00000000cf231fff] usable
<6>[    0.000000] BIOS-e820: [mem 0x00000000cf232000-0x00000000cf275fff] reserved
<6>[    0.000000] BIOS-e820: [mem 0x00000000cf276000-0x00000000cf5b6fff] usable
<6>[    0.000000] BIOS-e820: [mem 0x00000000cf5b7000-0x00000000cf5e6fff] reserved
<6>[    0.000000] BIOS-e820: [mem 0x00000000cf5e7000-0x00000000cf7e6fff] ACPI NVS
<6>[    0.000000] BIOS-e820: [mem 0x00000000cf7e7000-0x00000000cf7fefff] ACPI data
<6>[    0.000000] BIOS-e820: [mem 0x00000000cf7ff000-0x00000000cf7fffff] usable
<6>[    0.000000] BIOS-e820: [mem 0x00000000fed1c000-0x00000000fed1ffff] reserved
<6>[    0.000000] BIOS-e820: [mem 0x00000000ffd80000-0x00000000ffd9ffff] reserved
<6>[    0.000000] BIOS-e820: [mem 0x0000000100000000-0x000000012effffff] usable
<6>[    0.000000] NX (Execute Disable) protection: active
<6>[    0.000000] SMBIOS 2.6 present.
<7>[    0.000000] DMI: Dell Inc. OptiPlex 390/0M5DCD, BIOS A03 10/26/2011
<7>[    0.000000] e820: update [mem 0x00000000-0x00000fff] usable ==> reserved
<7>[    0.000000] e820: remove [mem 0x000a0000-0x000fffff] usable
<6>[    0.000000] e820: last_pfn = 0x12f000 max_arch_pfn = 0x400000000
<7>[    0.000000] MTRR default type: uncachable
<7>[    0.000000] MTRR fixed ranges enabled:
<7>[    0.000000]   00000-9FFFF write-back
<7>[    0.000000]   A0000-BFFFF uncachable
<7>[    0.000000]   C0000-FFFFF write-protect
<7>[    0.000000] MTRR variable ranges enabled:
<7>[    0.000000]   0 base 000000000 mask F80000000 write-back
<7>[    0.000000]   1 base 080000000 mask FC0000000 write-back
<7>[    0.000000]   2 base 0C0000000 mask FF0000000 write-back
<7>[    0.000000]   3 base 100000000 mask FE0000000 write-back
<7>[    0.000000]   4 base 120000000 mask FF0000000 write-back
<7>[    0.000000]   5 base 12F000000 mask FFF000000 uncachable
<7>[    0.000000]   6 base 0FFC00000 mask FFFC00000 write-protect
<7>[    0.000000]   7 disabled
<7>[    0.000000]   8 disabled
<7>[    0.000000]   9 disabled
<6>[    0.000000] x86/PAT: Configuration [0-7]: WB  WC  UC- UC  WB  WC  UC- WT  
<6>[    0.000000] e820: last_pfn = 0xcf800 max_arch_pfn = 0x400000000
<6>[    0.000000] found SMP MP-table at [mem 0x000f3c70-0x000f3c7f] mapped at [ffff8800000f3c70]
<6>[    0.000000] Scanning 1 areas for low memory corruption
<7>[    0.000000] Base memory trampoline at [ffff880000096000] 96000 size 24576
<6>[    0.000000] init_memory_mapping: [mem 0x00000000-0x000fffff]
<7>[    0.000000]  [mem 0x00000000-0x000fffff] page 4k
<7>[    0.000000] BRK [0x01ff2000, 0x01ff2fff] PGTABLE
<7>[    0.000000] BRK [0x01ff3000, 0x01ff3fff] PGTABLE
<7>[    0.000000] BRK [0x01ff4000, 0x01ff4fff] PGTABLE
<6>[    0.000000] init_memory_mapping: [mem 0x12ee00000-0x12effffff]
<7>[    0.000000]  [mem 0x12ee00000-0x12effffff] page 2M
<7>[    0.000000] BRK [0x01ff5000, 0x01ff5fff] PGTABLE
<6>[    0.000000] init_memory_mapping: [mem 0x120000000-0x12edfffff]
<7>[    0.000000]  [mem 0x120000000-0x12edfffff] page 2M
<6>[    0.000000] init_memory_mapping: [mem 0x100000000-0x11fffffff]
<7>[    0.000000]  [mem 0x100000000-0x11fffffff] page 2M
<6>[    0.000000] init_memory_mapping: [mem 0x00100000-0xcf231fff]
<7>[    0.000000]  [mem 0x00100000-0x001fffff] page 4k
<7>[    0.000000]  [mem 0x00200000-0xcf1fffff] page 2M
<7>[    0.000000]  [mem 0xcf200000-0xcf231fff] page 4k
<6>[    0.000000] init_memory_mapping: [mem 0xcf276000-0xcf5b6fff]
<7>[    0.000000]  [mem 0xcf276000-0xcf5b6fff] page 4k
<7>[    0.000000] BRK [0x01ff6000, 0x01ff6fff] PGTABLE
<6>[    0.000000] init_memory_mapping: [mem 0xcf7ff000-0xcf7fffff]
<7>[    0.000000]  [mem 0xcf7ff000-0xcf7fffff] page 4k
<7>[    0.000000] BRK [0x01ff7000, 0x01ff7fff] PGTABLE
<6>[    0.000000] RAMDISK: [mem 0x7f2bd000-0x7fffefff]
<6>[    0.000000] ACPI: Early table checksum verification disabled
<4>[    0.000000] ACPI: RSDP 0x00000000000FE300 000024 (v02 DELL  )
<4>[    0.000000] ACPI: XSDT 0x00000000CF7FDE18 00006C (v01 DELL   CBX3     06222004 MSFT 00010013)
<4>[    0.000000] ACPI: FACP 0x00000000CF787D98 0000F4 (v04 DELL   CBX3     06222004 MSFT 00010013)
<4>[    0.000000] ACPI: DSDT 0x00000000CF773018 006EA5 (v02 INT430 SYSFexxx 00001001 INTL 20090903)
<4>[    0.000000] ACPI: FACS 0x00000000CF7E4E40 000040
<4>[    0.000000] ACPI: FACS 0x00000000CF7E4D40 000040
<4>[    0.000000] ACPI: APIC 0x00000000CF7FCF18 0000CC (v02 DELL   CBX3     06222004 MSFT 00010013)
<4>[    0.000000] ACPI: MCFG 0x00000000CF7E5D18 00003C (v01 DELL   SNDYBRDG 06222004 MSFT 00000097)
<4>[    0.000000] ACPI: HPET 0x00000000CF7E5C98 000038 (v01 A M I   PCHHPET 06222004 AMI. 00000003)
<4>[    0.000000] ACPI: BOOT 0x00000000CF7E5C18 000028 (v01 DELL   CBX3     06222004 AMI  00010013)
<4>[    0.000000] ACPI: SSDT 0x00000000CF77F818 0007C2 (v01 PmRef  Cpu0Ist  00003000 INTL 20090903)
<4>[    0.000000] ACPI: SSDT 0x00000000CF77E018 000996 (v01 PmRef  CpuPm    00003000 INTL 20090903)
<4>[    0.000000] ACPI: DMAR 0x00000000CF7E4B18 0000B0 (v01 INTEL  SNB      00000001 INTL 00000001)
<4>[    0.000000] ACPI: SLIC 0x00000000CF788A18 000176 (v03 DELL   CBX3     06222004 MSFT 00010013)
<7>[    0.000000] ACPI: Local APIC address 0xfee00000
<6>[    0.000000] No NUMA configuration found
<6>[    0.000000] Faking a node at [mem 0x0000000000000000-0x000000012effffff]
<6>[    0.000000] NODE_DATA(0) allocated [mem 0x12eff7000-0x12effbfff]
<7>[    0.000000]  [ffffea0000000000-ffffea0004bfffff] PMD -> [ffff88012a600000-ffff88012e5fffff] on node 0
<6>[    0.000000] Zone ranges:
<6>[    0.000000]   DMA      [mem 0x0000000000001000-0x0000000000ffffff]
<6>[    0.000000]   DMA32    [mem 0x0000000001000000-0x00000000ffffffff]
<6>[    0.000000]   Normal   [mem 0x0000000100000000-0x000000012effffff]
<6>[    0.000000] Movable zone start for each node
<6>[    0.000000] Early memory node ranges
<6>[    0.000000]   node   0: [mem 0x0000000000001000-0x000000000009bfff]
<6>[    0.000000]   node   0: [mem 0x0000000000100000-0x00000000cf231fff]
<6>[    0.000000]   node   0: [mem 0x00000000cf276000-0x00000000cf5b6fff]
<6>[    0.000000]   node   0: [mem 0x00000000cf7ff000-0x00000000cf7fffff]
<6>[    0.000000]   node   0: [mem 0x0000000100000000-0x000000012effffff]
<6>[    0.000000] Initmem setup node 0 [mem 0x0000000000001000-0x000000012effffff]
<7>[    0.000000] On node 0 totalpages: 1041679
<7>[    0.000000]   DMA zone: 64 pages used for memmap
<7>[    0.000000]   DMA zone: 21 pages reserved
<7>[    0.000000]   DMA zone: 3995 pages, LIFO batch:0
<7>[    0.000000]   DMA32 zone: 13206 pages used for memmap
<7>[    0.000000]   DMA32 zone: 845172 pages, LIFO batch:31
<7>[    0.000000]   Normal zone: 3008 pages used for memmap
<7>[    0.000000]   Normal zone: 192512 pages, LIFO batch:31
<6>[    0.000000] ACPI: PM-Timer IO Port: 0x408
<7>[    0.000000] ACPI: Local APIC address 0xfee00000
<6>[    0.000000] IOAPIC[0]: apic_id 2, version 32, address 0xfec00000, GSI 0-23
<6>[    0.000000] ACPI: INT_SRC_OVR (bus 0 bus_irq 0 global_irq 2 dfl dfl)
<6>[    0.000000] ACPI: INT_SRC_OVR (bus 0 bus_irq 9 global_irq 9 high level)
<7>[    0.000000] ACPI: IRQ0 used by override.
<7>[    0.000000] ACPI: IRQ9 used by override.
<6>[    0.000000] Using ACPI (MADT) for SMP configuration information
<6>[    0.000000] ACPI: HPET id: 0x8086a701 base: 0xfed00000
<6>[    0.000000] smpboot: Allowing 16 CPUs, 12 hotplug CPUs
<6>[    0.000000] PM: Registered nosave memory: [mem 0x00000000-0x00000fff]
<6>[    0.000000] PM: Registered nosave memory: [mem 0x0009c000-0x0009ffff]
<6>[    0.000000] PM: Registered nosave memory: [mem 0x000a0000-0x000dffff]
<6>[    0.000000] PM: Registered nosave memory: [mem 0x000e0000-0x000fffff]
<6>[    0.000000] PM: Registered nosave memory: [mem 0xcf232000-0xcf275fff]
<6>[    0.000000] PM: Registered nosave memory: [mem 0xcf5b7000-0xcf5e6fff]
<6>[    0.000000] PM: Registered nosave memory: [mem 0xcf5e7000-0xcf7e6fff]
<6>[    0.000000] PM: Registered nosave memory: [mem 0xcf7e7000-0xcf7fefff]
<6>[    0.000000] PM: Registered nosave memory: [mem 0xcf800000-0xfed1bfff]
<6>[    0.000000] PM: Registered nosave memory: [mem 0xfed1c000-0xfed1ffff]
<6>[    0.000000] PM: Registered nosave memory: [mem 0xfed20000-0xffd7ffff]
<6>[    0.000000] PM: Registered nosave memory: [mem 0xffd80000-0xffd9ffff]
<6>[    0.000000] PM: Registered nosave memory: [mem 0xffda0000-0xffffffff]
<6>[    0.000000] e820: [mem 0xcf800000-0xfed1bfff] available for PCI devices
<6>[    0.000000] Booting paravirtualized kernel on bare hardware
<6>[    0.000000] clocksource: refined-jiffies: mask: 0xffffffff max_cycles: 0xffffffff, max_idle_ns: 7645519600211568 ns
<6>[    0.000000] setup_percpu: NR_CPUS:256 nr_cpumask_bits:256 nr_cpu_ids:16 nr_node_ids:1
<6>[    0.000000] PERCPU: Embedded 33 pages/cpu @ffff88012a200000 s96728 r8192 d30248 u262144
<7>[    0.000000] pcpu-alloc: s96728 r8192 d30248 u262144 alloc=1*2097152
<7>[    0.000000] pcpu-alloc: [0] 00 01 02 03 04 05 06 07 [0] 08 09 10 11 12 13 14 15 
<6>[    0.000000] Built 1 zonelists in Node order, mobility grouping on.  Total pages: 1025380
<6>[    0.000000] Policy zone: Normal
<5>[    0.000000] Kernel command line: initrd=/casper/initrd.lz boot=casper config ip=frommedia persistent noprompt splash quiet FWTS_AUTO_SHUTDOWN=1 username=ubuntu hostname=fwts-live  quiet BOOT_IMAGE=/casper/vmlinuz 
<6>[    0.000000] PID hash table entries: 4096 (order: 3, 32768 bytes)
<7>[    0.000000] Calgary: detecting Calgary via BIOS EBDA area
<7>[    0.000000] Calgary: Unable to locate Rio Grande table in EBDA - bailing!
<6>[    0.000000] Memory: 4002716K/4166716K available (7932K kernel code, 1242K rwdata, 3812K rodata, 1464K init, 1292K bss, 164000K reserved, 0K cma-reserved)
<6>[    0.000000] SLUB: HWalign=64, Order=0-3, MinObjects=0, CPUs=16, Nodes=1
<6>[    0.000000] Hierarchical RCU implementation.
<6>[    0.000000] 	Build-time adjustment of leaf fanout to 64.
<6>[    0.000000] 	RCU restricting CPUs from NR_CPUS=256 to nr_cpu_ids=16.
<6>[    0.000000] RCU: Adjusting geometry for rcu_fanout_leaf=64, nr_cpu_ids=16
<6>[    0.000000] NR_IRQS:16640 nr_irqs:552 16
<6>[    0.000000] 	Offload RCU callbacks from all CPUs
<6>[    0.000000] 	Offload RCU callbacks from CPUs: 0-15.
<6>[    0.000000] Console: colour VGA+ 80x25
<6>[    0.000000] console [tty0] enabled
<6>[    0.000000] clocksource: hpet: mask: 0xffffffff max_cycles: 0xffffffff, max_idle_ns: 133484882848 ns
<7>[    0.000000] hpet clockevent registered
<6>[    0.000000] tsc: Fast TSC calibration using PIT
<6>[    0.000000] tsc: Detected 3092.946 MHz processor
<6>[    0.000028] Calibrating delay loop (skipped), value calculated using timer frequency.. 6185.89 BogoMIPS (lpj=12371784)
<6>[    0.000030] pid_max: default: 32768 minimum: 301
<6>[    0.000035] ACPI: Core revision 20150619
<4>[    0.003782] ACPI: All ACPI Tables successfully acquired
<6>[    0.003800] Security Framework initialized
<6>[    0.003811] AppArmor: AppArmor initialized
<6>[    0.003812] Yama: becoming mindful.
<6>[    0.004034] Dentry cache hash table entries: 524288 (order: 10, 4194304 bytes)
<6>[    0.004969] Inode-cache hash table entries: 262144 (order: 9, 2097152 bytes)
<6>[    0.005369] Mount-cache hash table entries: 8192 (order: 4, 65536 bytes)
<6>[    0.005374] Mountpoint-cache hash table entries: 8192 (order: 4, 65536 bytes)
<6>[    0.005569] Initializing cgroup subsys blkio
<6>[    0.005572] Initializing cgroup subsys memory
<6>[    0.005579] Initializing cgroup subsys devices
<6>[    0.005581] Initializing cgroup subsys freezer
<6>[    0.005582] Initializing cgroup subsys net_cls
<6>[    0.005584] Initializing cgroup subsys perf_event
<6>[    0.005587] Initializing cgroup subsys net_prio
<6>[    0.005589] Initializing cgroup subsys hugetlb
<6>[    0.005608] CPU: Physical Processor ID: 0
<6>[    0.005608] CPU: Processor Core ID: 0
<4>[    0.005612] ENERGY_PERF_BIAS: Set to 'normal', was 'performance'
<4>[    0.005613] ENERGY_PERF_BIAS: View and update with x86_energy_perf_policy(8)
<6>[    0.005614] mce: CPU supports 9 MCE banks
<6>[    0.005625] CPU0: Thermal monitoring enabled (TM1)
<6>[    0.005630] process: using mwait in idle threads
<6>[    0.005632] Last level iTLB entries: 4KB 512, 2MB 8, 4MB 8
<6>[    0.005633] Last level dTLB entries: 4KB 512, 2MB 32, 4MB 32, 1GB 0
<6>[    0.005745] Freeing SMP alternatives memory: 28K (ffffffff81ea6000 - ffffffff81ead000)
<6>[    0.007886] ftrace: allocating 30954 entries in 121 pages
<6>[    0.019940] DMAR: Host address width 36
<6>[    0.019942] DMAR: DRHD base: 0x000000fed91000 flags: 0x1
<6>[    0.019949] DMAR: dmar0: reg_base_addr fed91000 ver 1:0 cap c9008020660262 ecap f0105a
<6>[    0.019950] DMAR: RMRR base: 0x000000cf5c6000 end: 0x000000cf5d5fff
<6>[    0.019952] DMAR-IR: IOAPIC id 2 under DRHD base  0xfed91000 IOMMU 0
<6>[    0.019953] DMAR-IR: HPET id 0 under DRHD base 0xfed91000
<6>[    0.019954] DMAR-IR: Queued invalidation will be enabled to support x2apic and Intr-remapping.
<6>[    0.020140] DMAR-IR: Enabled IRQ remapping in x2apic mode
<6>[    0.020141] x2apic enabled
<6>[    0.020147] Switched APIC routing to cluster x2apic.
<6>[    0.020560] ..TIMER: vector=0x30 apic1=0 pin1=2 apic2=-1 pin2=-1
<7>[    0.060239] TSC deadline timer enabled
<6>[    0.060242] smpboot: CPU0: Intel(R) Core(TM) i5-2400 CPU @ 3.10GHz (fam: 06, model: 2a, stepping: 07)
<6>[    0.060263] Performance Events: PEBS fmt1+, 16-deep LBR, SandyBridge events, full-width counters, Intel PMU driver.
<6>[    0.060279] perf_event_intel: PEBS disabled due to CPU errata, please upgrade microcode
<6>[    0.060281] ... version:                3
<6>[    0.060282] ... bit width:              48
<6>[    0.060282] ... generic registers:      8
<6>[    0.060283] ... value mask:             0000ffffffffffff
<6>[    0.060284] ... max period:             0000ffffffffffff
<6>[    0.060285] ... fixed-purpose events:   3
<6>[    0.060285] ... event mask:             00000007000000ff
<6>[    0.060985] x86: Booting SMP configuration:
<6>[    0.060987] .... node  #0, CPUs:        #1
<6>[    0.064286] NMI watchdog: enabled on all CPUs, permanently consumes one hw-PMU counter.
<4>[    0.064372]   #2  #3
<6>[    0.070698] x86: Booted up 1 node, 4 CPUs
<6>[    0.070701] smpboot: Total of 4 processors activated (24743.56 BogoMIPS)
<6>[    0.073196] devtmpfs: initialized
<6>[    0.076007] evm: security.selinux
<6>[    0.076008] evm: security.SMACK64
<6>[    0.076009] evm: security.SMACK64EXEC
<6>[    0.076010] evm: security.SMACK64TRANSMUTE
<6>[    0.076010] evm: security.SMACK64MMAP
<6>[    0.076011] evm: security.ima
<6>[    0.076012] evm: security.capability
<6>[    0.076073] PM: Registering ACPI NVS region [mem 0xcf5e7000-0xcf7e6fff] (2097152 bytes)
<6>[    0.076101] reboot: Dell OptiPlex 390 series board detected. Selecting PCI-method for reboots.
<6>[    0.076154] clocksource: jiffies: mask: 0xffffffff max_cycles: 0xffffffff, max_idle_ns: 7645041785100000 ns
<6>[    0.076215] pinctrl core: initialized pinctrl subsystem
<6>[    0.076308] RTC time: 13:40:40, date: 02/12/16
<6>[    0.076399] NET: Registered protocol family 16
<6>[    0.089038] cpuidle: using governor ladder
<6>[    0.097043] cpuidle: using governor menu
<6>[    0.097138] Simple Boot Flag at 0xf3 set to 0x1
<6>[    0.097183] ACPI FADT declares the system doesn't support PCIe ASPM, so disable it
<6>[    0.097185] ACPI: bus type PCI registered
<6>[    0.097186] acpiphp: ACPI Hot Plug PCI Controller Driver version: 0.5
<6>[    0.097253] PCI: MMCONFIG for domain 0000 [bus 00-3f] at [mem 0xf8000000-0xfbffffff] (base 0xf8000000)
<6>[    0.097255] PCI: not using MMCONFIG
<6>[    0.097256] PCI: Using configuration type 1 for base access
<6>[    0.097261] dmi type 0xB1 record - unknown flag
<6>[    0.097613] NMI watchdog: enabled on all CPUs, permanently consumes one hw-PMU counter.
<6>[    0.097631] perf_event_intel: PMU erratum BJ122, BV98, HSD29 workaround disabled, HT off
<6>[    0.113354] ACPI: Added _OSI(Module Device)
<6>[    0.113355] ACPI: Added _OSI(Processor Device)
<6>[    0.113356] ACPI: Added _OSI(3.0 _SCP Extensions)
<6>[    0.113357] ACPI: Added _OSI(Processor Aggregator Device)
<5>[    0.116338] [Firmware Bug]: ACPI: BIOS _OSI(Linux) query ignored
<4>[    0.117735] ACPI: Dynamic OEM Table Load:
<4>[    0.117741] ACPI: SSDT 0xFFFF880128DF2800 000727 (v01 PmRef  Cpu0Cst  00003001 INTL 20090903)
<4>[    0.118067] ACPI: Dynamic OEM Table Load:
<4>[    0.118071] ACPI: SSDT 0xFFFF880128EB0C00 000303 (v01 PmRef  ApIst    00003000 INTL 20090903)
<4>[    0.118346] ACPI: Dynamic OEM Table Load:
<4>[    0.118349] ACPI: SSDT 0xFFFF8801292E5400 000119 (v01 PmRef  ApCst    00003000 INTL 20090903)
<6>[    0.118844] ACPI: Interpreter enabled
<4>[    0.118848] ACPI Exception: AE_NOT_FOUND, While evaluating Sleep State [\_S1_] (20150619/hwxface-580)
<4>[    0.118851] ACPI Exception: AE_NOT_FOUND, While evaluating Sleep State [\_S2_] (20150619/hwxface-580)
<6>[    0.118861] ACPI: (supports S0 S3 S4 S5)
<6>[    0.118863] ACPI: Using IOAPIC for interrupt routing
<6>[    0.118874] PCI: MMCONFIG for domain 0000 [bus 00-3f] at [mem 0xf8000000-0xfbffffff] (base 0xf8000000)
<6>[    0.119097] PCI: MMCONFIG at [mem 0xf8000000-0xfbffffff] reserved in ACPI motherboard resources
<6>[    0.119110] PCI: Using host bridge windows from ACPI; if necessary, use "pci=nocrs" and report a bug
<6>[    0.122530] ACPI: PCI Root Bridge [PCI0] (domain 0000 [bus 00-3e])
<6>[    0.122534] acpi PNP0A08:00: _OSC: OS supports [ExtendedConfig ASPM ClockPM Segments MSI]
<7>[    0.122557] \_SB_.PCI0:_OSC invalid UUID
<7>[    0.122558] _OSC request data:1 1f 0 
<6>[    0.122561] acpi PNP0A08:00: _OSC failed (AE_ERROR); disabling ASPM
<6>[    0.122869] PCI host bridge to bus 0000:00
<6>[    0.122871] pci_bus 0000:00: root bus resource [bus 00-3e]
<6>[    0.122873] pci_bus 0000:00: root bus resource [io  0x0000-0x0cf7 window]
<6>[    0.122875] pci_bus 0000:00: root bus resource [io  0x0d00-0xffff window]
<6>[    0.122877] pci_bus 0000:00: root bus resource [mem 0x000a0000-0x000bffff window]
<6>[    0.122878] pci_bus 0000:00: root bus resource [mem 0xd0000000-0xfeafffff window]
<6>[    0.122880] pci_bus 0000:00: root bus resource [mem 0xfed40000-0xfed44fff window]
<7>[    0.122885] pci 0000:00:00.0: [8086:0100] type 00 class 0x060000
<7>[    0.122949] pci 0000:00:01.0: [8086:0101] type 01 class 0x060400
<7>[    0.122972] pci 0000:00:01.0: PME# supported from D0 D3hot D3cold
<6>[    0.122997] pci 0000:00:01.0: System wakeup disabled by ACPI
<7>[    0.123051] pci 0000:00:16.0: [8086:1c3a] type 00 class 0x078000
<7>[    0.123082] pci 0000:00:16.0: reg 0x10: [mem 0xe4b60000-0xe4b6000f 64bit]
<7>[    0.123137] pci 0000:00:16.0: PME# supported from D0 D3hot D3cold
<7>[    0.123201] pci 0000:00:1a.0: [8086:1c2d] type 00 class 0x0c0320
<7>[    0.123228] pci 0000:00:1a.0: reg 0x10: [mem 0xe4b40000-0xe4b403ff]
<7>[    0.123292] pci 0000:00:1a.0: PME# supported from D0 D3hot D3cold
<6>[    0.123331] pci 0000:00:1a.0: System wakeup disabled by ACPI
<7>[    0.123365] pci 0000:00:1b.0: [8086:1c20] type 00 class 0x040300
<7>[    0.123390] pci 0000:00:1b.0: reg 0x10: [mem 0xe4b30000-0xe4b33fff 64bit]
<7>[    0.123443] pci 0000:00:1b.0: PME# supported from D0 D3hot D3cold
<6>[    0.123472] pci 0000:00:1b.0: System wakeup disabled by ACPI
<7>[    0.123508] pci 0000:00:1c.0: [8086:1c10] type 01 class 0x060400
<7>[    0.123624] pci 0000:00:1c.0: PME# supported from D0 D3hot D3cold
<6>[    0.123660] pci 0000:00:1c.0: System wakeup disabled by ACPI
<7>[    0.123696] pci 0000:00:1c.2: [8086:1c14] type 01 class 0x060400
<7>[    0.123811] pci 0000:00:1c.2: PME# supported from D0 D3hot D3cold
<6>[    0.123847] pci 0000:00:1c.2: System wakeup disabled by ACPI
<7>[    0.123879] pci 0000:00:1c.4: [8086:1c18] type 01 class 0x060400
<7>[    0.123944] pci 0000:00:1c.4: PME# supported from D0 D3hot D3cold
<6>[    0.123974] pci 0000:00:1c.4: System wakeup disabled by ACPI
<7>[    0.124008] pci 0000:00:1d.0: [8086:1c26] type 00 class 0x0c0320
<7>[    0.124034] pci 0000:00:1d.0: reg 0x10: [mem 0xe4b20000-0xe4b203ff]
<7>[    0.124098] pci 0000:00:1d.0: PME# supported from D0 D3hot D3cold
<6>[    0.124136] pci 0000:00:1d.0: System wakeup disabled by ACPI
<7>[    0.124169] pci 0000:00:1f.0: [8086:1c5c] type 00 class 0x060100
<7>[    0.124310] pci 0000:00:1f.2: [8086:1c00] type 00 class 0x01018f
<7>[    0.124329] pci 0000:00:1f.2: reg 0x10: [io  0x50d0-0x50d7]
<7>[    0.124336] pci 0000:00:1f.2: reg 0x14: [io  0x50c0-0x50c3]
<7>[    0.124343] pci 0000:00:1f.2: reg 0x18: [io  0x50b0-0x50b7]
<7>[    0.124350] pci 0000:00:1f.2: reg 0x1c: [io  0x50a0-0x50a3]
<7>[    0.124357] pci 0000:00:1f.2: reg 0x20: [io  0x5090-0x509f]
<7>[    0.124364] pci 0000:00:1f.2: reg 0x24: [io  0x5080-0x508f]
<7>[    0.124429] pci 0000:00:1f.3: [8086:1c22] type 00 class 0x0c0500
<7>[    0.124444] pci 0000:00:1f.3: reg 0x10: [mem 0xe4b10000-0xe4b100ff 64bit]
<7>[    0.124464] pci 0000:00:1f.3: reg 0x20: [io  0x5000-0x501f]
<7>[    0.124527] pci 0000:00:1f.5: [8086:1c08] type 00 class 0x010185
<7>[    0.124545] pci 0000:00:1f.5: reg 0x10: [io  0x5070-0x5077]
<7>[    0.124552] pci 0000:00:1f.5: reg 0x14: [io  0x5060-0x5063]
<7>[    0.124559] pci 0000:00:1f.5: reg 0x18: [io  0x5050-0x5057]
<7>[    0.124567] pci 0000:00:1f.5: reg 0x1c: [io  0x5040-0x5043]
<7>[    0.124574] pci 0000:00:1f.5: reg 0x20: [io  0x5030-0x503f]
<7>[    0.124581] pci 0000:00:1f.5: reg 0x24: [io  0x5020-0x502f]
<7>[    0.124678] pci 0000:01:00.0: [10de:10c3] type 00 class 0x030000
<7>[    0.124700] pci 0000:01:00.0: reg 0x10: [mem 0xe3000000-0xe3ffffff]
<7>[    0.124713] pci 0000:01:00.0: reg 0x14: [mem 0xd0000000-0xdfffffff 64bit pref]
<7>[    0.124725] pci 0000:01:00.0: reg 0x1c: [mem 0xe0000000-0xe1ffffff 64bit pref]
<7>[    0.124733] pci 0000:01:00.0: reg 0x24: [io  0x4000-0x407f]
<7>[    0.124741] pci 0000:01:00.0: reg 0x30: [mem 0xe4000000-0xe407ffff pref]
<7>[    0.124801] pci 0000:01:00.1: [10de:0be3] type 00 class 0x040300
<7>[    0.124822] pci 0000:01:00.1: reg 0x10: [mem 0xe4080000-0xe4083fff]
<6>[    0.129545] pci 0000:00:01.0: PCI bridge to [bus 01]
<7>[    0.129549] pci 0000:00:01.0:   bridge window [io  0x4000-0x4fff]
<7>[    0.129552] pci 0000:00:01.0:   bridge window [mem 0xe3000000-0xe40fffff]
<7>[    0.129557] pci 0000:00:01.0:   bridge window [mem 0xd0000000-0xe1ffffff 64bit pref]
<6>[    0.129635] pci 0000:00:1c.0: PCI bridge to [bus 02]
<6>[    0.129711] pci 0000:00:1c.2: PCI bridge to [bus 03]
<7>[    0.129715] pci 0000:00:1c.2:   bridge window [io  0x3000-0x3fff]
<7>[    0.129720] pci 0000:00:1c.2:   bridge window [mem 0xe4100000-0xe4afffff]
<7>[    0.129728] pci 0000:00:1c.2:   bridge window [mem 0xe2100000-0xe2afffff 64bit pref]
<7>[    0.129791] pci 0000:04:00.0: [10ec:8168] type 00 class 0x020000
<7>[    0.129837] pci 0000:04:00.0: reg 0x10: [io  0x2000-0x20ff]
<7>[    0.129870] pci 0000:04:00.0: reg 0x18: [mem 0xe2b10000-0xe2b10fff 64bit pref]
<7>[    0.129890] pci 0000:04:00.0: reg 0x20: [mem 0xe2b00000-0xe2b03fff 64bit pref]
<7>[    0.129956] pci 0000:04:00.0: supports D1 D2
<7>[    0.129957] pci 0000:04:00.0: PME# supported from D0 D1 D2 D3hot D3cold
<6>[    0.129986] pci 0000:04:00.0: System wakeup disabled by ACPI
<6>[    0.137548] pci 0000:00:1c.4: PCI bridge to [bus 04]
<7>[    0.137554] pci 0000:00:1c.4:   bridge window [io  0x2000-0x2fff]
<7>[    0.137565] pci 0000:00:1c.4:   bridge window [mem 0xe2b00000-0xe2bfffff 64bit pref]
<6>[    0.137944] ACPI: PCI Interrupt Link [LNKA] (IRQs 1 3 4 5 6 7 10 12 14 15) *11
<6>[    0.137981] ACPI: PCI Interrupt Link [LNKB] (IRQs 1 3 4 5 6 7 11 12 14 15) *10
<6>[    0.138017] ACPI: PCI Interrupt Link [LNKC] (IRQs 1 *3 4 5 6 7 10 12 14 15)
<6>[    0.138051] ACPI: PCI Interrupt Link [LNKD] (IRQs 1 3 4 5 6 7 11 12 14 15) *0, disabled.
<6>[    0.138086] ACPI: PCI Interrupt Link [LNKE] (IRQs 1 3 4 5 6 7 10 12 14 15) *0, disabled.
<6>[    0.138120] ACPI: PCI Interrupt Link [LNKF] (IRQs 1 3 4 5 6 7 11 12 14 15) *0, disabled.
<6>[    0.138155] ACPI: PCI Interrupt Link [LNKG] (IRQs 1 3 4 *5 6 7 10 12 14 15)
<6>[    0.138190] ACPI: PCI Interrupt Link [LNKH] (IRQs 1 3 4 5 6 7 11 12 14 15) *0, disabled.
<4>[    0.138244] ACPI: Enabled 2 GPEs in block 00 to 3F
<6>[    0.138322] vgaarb: setting as boot device: PCI:0000:01:00.0
<6>[    0.138324] vgaarb: device added: PCI:0000:01:00.0,decodes=io+mem,owns=io+mem,locks=none
<6>[    0.138325] vgaarb: loaded
<6>[    0.138326] vgaarb: bridge control possible 0000:01:00.0
<5>[    0.138494] SCSI subsystem initialized
<7>[    0.138539] libata version 3.00 loaded.
<6>[    0.138568] ACPI: bus type USB registered
<6>[    0.138583] usbcore: registered new interface driver usbfs
<6>[    0.138590] usbcore: registered new interface driver hub
<6>[    0.138605] usbcore: registered new device driver usb
<6>[    0.138712] PCI: Using ACPI for IRQ routing
<7>[    0.140120] PCI: pci_cache_line_size set to 64 bytes
<7>[    0.140162] e820: reserve RAM buffer [mem 0x0009c000-0x0009ffff]
<7>[    0.140163] e820: reserve RAM buffer [mem 0xcf232000-0xcfffffff]
<7>[    0.140164] e820: reserve RAM buffer [mem 0xcf5b7000-0xcfffffff]
<7>[    0.140165] e820: reserve RAM buffer [mem 0xcf800000-0xcfffffff]
<7>[    0.140166] e820: reserve RAM buffer [mem 0x12f000000-0x12fffffff]
<6>[    0.140262] NetLabel: Initializing
<6>[    0.140263] NetLabel:  domain hash size = 128
<6>[    0.140264] NetLabel:  protocols = UNLABELED CIPSOv4
<6>[    0.140274] NetLabel:  unlabeled traffic allowed by default
<6>[    0.140349] hpet0: at MMIO 0xfed00000, IRQs 2, 8, 0, 0, 0, 0, 0, 0
<6>[    0.140353] hpet0: 8 comparators, 64-bit 14.318180 MHz counter
<6>[    0.142377] clocksource: Switched to clocksource hpet
<6>[    0.147026] AppArmor: AppArmor Filesystem Enabled
<6>[    0.147089] pnp: PnP ACPI init
<6>[    0.147210] system 00:00: [io  0x0680-0x069f] has been reserved
<6>[    0.147212] system 00:00: [io  0xffff] has been reserved
<6>[    0.147213] system 00:00: [io  0xffff] has been reserved
<6>[    0.147215] system 00:00: [io  0xffff] has been reserved
<6>[    0.147216] system 00:00: [io  0x0400-0x0453] could not be reserved
<6>[    0.147218] system 00:00: [io  0x0458-0x047f] has been reserved
<6>[    0.147219] system 00:00: [io  0x0500-0x057f] has been reserved
<6>[    0.147220] system 00:00: [io  0x164e-0x164f] has been reserved
<7>[    0.147224] system 00:00: Plug and Play ACPI device, IDs PNP0c02 (active)
<7>[    0.147246] pnp 00:01: Plug and Play ACPI device, IDs PNP0b00 (active)
<6>[    0.147283] system 00:02: [io  0x0454-0x0457] has been reserved
<7>[    0.147285] system 00:02: Plug and Play ACPI device, IDs INT3f0d PNP0c02 (active)
<7>[    0.147456] pnp 00:03: Plug and Play ACPI device, IDs PNP0501 (active)
<6>[    0.147585] system 00:04: [mem 0xfed1c000-0xfed1ffff] has been reserved
<6>[    0.147587] system 00:04: [mem 0xfed10000-0xfed17fff] has been reserved
<6>[    0.147588] system 00:04: [mem 0xfed18000-0xfed18fff] has been reserved
<6>[    0.147590] system 00:04: [mem 0xfed19000-0xfed19fff] has been reserved
<6>[    0.147591] system 00:04: [mem 0xf8000000-0xfbffffff] has been reserved
<6>[    0.147592] system 00:04: [mem 0xfed20000-0xfed3ffff] has been reserved
<6>[    0.147594] system 00:04: [mem 0xfed90000-0xfed93fff] could not be reserved
<6>[    0.147595] system 00:04: [mem 0xfed45000-0xfed8ffff] has been reserved
<6>[    0.147597] system 00:04: [mem 0xff000000-0xffffffff] could not be reserved
<6>[    0.147598] system 00:04: [mem 0xfee00000-0xfeefffff] has been reserved
<7>[    0.147600] system 00:04: Plug and Play ACPI device, IDs PNP0c02 (active)
<7>[    0.147630] system 00:05: Plug and Play ACPI device, IDs PNP0c01 (active)
<6>[    0.147700] pnp: PnP ACPI: found 6 devices
<6>[    0.153678] clocksource: acpi_pm: mask: 0xffffff max_cycles: 0xffffff, max_idle_ns: 2085701024 ns
<6>[    0.153717] pci 0000:00:01.0: PCI bridge to [bus 01]
<6>[    0.153719] pci 0000:00:01.0:   bridge window [io  0x4000-0x4fff]
<6>[    0.153722] pci 0000:00:01.0:   bridge window [mem 0xe3000000-0xe40fffff]
<6>[    0.153724] pci 0000:00:01.0:   bridge window [mem 0xd0000000-0xe1ffffff 64bit pref]
<6>[    0.153726] pci 0000:00:1c.0: PCI bridge to [bus 02]
<6>[    0.153743] pci 0000:00:1c.2: PCI bridge to [bus 03]
<6>[    0.153745] pci 0000:00:1c.2:   bridge window [io  0x3000-0x3fff]
<6>[    0.153752] pci 0000:00:1c.2:   bridge window [mem 0xe4100000-0xe4afffff]
<6>[    0.153756] pci 0000:00:1c.2:   bridge window [mem 0xe2100000-0xe2afffff 64bit pref]
<6>[    0.153764] pci 0000:00:1c.4: PCI bridge to [bus 04]
<6>[    0.153767] pci 0000:00:1c.4:   bridge window [io  0x2000-0x2fff]
<6>[    0.153773] pci 0000:00:1c.4:   bridge window [mem 0xe2b00000-0xe2bfffff 64bit pref]
<7>[    0.153780] pci_bus 0000:00: resource 4 [io  0x0000-0x0cf7 window]
<7>[    0.153781] pci_bus 0000:00: resource 5 [io  0x0d00-0xffff window]
<7>[    0.153783] pci_bus 0000:00: resource 6 [mem 0x000a0000-0x000bffff window]
<7>[    0.153784] pci_bus 0000:00: resource 7 [mem 0xd0000000-0xfeafffff window]
<7>[    0.153785] pci_bus 0000:00: resource 8 [mem 0xfed40000-0xfed44fff window]
<7>[    0.153787] pci_bus 0000:01: resource 0 [io  0x4000-0x4fff]
<7>[    0.153788] pci_bus 0000:01: resource 1 [mem 0xe3000000-0xe40fffff]
<7>[    0.153789] pci_bus 0000:01: resource 2 [mem 0xd0000000-0xe1ffffff 64bit pref]
<7>[    0.153791] pci_bus 0000:03: resource 0 [io  0x3000-0x3fff]
<7>[    0.153792] pci_bus 0000:03: resource 1 [mem 0xe4100000-0xe4afffff]
<7>[    0.153793] pci_bus 0000:03: resource 2 [mem 0xe2100000-0xe2afffff 64bit pref]
<7>[    0.153795] pci_bus 0000:04: resource 0 [io  0x2000-0x2fff]
<7>[    0.153796] pci_bus 0000:04: resource 2 [mem 0xe2b00000-0xe2bfffff 64bit pref]
<6>[    0.153824] NET: Registered protocol family 2
<6>[    0.153965] TCP established hash table entries: 32768 (order: 6, 262144 bytes)
<6>[    0.154041] TCP bind hash table entries: 32768 (order: 7, 524288 bytes)
<6>[    0.154143] TCP: Hash tables configured (established 32768 bind 32768)
<6>[    0.154166] UDP hash table entries: 2048 (order: 4, 65536 bytes)
<6>[    0.154182] UDP-Lite hash table entries: 2048 (order: 4, 65536 bytes)
<6>[    0.154238] NET: Registered protocol family 1
<7>[    0.154539] pci 0000:01:00.0: Video device with shadowed ROM
<7>[    0.154550] PCI: CLS 64 bytes, default 64
<6>[    0.154596] Trying to unpack rootfs image as initramfs...
<6>[    2.391293] Freeing initrd memory: 13576K (ffff88007f2bd000 - ffff88007ffff000)
<6>[    2.391338] PCI-DMA: Using software bounce buffering for IO (SWIOTLB)
<6>[    2.391340] software IO TLB [mem 0xcb232000-0xcf232000] (64MB) mapped at [ffff8800cb232000-ffff8800cf231fff]
<6>[    2.391432] RAPL PMU detected, API unit is 2^-32 Joules, 3 fixed counters 163840 ms ovfl timer
<6>[    2.391433] hw unit of domain pp0-core 2^-16 Joules
<6>[    2.391434] hw unit of domain package 2^-16 Joules
<6>[    2.391435] hw unit of domain pp1-gpu 2^-16 Joules
<6>[    2.391553] microcode: CPU0 sig=0x206a7, pf=0x2, revision=0x23
<6>[    2.391559] microcode: CPU1 sig=0x206a7, pf=0x2, revision=0x23
<6>[    2.391563] microcode: CPU2 sig=0x206a7, pf=0x2, revision=0x23
<6>[    2.391569] microcode: CPU3 sig=0x206a7, pf=0x2, revision=0x23
<6>[    2.391619] microcode: Microcode Update Driver: v2.00 <tigran@aivazian.fsnet.co.uk>, Peter Oruba
<6>[    2.391681] Scanning for low memory corruption every 60 seconds
<6>[    2.392034] futex hash table entries: 4096 (order: 6, 262144 bytes)
<5>[    2.392095] Initialise system trusted keyring
<6>[    2.392117] audit: initializing netlink subsys (disabled)
<5>[    2.392135] audit: type=2000 audit(1455284442.388:1): initialized
<6>[    2.392441] HugeTLB registered 2 MB page size, pre-allocated 0 pages
<6>[    2.393580] zpool: loaded
<6>[    2.393581] zbud: loaded
<5>[    2.393722] VFS: Disk quotas dquot_6.6.0
<6>[    2.393753] VFS: Dquot-cache hash table entries: 512 (order 0, 4096 bytes)
<6>[    2.394146] fuse init (API version 7.23)
<5>[    2.394254] Key type big_key registered
<5>[    2.394533] Key type asymmetric registered
<5>[    2.394535] Asymmetric key parser 'x509' registered
<6>[    2.394546] Block layer SCSI generic (bsg) driver version 0.4 loaded (major 249)
<6>[    2.394585] io scheduler noop registered
<6>[    2.394588] io scheduler deadline registered (default)
<6>[    2.394611] io scheduler cfq registered
<6>[    2.395117] pci_hotplug: PCI Hot Plug PCI Core version: 0.5
<6>[    2.395123] pciehp: PCI Express Hot Plug Controller Driver version: 0.4
<7>[    2.395152] intel_idle: MWAIT substates: 0x1120
<7>[    2.395153] intel_idle: v0.4 model 0x2A
<7>[    2.395154] intel_idle: lapic_timer_reliable_states 0xffffffff
<6>[    2.395307] input: Power Button as /devices/LNXSYSTM:00/LNXSYBUS:00/PNP0C0C:00/input/input0
<6>[    2.395311] ACPI: Power Button [PWRB]
<6>[    2.395338] input: Power Button as /devices/LNXSYSTM:00/LNXPWRBN:00/input/input1
<6>[    2.395340] ACPI: Power Button [PWRF]
<6>[    2.395549] GHES: HEST is not enabled!
<6>[    2.395626] Serial: 8250/16550 driver, 32 ports, IRQ sharing enabled
<6>[    2.416047] 00:03: ttyS0 at I/O 0x3f8 (irq = 4, base_baud = 115200) is a 16550A
<6>[    2.417361] Linux agpgart interface v0.103
<6>[    2.419183] brd: module loaded
<6>[    2.419900] loop: module loaded
<7>[    2.419997] ata_piix 0000:00:1f.2: version 2.13
<6>[    2.420063] ata_piix 0000:00:1f.2: MAP [ P0 P2 P1 P3 ]
<6>[    2.574181] scsi host0: ata_piix
<6>[    2.574383] scsi host1: ata_piix
<6>[    2.574423] ata1: SATA max UDMA/133 cmd 0x50d0 ctl 0x50c0 bmdma 0x5090 irq 18
<6>[    2.574428] ata2: SATA max UDMA/133 cmd 0x50b0 ctl 0x50a0 bmdma 0x5098 irq 18
<6>[    2.574500] ata_piix 0000:00:1f.5: MAP [ P0 -- P1 -- ]
<6>[    2.729843] ata_piix 0000:00:1f.5: SCR access via SIDPR is available but doesn't work
<6>[    2.730229] scsi host2: ata_piix
<6>[    2.730461] scsi host3: ata_piix
<6>[    2.730498] ata3: SATA max UDMA/133 cmd 0x5070 ctl 0x5060 bmdma 0x5030 irq 18
<6>[    2.730500] ata4: SATA max UDMA/133 cmd 0x5050 ctl 0x5040 bmdma 0x5038 irq 18
<6>[    2.730561] libphy: Fixed MDIO Bus: probed
<6>[    2.730564] tun: Universal TUN/TAP device driver, 1.6
<6>[    2.730565] tun: (C) 1999-2004 Max Krasnyansky <maxk@qualcomm.com>
<6>[    2.730610] PPP generic driver version 2.4.2
<6>[    2.730709] ehci_hcd: USB 2.0 'Enhanced' Host Controller (EHCI) Driver
<6>[    2.730715] ehci-pci: EHCI PCI platform driver
<6>[    2.730798] ehci-pci 0000:00:1a.0: EHCI Host Controller
<6>[    2.730803] ehci-pci 0000:00:1a.0: new USB bus registered, assigned bus number 1
<6>[    2.730813] ehci-pci 0000:00:1a.0: debug port 2
<7>[    2.734697] ehci-pci 0000:00:1a.0: cache line size of 64 is not supported
<6>[    2.734708] ehci-pci 0000:00:1a.0: irq 16, io mem 0xe4b40000
<6>[    2.745822] ehci-pci 0000:00:1a.0: USB 2.0 started, EHCI 1.00
<6>[    2.745858] usb usb1: New USB device found, idVendor=1d6b, idProduct=0002
<6>[    2.745860] usb usb1: New USB device strings: Mfr=3, Product=2, SerialNumber=1
<6>[    2.745862] usb usb1: Product: EHCI Host Controller
<6>[    2.745863] usb usb1: Manufacturer: Linux 4.2.0-18-generic ehci_hcd
<6>[    2.745864] usb usb1: SerialNumber: 0000:00:1a.0
<6>[    2.745954] hub 1-0:1.0: USB hub found
<6>[    2.745959] hub 1-0:1.0: 2 ports detected
<6>[    2.746112] ehci-pci 0000:00:1d.0: EHCI Host Controller
<6>[    2.746116] ehci-pci 0000:00:1d.0: new USB bus registered, assigned bus number 2
<6>[    2.746126] ehci-pci 0000:00:1d.0: debug port 2
<7>[    2.750014] ehci-pci 0000:00:1d.0: cache line size of 64 is not supported
<6>[    2.750024] ehci-pci 0000:00:1d.0: irq 17, io mem 0xe4b20000
<6>[    2.761855] ehci-pci 0000:00:1d.0: USB 2.0 started, EHCI 1.00
<6>[    2.761916] usb usb2: New USB device found, idVendor=1d6b, idProduct=0002
<6>[    2.761918] usb usb2: New USB device strings: Mfr=3, Product=2, SerialNumber=1
<6>[    2.761919] usb usb2: Product: EHCI Host Controller
<6>[    2.761921] usb usb2: Manufacturer: Linux 4.2.0-18-generic ehci_hcd
<6>[    2.761922] usb usb2: SerialNumber: 0000:00:1d.0
<6>[    2.762078] hub 2-0:1.0: USB hub found
<6>[    2.762085] hub 2-0:1.0: 2 ports detected
<6>[    2.762167] ehci-platform: EHCI generic platform driver
<6>[    2.762176] ohci_hcd: USB 1.1 'Open' Host Controller (OHCI) Driver
<6>[    2.762180] ohci-pci: OHCI PCI platform driver
<6>[    2.762188] ohci-platform: OHCI generic platform driver
<6>[    2.762194] uhci_hcd: USB Universal Host Controller Interface driver
<6>[    2.762229] i8042: PNP: No PS/2 controller found. Probing ports directly.
<6>[    2.765088] serio: i8042 KBD port at 0x60,0x64 irq 1
<6>[    2.765093] serio: i8042 AUX port at 0x60,0x64 irq 12
<6>[    2.765333] mousedev: PS/2 mouse device common for all mice
<6>[    2.765621] rtc_cmos 00:01: RTC can wake from S4
<6>[    2.765772] rtc_cmos 00:01: rtc core: registered rtc_cmos as rtc0
<6>[    2.765809] rtc_cmos 00:01: alarms up to one year, y3k, 242 bytes nvram, hpet irqs
<6>[    2.765818] i2c /dev entries driver
<6>[    2.765876] device-mapper: uevent: version 1.0.3
<6>[    2.765955] device-mapper: ioctl: 4.33.0-ioctl (2015-8-18) initialised: dm-devel@redhat.com
<6>[    2.765969] Intel P-state driver initializing.
<6>[    2.766139] ledtrig-cpu: registered to indicate activity on CPUs
<4>[    2.766340] PCCT header not found.
<6>[    2.766640] NET: Registered protocol family 10
<6>[    2.766914] NET: Registered protocol family 17
<5>[    2.766931] Key type dns_resolver registered
<5>[    2.767593] Loading compiled-in X.509 certificates
<5>[    2.768975] Loaded X.509 cert 'Build time autogenerated kernel key: 714df7ce1739f2da38b31837ada06c6e4fb64084'
<6>[    2.768992] registered taskstats version 1
<6>[    2.769022] zswap: loading zswap
<6>[    2.769025] zswap: using zbud pool
<6>[    2.769030] zswap: using lzo compressor
<5>[    2.771896] Key type trusted registered
<5>[    2.776229] Key type encrypted registered
<6>[    2.776239] AppArmor: AppArmor sha1 policy hashing enabled
<6>[    2.776243] ima: No TPM chip found, activating TPM-bypass!
<6>[    2.776270] evm: HMAC attrs: 0x1
<6>[    2.776865]   Magic number: 4:387:685
<6>[    2.776888]  clocksource: hash matches
<6>[    2.776992] rtc_cmos 00:01: setting system clock to 2016-02-12 13:40:43 UTC (1455284443)
<6>[    2.777195] BIOS EDD facility v0.16 2004-Jun-25, 0 devices found
<6>[    2.777196] EDD information not available.
<6>[    3.057787] usb 1-1: new high-speed USB device number 2 using ehci-pci
<6>[    3.073785] usb 2-1: new high-speed USB device number 2 using ehci-pci
<6>[    3.190569] usb 1-1: New USB device found, idVendor=8087, idProduct=0024
<6>[    3.190580] usb 1-1: New USB device strings: Mfr=0, Product=0, SerialNumber=0
<6>[    3.190911] hub 1-1:1.0: USB hub found
<6>[    3.191157] hub 1-1:1.0: 4 ports detected
<6>[    3.206527] usb 2-1: New USB device found, idVendor=8087, idProduct=0024
<6>[    3.206529] usb 2-1: New USB device strings: Mfr=0, Product=0, SerialNumber=0
<6>[    3.206950] hub 2-1:1.0: USB hub found
<6>[    3.207125] hub 2-1:1.0: 6 ports detected
<6>[    3.389712] tsc: Refined TSC clocksource calibration: 3092.974 MHz
<6>[    3.389718] clocksource: tsc: mask: 0xffffffffffffffff max_cycles: 0x2c955ac38be, max_idle_ns: 440795348546 ns
<6>[    3.461683] usb 1-1.1: new low-speed USB device number 3 using ehci-pci
<6>[    3.477682] usb 2-1.3: new high-speed USB device number 3 using ehci-pci
<6>[    3.558512] usb 1-1.1: New USB device found, idVendor=046d, idProduct=c05a
<6>[    3.558517] usb 1-1.1: New USB device strings: Mfr=1, Product=2, SerialNumber=0
<6>[    3.558520] usb 1-1.1: Product: USB Optical Mouse
<6>[    3.558522] usb 1-1.1: Manufacturer: Logitech
<6>[    3.571435] usb 2-1.3: New USB device found, idVendor=0781, idProduct=5575
<6>[    3.571437] usb 2-1.3: New USB device strings: Mfr=1, Product=2, SerialNumber=3
<6>[    3.571438] usb 2-1.3: Product: Cruzer Glide
<6>[    3.571439] usb 2-1.3: Manufacturer: SanDisk
<6>[    3.571441] usb 2-1.3: SerialNumber: removed
<6>[    3.629663] usb 1-1.2: new low-speed USB device number 4 using ehci-pci
<6>[    3.727070] usb 1-1.2: New USB device found, idVendor=413c, idProduct=2107
<6>[    3.727075] usb 1-1.2: New USB device strings: Mfr=1, Product=2, SerialNumber=0
<6>[    3.727078] usb 1-1.2: Product: Dell USB Entry Keyboard
<6>[    3.727080] usb 1-1.2: Manufacturer: DELL
<4>[    3.921597] ata1.01: failed to resume link (SControl 0)
<4>[    3.933596] ata2.01: failed to resume link (SControl 0)
<6>[    4.077625] ata1.00: SATA link up 3.0 Gbps (SStatus 123 SControl 300)
<6>[    4.077645] ata1.01: SATA link down (SStatus 0 SControl 0)
<6>[    4.086151] ata1.00: ATA-8: ST250DM000-1BD141, KC45, max UDMA/133
<6>[    4.086155] ata1.00: 488397168 sectors, multi 16: LBA48 NCQ (depth 0/32)
<6>[    4.089613] ata2.00: SATA link up 1.5 Gbps (SStatus 113 SControl 300)
<6>[    4.089637] ata2.01: SATA link down (SStatus 0 SControl 0)
<7>[    4.089648] ata2.01: link offline, clearing class 3 to NONE
<6>[    4.097774] ata2.00: ATAPI: HL-DT-STDVD-ROM GDRH20N, 0D04, max UDMA/100
<6>[    4.102135] ata1.00: configured for UDMA/133
<5>[    4.102340] scsi 0:0:0:0: Direct-Access     ATA      ST250DM000-1BD14 KC45 PQ: 0 ANSI: 5
<5>[    4.102647] sd 0:0:0:0: [sda] 488397168 512-byte logical blocks: (250 GB/232 GiB)
<5>[    4.102657] sd 0:0:0:0: [sda] 4096-byte physical blocks
<5>[    4.102659] sd 0:0:0:0: Attached scsi generic sg0 type 0
<5>[    4.102765] sd 0:0:0:0: [sda] Write Protect is off
<7>[    4.102776] sd 0:0:0:0: [sda] Mode Sense: 00 3a 00 00
<5>[    4.102871] sd 0:0:0:0: [sda] Write cache: enabled, read cache: enabled, doesn't support DPO or FUA
<6>[    4.113742]  sda: sda1 sda2
<6>[    4.113747] ata2.00: configured for UDMA/100
<5>[    4.114334] sd 0:0:0:0: [sda] Attached SCSI disk
<5>[    4.116568] scsi 1:0:0:0: CD-ROM            HL-DT-ST DVD-ROM GDRH20N  0D04 PQ: 0 ANSI: 5
<6>[    4.131208] sr 1:0:0:0: [sr0] scsi3-mmc drive: 48x/48x cd/rw xa/form2 cdda tray
<6>[    4.131219] cdrom: Uniform CD-ROM driver Revision: 3.20
<7>[    4.131357] sr 1:0:0:0: Attached scsi CD-ROM sr0
<5>[    4.131481] sr 1:0:0:0: Attached scsi generic sg1 type 5
<6>[    4.389751] clocksource: Switched to clocksource tsc
<7>[   14.819188] PM: Hibernation image not present or could not be loaded.
<6>[   14.819605] Freeing unused kernel memory: 1464K (ffffffff81d38000 - ffffffff81ea6000)
<6>[   14.819607] Write protecting the kernel read-only data: 12288k
<6>[   14.819945] Freeing unused kernel memory: 248K (ffff8800017c2000 - ffff880001800000)
<6>[   14.820047] Freeing unused kernel memory: 284K (ffff880001bb9000 - ffff880001c00000)
<30>[   14.828535] systemd-udevd[136]: starting version 204
<6>[   14.839766] [drm] Initialized drm 1.1.0 20060810
<6>[   14.845807] wmi: Mapper loaded
<6>[   14.847404] hidraw: raw HID events driver (C) Jiri Kosina
<6>[   14.847410] usb-storage 2-1.3:1.0: USB Mass Storage device detected
<6>[   14.851815] r8169 Gigabit Ethernet driver 2.3LK-NAPI loaded
<4>[   14.851823] r8169 0000:04:00.0: can't disable ASPM; OS doesn't have ASPM control
<6>[   14.852320] r8169 0000:04:00.0 eth0: RTL8168evl/8111evl at 0xffffc9000063e000, d0:67:e5:2b:92:b6, XID 0c900800 IRQ 26
<6>[   14.852322] r8169 0000:04:00.0 eth0: jumbo features [frames: 9200 bytes, tx checksumming: ko]
<6>[   14.853844] usbcore: registered new interface driver usbhid
<6>[   14.853846] usbhid: USB HID core driver
<6>[   14.858822] scsi host4: usb-storage 2-1.3:1.0
<6>[   14.858885] usbcore: registered new interface driver usb-storage
<6>[   14.860233] usbcore: registered new interface driver uas
<6>[   14.862014] nouveau  [  DEVICE][0000:01:00.0] BOOT0  : 0x0a8180b1
<6>[   14.862016] nouveau  [  DEVICE][0000:01:00.0] Chipset: GT218 (NVA8)
<6>[   14.862017] nouveau  [  DEVICE][0000:01:00.0] Family : NV50
<6>[   14.866047] input: Logitech USB Optical Mouse as /devices/pci0000:00/0000:00:1a.0/usb1/1-1/1-1.1/1-1.1:1.0/0003:046D:C05A.0001/input/input5
<6>[   14.866161] hid-generic 0003:046D:C05A.0001: input,hidraw0: USB HID v1.11 Mouse [Logitech USB Optical Mouse] on usb-0000:00:1a.0-1.1/input0
<6>[   14.866258] input: DELL Dell USB Entry Keyboard as /devices/pci0000:00/0000:00:1a.0/usb1/1-1/1-1.2/1-1.2:1.0/0003:413C:2107.0002/input/input6
<6>[   14.919692] hid-generic 0003:413C:2107.0002: input,hidraw1: USB HID v1.10 Keyboard [DELL Dell USB Entry Keyboard] on usb-0000:00:1a.0-1.2/input0
<6>[   14.986328] nouveau  [   VBIOS][0000:01:00.0] using image from PRAMIN
<6>[   14.986405] nouveau  [   VBIOS][0000:01:00.0] BIT signature found
<6>[   14.986407] nouveau  [   VBIOS][0000:01:00.0] version 70.18.82.00.00
<6>[   14.987727] nouveau  [     PMC][0000:01:00.0] MSI interrupts enabled
<6>[   14.987758] nouveau  [     PFB][0000:01:00.0] RAM type: DDR3
<6>[   14.987759] nouveau  [     PFB][0000:01:00.0] RAM size: 1024 MiB
<6>[   14.987760] nouveau  [     PFB][0000:01:00.0]    ZCOMP: 960 tags
<6>[   14.988873] nouveau  [    VOLT][0000:01:00.0] GPU voltage: 1050000uv
<5>[   15.855579] scsi 4:0:0:0: Direct-Access     SanDisk  Cruzer Glide     1.26 PQ: 0 ANSI: 6
<5>[   15.867135] sd 4:0:0:0: Attached scsi generic sg2 type 0
<5>[   15.867829] sd 4:0:0:0: [sdb] 15633408 512-byte logical blocks: (8.00 GB/7.45 GiB)
<5>[   15.868952] sd 4:0:0:0: [sdb] Write Protect is off
<7>[   15.868954] sd 4:0:0:0: [sdb] Mode Sense: 43 00 00 00
<5>[   15.870044] sd 4:0:0:0: [sdb] Write cache: disabled, read cache: enabled, doesn't support DPO or FUA
<6>[   15.873543]  sdb: sdb1
<5>[   15.878547] sd 4:0:0:0: [sdb] Attached SCSI disk
<6>[   16.266837] nouveau  [  PTHERM][0000:01:00.0] FAN control: none / external
<6>[   16.266845] nouveau  [  PTHERM][0000:01:00.0] fan management: automatic
<6>[   16.266848] nouveau  [  PTHERM][0000:01:00.0] internal sensor: yes
<6>[   16.286708] nouveau  [     CLK][0000:01:00.0] 03: core 135 MHz shader 270 MHz memory 135 MHz
<6>[   16.286710] nouveau  [     CLK][0000:01:00.0] 07: core 405 MHz shader 810 MHz memory 324 MHz
<6>[   16.286712] nouveau  [     CLK][0000:01:00.0] 0f: core 520 MHz shader 1238 MHz memory 790 MHz
<6>[   16.286731] nouveau  [     CLK][0000:01:00.0] --: core 405 MHz shader 810 MHz memory 324 MHz
<6>[   16.286917] [TTM] Zone  kernel: Available graphics memory: 2009158 kiB
<6>[   16.286919] [TTM] Initializing pool allocator
<6>[   16.286923] [TTM] Initializing DMA pool allocator
<6>[   16.286932] nouveau  [     DRM] VRAM: 1024 MiB
<6>[   16.286933] nouveau  [     DRM] GART: 1048576 MiB
<6>[   16.286936] nouveau  [     DRM] TMDS table version 2.0
<6>[   16.286938] nouveau  [     DRM] DCB version 4.0
<6>[   16.286939] nouveau  [     DRM] DCB outp 00: 01000302 00020010
<6>[   16.286948] nouveau  [     DRM] DCB outp 01: 02000300 00000000
<6>[   16.286949] nouveau  [     DRM] DCB outp 02: 02022362 00020010
<6>[   16.286950] nouveau  [     DRM] DCB outp 03: 01011360 00000000
<6>[   16.286951] nouveau  [     DRM] DCB conn 00: 00001030
<6>[   16.286952] nouveau  [     DRM] DCB conn 01: 00000100
<6>[   16.286953] nouveau  [     DRM] DCB conn 02: 00002261
<6>[   16.298192] [drm] Supports vblank timestamp caching Rev 2 (21.10.2013).
<6>[   16.298193] [drm] Driver supports precise vblank timestamp query.
<6>[   16.310586] nouveau  [     DRM] MM: using COPY for buffer copies
<6>[   16.405427] nouveau  [     DRM] allocated 1440x900 fb: 0x70000, bo ffff8801281c0c00
<6>[   16.405503] fbcon: nouveaufb (fb0) is primary device
<6>[   16.494180] Console: switching to colour frame buffer device 180x56
<6>[   16.496166] nouveau 0000:01:00.0: fb0: nouveaufb frame buffer device
<6>[   16.496167] nouveau 0000:01:00.0: registered panic notifier
<6>[   16.498837] [drm] Initialized nouveau 1.2.2 20120801 for 0000:01:00.0 on minor 0
<5>[   17.022928] random: nonblocking pool is initialized
<4>[   17.095151] FAT-fs (sdb1): Volume was not properly unmounted. Some data may be corrupt. Please run fsck.
<6>[   17.124950] EXT4-fs (loop0): mounting ext3 file system using the ext4 subsystem
<4>[   17.199928] EXT4-fs (loop0): warning: checktime reached, running e2fsck is recommended
<6>[   17.200066] EXT4-fs (loop0): recovery complete
<6>[   17.204102] EXT4-fs (loop0): mounted filesystem with ordered data mode. Opts: (null)
<6>[   17.231195] squashfs: version 4.0 (2009/01/31) Phillip Lougher
<30>[   20.322152] systemd-udevd[1826]: starting version 204
<4>[   20.429024] ACPI Warning: SystemIO range 0x0000000000000428-0x000000000000042F conflicts with OpRegion 0x0000000000000400-0x000000000000047F (\PMIO) (20150619/utaddress-254)
<6>[   20.429029] ACPI: If an ACPI driver is available for this device, you should use it instead of the native driver
<4>[   20.429033] ACPI Warning: SystemIO range 0x0000000000000540-0x000000000000054F conflicts with OpRegion 0x0000000000000500-0x0000000000000563 (\GPIO) (20150619/utaddress-254)
<6>[   20.429035] ACPI: If an ACPI driver is available for this device, you should use it instead of the native driver
<4>[   20.429036] ACPI Warning: SystemIO range 0x0000000000000530-0x000000000000053F conflicts with OpRegion 0x0000000000000500-0x0000000000000563 (\GPIO) (20150619/utaddress-254)
<6>[   20.429038] ACPI: If an ACPI driver is available for this device, you should use it instead of the native driver
<4>[   20.429039] ACPI Warning: SystemIO range 0x0000000000000500-0x000000000000052F conflicts with OpRegion 0x0000000000000500-0x0000000000000563 (\GPIO) (20150619/utaddress-254)
<6>[   20.429041] ACPI: If an ACPI driver is available for this device, you should use it instead of the native driver
<4>[   20.429042] lpc_ich: Resource conflict(s) found affecting gpio_ich
<6>[   20.433080] shpchp: Standard Hot Plug PCI Controller Driver version: 0.4
<6>[   20.495923] parport0: PC-style at 0x378 [PCSPP,EPP]
<6>[   20.495930] parport0: irq 0 detected
<6>[   20.537585] r8169 0000:04:00.0 eth9: renamed from eth0
<6>[   20.542353] dcdbas dcdbas: Dell Systems Management Base Driver (version 5.6.0-3.2)
<30>[   20.546266] systemd-udevd[1864]: renamed network interface eth0 to eth9
<6>[   20.584919] ppdev: user-space parallel port driver
<12>[   20.591602] init: failsafe main process (1908) killed by TERM signal
<6>[   20.596953] AVX version of gcm_enc/dec engaged.
<6>[   20.596955] AES CTR mode by8 optimization enabled
<6>[   20.666231] snd_hda_intel 0000:01:00.1: Disabling MSI
<6>[   20.666237] snd_hda_intel 0000:01:00.1: Handle VGA-switcheroo audio client
<6>[   20.735866] snd_hda_codec_conexant hdaudioC0D2: CX20641: BIOS auto-probing.
<6>[   20.736407] snd_hda_codec_conexant hdaudioC0D2: autoconfig for CX20641: line_outs=1 (0x1c/0x0/0x0/0x0/0x0) type:line
<6>[   20.736409] snd_hda_codec_conexant hdaudioC0D2:    speaker_outs=0 (0x0/0x0/0x0/0x0/0x0)
<6>[   20.736410] snd_hda_codec_conexant hdaudioC0D2:    hp_outs=1 (0x19/0x0/0x0/0x0/0x0)
<6>[   20.736411] snd_hda_codec_conexant hdaudioC0D2:    mono: mono_out=0x0
<6>[   20.736412] snd_hda_codec_conexant hdaudioC0D2:    inputs:
<6>[   20.736414] snd_hda_codec_conexant hdaudioC0D2:      Rear Mic=0x1b
<6>[   20.736415] snd_hda_codec_conexant hdaudioC0D2:      Front Mic=0x1a
<6>[   20.736417] snd_hda_codec_conexant hdaudioC0D2:      Line=0x1d
<6>[   20.737763] snd_hda_codec_conexant hdaudioC0D2: Enable sync_write for stable communication
<6>[   20.742144] input: HDA Intel PCH Rear Mic as /devices/pci0000:00/0000:00:1b.0/sound/card0/input7
<6>[   20.742264] input: HDA Intel PCH Front Mic as /devices/pci0000:00/0000:00:1b.0/sound/card0/input8
<6>[   20.742525] input: HDA Intel PCH Line as /devices/pci0000:00/0000:00:1b.0/sound/card0/input9
<6>[   20.742627] input: HDA Intel PCH Line Out as /devices/pci0000:00/0000:00:1b.0/sound/card0/input10
<6>[   20.743090] input: HDA Intel PCH Front Headphone as /devices/pci0000:00/0000:00:1b.0/sound/card0/input11
<6>[   20.775454] intel_rapl: Found RAPL domain package
<6>[   20.775457] intel_rapl: Found RAPL domain core
<6>[   20.775458] intel_rapl: Found RAPL domain uncore
<6>[   21.470539] input: HDA NVidia HDMI/DP,pcm=3 as /devices/pci0000:00/0000:00:01.0/0000:01:00.1/sound/card1/input12
<6>[   21.470886] input: HDA NVidia HDMI/DP,pcm=7 as /devices/pci0000:00/0000:00:01.0/0000:01:00.1/sound/card1/input13
<6>[   21.471493] input: HDA NVidia HDMI/DP,pcm=8 as /devices/pci0000:00/0000:00:01.0/0000:01:00.1/sound/card1/input14
<6>[   21.471803] input: HDA NVidia HDMI/DP,pcm=9 as /devices/pci0000:00/0000:00:01.0/0000:01:00.1/sound/card1/input15
