<6>[    0.000000] Initializing cgroup subsys cpuset
<6>[    0.000000] Initializing cgroup subsys cpu
<6>[    0.000000] Initializing cgroup subsys cpuacct
<5>[    0.000000] Linux version 4.2.0-18-generic (buildd@lgw01-55) (gcc version 4.8.2 (Ubuntu 4.8.2-19ubuntu1) ) #22~14.04.1-Ubuntu SMP Fri Nov 6 22:20:11 UTC 2015 (Ubuntu 4.2.0-18.22~14.04.1-generic 4.2.3)
<6>[    0.000000] Command line: initrd=/casper/initrd.lz boot=casper config ip=frommedia persistent noprompt splash quiet FWTS_AUTO_SHUTDOWN=1 username=ubuntu hostname=fwts-live  quiet BOOT_IMAGE=/casper/vmlinuz 
<6>[    0.000000] KERNEL supported cpus:
<6>[    0.000000]   Intel GenuineIntel
<6>[    0.000000]   AMD AuthenticAMD
<6>[    0.000000]   Centaur CentaurHauls
<6>[    0.000000] x86/fpu: xstate_offset[2]: 0240, xstate_sizes[2]: 0100
<6>[    0.000000] x86/fpu: Supporting XSAVE feature 0x01: 'x87 floating point registers'
<6>[    0.000000] x86/fpu: Supporting XSAVE feature 0x02: 'SSE registers'
<6>[    0.000000] x86/fpu: Supporting XSAVE feature 0x04: 'AVX registers'
<6>[    0.000000] x86/fpu: Enabled xstate features 0x7, context size is 0x340 bytes, using 'standard' format.
<6>[    0.000000] x86/fpu: Using 'eager' FPU context switches.
<6>[    0.000000] e820: BIOS-provided physical RAM map:
<6>[    0.000000] BIOS-e820: [mem 0x0000000000000000-0x000000000009abff] usable
<6>[    0.000000] BIOS-e820: [mem 0x000000000009ac00-0x000000000009ffff] reserved
<6>[    0.000000] BIOS-e820: [mem 0x00000000000e0000-0x00000000000fffff] reserved
<6>[    0.000000] BIOS-e820: [mem 0x0000000000100000-0x000000001fffffff] usable
<6>[    0.000000] BIOS-e820: [mem 0x0000000020000000-0x00000000201fffff] reserved
<6>[    0.000000] BIOS-e820: [mem 0x0000000020200000-0x0000000038a75fff] usable
<6>[    0.000000] BIOS-e820: [mem 0x0000000038a76000-0x0000000038ab9fff] reserved
<6>[    0.000000] BIOS-e820: [mem 0x0000000038aba000-0x0000000038db6fff] usable
<6>[    0.000000] BIOS-e820: [mem 0x0000000038db7000-0x0000000038de6fff] reserved
<6>[    0.000000] BIOS-e820: [mem 0x0000000038de7000-0x0000000038fe6fff] ACPI NVS
<6>[    0.000000] BIOS-e820: [mem 0x0000000038fe7000-0x0000000038ffefff] ACPI data
<6>[    0.000000] BIOS-e820: [mem 0x0000000038fff000-0x0000000038ffffff] usable
<6>[    0.000000] BIOS-e820: [mem 0x00000000fed1c000-0x00000000fed1ffff] reserved
<6>[    0.000000] BIOS-e820: [mem 0x00000000ffc00000-0x00000000ffc1ffff] reserved
<6>[    0.000000] BIOS-e820: [mem 0x0000000100000000-0x00000001005fffff] usable
<6>[    0.000000] NX (Execute Disable) protection: active
<6>[    0.000000] SMBIOS 2.6 present.
<7>[    0.000000] DMI: Dell Inc. OptiPlex 790/0J3C2F, BIOS A03 04/11/2011
<7>[    0.000000] e820: update [mem 0x00000000-0x00000fff] usable ==> reserved
<7>[    0.000000] e820: remove [mem 0x000a0000-0x000fffff] usable
<6>[    0.000000] e820: last_pfn = 0x100600 max_arch_pfn = 0x400000000
<7>[    0.000000] MTRR default type: uncachable
<7>[    0.000000] MTRR fixed ranges enabled:
<7>[    0.000000]   00000-9FFFF write-back
<7>[    0.000000]   A0000-BFFFF uncachable
<7>[    0.000000]   C0000-FFFFF write-protect
<7>[    0.000000] MTRR variable ranges enabled:
<7>[    0.000000]   0 base 000000000 mask FC0000000 write-back
<7>[    0.000000]   1 base 03C000000 mask FFC000000 uncachable
<7>[    0.000000]   2 base 03A000000 mask FFE000000 uncachable
<7>[    0.000000]   3 base 039000000 mask FFF000000 uncachable
<7>[    0.000000]   4 base 100000000 mask FFF800000 write-back
<7>[    0.000000]   5 base 100600000 mask FFFE00000 uncachable
<7>[    0.000000]   6 base 0FFC00000 mask FFFC00000 write-protect
<7>[    0.000000]   7 disabled
<7>[    0.000000]   8 disabled
<7>[    0.000000]   9 disabled
<6>[    0.000000] x86/PAT: Configuration [0-7]: WB  WC  UC- UC  WB  WC  UC- WT  
<6>[    0.000000] e820: last_pfn = 0x39000 max_arch_pfn = 0x400000000
<6>[    0.000000] found SMP MP-table at [mem 0x000f2150-0x000f215f] mapped at [ffff8800000f2150]
<6>[    0.000000] Scanning 1 areas for low memory corruption
<7>[    0.000000] Base memory trampoline at [ffff880000094000] 94000 size 24576
<7>[    0.000000] reserving inaccessible SNB gfx pages
<6>[    0.000000] init_memory_mapping: [mem 0x00000000-0x000fffff]
<7>[    0.000000]  [mem 0x00000000-0x000fffff] page 4k
<7>[    0.000000] BRK [0x01ff2000, 0x01ff2fff] PGTABLE
<7>[    0.000000] BRK [0x01ff3000, 0x01ff3fff] PGTABLE
<7>[    0.000000] BRK [0x01ff4000, 0x01ff4fff] PGTABLE
<6>[    0.000000] init_memory_mapping: [mem 0x100400000-0x1005fffff]
<7>[    0.000000]  [mem 0x100400000-0x1005fffff] page 2M
<7>[    0.000000] BRK [0x01ff5000, 0x01ff5fff] PGTABLE
<6>[    0.000000] init_memory_mapping: [mem 0x100000000-0x1003fffff]
<7>[    0.000000]  [mem 0x100000000-0x1003fffff] page 2M
<6>[    0.000000] init_memory_mapping: [mem 0x20200000-0x38a75fff]
<7>[    0.000000]  [mem 0x20200000-0x389fffff] page 2M
<7>[    0.000000]  [mem 0x38a00000-0x38a75fff] page 4k
<7>[    0.000000] BRK [0x01ff6000, 0x01ff6fff] PGTABLE
<6>[    0.000000] init_memory_mapping: [mem 0x38aba000-0x38db6fff]
<7>[    0.000000]  [mem 0x38aba000-0x38db6fff] page 4k
<7>[    0.000000] BRK [0x01ff7000, 0x01ff7fff] PGTABLE
<6>[    0.000000] init_memory_mapping: [mem 0x38fff000-0x38ffffff]
<7>[    0.000000]  [mem 0x38fff000-0x38ffffff] page 4k
<6>[    0.000000] init_memory_mapping: [mem 0x00100000-0x1fffffff]
<7>[    0.000000]  [mem 0x00100000-0x001fffff] page 4k
<7>[    0.000000]  [mem 0x00200000-0x1fffffff] page 2M
<6>[    0.000000] RAMDISK: [mem 0x1f2bd000-0x1fffefff]
<6>[    0.000000] ACPI: Early table checksum verification disabled
<4>[    0.000000] ACPI: RSDP 0x00000000000FE300 000024 (v02 DELL  )
<4>[    0.000000] ACPI: XSDT 0x0000000038FFDE18 000064 (v01 DELL   CBX3     06222004 MSFT 00010013)
<4>[    0.000000] ACPI: FACP 0x0000000038F87D98 0000F4 (v04 DELL   CBX3     06222004 MSFT 00010013)
<4>[    0.000000] ACPI: DSDT 0x0000000038F72018 007485 (v02 INT430 SYSFexxx 00001001 INTL 20090903)
<4>[    0.000000] ACPI: FACS 0x0000000038FE4E40 000040
<4>[    0.000000] ACPI: FACS 0x0000000038FE4D40 000040
<4>[    0.000000] ACPI: APIC 0x0000000038FFCF18 0000CC (v02 DELL   CBX3     06222004 MSFT 00010013)
<4>[    0.000000] ACPI: TCPA 0x0000000038FE5D18 000032 (v02                 00000000      00000000)
<4>[    0.000000] ACPI: MCFG 0x0000000038FE5C98 00003C (v01 DELL   SNDYBRDG 06222004 MSFT 00000097)
<4>[    0.000000] ACPI: HPET 0x0000000038FE5C18 000038 (v01 A M I   PCHHPET 06222004 AMI. 00000003)
<4>[    0.000000] ACPI: BOOT 0x0000000038FE5B98 000028 (v01 DELL   CBX3     06222004 AMI  00010013)
<4>[    0.000000] ACPI: SSDT 0x0000000038F7E018 000996 (v01 PmRef  CpuPm    00003000 INTL 20090903)
<4>[    0.000000] ACPI: SLIC 0x0000000038F88A18 000176 (v03 DELL   CBX3     06222004 MSFT 00010013)
<7>[    0.000000] ACPI: Local APIC address 0xfee00000
<6>[    0.000000] No NUMA configuration found
<6>[    0.000000] Faking a node at [mem 0x0000000000000000-0x00000001005fffff]
<6>[    0.000000] NODE_DATA(0) allocated [mem 0x1005fa000-0x1005fefff]
<7>[    0.000000]  [ffffea0000000000-ffffea00041fffff] PMD -> [ffff880037400000-ffff8800385fffff] on node 0
<6>[    0.000000] Zone ranges:
<6>[    0.000000]   DMA      [mem 0x0000000000001000-0x0000000000ffffff]
<6>[    0.000000]   DMA32    [mem 0x0000000001000000-0x00000000ffffffff]
<6>[    0.000000]   Normal   [mem 0x0000000100000000-0x00000001005fffff]
<6>[    0.000000] Movable zone start for each node
<6>[    0.000000] Early memory node ranges
<6>[    0.000000]   node   0: [mem 0x0000000000001000-0x0000000000099fff]
<6>[    0.000000]   node   0: [mem 0x0000000000100000-0x000000001fffffff]
<6>[    0.000000]   node   0: [mem 0x0000000020200000-0x0000000038a75fff]
<6>[    0.000000]   node   0: [mem 0x0000000038aba000-0x0000000038db6fff]
<6>[    0.000000]   node   0: [mem 0x0000000038fff000-0x0000000038ffffff]
<6>[    0.000000]   node   0: [mem 0x0000000100000000-0x00000001005fffff]
<6>[    0.000000] Initmem setup node 0 [mem 0x0000000000001000-0x00000001005fffff]
<7>[    0.000000] On node 0 totalpages: 233741
<7>[    0.000000]   DMA zone: 64 pages used for memmap
<7>[    0.000000]   DMA zone: 153 pages reserved
<7>[    0.000000]   DMA zone: 3993 pages, LIFO batch:0
<7>[    0.000000]   DMA32 zone: 3566 pages used for memmap
<7>[    0.000000]   DMA32 zone: 228212 pages, LIFO batch:31
<7>[    0.000000]   Normal zone: 24 pages used for memmap
<7>[    0.000000]   Normal zone: 1536 pages, LIFO batch:0
<6>[    0.000000] Reserving Intel graphics stolen memory at 0x39a00000-0x3d9fffff
<6>[    0.000000] ACPI: PM-Timer IO Port: 0x408
<7>[    0.000000] ACPI: Local APIC address 0xfee00000
<6>[    0.000000] IOAPIC[0]: apic_id 2, version 32, address 0xfec00000, GSI 0-23
<6>[    0.000000] ACPI: INT_SRC_OVR (bus 0 bus_irq 0 global_irq 2 dfl dfl)
<6>[    0.000000] ACPI: INT_SRC_OVR (bus 0 bus_irq 9 global_irq 9 high level)
<7>[    0.000000] ACPI: IRQ0 used by override.
<7>[    0.000000] ACPI: IRQ9 used by override.
<6>[    0.000000] Using ACPI (MADT) for SMP configuration information
<6>[    0.000000] ACPI: HPET id: 0x8086a701 base: 0xfed00000
<6>[    0.000000] smpboot: Allowing 16 CPUs, 12 hotplug CPUs
<6>[    0.000000] PM: Registered nosave memory: [mem 0x00000000-0x00000fff]
<6>[    0.000000] PM: Registered nosave memory: [mem 0x0009a000-0x0009afff]
<6>[    0.000000] PM: Registered nosave memory: [mem 0x0009b000-0x0009ffff]
<6>[    0.000000] PM: Registered nosave memory: [mem 0x000a0000-0x000dffff]
<6>[    0.000000] PM: Registered nosave memory: [mem 0x000e0000-0x000fffff]
<6>[    0.000000] PM: Registered nosave memory: [mem 0x20000000-0x201fffff]
<6>[    0.000000] PM: Registered nosave memory: [mem 0x38a76000-0x38ab9fff]
<6>[    0.000000] PM: Registered nosave memory: [mem 0x38db7000-0x38de6fff]
<6>[    0.000000] PM: Registered nosave memory: [mem 0x38de7000-0x38fe6fff]
<6>[    0.000000] PM: Registered nosave memory: [mem 0x38fe7000-0x38ffefff]
<6>[    0.000000] PM: Registered nosave memory: [mem 0x39000000-0x399fffff]
<6>[    0.000000] PM: Registered nosave memory: [mem 0x39a00000-0x3d9fffff]
<6>[    0.000000] PM: Registered nosave memory: [mem 0x3da00000-0xfed1bfff]
<6>[    0.000000] PM: Registered nosave memory: [mem 0xfed1c000-0xfed1ffff]
<6>[    0.000000] PM: Registered nosave memory: [mem 0xfed20000-0xffbfffff]
<6>[    0.000000] PM: Registered nosave memory: [mem 0xffc00000-0xffc1ffff]
<6>[    0.000000] PM: Registered nosave memory: [mem 0xffc20000-0xffffffff]
<6>[    0.000000] e820: [mem 0x3da00000-0xfed1bfff] available for PCI devices
<6>[    0.000000] Booting paravirtualized kernel on bare hardware
<6>[    0.000000] clocksource: refined-jiffies: mask: 0xffffffff max_cycles: 0xffffffff, max_idle_ns: 7645519600211568 ns
<6>[    0.000000] setup_percpu: NR_CPUS:256 nr_cpumask_bits:256 nr_cpu_ids:16 nr_node_ids:1
<6>[    0.000000] PERCPU: Embedded 33 pages/cpu @ffff880038600000 s96728 r8192 d30248 u262144
<7>[    0.000000] pcpu-alloc: s96728 r8192 d30248 u262144 alloc=1*2097152
<7>[    0.000000] pcpu-alloc: [0] 00 01 02 03 04 05 06 07 [0] 08 09 10 11 12 13 14 15 
<6>[    0.000000] Built 1 zonelists in Node order, mobility grouping on.  Total pages: 229934
<6>[    0.000000] Policy zone: Normal
<5>[    0.000000] Kernel command line: initrd=/casper/initrd.lz boot=casper config ip=frommedia persistent noprompt splash quiet FWTS_AUTO_SHUTDOWN=1 username=ubuntu hostname=fwts-live  quiet BOOT_IMAGE=/casper/vmlinuz 
<6>[    0.000000] PID hash table entries: 4096 (order: 3, 32768 bytes)
<7>[    0.000000] Calgary: detecting Calgary via BIOS EBDA area
<7>[    0.000000] Calgary: Unable to locate Rio Grande table in EBDA - bailing!
<6>[    0.000000] Memory: 817556K/934964K available (7932K kernel code, 1242K rwdata, 3812K rodata, 1464K init, 1292K bss, 117408K reserved, 0K cma-reserved)
<6>[    0.000000] SLUB: HWalign=64, Order=0-3, MinObjects=0, CPUs=16, Nodes=1
<6>[    0.000000] Hierarchical RCU implementation.
<6>[    0.000000] 	Build-time adjustment of leaf fanout to 64.
<6>[    0.000000] 	RCU restricting CPUs from NR_CPUS=256 to nr_cpu_ids=16.
<6>[    0.000000] RCU: Adjusting geometry for rcu_fanout_leaf=64, nr_cpu_ids=16
<6>[    0.000000] NR_IRQS:16640 nr_irqs:552 16
<6>[    0.000000] 	Offload RCU callbacks from all CPUs
<6>[    0.000000] 	Offload RCU callbacks from CPUs: 0-15.
<6>[    0.000000] Console: colour VGA+ 80x25
<6>[    0.000000] console [tty0] enabled
<6>[    0.000000] clocksource: hpet: mask: 0xffffffff max_cycles: 0xffffffff, max_idle_ns: 133484882848 ns
<7>[    0.000000] hpet clockevent registered
<6>[    0.000000] tsc: Fast TSC calibration using PIT
<6>[    0.000000] tsc: Detected 3292.291 MHz processor
<6>[    0.000027] Calibrating delay loop (skipped), value calculated using timer frequency.. 6584.58 BogoMIPS (lpj=13169164)
<6>[    0.000029] pid_max: default: 32768 minimum: 301
<6>[    0.000033] ACPI: Core revision 20150619
<4>[    0.003336] ACPI: All ACPI Tables successfully acquired
<6>[    0.003353] Security Framework initialized
<6>[    0.003365] AppArmor: AppArmor initialized
<6>[    0.003366] Yama: becoming mindful.
<6>[    0.003447] Dentry cache hash table entries: 131072 (order: 8, 1048576 bytes)
<6>[    0.003708] Inode-cache hash table entries: 65536 (order: 7, 524288 bytes)
<6>[    0.003808] Mount-cache hash table entries: 2048 (order: 2, 16384 bytes)
<6>[    0.003811] Mountpoint-cache hash table entries: 2048 (order: 2, 16384 bytes)
<6>[    0.003970] Initializing cgroup subsys blkio
<6>[    0.003972] Initializing cgroup subsys memory
<6>[    0.003978] Initializing cgroup subsys devices
<6>[    0.003980] Initializing cgroup subsys freezer
<6>[    0.003981] Initializing cgroup subsys net_cls
<6>[    0.003983] Initializing cgroup subsys perf_event
<6>[    0.003986] Initializing cgroup subsys net_prio
<6>[    0.003987] Initializing cgroup subsys hugetlb
<6>[    0.004006] CPU: Physical Processor ID: 0
<6>[    0.004006] CPU: Processor Core ID: 0
<4>[    0.004010] ENERGY_PERF_BIAS: Set to 'normal', was 'performance'
<4>[    0.004011] ENERGY_PERF_BIAS: View and update with x86_energy_perf_policy(8)
<6>[    0.004012] mce: CPU supports 7 MCE banks
<6>[    0.004021] CPU0: Thermal monitoring enabled (TM1)
<6>[    0.004026] process: using mwait in idle threads
<6>[    0.004029] Last level iTLB entries: 4KB 512, 2MB 8, 4MB 8
<6>[    0.004030] Last level dTLB entries: 4KB 512, 2MB 32, 4MB 32, 1GB 0
<6>[    0.004141] Freeing SMP alternatives memory: 28K (ffffffff81ea6000 - ffffffff81ead000)
<6>[    0.006203] ftrace: allocating 30954 entries in 121 pages
<6>[    0.017712] Switched APIC routing to physical flat.
<6>[    0.018117] ..TIMER: vector=0x30 apic1=0 pin1=2 apic2=-1 pin2=-1
<7>[    0.057801] TSC deadline timer enabled
<6>[    0.057805] smpboot: CPU0: Intel(R) Core(TM) i3-2120 CPU @ 3.30GHz (fam: 06, model: 2a, stepping: 07)
<6>[    0.057826] Performance Events: PEBS fmt1+, 16-deep LBR, SandyBridge events, full-width counters, Intel PMU driver.
<6>[    0.057841] perf_event_intel: PEBS disabled due to CPU errata, please upgrade microcode
<6>[    0.057843] ... version:                3
<6>[    0.057844] ... bit width:              48
<6>[    0.057844] ... generic registers:      4
<6>[    0.057845] ... value mask:             0000ffffffffffff
<6>[    0.057846] ... max period:             0000ffffffffffff
<6>[    0.057847] ... fixed-purpose events:   3
<6>[    0.057847] ... event mask:             000000070000000f
<6>[    0.058532] x86: Booting SMP configuration:
<6>[    0.058533] .... node  #0, CPUs:        #1
<6>[    0.061825] NMI watchdog: enabled on all CPUs, permanently consumes one hw-PMU counter.
<4>[    0.061918]   #2  #3
<6>[    0.068352] x86: Booted up 1 node, 4 CPUs
<6>[    0.068355] smpboot: Total of 4 processors activated (26338.32 BogoMIPS)
<6>[    0.070766] devtmpfs: initialized
<6>[    0.073215] evm: security.selinux
<6>[    0.073216] evm: security.SMACK64
<6>[    0.073217] evm: security.SMACK64EXEC
<6>[    0.073218] evm: security.SMACK64TRANSMUTE
<6>[    0.073218] evm: security.SMACK64MMAP
<6>[    0.073219] evm: security.ima
<6>[    0.073220] evm: security.capability
<6>[    0.073279] PM: Registering ACPI NVS region [mem 0x38de7000-0x38fe6fff] (2097152 bytes)
<6>[    0.073308] reboot: Dell OptiPlex 790 series board detected. Selecting PCI-method for reboots.
<6>[    0.073360] clocksource: jiffies: mask: 0xffffffff max_cycles: 0xffffffff, max_idle_ns: 7645041785100000 ns
<6>[    0.073423] pinctrl core: initialized pinctrl subsystem
<6>[    0.073513] RTC time: 17:21:01, date: 02/11/16
<6>[    0.073598] NET: Registered protocol family 16
<6>[    0.074617] cpuidle: using governor ladder
<6>[    0.078616] cpuidle: using governor menu
<6>[    0.078688] Simple Boot Flag at 0xf3 set to 0x1
<6>[    0.078723] ACPI FADT declares the system doesn't support PCIe ASPM, so disable it
<6>[    0.078725] ACPI: bus type PCI registered
<6>[    0.078726] acpiphp: ACPI Hot Plug PCI Controller Driver version: 0.5
<6>[    0.078782] PCI: MMCONFIG for domain 0000 [bus 00-3f] at [mem 0xf8000000-0xfbffffff] (base 0xf8000000)
<6>[    0.078783] PCI: not using MMCONFIG
<6>[    0.078784] PCI: Using configuration type 1 for base access
<6>[    0.078789] dmi type 0xB1 record - unknown flag
<6>[    0.078920] perf_event_intel: PMU erratum BJ122, BV98, HSD29 worked around, HT is on
<6>[    0.082909] ACPI: Added _OSI(Module Device)
<6>[    0.082911] ACPI: Added _OSI(Processor Device)
<6>[    0.082911] ACPI: Added _OSI(3.0 _SCP Extensions)
<6>[    0.082912] ACPI: Added _OSI(Processor Aggregator Device)
<5>[    0.085718] [Firmware Bug]: ACPI: BIOS _OSI(Linux) query ignored
<4>[    0.087283] ACPI: Dynamic OEM Table Load:
<4>[    0.087288] ACPI: SSDT 0xFFFF88003328B000 00067C (v01 PmRef  Cpu0Cst  00003001 INTL 20090903)
<4>[    0.087601] ACPI: Dynamic OEM Table Load:
<4>[    0.087605] ACPI: SSDT 0xFFFF88003329BA00 000119 (v01 PmRef  ApCst    00003000 INTL 20090903)
<6>[    0.088070] ACPI: Interpreter enabled
<4>[    0.088074] ACPI Exception: AE_NOT_FOUND, While evaluating Sleep State [\_S1_] (20150619/hwxface-580)
<4>[    0.088077] ACPI Exception: AE_NOT_FOUND, While evaluating Sleep State [\_S2_] (20150619/hwxface-580)
<6>[    0.088086] ACPI: (supports S0 S3 S4 S5)
<6>[    0.088087] ACPI: Using IOAPIC for interrupt routing
<6>[    0.088098] PCI: MMCONFIG for domain 0000 [bus 00-3f] at [mem 0xf8000000-0xfbffffff] (base 0xf8000000)
<6>[    0.088313] PCI: MMCONFIG at [mem 0xf8000000-0xfbffffff] reserved in ACPI motherboard resources
<6>[    0.088325] PCI: Using host bridge windows from ACPI; if necessary, use "pci=nocrs" and report a bug
<6>[    0.091760] ACPI: PCI Root Bridge [PCI0] (domain 0000 [bus 00-3e])
<6>[    0.091764] acpi PNP0A08:00: _OSC: OS supports [ExtendedConfig ASPM ClockPM Segments MSI]
<7>[    0.091786] \_SB_.PCI0:_OSC invalid UUID
<7>[    0.091787] _OSC request data:1 1f 0 
<6>[    0.091790] acpi PNP0A08:00: _OSC failed (AE_ERROR); disabling ASPM
<6>[    0.092085] PCI host bridge to bus 0000:00
<6>[    0.092087] pci_bus 0000:00: root bus resource [bus 00-3e]
<6>[    0.092088] pci_bus 0000:00: root bus resource [io  0x0000-0x0cf7 window]
<6>[    0.092089] pci_bus 0000:00: root bus resource [io  0x0d00-0xffff window]
<6>[    0.092091] pci_bus 0000:00: root bus resource [mem 0x000a0000-0x000bffff window]
<6>[    0.092092] pci_bus 0000:00: root bus resource [mem 0x3da00000-0xfeafffff window]
<6>[    0.092093] pci_bus 0000:00: root bus resource [mem 0xfed40000-0xfed44fff window]
<7>[    0.092099] pci 0000:00:00.0: [8086:0100] type 00 class 0x060000
<7>[    0.092160] pci 0000:00:02.0: [8086:0102] type 00 class 0x030000
<7>[    0.092170] pci 0000:00:02.0: reg 0x10: [mem 0x3dc00000-0x3dffffff 64bit]
<7>[    0.092174] pci 0000:00:02.0: reg 0x18: [mem 0x40000000-0x4fffffff 64bit pref]
<7>[    0.092177] pci 0000:00:02.0: reg 0x20: [io  0x3000-0x303f]
<7>[    0.092250] pci 0000:00:16.0: [8086:1c3a] type 00 class 0x078000
<7>[    0.092279] pci 0000:00:16.0: reg 0x10: [mem 0x3eab0000-0x3eab000f 64bit]
<7>[    0.092334] pci 0000:00:16.0: PME# supported from D0 D3hot D3cold
<7>[    0.092393] pci 0000:00:19.0: [8086:1502] type 00 class 0x020000
<7>[    0.092416] pci 0000:00:19.0: reg 0x10: [mem 0x3ea00000-0x3ea1ffff]
<7>[    0.092424] pci 0000:00:19.0: reg 0x14: [mem 0x3ea80000-0x3ea80fff]
<7>[    0.092431] pci 0000:00:19.0: reg 0x18: [io  0x3080-0x309f]
<7>[    0.092472] pci 0000:00:19.0: PME# supported from D0 D3hot D3cold
<6>[    0.092636] pci 0000:00:19.0: System wakeup disabled by ACPI
<7>[    0.092671] pci 0000:00:1a.0: [8086:1c2d] type 00 class 0x0c0320
<7>[    0.092697] pci 0000:00:1a.0: reg 0x10: [mem 0x3ea70000-0x3ea703ff]
<7>[    0.092759] pci 0000:00:1a.0: PME# supported from D0 D3hot D3cold
<6>[    0.092797] pci 0000:00:1a.0: System wakeup disabled by ACPI
<7>[    0.092828] pci 0000:00:1b.0: [8086:1c20] type 00 class 0x040300
<7>[    0.092852] pci 0000:00:1b.0: reg 0x10: [mem 0x3ea60000-0x3ea63fff 64bit]
<7>[    0.092905] pci 0000:00:1b.0: PME# supported from D0 D3hot D3cold
<6>[    0.092933] pci 0000:00:1b.0: System wakeup disabled by ACPI
<7>[    0.092968] pci 0000:00:1c.0: [8086:1c10] type 01 class 0x060400
<7>[    0.093083] pci 0000:00:1c.0: PME# supported from D0 D3hot D3cold
<6>[    0.093116] pci 0000:00:1c.0: System wakeup disabled by ACPI
<7>[    0.093152] pci 0000:00:1c.2: [8086:1c14] type 01 class 0x060400
<7>[    0.093267] pci 0000:00:1c.2: PME# supported from D0 D3hot D3cold
<6>[    0.093301] pci 0000:00:1c.2: System wakeup disabled by ACPI
<7>[    0.093335] pci 0000:00:1d.0: [8086:1c26] type 00 class 0x0c0320
<7>[    0.093361] pci 0000:00:1d.0: reg 0x10: [mem 0x3ea50000-0x3ea503ff]
<7>[    0.093423] pci 0000:00:1d.0: PME# supported from D0 D3hot D3cold
<6>[    0.093459] pci 0000:00:1d.0: System wakeup disabled by ACPI
<7>[    0.093488] pci 0000:00:1e.0: [8086:244e] type 01 class 0x060401
<6>[    0.093549] pci 0000:00:1e.0: System wakeup disabled by ACPI
<7>[    0.093579] pci 0000:00:1f.0: [8086:1c4c] type 00 class 0x060100
<7>[    0.093717] pci 0000:00:1f.2: [8086:1c02] type 00 class 0x010601
<7>[    0.093738] pci 0000:00:1f.2: reg 0x10: [io  0x30d0-0x30d7]
<7>[    0.093745] pci 0000:00:1f.2: reg 0x14: [io  0x30c0-0x30c3]
<7>[    0.093752] pci 0000:00:1f.2: reg 0x18: [io  0x30b0-0x30b7]
<7>[    0.093759] pci 0000:00:1f.2: reg 0x1c: [io  0x30a0-0x30a3]
<7>[    0.093766] pci 0000:00:1f.2: reg 0x20: [io  0x3060-0x307f]
<7>[    0.093773] pci 0000:00:1f.2: reg 0x24: [mem 0x3ea40000-0x3ea407ff]
<7>[    0.093797] pci 0000:00:1f.2: PME# supported from D3hot
<7>[    0.093847] pci 0000:00:1f.3: [8086:1c22] type 00 class 0x0c0500
<7>[    0.093862] pci 0000:00:1f.3: reg 0x10: [mem 0x3ea30000-0x3ea300ff 64bit]
<7>[    0.093881] pci 0000:00:1f.3: reg 0x20: [io  0x3040-0x305f]
<6>[    0.093999] pci 0000:00:1c.0: PCI bridge to [bus 01]
<6>[    0.094075] pci 0000:00:1c.2: PCI bridge to [bus 02]
<7>[    0.094079] pci 0000:00:1c.2:   bridge window [io  0x2000-0x2fff]
<7>[    0.094084] pci 0000:00:1c.2:   bridge window [mem 0x3e000000-0x3e9fffff]
<7>[    0.094092] pci 0000:00:1c.2:   bridge window [mem 0x50000000-0x509fffff 64bit pref]
<6>[    0.094152] pci 0000:00:1e.0: PCI bridge to [bus 03] (subtractive decode)
<7>[    0.094160] pci 0000:00:1e.0:   bridge window [io  0x0000-0x0cf7 window] (subtractive decode)
<7>[    0.094161] pci 0000:00:1e.0:   bridge window [io  0x0d00-0xffff window] (subtractive decode)
<7>[    0.094163] pci 0000:00:1e.0:   bridge window [mem 0x000a0000-0x000bffff window] (subtractive decode)
<7>[    0.094164] pci 0000:00:1e.0:   bridge window [mem 0x3da00000-0xfeafffff window] (subtractive decode)
<7>[    0.094165] pci 0000:00:1e.0:   bridge window [mem 0xfed40000-0xfed44fff window] (subtractive decode)
<6>[    0.094504] ACPI: PCI Interrupt Link [LNKA] (IRQs 1 3 4 5 6 7 10 12 14 15) *11
<6>[    0.094539] ACPI: PCI Interrupt Link [LNKB] (IRQs 1 3 4 5 6 7 11 12 14 15) *10
<6>[    0.094572] ACPI: PCI Interrupt Link [LNKC] (IRQs 1 3 4 5 6 7 10 12 14 15) *11
<6>[    0.094605] ACPI: PCI Interrupt Link [LNKD] (IRQs 1 3 4 5 6 7 11 12 14 15) *0, disabled.
<6>[    0.094639] ACPI: PCI Interrupt Link [LNKE] (IRQs 1 3 4 *5 6 7 10 12 14 15)
<6>[    0.094671] ACPI: PCI Interrupt Link [LNKF] (IRQs 1 3 4 5 6 7 11 12 14 15) *0, disabled.
<6>[    0.094703] ACPI: PCI Interrupt Link [LNKG] (IRQs 1 *3 4 5 6 7 10 12 14 15)
<6>[    0.094736] ACPI: PCI Interrupt Link [LNKH] (IRQs 1 3 4 5 6 7 11 12 14 15) *0, disabled.
<4>[    0.094788] ACPI: Enabled 2 GPEs in block 00 to 3F
<6>[    0.094870] vgaarb: setting as boot device: PCI:0000:00:02.0
<6>[    0.094872] vgaarb: device added: PCI:0000:00:02.0,decodes=io+mem,owns=io+mem,locks=none
<6>[    0.094873] vgaarb: loaded
<6>[    0.094874] vgaarb: bridge control possible 0000:00:02.0
<5>[    0.095037] SCSI subsystem initialized
<7>[    0.095076] libata version 3.00 loaded.
<6>[    0.095097] ACPI: bus type USB registered
<6>[    0.095111] usbcore: registered new interface driver usbfs
<6>[    0.095117] usbcore: registered new interface driver hub
<6>[    0.095132] usbcore: registered new device driver usb
<6>[    0.095244] PCI: Using ACPI for IRQ routing
<7>[    0.096673] PCI: pci_cache_line_size set to 64 bytes
<7>[    0.096705] e820: reserve RAM buffer [mem 0x0009ac00-0x0009ffff]
<7>[    0.096706] e820: reserve RAM buffer [mem 0x38a76000-0x3bffffff]
<7>[    0.096707] e820: reserve RAM buffer [mem 0x38db7000-0x3bffffff]
<7>[    0.096708] e820: reserve RAM buffer [mem 0x39000000-0x3bffffff]
<7>[    0.096709] e820: reserve RAM buffer [mem 0x100600000-0x103ffffff]
<6>[    0.096800] NetLabel: Initializing
<6>[    0.096801] NetLabel:  domain hash size = 128
<6>[    0.096802] NetLabel:  protocols = UNLABELED CIPSOv4
<6>[    0.096811] NetLabel:  unlabeled traffic allowed by default
<6>[    0.096884] hpet0: at MMIO 0xfed00000, IRQs 2, 8, 0, 0, 0, 0, 0, 0
<6>[    0.096888] hpet0: 8 comparators, 64-bit 14.318180 MHz counter
<6>[    0.098910] clocksource: Switched to clocksource hpet
<6>[    0.103491] AppArmor: AppArmor Filesystem Enabled
<6>[    0.103553] pnp: PnP ACPI init
<6>[    0.103677] system 00:00: [io  0x0680-0x069f] has been reserved
<6>[    0.103679] system 00:00: [io  0xffff] has been reserved
<6>[    0.103680] system 00:00: [io  0xffff] has been reserved
<6>[    0.103682] system 00:00: [io  0xffff] has been reserved
<6>[    0.103683] system 00:00: [io  0x0400-0x0453] could not be reserved
<6>[    0.103684] system 00:00: [io  0x0458-0x047f] has been reserved
<6>[    0.103686] system 00:00: [io  0x0500-0x057f] has been reserved
<6>[    0.103687] system 00:00: [io  0x164e-0x164f] has been reserved
<7>[    0.103690] system 00:00: Plug and Play ACPI device, IDs PNP0c02 (active)
<7>[    0.103710] pnp 00:01: Plug and Play ACPI device, IDs PNP0b00 (active)
<6>[    0.103742] system 00:02: [io  0x0454-0x0457] has been reserved
<7>[    0.103745] system 00:02: Plug and Play ACPI device, IDs INT3f0d PNP0c02 (active)
<7>[    0.103773] pnp 00:03: Plug and Play ACPI device, IDs PNP0303 (active)
<7>[    0.103948] pnp 00:04: Plug and Play ACPI device, IDs PNP0501 (active)
<6>[    0.104071] system 00:05: [mem 0xfed1c000-0xfed1ffff] has been reserved
<6>[    0.104072] system 00:05: [mem 0xfed10000-0xfed17fff] has been reserved
<6>[    0.104074] system 00:05: [mem 0xfed18000-0xfed18fff] has been reserved
<6>[    0.104075] system 00:05: [mem 0xfed19000-0xfed19fff] has been reserved
<6>[    0.104076] system 00:05: [mem 0xf8000000-0xfbffffff] has been reserved
<6>[    0.104078] system 00:05: [mem 0xfed20000-0xfed3ffff] has been reserved
<6>[    0.104079] system 00:05: [mem 0xfed90000-0xfed93fff] has been reserved
<6>[    0.104080] system 00:05: [mem 0xfed45000-0xfed8ffff] has been reserved
<6>[    0.104082] system 00:05: [mem 0xff000000-0xffffffff] could not be reserved
<6>[    0.104083] system 00:05: [mem 0xfee00000-0xfeefffff] has been reserved
<7>[    0.104085] system 00:05: Plug and Play ACPI device, IDs PNP0c02 (active)
<4>[    0.104100] pnp 00:06: disabling [mem 0x40000000-0x401fffff] because it overlaps 0000:00:02.0 BAR 2 [mem 0x40000000-0x4fffffff 64bit pref]
<6>[    0.104116] system 00:06: [mem 0x20000000-0x201fffff] has been reserved
<7>[    0.104118] system 00:06: Plug and Play ACPI device, IDs PNP0c01 (active)
<6>[    0.104184] pnp: PnP ACPI: found 7 devices
<6>[    0.110119] clocksource: acpi_pm: mask: 0xffffff max_cycles: 0xffffff, max_idle_ns: 2085701024 ns
<6>[    0.110154] pci 0000:00:1c.0: PCI bridge to [bus 01]
<6>[    0.110171] pci 0000:00:1c.2: PCI bridge to [bus 02]
<6>[    0.110174] pci 0000:00:1c.2:   bridge window [io  0x2000-0x2fff]
<6>[    0.110180] pci 0000:00:1c.2:   bridge window [mem 0x3e000000-0x3e9fffff]
<6>[    0.110185] pci 0000:00:1c.2:   bridge window [mem 0x50000000-0x509fffff 64bit pref]
<6>[    0.110193] pci 0000:00:1e.0: PCI bridge to [bus 03]
<7>[    0.110203] pci_bus 0000:00: resource 4 [io  0x0000-0x0cf7 window]
<7>[    0.110204] pci_bus 0000:00: resource 5 [io  0x0d00-0xffff window]
<7>[    0.110205] pci_bus 0000:00: resource 6 [mem 0x000a0000-0x000bffff window]
<7>[    0.110207] pci_bus 0000:00: resource 7 [mem 0x3da00000-0xfeafffff window]
<7>[    0.110208] pci_bus 0000:00: resource 8 [mem 0xfed40000-0xfed44fff window]
<7>[    0.110210] pci_bus 0000:02: resource 0 [io  0x2000-0x2fff]
<7>[    0.110211] pci_bus 0000:02: resource 1 [mem 0x3e000000-0x3e9fffff]
<7>[    0.110212] pci_bus 0000:02: resource 2 [mem 0x50000000-0x509fffff 64bit pref]
<7>[    0.110213] pci_bus 0000:03: resource 4 [io  0x0000-0x0cf7 window]
<7>[    0.110214] pci_bus 0000:03: resource 5 [io  0x0d00-0xffff window]
<7>[    0.110216] pci_bus 0000:03: resource 6 [mem 0x000a0000-0x000bffff window]
<7>[    0.110217] pci_bus 0000:03: resource 7 [mem 0x3da00000-0xfeafffff window]
<7>[    0.110218] pci_bus 0000:03: resource 8 [mem 0xfed40000-0xfed44fff window]
<6>[    0.110246] NET: Registered protocol family 2
<6>[    0.110379] TCP established hash table entries: 8192 (order: 4, 65536 bytes)
<6>[    0.110402] TCP bind hash table entries: 8192 (order: 5, 131072 bytes)
<6>[    0.110429] TCP: Hash tables configured (established 8192 bind 8192)
<6>[    0.110450] UDP hash table entries: 512 (order: 2, 16384 bytes)
<6>[    0.110457] UDP-Lite hash table entries: 512 (order: 2, 16384 bytes)
<6>[    0.110502] NET: Registered protocol family 1
<4>[    0.110518] pmd_set_huge: Cannot satisfy [mem 0x3dc00000-0x3de00000] with a huge-page mapping due to MTRR override.
<7>[    0.110536] pci 0000:00:02.0: Video device with shadowed ROM
<7>[    0.110799] PCI: CLS 64 bytes, default 64
<6>[    0.110847] Trying to unpack rootfs image as initramfs...
<6>[    2.231731] Freeing initrd memory: 13576K (ffff88001f2bd000 - ffff88001ffff000)
<6>[    2.231768] PCI-DMA: Using software bounce buffering for IO (SWIOTLB)
<6>[    2.231770] software IO TLB [mem 0x33400000-0x37400000] (64MB) mapped at [ffff880033400000-ffff8800373fffff]
<6>[    2.231861] RAPL PMU detected, API unit is 2^-32 Joules, 3 fixed counters 163840 ms ovfl timer
<6>[    2.231862] hw unit of domain pp0-core 2^-16 Joules
<6>[    2.231863] hw unit of domain package 2^-16 Joules
<6>[    2.231864] hw unit of domain pp1-gpu 2^-16 Joules
<6>[    2.231989] microcode: CPU0 sig=0x206a7, pf=0x2, revision=0x14
<6>[    2.231996] microcode: CPU1 sig=0x206a7, pf=0x2, revision=0x14
<6>[    2.232000] microcode: CPU2 sig=0x206a7, pf=0x2, revision=0x14
<6>[    2.232005] microcode: CPU3 sig=0x206a7, pf=0x2, revision=0x14
<6>[    2.232057] microcode: Microcode Update Driver: v2.00 <tigran@aivazian.fsnet.co.uk>, Peter Oruba
<6>[    2.232119] Scanning for low memory corruption every 60 seconds
<6>[    2.232480] futex hash table entries: 4096 (order: 6, 262144 bytes)
<5>[    2.232547] Initialise system trusted keyring
<6>[    2.232566] audit: initializing netlink subsys (disabled)
<5>[    2.232584] audit: type=2000 audit(1455211263.224:1): initialized
<6>[    2.232866] HugeTLB registered 2 MB page size, pre-allocated 0 pages
<6>[    2.233947] zpool: loaded
<6>[    2.233948] zbud: loaded
<5>[    2.234088] VFS: Disk quotas dquot_6.6.0
<6>[    2.234118] VFS: Dquot-cache hash table entries: 512 (order 0, 4096 bytes)
<6>[    2.234481] fuse init (API version 7.23)
<5>[    2.234588] Key type big_key registered
<5>[    2.234904] Key type asymmetric registered
<5>[    2.234907] Asymmetric key parser 'x509' registered
<6>[    2.234917] Block layer SCSI generic (bsg) driver version 0.4 loaded (major 249)
<6>[    2.234955] io scheduler noop registered
<6>[    2.234959] io scheduler deadline registered (default)
<6>[    2.234982] io scheduler cfq registered
<6>[    2.235318] pci_hotplug: PCI Hot Plug PCI Core version: 0.5
<6>[    2.235323] pciehp: PCI Express Hot Plug Controller Driver version: 0.4
<7>[    2.235352] intel_idle: MWAIT substates: 0x1120
<7>[    2.235353] intel_idle: v0.4 model 0x2A
<7>[    2.235354] intel_idle: lapic_timer_reliable_states 0xffffffff
<6>[    2.235506] input: Power Button as /devices/LNXSYSTM:00/LNXSYBUS:00/PNP0C0C:00/input/input0
<6>[    2.235509] ACPI: Power Button [PWRB]
<6>[    2.235536] input: Power Button as /devices/LNXSYSTM:00/LNXPWRBN:00/input/input1
<6>[    2.235537] ACPI: Power Button [PWRF]
<6>[    2.235746] GHES: HEST is not enabled!
<6>[    2.235825] Serial: 8250/16550 driver, 32 ports, IRQ sharing enabled
<6>[    2.256255] 00:04: ttyS0 at I/O 0x3f8 (irq = 4, base_baud = 115200) is a 16550A
<6>[    2.257486] Linux agpgart interface v0.103
<6>[    2.259121] brd: module loaded
<6>[    2.259812] loop: module loaded
<6>[    2.259967] libphy: Fixed MDIO Bus: probed
<6>[    2.259970] tun: Universal TUN/TAP device driver, 1.6
<6>[    2.259970] tun: (C) 1999-2004 Max Krasnyansky <maxk@qualcomm.com>
<6>[    2.260002] PPP generic driver version 2.4.2
<6>[    2.260053] ehci_hcd: USB 2.0 'Enhanced' Host Controller (EHCI) Driver
<6>[    2.260056] ehci-pci: EHCI PCI platform driver
<6>[    2.260156] ehci-pci 0000:00:1a.0: EHCI Host Controller
<6>[    2.260161] ehci-pci 0000:00:1a.0: new USB bus registered, assigned bus number 1
<6>[    2.260172] ehci-pci 0000:00:1a.0: debug port 2
<7>[    2.264075] ehci-pci 0000:00:1a.0: cache line size of 64 is not supported
<6>[    2.264085] ehci-pci 0000:00:1a.0: irq 16, io mem 0x3ea70000
<6>[    2.274864] ehci-pci 0000:00:1a.0: USB 2.0 started, EHCI 1.00
<6>[    2.274902] usb usb1: New USB device found, idVendor=1d6b, idProduct=0002
<6>[    2.274903] usb usb1: New USB device strings: Mfr=3, Product=2, SerialNumber=1
<6>[    2.274904] usb usb1: Product: EHCI Host Controller
<6>[    2.274905] usb usb1: Manufacturer: Linux 4.2.0-18-generic ehci_hcd
<6>[    2.274907] usb usb1: SerialNumber: 0000:00:1a.0
<6>[    2.275023] hub 1-0:1.0: USB hub found
<6>[    2.275028] hub 1-0:1.0: 2 ports detected
<6>[    2.275172] ehci-pci 0000:00:1d.0: EHCI Host Controller
<6>[    2.275176] ehci-pci 0000:00:1d.0: new USB bus registered, assigned bus number 2
<6>[    2.275185] ehci-pci 0000:00:1d.0: debug port 2
<7>[    2.279088] ehci-pci 0000:00:1d.0: cache line size of 64 is not supported
<6>[    2.279095] ehci-pci 0000:00:1d.0: irq 17, io mem 0x3ea50000
<6>[    2.290863] ehci-pci 0000:00:1d.0: USB 2.0 started, EHCI 1.00
<6>[    2.290889] usb usb2: New USB device found, idVendor=1d6b, idProduct=0002
<6>[    2.290890] usb usb2: New USB device strings: Mfr=3, Product=2, SerialNumber=1
<6>[    2.290891] usb usb2: Product: EHCI Host Controller
<6>[    2.290892] usb usb2: Manufacturer: Linux 4.2.0-18-generic ehci_hcd
<6>[    2.290893] usb usb2: SerialNumber: 0000:00:1d.0
<6>[    2.291058] hub 2-0:1.0: USB hub found
<6>[    2.291064] hub 2-0:1.0: 2 ports detected
<6>[    2.291142] ehci-platform: EHCI generic platform driver
<6>[    2.291152] ohci_hcd: USB 1.1 'Open' Host Controller (OHCI) Driver
<6>[    2.291156] ohci-pci: OHCI PCI platform driver
<6>[    2.291163] ohci-platform: OHCI generic platform driver
<6>[    2.291169] uhci_hcd: USB Universal Host Controller Interface driver
<6>[    2.291207] i8042: PNP: PS/2 Controller [PNP0303:PS2K] at 0x60,0x64 irq 1
<4>[    2.291208] i8042: PNP: PS/2 appears to have AUX port disabled, if this is incorrect please boot with i8042.nopnp
<6>[    2.292003] serio: i8042 KBD port at 0x60,0x64 irq 1
<6>[    2.292247] mousedev: PS/2 mouse device common for all mice
<6>[    2.292617] rtc_cmos 00:01: RTC can wake from S4
<6>[    2.292793] rtc_cmos 00:01: rtc core: registered rtc_cmos as rtc0
<6>[    2.292818] rtc_cmos 00:01: alarms up to one year, y3k, 242 bytes nvram, hpet irqs
<6>[    2.292827] i2c /dev entries driver
<6>[    2.292888] device-mapper: uevent: version 1.0.3
<6>[    2.292945] device-mapper: ioctl: 4.33.0-ioctl (2015-8-18) initialised: dm-devel@redhat.com
<6>[    2.292960] Intel P-state driver initializing.
<6>[    2.293036] ledtrig-cpu: registered to indicate activity on CPUs
<4>[    2.293177] PCCT header not found.
<6>[    2.293345] NET: Registered protocol family 10
<6>[    2.293524] NET: Registered protocol family 17
<5>[    2.293536] Key type dns_resolver registered
<5>[    2.293797] Loading compiled-in X.509 certificates
<5>[    2.294468] Loaded X.509 cert 'Build time autogenerated kernel key: 714df7ce1739f2da38b31837ada06c6e4fb64084'
<6>[    2.294480] registered taskstats version 1
<6>[    2.294497] zswap: loading zswap
<6>[    2.294498] zswap: using zbud pool
<6>[    2.294501] zswap: using lzo compressor
<5>[    2.295733] Key type trusted registered
<5>[    2.297763] Key type encrypted registered
<6>[    2.297769] AppArmor: AppArmor sha1 policy hashing enabled
<6>[    2.297772] ima: No TPM chip found, activating TPM-bypass!
<6>[    2.297793] evm: HMAC attrs: 0x1
<6>[    2.298006]   Magic number: 4:427:390
<6>[    2.298096] rtc_cmos 00:01: setting system clock to 2016-02-11 17:21:04 UTC (1455211264)
<6>[    2.298155] BIOS EDD facility v0.16 2004-Jun-25, 0 devices found
<6>[    2.298156] EDD information not available.
<6>[    2.334466] input: AT Translated Set 2 keyboard as /devices/platform/i8042/serio0/input/input2
<6>[    2.586889] usb 1-1: new high-speed USB device number 2 using ehci-pci
<6>[    2.602891] usb 2-1: new high-speed USB device number 2 using ehci-pci
<6>[    2.719333] usb 1-1: New USB device found, idVendor=8087, idProduct=0024
<6>[    2.719335] usb 1-1: New USB device strings: Mfr=0, Product=0, SerialNumber=0
<6>[    2.719738] hub 1-1:1.0: USB hub found
<6>[    2.719960] hub 1-1:1.0: 6 ports detected
<6>[    2.735614] usb 2-1: New USB device found, idVendor=8087, idProduct=0024
<6>[    2.735616] usb 2-1: New USB device strings: Mfr=0, Product=0, SerialNumber=0
<6>[    2.735984] hub 2-1:1.0: USB hub found
<6>[    2.736210] hub 2-1:1.0: 8 ports detected
<6>[    3.006881] usb 2-1.5: new high-speed USB device number 3 using ehci-pci
<6>[    3.099772] usb 2-1.5: New USB device found, idVendor=0781, idProduct=5575
<6>[    3.099777] usb 2-1.5: New USB device strings: Mfr=1, Product=2, SerialNumber=3
<6>[    3.099780] usb 2-1.5: Product: Cruzer Glide
<6>[    3.099782] usb 2-1.5: Manufacturer: SanDisk
<6>[    3.099784] usb 2-1.5: SerialNumber: 4C530300821116101093
<6>[    3.230859] tsc: Refined TSC clocksource calibration: 3292.520 MHz
<6>[    3.230864] clocksource: tsc: mask: 0xffffffffffffffff max_cycles: 0x2f75b1eac7a, max_idle_ns: 440795210882 ns
<6>[    4.231006] clocksource: Switched to clocksource tsc
<7>[   14.342582] PM: Hibernation image not present or could not be loaded.
<6>[   14.342887] Freeing unused kernel memory: 1464K (ffffffff81d38000 - ffffffff81ea6000)
<6>[   14.342889] Write protecting the kernel read-only data: 12288k
<6>[   14.343143] Freeing unused kernel memory: 248K (ffff8800017c2000 - ffff880001800000)
<6>[   14.343204] Freeing unused kernel memory: 284K (ffff880001bb9000 - ffff880001c00000)
<30>[   14.351137] systemd-udevd[122]: starting version 204
<6>[   14.365512] pps_core: LinuxPPS API ver. 1 registered
<6>[   14.365515] pps_core: Software ver. 5.3.6 - Copyright 2005-2007 Rodolfo Giometti <giometti@linux.it>
<6>[   14.366954] PTP clock support registered
<6>[   14.369198] usb-storage 2-1.5:1.0: USB Mass Storage device detected
<6>[   14.369810] scsi host0: usb-storage 2-1.5:1.0
<6>[   14.369900] usbcore: registered new interface driver usb-storage
<7>[   14.370370] ahci 0000:00:1f.2: version 3.0
<6>[   14.371458] [drm] Initialized drm 1.1.0 20060810
<6>[   14.371462] usbcore: registered new interface driver uas
<6>[   14.372180] e1000e: Intel(R) PRO/1000 Network Driver - 3.2.5-k
<6>[   14.372183] e1000e: Copyright(c) 1999 - 2015 Intel Corporation.
<6>[   14.386573] ahci 0000:00:1f.2: AHCI 0001.0300 32 slots 6 ports 6 Gbps 0x4 impl SATA mode
<6>[   14.386579] ahci 0000:00:1f.2: flags: 64bit ncq sntf pm led clo pio slum part ems apst 
<6>[   14.387013] scsi host1: ahci
<6>[   14.389843] scsi host2: ahci
<6>[   14.390157] scsi host3: ahci
<6>[   14.394308] scsi host4: ahci
<6>[   14.394405] scsi host5: ahci
<6>[   14.394469] scsi host6: ahci
<6>[   14.394504] ata1: DUMMY
<6>[   14.394505] ata2: DUMMY
<6>[   14.394508] ata3: SATA max UDMA/133 abar m2048@0x3ea40000 port 0x3ea40200 irq 24
<6>[   14.394509] ata4: DUMMY
<6>[   14.394509] ata5: DUMMY
<6>[   14.394510] ata6: DUMMY
<6>[   14.394690] e1000e 0000:00:19.0: Interrupt Throttling Rate (ints/sec) set to dynamic conservative mode
<6>[   14.664432] e1000e 0000:00:19.0 eth0: registered PHC clock
<6>[   14.664434] e1000e 0000:00:19.0 eth0: (PCI Express:2.5GT/s:Width x1) 78:2b:cb:af:fd:94
<6>[   14.664436] e1000e 0000:00:19.0 eth0: Intel(R) PRO/1000 Network Connection
<6>[   14.664466] e1000e 0000:00:19.0 eth0: MAC: 10, PHY: 11, PBA No: E041FF-0FF
<6>[   14.665285] [drm] Memory usable by graphics device = 2048M
<6>[   14.665287] [drm] Replacing VGA console driver
<6>[   14.665755] Console: switching to colour dummy device 80x25
<6>[   14.672208] [drm] Supports vblank timestamp caching Rev 2 (21.10.2013).
<6>[   14.672209] [drm] Driver supports precise vblank timestamp query.
<6>[   14.672268] vgaarb: device changed decodes: PCI:0000:00:02.0,olddecodes=io+mem,decodes=io+mem:owns=io+mem
<6>[   14.675340] ACPI: Video Device [GFX0] (multi-head: yes  rom: no  post: no)
<6>[   14.675515] acpi device:01: registered as cooling_device4
<6>[   14.675567] input: Video Bus as /devices/LNXSYSTM:00/LNXSYBUS:00/PNP0A08:00/LNXVIDEO:00/input/input3
<6>[   14.675653] [drm] Initialized i915 1.6.0 20150522 for 0000:00:02.0 on minor 0
<6>[   14.699115] fbcon: inteldrmfb (fb0) is primary device
<6>[   14.714582] ata3: SATA link up 1.5 Gbps (SStatus 113 SControl 300)
<6>[   14.717559] ata3.00: ATAPI: HL-DT-ST DVD+/-RW GH50N, B103, max UDMA/100
<6>[   14.721375] ata3.00: configured for UDMA/100
<5>[   14.729959] scsi 3:0:0:0: CD-ROM            HL-DT-ST DVD+-RW GH50N    B103 PQ: 0 ANSI: 5
<6>[   14.732042] Console: switching to colour frame buffer device 160x64
<6>[   14.735079] i915 0000:00:02.0: fb0: inteldrmfb frame buffer device
<6>[   14.735080] i915 0000:00:02.0: registered panic notifier
<6>[   14.750410] sr 3:0:0:0: [sr0] scsi3-mmc drive: 48x/48x writer dvd-ram cd/rw xa/form2 cdda tray
<6>[   14.750415] cdrom: Uniform CD-ROM driver Revision: 3.20
<7>[   14.750577] sr 3:0:0:0: Attached scsi CD-ROM sr0
<5>[   14.750647] sr 3:0:0:0: Attached scsi generic sg0 type 5
<5>[   15.367674] scsi 0:0:0:0: Direct-Access     SanDisk  Cruzer Glide     1.26 PQ: 0 ANSI: 6
<5>[   15.367920] sd 0:0:0:0: Attached scsi generic sg1 type 0
<5>[   15.369132] sd 0:0:0:0: [sda] 15633408 512-byte logical blocks: (8.00 GB/7.45 GiB)
<5>[   15.370645] sd 0:0:0:0: [sda] Write Protect is off
<7>[   15.370659] sd 0:0:0:0: [sda] Mode Sense: 43 00 00 00
<5>[   15.371774] sd 0:0:0:0: [sda] Write cache: disabled, read cache: enabled, doesn't support DPO or FUA
<6>[   15.375495]  sda: sda1
<5>[   15.381025] sd 0:0:0:0: [sda] Attached SCSI disk
<4>[   16.532865] FAT-fs (sda1): Volume was not properly unmounted. Some data may be corrupt. Please run fsck.
<6>[   16.561094] EXT4-fs (loop0): mounting ext3 file system using the ext4 subsystem
<4>[   17.243955] EXT4-fs (loop0): warning: checktime reached, running e2fsck is recommended
<6>[   17.244058] EXT4-fs (loop0): recovery complete
<6>[   17.248168] EXT4-fs (loop0): mounted filesystem with ordered data mode. Opts: (null)
<6>[   17.279203] squashfs: version 4.0 (2009/01/31) Phillip Lougher
<5>[   18.156990] random: mktemp urandom read with 124 bits of entropy available
<5>[   18.265894] random: nonblocking pool is initialized
<30>[   20.524438] systemd-udevd[1662]: starting version 204
<4>[   20.639223] ACPI Warning: SystemIO range 0x0000000000000428-0x000000000000042F conflicts with OpRegion 0x0000000000000400-0x000000000000047F (\PMIO) (20150619/utaddress-254)
<6>[   20.639228] ACPI: If an ACPI driver is available for this device, you should use it instead of the native driver
<4>[   20.639231] ACPI Warning: SystemIO range 0x0000000000000540-0x000000000000054F conflicts with OpRegion 0x0000000000000500-0x0000000000000563 (\GPIO) (20150619/utaddress-254)
<6>[   20.639233] ACPI: If an ACPI driver is available for this device, you should use it instead of the native driver
<4>[   20.639234] ACPI Warning: SystemIO range 0x0000000000000530-0x000000000000053F conflicts with OpRegion 0x0000000000000500-0x0000000000000563 (\GPIO) (20150619/utaddress-254)
<6>[   20.639236] ACPI: If an ACPI driver is available for this device, you should use it instead of the native driver
<4>[   20.639237] ACPI Warning: SystemIO range 0x0000000000000500-0x000000000000052F conflicts with OpRegion 0x0000000000000500-0x0000000000000563 (\GPIO) (20150619/utaddress-254)
<6>[   20.639239] ACPI: If an ACPI driver is available for this device, you should use it instead of the native driver
<4>[   20.639240] lpc_ich: Resource conflict(s) found affecting gpio_ich
<6>[   20.642208] shpchp: Standard Hot Plug PCI Controller Driver version: 0.4
<6>[   20.735775] dcdbas dcdbas: Dell Systems Management Base Driver (version 5.6.0-3.2)
<6>[   20.751493] e1000e 0000:00:19.0 eth4: renamed from eth0
<30>[   20.766587] systemd-udevd[1705]: renamed network interface eth0 to eth4
<6>[   20.767630] parport0: PC-style at 0x378 (0x778)
<12>[   20.803321] init: failsafe main process (1723) killed by TERM signal
<6>[   20.820813] ppdev: user-space parallel port driver
<4>[   20.895046]  [PCSPP,TRISTATE,EPP]
<6>[   20.895053] parport0: irq 7 detected
<6>[   20.908342] intel_rapl: Found RAPL domain package
<6>[   20.908346] intel_rapl: Found RAPL domain core
<6>[   20.908347] intel_rapl: Found RAPL domain uncore
<6>[   20.968376] snd_hda_codec_realtek hdaudioC0D0: ALC269VB: SKU not ready 0x411111f0
<6>[   20.969749] snd_hda_codec_realtek hdaudioC0D0: autoconfig for ALC269VB: line_outs=1 (0x1b/0x0/0x0/0x0/0x0) type:line
<6>[   20.969754] snd_hda_codec_realtek hdaudioC0D0:    speaker_outs=1 (0x14/0x0/0x0/0x0/0x0)
<6>[   20.969757] snd_hda_codec_realtek hdaudioC0D0:    hp_outs=1 (0x21/0x0/0x0/0x0/0x0)
<6>[   20.969759] snd_hda_codec_realtek hdaudioC0D0:    mono: mono_out=0x0
<6>[   20.969760] snd_hda_codec_realtek hdaudioC0D0:    inputs:
<6>[   20.969763] snd_hda_codec_realtek hdaudioC0D0:      Rear Mic=0x19
<6>[   20.969765] snd_hda_codec_realtek hdaudioC0D0:      Front Mic=0x18
<6>[   21.003435] input: HDA Intel PCH Rear Mic as /devices/pci0000:00/0000:00:1b.0/sound/card0/input4
<6>[   21.003505] input: HDA Intel PCH Front Mic as /devices/pci0000:00/0000:00:1b.0/sound/card0/input5
<6>[   21.003568] input: HDA Intel PCH Line Out as /devices/pci0000:00/0000:00:1b.0/sound/card0/input6
<6>[   21.003631] input: HDA Intel PCH Front Headphone as /devices/pci0000:00/0000:00:1b.0/sound/card0/input7
<6>[   21.003693] input: HDA Intel PCH HDMI/DP,pcm=3 as /devices/pci0000:00/0000:00:1b.0/sound/card0/input8
<12>[   21.027976] init: plymouth-upstart-bridge main process ended, respawning
