<6>[    0.000000] Initializing cgroup subsys cpuset
<6>[    0.000000] Initializing cgroup subsys cpu
<6>[    0.000000] Initializing cgroup subsys cpuacct
<5>[    0.000000] Linux version 4.4.0-22-generic (buildd@lcy01-08) (gcc version 4.8.2 (Ubuntu 4.8.2-19ubuntu1) ) #40~14.04.1-Ubuntu SMP Fri May 13 17:27:45 UTC 2016 (Ubuntu 4.4.0-22.40~14.04.1-generic 4.4.8)
<6>[    0.000000] Command line: BOOT_IMAGE=/casper/vmlinuz boot=casper ip=frommedia persistent noprompt splash quiet FWTS_AUTO_SHUTDOWN=1 --
<6>[    0.000000] KERNEL supported cpus:
<6>[    0.000000]   Intel GenuineIntel
<6>[    0.000000]   AMD AuthenticAMD
<6>[    0.000000]   Centaur CentaurHauls
<6>[    0.000000] x86/fpu: xstate_offset[2]:  576, xstate_sizes[2]:  256
<6>[    0.000000] x86/fpu: Supporting XSAVE feature 0x01: 'x87 floating point registers'
<6>[    0.000000] x86/fpu: Supporting XSAVE feature 0x02: 'SSE registers'
<6>[    0.000000] x86/fpu: Supporting XSAVE feature 0x04: 'AVX registers'
<6>[    0.000000] x86/fpu: Enabled xstate features 0x7, context size is 832 bytes, using 'standard' format.
<6>[    0.000000] x86/fpu: Using 'eager' FPU context switches.
<6>[    0.000000] e820: BIOS-provided physical RAM map:
<6>[    0.000000] BIOS-e820: [mem 0x0000000000000000-0x000000000009efff] usable
<6>[    0.000000] BIOS-e820: [mem 0x000000000009f000-0x000000000009ffff] reserved
<6>[    0.000000] BIOS-e820: [mem 0x0000000000100000-0x00000000dd6acfff] usable
<6>[    0.000000] BIOS-e820: [mem 0x00000000dd6ad000-0x00000000ddcadfff] ACPI NVS
<6>[    0.000000] BIOS-e820: [mem 0x00000000ddcae000-0x00000000ddcb0fff] type 20
<6>[    0.000000] BIOS-e820: [mem 0x00000000ddcb1000-0x00000000ddcc7fff] usable
<6>[    0.000000] BIOS-e820: [mem 0x00000000ddcc8000-0x00000000ddccdfff] type 20
<6>[    0.000000] BIOS-e820: [mem 0x00000000ddcce000-0x00000000ddccffff] usable
<6>[    0.000000] BIOS-e820: [mem 0x00000000ddcd0000-0x00000000ddcd9fff] type 20
<6>[    0.000000] BIOS-e820: [mem 0x00000000ddcda000-0x00000000dde6cfff] usable
<6>[    0.000000] BIOS-e820: [mem 0x00000000dde6d000-0x00000000dde70fff] type 20
<6>[    0.000000] BIOS-e820: [mem 0x00000000dde71000-0x00000000ddebafff] usable
<6>[    0.000000] BIOS-e820: [mem 0x00000000ddebb000-0x00000000ddec1fff] type 20
<6>[    0.000000] BIOS-e820: [mem 0x00000000ddec2000-0x00000000ddecefff] reserved
<6>[    0.000000] BIOS-e820: [mem 0x00000000ddecf000-0x00000000ddedffff] type 20
<6>[    0.000000] BIOS-e820: [mem 0x00000000ddee0000-0x00000000ddee2fff] usable
<6>[    0.000000] BIOS-e820: [mem 0x00000000ddee3000-0x00000000ddee4fff] type 20
<6>[    0.000000] BIOS-e820: [mem 0x00000000ddee5000-0x00000000ddefbfff] usable
<6>[    0.000000] BIOS-e820: [mem 0x00000000ddefc000-0x00000000ddf01fff] type 20
<6>[    0.000000] BIOS-e820: [mem 0x00000000ddf02000-0x00000000ddf09fff] usable
<6>[    0.000000] BIOS-e820: [mem 0x00000000ddf0a000-0x00000000ddf0afff] type 20
<6>[    0.000000] BIOS-e820: [mem 0x00000000ddf0b000-0x00000000ddf19fff] usable
<6>[    0.000000] BIOS-e820: [mem 0x00000000ddf1a000-0x00000000ddf1afff] type 20
<6>[    0.000000] BIOS-e820: [mem 0x00000000ddf1b000-0x00000000ddf25fff] usable
<6>[    0.000000] BIOS-e820: [mem 0x00000000ddf26000-0x00000000ddf2afff] type 20
<6>[    0.000000] BIOS-e820: [mem 0x00000000ddf2b000-0x00000000ddf56fff] usable
<6>[    0.000000] BIOS-e820: [mem 0x00000000ddf57000-0x00000000ddf57fff] type 20
<6>[    0.000000] BIOS-e820: [mem 0x00000000ddf58000-0x00000000ddf67fff] usable
<6>[    0.000000] BIOS-e820: [mem 0x00000000ddf68000-0x00000000ddf8efff] type 20
<6>[    0.000000] BIOS-e820: [mem 0x00000000ddf8f000-0x00000000ddfa1fff] usable
<6>[    0.000000] BIOS-e820: [mem 0x00000000ddfa2000-0x00000000ddfa2fff] type 20
<6>[    0.000000] BIOS-e820: [mem 0x00000000ddfa3000-0x00000000ddfa3fff] usable
<6>[    0.000000] BIOS-e820: [mem 0x00000000ddfa4000-0x00000000ddfa5fff] type 20
<6>[    0.000000] BIOS-e820: [mem 0x00000000ddfa6000-0x00000000ddfa7fff] usable
<6>[    0.000000] BIOS-e820: [mem 0x00000000ddfa8000-0x00000000ddfacfff] type 20
<6>[    0.000000] BIOS-e820: [mem 0x00000000ddfad000-0x00000000ddfc0fff] usable
<6>[    0.000000] BIOS-e820: [mem 0x00000000ddfc1000-0x00000000de041fff] reserved
<6>[    0.000000] BIOS-e820: [mem 0x00000000de042000-0x00000000de05bfff] type 20
<6>[    0.000000] BIOS-e820: [mem 0x00000000de05c000-0x00000000de585fff] reserved
<6>[    0.000000] BIOS-e820: [mem 0x00000000de586000-0x00000000de805fff] ACPI NVS
<6>[    0.000000] BIOS-e820: [mem 0x00000000de806000-0x00000000de80afff] ACPI data
<6>[    0.000000] BIOS-e820: [mem 0x00000000de80b000-0x00000000de80bfff] usable
<6>[    0.000000] BIOS-e820: [mem 0x00000000de80c000-0x00000000de84efff] ACPI NVS
<6>[    0.000000] BIOS-e820: [mem 0x00000000de84f000-0x00000000dec5bfff] usable
<6>[    0.000000] BIOS-e820: [mem 0x00000000dec5c000-0x00000000deff3fff] reserved
<6>[    0.000000] BIOS-e820: [mem 0x00000000deff4000-0x00000000deffffff] usable
<6>[    0.000000] BIOS-e820: [mem 0x00000000f8000000-0x00000000fbffffff] reserved
<6>[    0.000000] BIOS-e820: [mem 0x00000000fec00000-0x00000000fec00fff] reserved
<6>[    0.000000] BIOS-e820: [mem 0x00000000fed00000-0x00000000fed03fff] reserved
<6>[    0.000000] BIOS-e820: [mem 0x00000000fed1c000-0x00000000fed1ffff] reserved
<6>[    0.000000] BIOS-e820: [mem 0x00000000fee00000-0x00000000fee00fff] reserved
<6>[    0.000000] BIOS-e820: [mem 0x00000000ff000000-0x00000000ffffffff] reserved
<6>[    0.000000] BIOS-e820: [mem 0x0000000100000000-0x000000041f3fffff] usable
<6>[    0.000000] NX (Execute Disable) protection: active
<6>[    0.000000] efi: EFI v2.31 by American Megatrends
<6>[    0.000000] efi:  ACPI=0xde7de000  ACPI 2.0=0xde7de000  SMBIOS=0xf04c0  MPS=0xfd4c0 
<6>[    0.000000] SMBIOS 2.7 present.
<7>[    0.000000] DMI: ASUSTeK COMPUTER INC. G75VW/G75VW, BIOS G75VW.222 11/06/2012
<7>[    0.000000] e820: update [mem 0x00000000-0x00000fff] usable ==> reserved
<7>[    0.000000] e820: remove [mem 0x000a0000-0x000fffff] usable
<6>[    0.000000] e820: last_pfn = 0x41f400 max_arch_pfn = 0x400000000
<7>[    0.000000] MTRR default type: uncachable
<7>[    0.000000] MTRR fixed ranges enabled:
<7>[    0.000000]   00000-9FFFF write-back
<7>[    0.000000]   A0000-BFFFF uncachable
<7>[    0.000000]   C0000-DBFFF write-protect
<7>[    0.000000]   DC000-DFFFF uncachable
<7>[    0.000000]   E0000-FFFFF write-protect
<7>[    0.000000] MTRR variable ranges enabled:
<7>[    0.000000]   0 base 000000000 mask C00000000 write-back
<7>[    0.000000]   1 base 400000000 mask FF0000000 write-back
<7>[    0.000000]   2 base 410000000 mask FF8000000 write-back
<7>[    0.000000]   3 base 418000000 mask FFC000000 write-back
<7>[    0.000000]   4 base 41C000000 mask FFE000000 write-back
<7>[    0.000000]   5 base 41E000000 mask FFF000000 write-back
<7>[    0.000000]   6 base 41F000000 mask FFFC00000 write-back
<7>[    0.000000]   7 base 0E0000000 mask FE0000000 uncachable
<7>[    0.000000]   8 base 0DFC00000 mask FFFC00000 uncachable
<7>[    0.000000]   9 disabled
<6>[    0.000000] x86/PAT: Configuration [0-7]: WB  WC  UC- UC  WB  WC  UC- WT  
<7>[    0.000000] original variable MTRRs
<7>[    0.000000] reg 0, base: 0GB, range: 16GB, type WB
<7>[    0.000000] reg 1, base: 16GB, range: 256MB, type WB
<7>[    0.000000] reg 2, base: 16640MB, range: 128MB, type WB
<7>[    0.000000] reg 3, base: 16768MB, range: 64MB, type WB
<7>[    0.000000] reg 4, base: 16832MB, range: 32MB, type WB
<7>[    0.000000] reg 5, base: 16864MB, range: 16MB, type WB
<7>[    0.000000] reg 6, base: 16880MB, range: 4MB, type WB
<7>[    0.000000] reg 7, base: 3584MB, range: 512MB, type UC
<7>[    0.000000] reg 8, base: 3580MB, range: 4MB, type UC
<6>[    0.000000] total RAM covered: 16368M
<6>[    0.000000] Found optimal setting for mtrr clean up
<6>[    0.000000]  gran_size: 64K 	chunk_size: 16M 	num_reg: 9  	lose cover RAM: 0G
<7>[    0.000000] New variable MTRRs
<7>[    0.000000] reg 0, base: 0GB, range: 2GB, type WB
<7>[    0.000000] reg 1, base: 2GB, range: 1GB, type WB
<7>[    0.000000] reg 2, base: 3GB, range: 512MB, type WB
<7>[    0.000000] reg 3, base: 3580MB, range: 4MB, type UC
<7>[    0.000000] reg 4, base: 4GB, range: 4GB, type WB
<7>[    0.000000] reg 5, base: 8GB, range: 8GB, type WB
<7>[    0.000000] reg 6, base: 16GB, range: 512MB, type WB
<7>[    0.000000] reg 7, base: 16884MB, range: 4MB, type UC
<7>[    0.000000] reg 8, base: 16888MB, range: 8MB, type UC
<7>[    0.000000] e820: update [mem 0xdfc00000-0xffffffff] usable ==> reserved
<6>[    0.000000] e820: last_pfn = 0xdf000 max_arch_pfn = 0x400000000
<6>[    0.000000] found SMP MP-table at [mem 0x000fd800-0x000fd80f] mapped at [ffff8800000fd800]
<6>[    0.000000] Scanning 1 areas for low memory corruption
<7>[    0.000000] Base memory trampoline at [ffff880000097000] 97000 size 24576
<7>[    0.000000] BRK [0x02002000, 0x02002fff] PGTABLE
<7>[    0.000000] BRK [0x02003000, 0x02003fff] PGTABLE
<7>[    0.000000] BRK [0x02004000, 0x02004fff] PGTABLE
<7>[    0.000000] BRK [0x02005000, 0x02005fff] PGTABLE
<7>[    0.000000] BRK [0x02006000, 0x02006fff] PGTABLE
<7>[    0.000000] BRK [0x02007000, 0x02007fff] PGTABLE
<6>[    0.000000] RAMDISK: [mem 0x36474000-0x37231fff]
<6>[    0.000000] ACPI: Early table checksum verification disabled
<4>[    0.000000] ACPI: RSDP 0x00000000DE7DE000 000024 (v02 _ASUS_)
<4>[    0.000000] ACPI: XSDT 0x00000000DE7DE078 00007C (v01 _ASUS_ Notebook 01072009 AMI  00010013)
<4>[    0.000000] ACPI: FACP 0x00000000DE7EE9B0 00010C (v05 _ASUS_ Notebook 01072009 AMI  00010013)
<4>[    0.000000] ACPI: DSDT 0x00000000DE7DE188 010828 (v02 _ASUS_ Notebook 00000013 INTL 20091112)
<4>[    0.000000] ACPI: FACS 0x00000000DE803080 000040
<4>[    0.000000] ACPI: APIC 0x00000000DE7EEAC0 000092 (v03 _ASUS_ Notebook 01072009 AMI  00010013)
<4>[    0.000000] ACPI: FPDT 0x00000000DE7EEB58 000044 (v01 _ASUS_ Notebook 01072009 AMI  00010013)
<4>[    0.000000] ACPI: ECDT 0x00000000DE7EEBA0 0000C1 (v01 _ASUS_ Notebook 01072009 AMI. 00000005)
<4>[    0.000000] ACPI: MCFG 0x00000000DE7EEC68 00003C (v01 _ASUS_ Notebook 01072009 MSFT 00000097)
<4>[    0.000000] ACPI: HPET 0x00000000DE7EECA8 000038 (v01 _ASUS_ Notebook 01072009 AMI. 00000005)
<4>[    0.000000] ACPI: SSDT 0x00000000DE7EECE0 00066E (v01 AhciR1 AhciTab1 00001000 INTL 20091112)
<4>[    0.000000] ACPI: SSDT 0x00000000DE7EF350 00049E (v01 AhciR2 AhciTab2 00001000 INTL 20091112)
<4>[    0.000000] ACPI: SSDT 0x00000000DE7EF7F0 00090A (v01 PmRef  Cpu0Ist  00003000 INTL 20051117)
<4>[    0.000000] ACPI: SSDT 0x00000000DE7F0100 000A92 (v01 PmRef  CpuPm    00003000 INTL 20051117)
<4>[    0.000000] ACPI: MSDM 0x00000000DE585E18 000055 (v03 _ASUS_ Notebook 00000000 ASUS 00000001)
<7>[    0.000000] ACPI: Local APIC address 0xfee00000
<6>[    0.000000] No NUMA configuration found
<6>[    0.000000] Faking a node at [mem 0x0000000000000000-0x000000041f3fffff]
<6>[    0.000000] NODE_DATA(0) allocated [mem 0x41f3e8000-0x41f3ecfff]
<6>[    0.000000] Zone ranges:
<6>[    0.000000]   DMA      [mem 0x0000000000001000-0x0000000000ffffff]
<6>[    0.000000]   DMA32    [mem 0x0000000001000000-0x00000000ffffffff]
<6>[    0.000000]   Normal   [mem 0x0000000100000000-0x000000041f3fffff]
<6>[    0.000000]   Device   empty
<6>[    0.000000] Movable zone start for each node
<6>[    0.000000] Early memory node ranges
<6>[    0.000000]   node   0: [mem 0x0000000000001000-0x000000000009efff]
<6>[    0.000000]   node   0: [mem 0x0000000000100000-0x00000000dd6acfff]
<6>[    0.000000]   node   0: [mem 0x00000000ddcb1000-0x00000000ddcc7fff]
<6>[    0.000000]   node   0: [mem 0x00000000ddcce000-0x00000000ddccffff]
<6>[    0.000000]   node   0: [mem 0x00000000ddcda000-0x00000000dde6cfff]
<6>[    0.000000]   node   0: [mem 0x00000000dde71000-0x00000000ddebafff]
<6>[    0.000000]   node   0: [mem 0x00000000ddee0000-0x00000000ddee2fff]
<6>[    0.000000]   node   0: [mem 0x00000000ddee5000-0x00000000ddefbfff]
<6>[    0.000000]   node   0: [mem 0x00000000ddf02000-0x00000000ddf09fff]
<6>[    0.000000]   node   0: [mem 0x00000000ddf0b000-0x00000000ddf19fff]
<6>[    0.000000]   node   0: [mem 0x00000000ddf1b000-0x00000000ddf25fff]
<6>[    0.000000]   node   0: [mem 0x00000000ddf2b000-0x00000000ddf56fff]
<6>[    0.000000]   node   0: [mem 0x00000000ddf58000-0x00000000ddf67fff]
<6>[    0.000000]   node   0: [mem 0x00000000ddf8f000-0x00000000ddfa1fff]
<6>[    0.000000]   node   0: [mem 0x00000000ddfa3000-0x00000000ddfa3fff]
<6>[    0.000000]   node   0: [mem 0x00000000ddfa6000-0x00000000ddfa7fff]
<6>[    0.000000]   node   0: [mem 0x00000000ddfad000-0x00000000ddfc0fff]
<6>[    0.000000]   node   0: [mem 0x00000000de80b000-0x00000000de80bfff]
<6>[    0.000000]   node   0: [mem 0x00000000de84f000-0x00000000dec5bfff]
<6>[    0.000000]   node   0: [mem 0x00000000deff4000-0x00000000deffffff]
<6>[    0.000000]   node   0: [mem 0x0000000100000000-0x000000041f3fffff]
<6>[    0.000000] Initmem setup node 0 [mem 0x0000000000001000-0x000000041f3fffff]
<7>[    0.000000] On node 0 totalpages: 4182269
<7>[    0.000000]   DMA zone: 64 pages used for memmap
<7>[    0.000000]   DMA zone: 27 pages reserved
<7>[    0.000000]   DMA zone: 3998 pages, LIFO batch:0
<7>[    0.000000]   DMA32 zone: 14134 pages used for memmap
<7>[    0.000000]   DMA32 zone: 904543 pages, LIFO batch:31
<7>[    0.000000]   Normal zone: 51152 pages used for memmap
<7>[    0.000000]   Normal zone: 3273728 pages, LIFO batch:31
<6>[    0.000000] ACPI: PM-Timer IO Port: 0x408
<7>[    0.000000] ACPI: Local APIC address 0xfee00000
<6>[    0.000000] ACPI: LAPIC_NMI (acpi_id[0xff] high edge lint[0x1])
<6>[    0.000000] IOAPIC[0]: apic_id 2, version 32, address 0xfec00000, GSI 0-23
<6>[    0.000000] ACPI: INT_SRC_OVR (bus 0 bus_irq 0 global_irq 2 dfl dfl)
<6>[    0.000000] ACPI: INT_SRC_OVR (bus 0 bus_irq 9 global_irq 9 high level)
<7>[    0.000000] ACPI: IRQ0 used by override.
<7>[    0.000000] ACPI: IRQ9 used by override.
<6>[    0.000000] Using ACPI (MADT) for SMP configuration information
<6>[    0.000000] ACPI: HPET id: 0x8086a701 base: 0xfed00000
<6>[    0.000000] smpboot: Allowing 8 CPUs, 0 hotplug CPUs
<6>[    0.000000] PM: Registered nosave memory: [mem 0x00000000-0x00000fff]
<6>[    0.000000] PM: Registered nosave memory: [mem 0x0009f000-0x0009ffff]
<6>[    0.000000] PM: Registered nosave memory: [mem 0x000a0000-0x000fffff]
<6>[    0.000000] PM: Registered nosave memory: [mem 0xdd6ad000-0xddcadfff]
<6>[    0.000000] PM: Registered nosave memory: [mem 0xddcae000-0xddcb0fff]
<6>[    0.000000] PM: Registered nosave memory: [mem 0xddcc8000-0xddccdfff]
<6>[    0.000000] PM: Registered nosave memory: [mem 0xddcd0000-0xddcd9fff]
<6>[    0.000000] PM: Registered nosave memory: [mem 0xdde6d000-0xdde70fff]
<6>[    0.000000] PM: Registered nosave memory: [mem 0xddebb000-0xddec1fff]
<6>[    0.000000] PM: Registered nosave memory: [mem 0xddec2000-0xddecefff]
<6>[    0.000000] PM: Registered nosave memory: [mem 0xddecf000-0xddedffff]
<6>[    0.000000] PM: Registered nosave memory: [mem 0xddee3000-0xddee4fff]
<6>[    0.000000] PM: Registered nosave memory: [mem 0xddefc000-0xddf01fff]
<6>[    0.000000] PM: Registered nosave memory: [mem 0xddf0a000-0xddf0afff]
<6>[    0.000000] PM: Registered nosave memory: [mem 0xddf1a000-0xddf1afff]
<6>[    0.000000] PM: Registered nosave memory: [mem 0xddf26000-0xddf2afff]
<6>[    0.000000] PM: Registered nosave memory: [mem 0xddf57000-0xddf57fff]
<6>[    0.000000] PM: Registered nosave memory: [mem 0xddf68000-0xddf8efff]
<6>[    0.000000] PM: Registered nosave memory: [mem 0xddfa2000-0xddfa2fff]
<6>[    0.000000] PM: Registered nosave memory: [mem 0xddfa4000-0xddfa5fff]
<6>[    0.000000] PM: Registered nosave memory: [mem 0xddfa8000-0xddfacfff]
<6>[    0.000000] PM: Registered nosave memory: [mem 0xddfc1000-0xde041fff]
<6>[    0.000000] PM: Registered nosave memory: [mem 0xde042000-0xde05bfff]
<6>[    0.000000] PM: Registered nosave memory: [mem 0xde05c000-0xde585fff]
<6>[    0.000000] PM: Registered nosave memory: [mem 0xde586000-0xde805fff]
<6>[    0.000000] PM: Registered nosave memory: [mem 0xde806000-0xde80afff]
<6>[    0.000000] PM: Registered nosave memory: [mem 0xde80c000-0xde84efff]
<6>[    0.000000] PM: Registered nosave memory: [mem 0xdec5c000-0xdeff3fff]
<6>[    0.000000] PM: Registered nosave memory: [mem 0xdf000000-0xf7ffffff]
<6>[    0.000000] PM: Registered nosave memory: [mem 0xf8000000-0xfbffffff]
<6>[    0.000000] PM: Registered nosave memory: [mem 0xfc000000-0xfebfffff]
<6>[    0.000000] PM: Registered nosave memory: [mem 0xfec00000-0xfec00fff]
<6>[    0.000000] PM: Registered nosave memory: [mem 0xfec01000-0xfecfffff]
<6>[    0.000000] PM: Registered nosave memory: [mem 0xfed00000-0xfed03fff]
<6>[    0.000000] PM: Registered nosave memory: [mem 0xfed04000-0xfed1bfff]
<6>[    0.000000] PM: Registered nosave memory: [mem 0xfed1c000-0xfed1ffff]
<6>[    0.000000] PM: Registered nosave memory: [mem 0xfed20000-0xfedfffff]
<6>[    0.000000] PM: Registered nosave memory: [mem 0xfee00000-0xfee00fff]
<6>[    0.000000] PM: Registered nosave memory: [mem 0xfee01000-0xfeffffff]
<6>[    0.000000] PM: Registered nosave memory: [mem 0xff000000-0xffffffff]
<6>[    0.000000] e820: [mem 0xdf000000-0xf7ffffff] available for PCI devices
<6>[    0.000000] Booting paravirtualized kernel on bare hardware
<6>[    0.000000] clocksource: refined-jiffies: mask: 0xffffffff max_cycles: 0xffffffff, max_idle_ns: 7645519600211568 ns
<6>[    0.000000] setup_percpu: NR_CPUS:256 nr_cpumask_bits:256 nr_cpu_ids:8 nr_node_ids:1
<6>[    0.000000] PERCPU: Embedded 33 pages/cpu @ffff88041f000000 s98008 r8192 d28968 u262144
<7>[    0.000000] pcpu-alloc: s98008 r8192 d28968 u262144 alloc=1*2097152
<7>[    0.000000] pcpu-alloc: [0] 0 1 2 3 4 5 6 7 
<6>[    0.000000] Built 1 zonelists in Node order, mobility grouping on.  Total pages: 4116892
<6>[    0.000000] Policy zone: Normal
<5>[    0.000000] Kernel command line: BOOT_IMAGE=/casper/vmlinuz boot=casper ip=frommedia persistent noprompt splash quiet FWTS_AUTO_SHUTDOWN=1 --
<6>[    0.000000] PID hash table entries: 4096 (order: 3, 32768 bytes)
<7>[    0.000000] Calgary: detecting Calgary via BIOS EBDA area
<7>[    0.000000] Calgary: Unable to locate Rio Grande table in EBDA - bailing!
<6>[    0.000000] Memory: 16186884K/16729076K available (8146K kernel code, 1287K rwdata, 3940K rodata, 1484K init, 1292K bss, 542192K reserved, 0K cma-reserved)
<6>[    0.000000] SLUB: HWalign=64, Order=0-3, MinObjects=0, CPUs=8, Nodes=1
<6>[    0.000000] Hierarchical RCU implementation.
<6>[    0.000000] 	Build-time adjustment of leaf fanout to 64.
<6>[    0.000000] 	RCU restricting CPUs from NR_CPUS=256 to nr_cpu_ids=8.
<6>[    0.000000] RCU: Adjusting geometry for rcu_fanout_leaf=64, nr_cpu_ids=8
<6>[    0.000000] NR_IRQS:16640 nr_irqs:488 16
<6>[    0.000000] Console: colour dummy device 80x25
<6>[    0.000000] console [tty0] enabled
<6>[    0.000000] clocksource: hpet: mask: 0xffffffff max_cycles: 0xffffffff, max_idle_ns: 133484882848 ns
<7>[    0.000000] hpet clockevent registered
<6>[    0.000000] tsc: Fast TSC calibration using PIT
<6>[    0.000000] tsc: Detected 2294.739 MHz processor
<6>[    0.000036] Calibrating delay loop (skipped), value calculated using timer frequency.. 4589.47 BogoMIPS (lpj=9178956)
<6>[    0.000039] pid_max: default: 32768 minimum: 301
<6>[    0.000044] ACPI: Core revision 20150930
<4>[    0.012511] ACPI: 5 ACPI AML tables successfully acquired and loaded
<6>[    0.013281] Security Framework initialized
<6>[    0.013283] Yama: becoming mindful.
<6>[    0.013298] AppArmor: AppArmor initialized
<6>[    0.014276] Dentry cache hash table entries: 2097152 (order: 12, 16777216 bytes)
<6>[    0.018470] Inode-cache hash table entries: 1048576 (order: 11, 8388608 bytes)
<6>[    0.020352] Mount-cache hash table entries: 32768 (order: 6, 262144 bytes)
<6>[    0.020370] Mountpoint-cache hash table entries: 32768 (order: 6, 262144 bytes)
<6>[    0.020618] Initializing cgroup subsys io
<6>[    0.020621] Initializing cgroup subsys memory
<6>[    0.020627] Initializing cgroup subsys devices
<6>[    0.020629] Initializing cgroup subsys freezer
<6>[    0.020631] Initializing cgroup subsys net_cls
<6>[    0.020633] Initializing cgroup subsys perf_event
<6>[    0.020636] Initializing cgroup subsys net_prio
<6>[    0.020638] Initializing cgroup subsys hugetlb
<6>[    0.020640] Initializing cgroup subsys pids
<6>[    0.020662] CPU: Physical Processor ID: 0
<6>[    0.020663] CPU: Processor Core ID: 0
<4>[    0.020667] ENERGY_PERF_BIAS: Set to 'normal', was 'performance'
<4>[    0.020668] ENERGY_PERF_BIAS: View and update with x86_energy_perf_policy(8)
<6>[    0.021054] mce: CPU supports 9 MCE banks
<6>[    0.021067] CPU0: Thermal monitoring enabled (TM1)
<6>[    0.021076] process: using mwait in idle threads
<6>[    0.021079] Last level iTLB entries: 4KB 512, 2MB 8, 4MB 8
<6>[    0.021080] Last level dTLB entries: 4KB 512, 2MB 32, 4MB 32, 1GB 0
<6>[    0.021525] Freeing SMP alternatives memory: 28K (ffffffff81eb6000 - ffffffff81ebd000)
<6>[    0.030510] ftrace: allocating 31939 entries in 125 pages
<6>[    0.046056] smpboot: Max logical packages: 2
<6>[    0.046059] smpboot: APIC(0) Converting physical 0 to logical package 0
<6>[    0.046134] x2apic: IRQ remapping doesn't support X2APIC mode
<6>[    0.046587] ..TIMER: vector=0x30 apic1=0 pin1=2 apic2=-1 pin2=-1
<7>[    0.086276] TSC deadline timer enabled
<6>[    0.086279] smpboot: CPU0: Intel(R) Core(TM) i7-3610QM CPU @ 2.30GHz (family: 0x6, model: 0x3a, stepping: 0x9)
<6>[    0.086297] Performance Events: PEBS fmt1+, 16-deep LBR, IvyBridge events, full-width counters, Intel PMU driver.
<6>[    0.086317] ... version:                3
<6>[    0.086318] ... bit width:              48
<6>[    0.086319] ... generic registers:      4
<6>[    0.086320] ... value mask:             0000ffffffffffff
<6>[    0.086321] ... max period:             0000ffffffffffff
<6>[    0.086321] ... fixed-purpose events:   3
<6>[    0.086322] ... event mask:             000000070000000f
<6>[    0.087154] x86: Booting SMP configuration:
<6>[    0.087156] .... node  #0, CPUs:      #1
<6>[    0.090116] NMI watchdog: enabled on all CPUs, permanently consumes one hw-PMU counter.
<4>[    0.090193]  #2 #3 #4 #5 #6 #7
<6>[    0.107395] x86: Booted up 1 node, 8 CPUs
<6>[    0.107398] smpboot: Total of 8 processors activated (36715.82 BogoMIPS)
<6>[    0.115020] devtmpfs: initialized
<6>[    0.118694] evm: security.selinux
<6>[    0.118696] evm: security.SMACK64
<6>[    0.118696] evm: security.SMACK64EXEC
<6>[    0.118697] evm: security.SMACK64TRANSMUTE
<6>[    0.118698] evm: security.SMACK64MMAP
<6>[    0.118699] evm: security.ima
<6>[    0.118700] evm: security.capability
<6>[    0.118774] PM: Registering ACPI NVS region [mem 0xdd6ad000-0xddcadfff] (6295552 bytes)
<6>[    0.118851] PM: Registering ACPI NVS region [mem 0xde586000-0xde805fff] (2621440 bytes)
<6>[    0.118886] PM: Registering ACPI NVS region [mem 0xde80c000-0xde84efff] (274432 bytes)
<6>[    0.118969] clocksource: jiffies: mask: 0xffffffff max_cycles: 0xffffffff, max_idle_ns: 7645041785100000 ns
<6>[    0.119054] pinctrl core: initialized pinctrl subsystem
<6>[    0.119164] RTC time: 18:46:25, date: 05/30/16
<6>[    0.119275] NET: Registered protocol family 16
<6>[    0.130841] cpuidle: using governor ladder
<6>[    0.146843] cpuidle: using governor menu
<4>[    0.146852] PCCT header not found.
<6>[    0.146967] ACPI FADT declares the system doesn't support PCIe ASPM, so disable it
<6>[    0.146969] ACPI: bus type PCI registered
<6>[    0.146971] acpiphp: ACPI Hot Plug PCI Controller Driver version: 0.5
<6>[    0.147050] PCI: MMCONFIG for domain 0000 [bus 00-3f] at [mem 0xf8000000-0xfbffffff] (base 0xf8000000)
<6>[    0.147053] PCI: MMCONFIG at [mem 0xf8000000-0xfbffffff] reserved in E820
<6>[    0.147064] PCI: Using configuration type 1 for base access
<6>[    0.147121] core: PMU erratum BJ122, BV98, HSD29 worked around, HT is on
<6>[    0.163235] ACPI: Added _OSI(Module Device)
<6>[    0.163237] ACPI: Added _OSI(Processor Device)
<6>[    0.163238] ACPI: Added _OSI(3.0 _SCP Extensions)
<6>[    0.163239] ACPI: Added _OSI(Processor Aggregator Device)
<6>[    0.165030] ACPI : EC: EC description table is found, configuring boot EC
<6>[    0.165041] ACPI : EC: EC started
<4>[    0.166868] ACPI: Executed 1 blocks of module-level executable AML code
<5>[    0.363370] [Firmware Bug]: ACPI: BIOS _OSI(Linux) query ignored
<4>[    0.363732] ACPI: Dynamic OEM Table Load:
<4>[    0.363739] ACPI: SSDT 0xFFFF88040C068000 000853 (v01 PmRef  Cpu0Cst  00003001 INTL 20051117)
<4>[    0.364384] ACPI: Dynamic OEM Table Load:
<4>[    0.364388] ACPI: SSDT 0xFFFF88040C058C00 000303 (v01 PmRef  ApIst    00003000 INTL 20051117)
<4>[    0.364961] ACPI: Dynamic OEM Table Load:
<4>[    0.364964] ACPI: SSDT 0xFFFF88040C070000 000119 (v01 PmRef  ApCst    00003000 INTL 20051117)
<6>[    0.366550] ACPI: Interpreter enabled
<4>[    0.366557] ACPI Exception: AE_NOT_FOUND, While evaluating Sleep State [\_S1_] (20150930/hwxface-580)
<4>[    0.366562] ACPI Exception: AE_NOT_FOUND, While evaluating Sleep State [\_S2_] (20150930/hwxface-580)
<6>[    0.366577] ACPI: (supports S0 S3 S4 S5)
<6>[    0.366578] ACPI: Using IOAPIC for interrupt routing
<6>[    0.366602] PCI: Using host bridge windows from ACPI; if necessary, use "pci=nocrs" and report a bug
<6>[    0.372605] ACPI: PCI Root Bridge [PCI0] (domain 0000 [bus 00-3e])
<6>[    0.372611] acpi PNP0A08:00: _OSC: OS supports [ExtendedConfig ASPM ClockPM Segments MSI]
<6>[    1.027497] acpi PNP0A08:00: _OSC: platform does not support [PCIeHotplug PME]
<6>[    1.027632] acpi PNP0A08:00: _OSC: OS now controls [AER PCIeCapability]
<6>[    1.027634] acpi PNP0A08:00: FADT indicates ASPM is unsupported, using BIOS configuration
<6>[    1.028097] PCI host bridge to bus 0000:00
<6>[    1.028100] pci_bus 0000:00: root bus resource [io  0x0000-0x0cf7 window]
<6>[    1.028102] pci_bus 0000:00: root bus resource [io  0x0d00-0xffff window]
<6>[    1.028104] pci_bus 0000:00: root bus resource [mem 0x000a0000-0x000bffff window]
<6>[    1.028105] pci_bus 0000:00: root bus resource [mem 0x000dc000-0x000dffff window]
<6>[    1.028107] pci_bus 0000:00: root bus resource [mem 0xdfc00000-0xfeafffff window]
<6>[    1.028109] pci_bus 0000:00: root bus resource [bus 00-3e]
<7>[    1.028116] pci 0000:00:00.0: [8086:0154] type 00 class 0x060000
<7>[    1.028207] pci 0000:00:01.0: [8086:0151] type 01 class 0x060400
<7>[    1.028240] pci 0000:00:01.0: PME# supported from D0 D3hot D3cold
<6>[    1.028284] pci 0000:00:01.0: System wakeup disabled by ACPI
<7>[    1.028346] pci 0000:00:14.0: [8086:1e31] type 00 class 0x0c0330
<7>[    1.028379] pci 0000:00:14.0: reg 0x10: [mem 0xf7300000-0xf730ffff 64bit]
<7>[    1.028442] pci 0000:00:14.0: PME# supported from D3hot D3cold
<6>[    1.028486] pci 0000:00:14.0: System wakeup disabled by ACPI
<7>[    1.028525] pci 0000:00:16.0: [8086:1e3a] type 00 class 0x078000
<7>[    1.028559] pci 0000:00:16.0: reg 0x10: [mem 0xf731b000-0xf731b00f 64bit]
<7>[    1.028625] pci 0000:00:16.0: PME# supported from D0 D3hot D3cold
<7>[    1.028710] pci 0000:00:1a.0: [8086:1e2d] type 00 class 0x0c0320
<7>[    1.028740] pci 0000:00:1a.0: reg 0x10: [mem 0xf7318000-0xf73183ff]
<7>[    1.028816] pci 0000:00:1a.0: PME# supported from D0 D3hot D3cold
<6>[    1.028860] pci 0000:00:1a.0: System wakeup disabled by ACPI
<7>[    1.028899] pci 0000:00:1b.0: [8086:1e20] type 00 class 0x040300
<7>[    1.028927] pci 0000:00:1b.0: reg 0x10: [mem 0xf7310000-0xf7313fff 64bit]
<7>[    1.028993] pci 0000:00:1b.0: PME# supported from D0 D3hot D3cold
<6>[    1.029041] pci 0000:00:1b.0: System wakeup disabled by ACPI
<7>[    1.029079] pci 0000:00:1c.0: [8086:1e10] type 01 class 0x060400
<7>[    1.029159] pci 0000:00:1c.0: PME# supported from D0 D3hot D3cold
<6>[    1.029206] pci 0000:00:1c.0: System wakeup disabled by ACPI
<7>[    1.029246] pci 0000:00:1c.1: [8086:1e12] type 01 class 0x060400
<7>[    1.029326] pci 0000:00:1c.1: PME# supported from D0 D3hot D3cold
<7>[    1.029409] pci 0000:00:1c.3: [8086:1e16] type 01 class 0x060400
<7>[    1.029488] pci 0000:00:1c.3: PME# supported from D0 D3hot D3cold
<6>[    1.029536] pci 0000:00:1c.3: System wakeup disabled by ACPI
<7>[    1.029577] pci 0000:00:1d.0: [8086:1e26] type 00 class 0x0c0320
<7>[    1.029608] pci 0000:00:1d.0: reg 0x10: [mem 0xf7317000-0xf73173ff]
<7>[    1.029685] pci 0000:00:1d.0: PME# supported from D0 D3hot D3cold
<6>[    1.029730] pci 0000:00:1d.0: System wakeup disabled by ACPI
<7>[    1.029768] pci 0000:00:1f.0: [8086:1e57] type 00 class 0x060100
<7>[    1.029945] pci 0000:00:1f.2: [8086:1e03] type 00 class 0x010601
<7>[    1.029971] pci 0000:00:1f.2: reg 0x10: [io  0xf070-0xf077]
<7>[    1.029979] pci 0000:00:1f.2: reg 0x14: [io  0xf060-0xf063]
<7>[    1.029987] pci 0000:00:1f.2: reg 0x18: [io  0xf050-0xf057]
<7>[    1.029996] pci 0000:00:1f.2: reg 0x1c: [io  0xf040-0xf043]
<7>[    1.030004] pci 0000:00:1f.2: reg 0x20: [io  0xf020-0xf03f]
<7>[    1.030013] pci 0000:00:1f.2: reg 0x24: [mem 0xf7316000-0xf73167ff]
<7>[    1.030047] pci 0000:00:1f.2: PME# supported from D3hot
<7>[    1.030121] pci 0000:00:1f.3: [8086:1e22] type 00 class 0x0c0500
<7>[    1.030140] pci 0000:00:1f.3: reg 0x10: [mem 0xf7315000-0xf73150ff 64bit]
<7>[    1.030162] pci 0000:00:1f.3: reg 0x20: [io  0xf000-0xf01f]
<7>[    1.030287] pci 0000:01:00.0: [10de:0fd4] type 00 class 0x030000
<7>[    1.030306] pci 0000:01:00.0: reg 0x10: [mem 0xf6000000-0xf6ffffff]
<7>[    1.030316] pci 0000:01:00.0: reg 0x14: [mem 0xe0000000-0xefffffff 64bit pref]
<7>[    1.030326] pci 0000:01:00.0: reg 0x1c: [mem 0xf0000000-0xf1ffffff 64bit pref]
<7>[    1.030333] pci 0000:01:00.0: reg 0x24: [io  0xe000-0xe07f]
<7>[    1.030340] pci 0000:01:00.0: reg 0x30: [mem 0xf7000000-0xf707ffff pref]
<7>[    1.030435] pci 0000:01:00.1: [10de:0e1b] type 00 class 0x040300
<7>[    1.030454] pci 0000:01:00.1: reg 0x10: [mem 0xf7080000-0xf7083fff]
<6>[    1.035457] pci 0000:00:01.0: PCI bridge to [bus 01]
<7>[    1.035471] pci 0000:00:01.0:   bridge window [io  0xe000-0xefff]
<7>[    1.035474] pci 0000:00:01.0:   bridge window [mem 0xf6000000-0xf70fffff]
<7>[    1.035477] pci 0000:00:01.0:   bridge window [mem 0xe0000000-0xf1ffffff 64bit pref]
<6>[    1.035525] pci 0000:00:1c.0: PCI bridge to [bus 02]
<7>[    1.035613] pci 0000:03:00.0: [168c:0032] type 00 class 0x028000
<7>[    1.035664] pci 0000:03:00.0: reg 0x10: [mem 0xf7200000-0xf727ffff 64bit]
<7>[    1.035729] pci 0000:03:00.0: reg 0x30: [mem 0xf7280000-0xf728ffff pref]
<7>[    1.035796] pci 0000:03:00.0: supports D1 D2
<7>[    1.035798] pci 0000:03:00.0: PME# supported from D0 D1 D2 D3hot D3cold
<6>[    1.035839] pci 0000:03:00.0: System wakeup disabled by ACPI
<6>[    1.043476] pci 0000:00:1c.1: PCI bridge to [bus 03]
<7>[    1.043483] pci 0000:00:1c.1:   bridge window [mem 0xf7200000-0xf72fffff]
<7>[    1.043562] pci 0000:04:00.0: [1969:1083] type 00 class 0x020000
<7>[    1.043617] pci 0000:04:00.0: reg 0x10: [mem 0xf7100000-0xf713ffff 64bit]
<7>[    1.043632] pci 0000:04:00.0: reg 0x18: [io  0xd000-0xd07f]
<7>[    1.043747] pci 0000:04:00.0: PME# supported from D0 D1 D2 D3hot D3cold
<6>[    1.043788] pci 0000:04:00.0: System wakeup disabled by ACPI
<6>[    1.051483] pci 0000:00:1c.3: PCI bridge to [bus 04]
<7>[    1.051488] pci 0000:00:1c.3:   bridge window [io  0xd000-0xdfff]
<7>[    1.051492] pci 0000:00:1c.3:   bridge window [mem 0xf7100000-0xf71fffff]
<6>[    1.051991] ACPI: PCI Interrupt Link [LNKA] (IRQs 3 4 5 6 7 10 *11 12)
<6>[    1.052039] ACPI: PCI Interrupt Link [LNKB] (IRQs 3 4 5 6 7 *10 12)
<6>[    1.052086] ACPI: PCI Interrupt Link [LNKC] (IRQs 3 4 5 6 7 *10 12)
<6>[    1.052131] ACPI: PCI Interrupt Link [LNKD] (IRQs 3 4 *5 6 7 10 12)
<6>[    1.052177] ACPI: PCI Interrupt Link [LNKE] (IRQs 3 4 5 6 7 10 12) *0, disabled.
<6>[    1.052222] ACPI: PCI Interrupt Link [LNKF] (IRQs 3 4 5 6 7 10 12) *0, disabled.
<6>[    1.052268] ACPI: PCI Interrupt Link [LNKG] (IRQs *3 4 5 6 7 10 12)
<6>[    1.052315] ACPI: PCI Interrupt Link [LNKH] (IRQs 3 *4 5 6 7 10 12)
<4>[    1.052456] ACPI: Enabled 3 GPEs in block 00 to 3F
<6>[    1.052519] ACPI : EC: GPE = 0x19, I/O: command/status = 0x66, data = 0x62
<6>[    1.052620] vgaarb: setting as boot device: PCI:0000:01:00.0
<6>[    1.052622] vgaarb: device added: PCI:0000:01:00.0,decodes=io+mem,owns=io+mem,locks=none
<6>[    1.052623] vgaarb: loaded
<6>[    1.052624] vgaarb: bridge control possible 0000:01:00.0
<5>[    1.052829] SCSI subsystem initialized
<7>[    1.052867] libata version 3.00 loaded.
<6>[    1.052887] ACPI: bus type USB registered
<6>[    1.052902] usbcore: registered new interface driver usbfs
<6>[    1.052910] usbcore: registered new interface driver hub
<6>[    1.052932] usbcore: registered new device driver usb
<6>[    1.053169] PCI: Using ACPI for IRQ routing
<7>[    1.054729] PCI: pci_cache_line_size set to 64 bytes
<7>[    1.054782] e820: reserve RAM buffer [mem 0x0009f000-0x0009ffff]
<7>[    1.054784] e820: reserve RAM buffer [mem 0xdd6ad000-0xdfffffff]
<7>[    1.054789] e820: reserve RAM buffer [mem 0xddcc8000-0xdfffffff]
<7>[    1.054795] e820: reserve RAM buffer [mem 0xddcd0000-0xdfffffff]
<7>[    1.054800] e820: reserve RAM buffer [mem 0xdde6d000-0xdfffffff]
<7>[    1.054805] e820: reserve RAM buffer [mem 0xddebb000-0xdfffffff]
<7>[    1.054810] e820: reserve RAM buffer [mem 0xddee3000-0xdfffffff]
<7>[    1.054815] e820: reserve RAM buffer [mem 0xddefc000-0xdfffffff]
<7>[    1.054819] e820: reserve RAM buffer [mem 0xddf0a000-0xdfffffff]
<7>[    1.054823] e820: reserve RAM buffer [mem 0xddf1a000-0xdfffffff]
<7>[    1.054828] e820: reserve RAM buffer [mem 0xddf26000-0xdfffffff]
<7>[    1.054832] e820: reserve RAM buffer [mem 0xddf57000-0xdfffffff]
<7>[    1.054835] e820: reserve RAM buffer [mem 0xddf68000-0xdfffffff]
<7>[    1.054839] e820: reserve RAM buffer [mem 0xddfa2000-0xdfffffff]
<7>[    1.054842] e820: reserve RAM buffer [mem 0xddfa4000-0xdfffffff]
<7>[    1.054846] e820: reserve RAM buffer [mem 0xddfa8000-0xdfffffff]
<7>[    1.054849] e820: reserve RAM buffer [mem 0xddfc1000-0xdfffffff]
<7>[    1.054851] e820: reserve RAM buffer [mem 0xde80c000-0xdfffffff]
<7>[    1.054853] e820: reserve RAM buffer [mem 0xdec5c000-0xdfffffff]
<7>[    1.054855] e820: reserve RAM buffer [mem 0xdf000000-0xdfffffff]
<7>[    1.054856] e820: reserve RAM buffer [mem 0x41f400000-0x41fffffff]
<6>[    1.054963] NetLabel: Initializing
<6>[    1.054964] NetLabel:  domain hash size = 128
<6>[    1.054965] NetLabel:  protocols = UNLABELED CIPSOv4
<6>[    1.054978] NetLabel:  unlabeled traffic allowed by default
<6>[    1.055057] hpet0: at MMIO 0xfed00000, IRQs 2, 8, 0, 0, 0, 0, 0, 0
<6>[    1.055061] hpet0: 8 comparators, 64-bit 14.318180 MHz counter
<6>[    1.057091] clocksource: Switched to clocksource hpet
<6>[    1.062712] AppArmor: AppArmor Filesystem Enabled
<6>[    1.062775] pnp: PnP ACPI init
<6>[    1.062871] system 00:00: [mem 0xfed40000-0xfed44fff] has been reserved
<7>[    1.062876] system 00:00: Plug and Play ACPI device, IDs PNP0c01 (active)
<6>[    1.062998] system 00:01: [io  0x0680-0x069f] has been reserved
<6>[    1.063001] system 00:01: [io  0x1000-0x100f] has been reserved
<6>[    1.063002] system 00:01: [io  0xffff] has been reserved
<6>[    1.063004] system 00:01: [io  0xffff] has been reserved
<6>[    1.063006] system 00:01: [io  0x0400-0x0453] could not be reserved
<6>[    1.063008] system 00:01: [io  0x0458-0x047f] has been reserved
<6>[    1.063009] system 00:01: [io  0x0500-0x057f] has been reserved
<6>[    1.063011] system 00:01: [io  0x164e-0x164f] has been reserved
<7>[    1.063014] system 00:01: Plug and Play ACPI device, IDs PNP0c02 (active)
<7>[    1.063038] pnp 00:02: Plug and Play ACPI device, IDs PNP0b00 (active)
<6>[    1.063085] system 00:03: [io  0x0454-0x0457] has been reserved
<7>[    1.063088] system 00:03: Plug and Play ACPI device, IDs INT3f0d PNP0c02 (active)
<6>[    1.063134] system 00:04: [io  0x04d0-0x04d1] has been reserved
<7>[    1.063137] system 00:04: Plug and Play ACPI device, IDs PNP0c02 (active)
<7>[    1.063192] pnp 00:05: Plug and Play ACPI device, IDs SYN0a19 SYN0a00 SYN0002 PNP0f13 (active)
<7>[    1.063228] pnp 00:06: Plug and Play ACPI device, IDs ATK3001 PNP030b (active)
<6>[    1.063379] system 00:07: [mem 0xfed1c000-0xfed1ffff] has been reserved
<6>[    1.063382] system 00:07: [mem 0xfed10000-0xfed17fff] has been reserved
<6>[    1.063384] system 00:07: [mem 0xfed18000-0xfed18fff] has been reserved
<6>[    1.063385] system 00:07: [mem 0xfed19000-0xfed19fff] has been reserved
<6>[    1.063387] system 00:07: [mem 0xf8000000-0xfbffffff] has been reserved
<6>[    1.063389] system 00:07: [mem 0xfed20000-0xfed3ffff] has been reserved
<6>[    1.063391] system 00:07: [mem 0xfed90000-0xfed93fff] has been reserved
<6>[    1.063393] system 00:07: [mem 0xfed45000-0xfed8ffff] has been reserved
<6>[    1.063395] system 00:07: [mem 0xff000000-0xffffffff] has been reserved
<6>[    1.063397] system 00:07: [mem 0xfee00000-0xfeefffff] could not be reserved
<7>[    1.063399] system 00:07: Plug and Play ACPI device, IDs PNP0c02 (active)
<6>[    1.063521] pnp: PnP ACPI: found 8 devices
<6>[    1.069823] clocksource: acpi_pm: mask: 0xffffff max_cycles: 0xffffff, max_idle_ns: 2085701024 ns
<6>[    1.069862] pci 0000:00:01.0: PCI bridge to [bus 01]
<6>[    1.069864] pci 0000:00:01.0:   bridge window [io  0xe000-0xefff]
<6>[    1.069867] pci 0000:00:01.0:   bridge window [mem 0xf6000000-0xf70fffff]
<6>[    1.069870] pci 0000:00:01.0:   bridge window [mem 0xe0000000-0xf1ffffff 64bit pref]
<6>[    1.069873] pci 0000:00:1c.0: PCI bridge to [bus 02]
<6>[    1.069885] pci 0000:00:1c.1: PCI bridge to [bus 03]
<6>[    1.069891] pci 0000:00:1c.1:   bridge window [mem 0xf7200000-0xf72fffff]
<6>[    1.069899] pci 0000:00:1c.3: PCI bridge to [bus 04]
<6>[    1.069902] pci 0000:00:1c.3:   bridge window [io  0xd000-0xdfff]
<6>[    1.069908] pci 0000:00:1c.3:   bridge window [mem 0xf7100000-0xf71fffff]
<7>[    1.069917] pci_bus 0000:00: resource 4 [io  0x0000-0x0cf7 window]
<7>[    1.069919] pci_bus 0000:00: resource 5 [io  0x0d00-0xffff window]
<7>[    1.069921] pci_bus 0000:00: resource 6 [mem 0x000a0000-0x000bffff window]
<7>[    1.069923] pci_bus 0000:00: resource 7 [mem 0x000dc000-0x000dffff window]
<7>[    1.069924] pci_bus 0000:00: resource 8 [mem 0xdfc00000-0xfeafffff window]
<7>[    1.069926] pci_bus 0000:01: resource 0 [io  0xe000-0xefff]
<7>[    1.069928] pci_bus 0000:01: resource 1 [mem 0xf6000000-0xf70fffff]
<7>[    1.069929] pci_bus 0000:01: resource 2 [mem 0xe0000000-0xf1ffffff 64bit pref]
<7>[    1.069931] pci_bus 0000:03: resource 1 [mem 0xf7200000-0xf72fffff]
<7>[    1.069933] pci_bus 0000:04: resource 0 [io  0xd000-0xdfff]
<7>[    1.069934] pci_bus 0000:04: resource 1 [mem 0xf7100000-0xf71fffff]
<6>[    1.069966] NET: Registered protocol family 2
<6>[    1.070158] TCP established hash table entries: 131072 (order: 8, 1048576 bytes)
<6>[    1.070391] TCP bind hash table entries: 65536 (order: 8, 1048576 bytes)
<6>[    1.070508] TCP: Hash tables configured (established 131072 bind 65536)
<6>[    1.070538] UDP hash table entries: 8192 (order: 6, 262144 bytes)
<6>[    1.070590] UDP-Lite hash table entries: 8192 (order: 6, 262144 bytes)
<6>[    1.070665] NET: Registered protocol family 1
<7>[    1.113204] pci 0000:01:00.0: Video device with shadowed ROM
<7>[    1.113218] PCI: CLS 64 bytes, default 64
<6>[    1.113272] Trying to unpack rootfs image as initramfs...
<6>[    4.056934] Freeing initrd memory: 14072K (ffff880036474000 - ffff880037232000)
<6>[    4.056944] PCI-DMA: Using software bounce buffering for IO (SWIOTLB)
<6>[    4.056946] software IO TLB [mem 0xce37b000-0xd237b000] (64MB) mapped at [ffff8800ce37b000-ffff8800d237afff]
<6>[    4.057033] RAPL PMU detected, API unit is 2^-32 Joules, 3 fixed counters 163840 ms ovfl timer
<6>[    4.057034] hw unit of domain pp0-core 2^-16 Joules
<6>[    4.057035] hw unit of domain package 2^-16 Joules
<6>[    4.057036] hw unit of domain pp1-gpu 2^-16 Joules
<6>[    4.057287] Scanning for low memory corruption every 60 seconds
<6>[    4.057638] futex hash table entries: 2048 (order: 5, 131072 bytes)
<6>[    4.057675] audit: initializing netlink subsys (disabled)
<5>[    4.057688] audit: type=2000 audit(1464633988.196:1): initialized
<5>[    4.058135] Initialise system trusted keyring
<6>[    4.058263] HugeTLB registered 2 MB page size, pre-allocated 0 pages
<6>[    4.059627] zbud: loaded
<5>[    4.059819] VFS: Disk quotas dquot_6.6.0
<6>[    4.059850] VFS: Dquot-cache hash table entries: 512 (order 0, 4096 bytes)
<6>[    4.060287] fuse init (API version 7.23)
<5>[    4.060419] Key type big_key registered
<5>[    4.060445] Allocating IMA MOK and blacklist keyrings.
<5>[    4.060843] Key type asymmetric registered
<5>[    4.060846] Asymmetric key parser 'x509' registered
<6>[    4.060878] Block layer SCSI generic (bsg) driver version 0.4 loaded (major 249)
<6>[    4.060918] io scheduler noop registered
<6>[    4.060921] io scheduler deadline registered (default)
<6>[    4.060948] io scheduler cfq registered
<6>[    4.061513] pci_hotplug: PCI Hot Plug PCI Core version: 0.5
<6>[    4.061519] pciehp: PCI Express Hot Plug Controller Driver version: 0.4
<6>[    4.061551] efifb: probing for efifb
<6>[    4.061562] efifb: framebuffer at 0xf1000000, mapped to 0xffffc90001c00000, using 1920k, total 1920k
<6>[    4.061563] efifb: mode is 800x600x32, linelength=3200, pages=1
<6>[    4.061564] efifb: scrolling: redraw
<6>[    4.061566] efifb: Truecolor: size=8:8:8:8, shift=24:16:8:0
<6>[    4.062768] Console: switching to colour frame buffer device 100x37
<6>[    4.063862] fb0: EFI VGA frame buffer device
<7>[    4.063871] intel_idle: MWAIT substates: 0x21120
<7>[    4.063873] intel_idle: v0.4.1 model 0x3A
<7>[    4.063874] intel_idle: lapic_timer_reliable_states 0xffffffff
<6>[    4.064215] ACPI: AC Adapter [AC0] (on-line)
<6>[    4.064271] input: Lid Switch as /devices/LNXSYSTM:00/LNXSYBUS:00/PNP0C0D:00/input/input0
<6>[    4.097200] ACPI: Lid Switch [LID]
<6>[    4.097237] input: Sleep Button as /devices/LNXSYSTM:00/LNXSYBUS:00/PNP0C0E:00/input/input1
<6>[    4.097240] ACPI: Sleep Button [SLPB]
<6>[    4.097272] input: Power Button as /devices/LNXSYSTM:00/LNXPWRBN:00/input/input2
<6>[    4.097274] ACPI: Power Button [PWRF]
<6>[    4.098029] thermal LNXTHERM:00: registered as thermal_zone0
<6>[    4.098031] ACPI: Thermal Zone [THRM] (76 C)
<6>[    4.098057] GHES: HEST is not enabled!
<6>[    4.098143] Serial: 8250/16550 driver, 32 ports, IRQ sharing enabled
<6>[    4.100174] Linux agpgart interface v0.103
<6>[    4.103928] brd: module loaded
<6>[    4.105242] loop: module loaded
<6>[    4.105431] libphy: Fixed MDIO Bus: probed
<6>[    4.105434] tun: Universal TUN/TAP device driver, 1.6
<6>[    4.105435] tun: (C) 1999-2004 Max Krasnyansky <maxk@qualcomm.com>
<6>[    4.105473] PPP generic driver version 2.4.2
<6>[    4.105525] ehci_hcd: USB 2.0 'Enhanced' Host Controller (EHCI) Driver
<6>[    4.105530] ehci-pci: EHCI PCI platform driver
<6>[    4.105635] ehci-pci 0000:00:1a.0: EHCI Host Controller
<6>[    4.105640] ehci-pci 0000:00:1a.0: new USB bus registered, assigned bus number 1
<6>[    4.105654] ehci-pci 0000:00:1a.0: debug port 2
<7>[    4.109578] ehci-pci 0000:00:1a.0: cache line size of 64 is not supported
<6>[    4.109589] ehci-pci 0000:00:1a.0: irq 16, io mem 0xf7318000
<6>[    4.121171] ehci-pci 0000:00:1a.0: USB 2.0 started, EHCI 1.00
<6>[    4.121218] usb usb1: New USB device found, idVendor=1d6b, idProduct=0002
<6>[    4.121219] usb usb1: New USB device strings: Mfr=3, Product=2, SerialNumber=1
<6>[    4.121221] usb usb1: Product: EHCI Host Controller
<6>[    4.121223] usb usb1: Manufacturer: Linux 4.4.0-22-generic ehci_hcd
<6>[    4.121224] usb usb1: SerialNumber: 0000:00:1a.0
<6>[    4.121373] hub 1-0:1.0: USB hub found
<6>[    4.121379] hub 1-0:1.0: 2 ports detected
<6>[    4.121554] ehci-pci 0000:00:1d.0: EHCI Host Controller
<6>[    4.121559] ehci-pci 0000:00:1d.0: new USB bus registered, assigned bus number 2
<6>[    4.121570] ehci-pci 0000:00:1d.0: debug port 2
<7>[    4.125463] ehci-pci 0000:00:1d.0: cache line size of 64 is not supported
<6>[    4.125472] ehci-pci 0000:00:1d.0: irq 23, io mem 0xf7317000
<6>[    4.133384] ACPI: Battery Slot [BAT0] (battery present)
<6>[    4.137179] ehci-pci 0000:00:1d.0: USB 2.0 started, EHCI 1.00
<6>[    4.137223] usb usb2: New USB device found, idVendor=1d6b, idProduct=0002
<6>[    4.137225] usb usb2: New USB device strings: Mfr=3, Product=2, SerialNumber=1
<6>[    4.137226] usb usb2: Product: EHCI Host Controller
<6>[    4.137228] usb usb2: Manufacturer: Linux 4.4.0-22-generic ehci_hcd
<6>[    4.137229] usb usb2: SerialNumber: 0000:00:1d.0
<6>[    4.137358] hub 2-0:1.0: USB hub found
<6>[    4.137363] hub 2-0:1.0: 2 ports detected
<6>[    4.137447] ehci-platform: EHCI generic platform driver
<6>[    4.137456] ohci_hcd: USB 1.1 'Open' Host Controller (OHCI) Driver
<6>[    4.137460] ohci-pci: OHCI PCI platform driver
<6>[    4.137471] ohci-platform: OHCI generic platform driver
<6>[    4.137478] uhci_hcd: USB Universal Host Controller Interface driver
<6>[    4.137583] xhci_hcd 0000:00:14.0: xHCI Host Controller
<6>[    4.137587] xhci_hcd 0000:00:14.0: new USB bus registered, assigned bus number 3
<6>[    4.138674] xhci_hcd 0000:00:14.0: hcc params 0x20007181 hci version 0x100 quirks 0x0000b930
<7>[    4.138679] xhci_hcd 0000:00:14.0: cache line size of 64 is not supported
<6>[    4.138754] usb usb3: New USB device found, idVendor=1d6b, idProduct=0002
<6>[    4.138756] usb usb3: New USB device strings: Mfr=3, Product=2, SerialNumber=1
<6>[    4.138757] usb usb3: Product: xHCI Host Controller
<6>[    4.138759] usb usb3: Manufacturer: Linux 4.4.0-22-generic xhci-hcd
<6>[    4.138760] usb usb3: SerialNumber: 0000:00:14.0
<6>[    4.138880] hub 3-0:1.0: USB hub found
<6>[    4.138890] hub 3-0:1.0: 4 ports detected
<6>[    4.138986] xhci_hcd 0000:00:14.0: xHCI Host Controller
<6>[    4.138989] xhci_hcd 0000:00:14.0: new USB bus registered, assigned bus number 4
<6>[    4.139017] usb usb4: New USB device found, idVendor=1d6b, idProduct=0003
<6>[    4.139019] usb usb4: New USB device strings: Mfr=3, Product=2, SerialNumber=1
<6>[    4.139021] usb usb4: Product: xHCI Host Controller
<6>[    4.139022] usb usb4: Manufacturer: Linux 4.4.0-22-generic xhci-hcd
<6>[    4.139023] usb usb4: SerialNumber: 0000:00:14.0
<6>[    4.139141] hub 4-0:1.0: USB hub found
<6>[    4.139150] hub 4-0:1.0: 4 ports detected
<6>[    4.139291] i8042: PNP: PS/2 Controller [PNP030b:PS2K,PNP0f13:PS2M] at 0x60,0x64 irq 1,12
<6>[    4.141045] i8042: Detected active multiplexing controller, rev 1.1
<6>[    4.141973] serio: i8042 KBD port at 0x60,0x64 irq 1
<6>[    4.141978] serio: i8042 AUX0 port at 0x60,0x64 irq 12
<6>[    4.142006] serio: i8042 AUX1 port at 0x60,0x64 irq 12
<6>[    4.142030] serio: i8042 AUX2 port at 0x60,0x64 irq 12
<6>[    4.142053] serio: i8042 AUX3 port at 0x60,0x64 irq 12
<6>[    4.142290] mousedev: PS/2 mouse device common for all mice
<6>[    4.142571] rtc_cmos 00:02: RTC can wake from S4
<6>[    4.142731] rtc_cmos 00:02: rtc core: registered rtc_cmos as rtc0
<6>[    4.142759] rtc_cmos 00:02: alarms up to one month, y3k, 242 bytes nvram, hpet irqs
<6>[    4.142767] i2c /dev entries driver
<6>[    4.142813] device-mapper: uevent: version 1.0.3
<6>[    4.142876] device-mapper: ioctl: 4.34.0-ioctl (2015-10-28) initialised: dm-devel@redhat.com
<6>[    4.142894] Intel P-state driver initializing.
<6>[    4.143198] ledtrig-cpu: registered to indicate activity on CPUs
<6>[    4.143204] EFI Variables Facility v0.08 2004-May-17
<6>[    4.148904] NET: Registered protocol family 10
<6>[    4.149276] NET: Registered protocol family 17
<5>[    4.149299] Key type dns_resolver registered
<6>[    4.149865] microcode: CPU0 sig=0x306a9, pf=0x10, revision=0x12
<6>[    4.149882] microcode: CPU1 sig=0x306a9, pf=0x10, revision=0x12
<6>[    4.149960] microcode: CPU2 sig=0x306a9, pf=0x10, revision=0x12
<6>[    4.150013] microcode: CPU3 sig=0x306a9, pf=0x10, revision=0x12
<6>[    4.150045] microcode: CPU4 sig=0x306a9, pf=0x10, revision=0x12
<6>[    4.150054] microcode: CPU5 sig=0x306a9, pf=0x10, revision=0x12
<6>[    4.150155] microcode: CPU6 sig=0x306a9, pf=0x10, revision=0x12
<6>[    4.150208] microcode: CPU7 sig=0x306a9, pf=0x10, revision=0x12
<6>[    4.150287] microcode: Microcode Update Driver: v2.01 <tigran@aivazian.fsnet.co.uk>, Peter Oruba
<6>[    4.150647] registered taskstats version 1
<5>[    4.150675] Loading compiled-in X.509 certificates
<5>[    4.152355] Loaded X.509 cert 'Build time autogenerated kernel key: f53317e6e2605a38562afec75d85df3b62286554'
<6>[    4.152397] zswap: loaded using pool lzo/zbud
<5>[    4.154307] Key type trusted registered
<5>[    4.157200] Key type encrypted registered
<6>[    4.157204] AppArmor: AppArmor sha1 policy hashing enabled
<6>[    4.157207] ima: No TPM chip found, activating TPM-bypass!
<6>[    4.157224] evm: HMAC attrs: 0x1
<6>[    4.157621]   Magic number: 0:395:798
<6>[    4.157751] rtc_cmos 00:02: setting system clock to 2016-05-30 18:46:29 UTC (1464633989)
<6>[    4.157893] BIOS EDD facility v0.16 2004-Jun-25, 0 devices found
<6>[    4.157903] EDD information not available.
<7>[    4.158020] PM: Hibernation image not present or could not be loaded.
<6>[    4.158720] Freeing unused kernel memory: 1484K (ffffffff81d43000 - ffffffff81eb6000)
<6>[    4.158721] Write protecting the kernel read-only data: 12288k
<6>[    4.158963] Freeing unused kernel memory: 36K (ffff8800017f7000 - ffff880001800000)
<6>[    4.159283] Freeing unused kernel memory: 156K (ffff880001bd9000 - ffff880001c00000)
<30>[    4.168088] systemd-udevd[158]: starting version 204
<6>[    4.176313] FUJITSU Extended Socket Network Device Driver - version 1.0 - Copyright (c) 2015 FUJITSU LIMITED
<6>[    4.178967] ACPI: Video Device [GFX0] (multi-head: yes  rom: yes  post: no)
<6>[    4.179687] input: AT Translated Set 2 keyboard as /devices/platform/i8042/serio0/input/input3
<6>[    4.182532] wmi: Mapper loaded
<7>[    4.185264] ahci 0000:00:1f.2: version 3.0
<6>[    4.187520] [drm] Initialized drm 1.1.0 20060810
<6>[    4.201218] ahci 0000:00:1f.2: AHCI 0001.0300 32 slots 6 ports 6 Gbps 0x7 impl SATA mode
<6>[    4.201221] ahci 0000:00:1f.2: flags: 64bit ncq pm led clo pio slum part ems apst 
<6>[    4.218680] atl1c 0000:04:00.0: version 1.0.1.1-NAPI
<6>[    4.221920] scsi host0: ahci
<6>[    4.222180] scsi host1: ahci
<6>[    4.222393] scsi host2: ahci
<6>[    4.222619] scsi host3: ahci
<6>[    4.222769] scsi host4: ahci
<6>[    4.222879] scsi host5: ahci
<6>[    4.222915] ata1: SATA max UDMA/133 abar m2048@0xf7316000 port 0xf7316100 irq 26
<6>[    4.222918] ata2: SATA max UDMA/133 abar m2048@0xf7316000 port 0xf7316180 irq 26
<6>[    4.222920] ata3: SATA max UDMA/133 abar m2048@0xf7316000 port 0xf7316200 irq 26
<6>[    4.222921] ata4: DUMMY
<6>[    4.222922] ata5: DUMMY
<6>[    4.222922] ata6: DUMMY
<6>[    4.281393] acpi device:05: registered as cooling_device8
<6>[    4.377384] acpi device:08: registered as cooling_device9
<6>[    4.377447] input: Video Bus as /devices/LNXSYSTM:00/LNXSYBUS:00/PNP0A08:00/device:02/LNXVIDEO:00/input/input12
<4>[    4.391939] ACPI Warning: \_SB_.PCI0.PEG0.GFX0._DSM: Argument #4 type mismatch - Found [Buffer], ACPI requires [Package] (20150930/nsarguments-95)
<6>[    4.391956] ACPI: \_SB_.PCI0.PEG0.GFX0: failed to evaluate _DSM
<7>[    4.391973] checking generic (f1000000 1e0000) vs hw (e0000000 10000000)
<7>[    4.391974] checking generic (f1000000 1e0000) vs hw (f0000000 2000000)
<6>[    4.391975] fb: switching to nouveaufb from EFI VGA
<6>[    4.391994] Console: switching to colour dummy device 80x25
<6>[    4.392156] nouveau 0000:01:00.0: NVIDIA GK107 (0e7140a2)
<6>[    4.401137] nouveau 0000:01:00.0: bios: version 80.07.2c.00.14
<6>[    4.402639] nouveau 0000:01:00.0: fb: 2048 MiB GDDR5
<6>[    4.433194] usb 1-1: new high-speed USB device number 2 using ehci-pci
<6>[    4.449178] usb 3-2: new high-speed USB device number 2 using xhci_hcd
<6>[    4.449189] usb 2-1: new high-speed USB device number 2 using ehci-pci
<6>[    4.461129] [TTM] Zone  kernel: Available graphics memory: 8192328 kiB
<6>[    4.461131] [TTM] Zone   dma32: Available graphics memory: 2097152 kiB
<6>[    4.461131] [TTM] Initializing pool allocator
<6>[    4.461135] [TTM] Initializing DMA pool allocator
<6>[    4.461141] nouveau 0000:01:00.0: DRM: VRAM: 2048 MiB
<6>[    4.461142] nouveau 0000:01:00.0: DRM: GART: 1048576 MiB
<6>[    4.461153] nouveau 0000:01:00.0: DRM: TMDS table version 2.0
<6>[    4.461154] nouveau 0000:01:00.0: DRM: DCB version 4.0
<6>[    4.461155] nouveau 0000:01:00.0: DRM: DCB outp 00: 04800fb6 0f430010
<6>[    4.461157] nouveau 0000:01:00.0: DRM: DCB outp 01: 02011f00 00000000
<6>[    4.461158] nouveau 0000:01:00.0: DRM: DCB outp 02: 08022f82 00020010
<6>[    4.461159] nouveau 0000:01:00.0: DRM: DCB outp 03: 02033fa6 0f220010
<6>[    4.461167] nouveau 0000:01:00.0: DRM: DCB outp 04: 02033f62 00020010
<6>[    4.461168] nouveau 0000:01:00.0: DRM: DCB conn 00: 00020047
<6>[    4.461169] nouveau 0000:01:00.0: DRM: DCB conn 01: 00000100
<6>[    4.461170] nouveau 0000:01:00.0: DRM: DCB conn 02: 01000261
<6>[    4.461171] nouveau 0000:01:00.0: DRM: DCB conn 03: 00010346
<6>[    4.479662] [drm] Supports vblank timestamp caching Rev 2 (21.10.2013).
<6>[    4.479664] [drm] Driver supports precise vblank timestamp query.
<6>[    4.541197] ata1: SATA link up 6.0 Gbps (SStatus 133 SControl 300)
<6>[    4.541218] ata3: SATA link up 1.5 Gbps (SStatus 113 SControl 300)
<6>[    4.541237] ata2: SATA link up 6.0 Gbps (SStatus 133 SControl 300)
<6>[    4.541685] ata1.00: ACPI cmd f5/00:00:00:00:00:a0 (SECURITY FREEZE LOCK) filtered out
<7>[    4.541716] ata1.00: ACPI cmd ef/10:06:00:00:00:a0 (SET FEATURES) succeeded
<6>[    4.541719] ata1.00: ACPI cmd ef/10:03:00:00:00:a0 (SET FEATURES) filtered out
<4>[    4.541967] ata1.00: supports DRM functions and may not be fully accessible
<6>[    4.542269] ata2.00: ACPI cmd f5/00:00:00:00:00:a0 (SECURITY FREEZE LOCK) filtered out
<7>[    4.542415] ata2.00: ACPI cmd ef/10:06:00:00:00:a0 (SET FEATURES) succeeded
<6>[    4.542417] ata2.00: ACPI cmd ef/10:03:00:00:00:a0 (SET FEATURES) filtered out
<6>[    4.543518] ata2.00: ATA-8: HGST HTS541010A9E680, JA0OA560, max UDMA/133
<6>[    4.543521] ata2.00: 1953525168 sectors, multi 16: LBA48 NCQ (depth 31/32), AA
<6>[    4.544638] ata2.00: ACPI cmd f5/00:00:00:00:00:a0 (SECURITY FREEZE LOCK) filtered out
<7>[    4.544783] ata2.00: ACPI cmd ef/10:06:00:00:00:a0 (SET FEATURES) succeeded
<6>[    4.544784] ata2.00: ACPI cmd ef/10:03:00:00:00:a0 (SET FEATURES) filtered out
<7>[    4.545812] ata1.00: disabling queued TRIM support
<6>[    4.545814] ata1.00: ATA-9: Crucial_CT512M550SSD1, MU01, max UDMA/133
<6>[    4.545816] ata1.00: 1000215216 sectors, multi 16: LBA48 NCQ (depth 31/32), AA
<6>[    4.545888] ata2.00: configured for UDMA/133
<6>[    4.550508] ata1.00: ACPI cmd f5/00:00:00:00:00:a0 (SECURITY FREEZE LOCK) filtered out
<7>[    4.550539] ata1.00: ACPI cmd ef/10:06:00:00:00:a0 (SET FEATURES) succeeded
<6>[    4.550540] ata1.00: ACPI cmd ef/10:03:00:00:00:a0 (SET FEATURES) filtered out
<4>[    4.550794] ata1.00: supports DRM functions and may not be fully accessible
<7>[    4.551443] ata3.00: ACPI cmd ef/10:06:00:00:00:a0 (SET FEATURES) succeeded
<6>[    4.551446] ata3.00: ACPI cmd ef/10:03:00:00:00:a0 (SET FEATURES) filtered out
<7>[    4.554631] ata1.00: disabling queued TRIM support
<6>[    4.558891] ata1.00: configured for UDMA/133
<5>[    4.559143] scsi 0:0:0:0: Direct-Access     ATA      Crucial_CT512M55 MU01 PQ: 0 ANSI: 5
<6>[    4.559465] ata1.00: Enabling discard_zeroes_data
<5>[    4.559469] sd 0:0:0:0: Attached scsi generic sg0 type 0
<5>[    4.559476] sd 0:0:0:0: [sda] 1000215216 512-byte logical blocks: (512 GB/477 GiB)
<5>[    4.559478] sd 0:0:0:0: [sda] 4096-byte physical blocks
<5>[    4.559514] sd 0:0:0:0: [sda] Write Protect is off
<7>[    4.559516] sd 0:0:0:0: [sda] Mode Sense: 00 3a 00 00
<5>[    4.559526] sd 0:0:0:0: [sda] Write cache: enabled, read cache: enabled, doesn't support DPO or FUA
<6>[    4.559629] ata1.00: Enabling discard_zeroes_data
<5>[    4.559652] scsi 1:0:0:0: Direct-Access     ATA      HGST HTS541010A9 A560 PQ: 0 ANSI: 5
<5>[    4.559795] sd 1:0:0:0: [sdb] 1953525168 512-byte logical blocks: (1.00 TB/932 GiB)
<5>[    4.559797] sd 1:0:0:0: [sdb] 4096-byte physical blocks
<5>[    4.559814] sd 1:0:0:0: Attached scsi generic sg1 type 0
<5>[    4.559910] sd 1:0:0:0: [sdb] Write Protect is off
<7>[    4.559912] sd 1:0:0:0: [sdb] Mode Sense: 00 3a 00 00
<5>[    4.559942] sd 1:0:0:0: [sdb] Write cache: enabled, read cache: enabled, doesn't support DPO or FUA
<6>[    4.560654]  sda: sda1 sda2 sda3 sda4 sda5 sda6
<6>[    4.560878] ata1.00: Enabling discard_zeroes_data
<5>[    4.560916] sd 0:0:0:0: [sda] Attached SCSI disk
<6>[    4.561803] ata3.00: ATAPI: Optiarc BD RW BD-5750H, C402, max UDMA/100
<7>[    4.581476] ata3.00: ACPI cmd ef/10:06:00:00:00:a0 (SET FEATURES) succeeded
<6>[    4.581478] ata3.00: ACPI cmd ef/10:03:00:00:00:a0 (SET FEATURES) filtered out
<6>[    4.591840] ata3.00: configured for UDMA/100
<6>[    4.597519] usb 1-1: New USB device found, idVendor=8087, idProduct=0024
<6>[    4.597521] usb 1-1: New USB device strings: Mfr=0, Product=0, SerialNumber=0
<6>[    4.597800] hub 1-1:1.0: USB hub found
<6>[    4.597894] hub 1-1:1.0: 6 ports detected
<5>[    4.611681] scsi 2:0:0:0: CD-ROM            Optiarc  BD RW BD-5750H   C402 PQ: 0 ANSI: 5
<6>[    4.624151] nouveau 0000:01:00.0: DRM: MM: using COPY for buffer copies
<6>[    4.652328] usb 3-2: New USB device found, idVendor=048d, idProduct=1176
<6>[    4.652330] usb 3-2: New USB device strings: Mfr=1, Product=2, SerialNumber=3
<6>[    4.652332] usb 3-2: Product: USB Mass Storage Device
<6>[    4.652333] usb 3-2: Manufacturer: Generic
<6>[    4.652336] usb 3-2: SerialNumber: ################
<6>[    4.653517] usb 2-1: New USB device found, idVendor=8087, idProduct=0024
<6>[    4.653520] usb 2-1: New USB device strings: Mfr=0, Product=0, SerialNumber=0
<6>[    4.653807] hub 2-1:1.0: USB hub found
<6>[    4.653893] hub 2-1:1.0: 8 ports detected
<6>[    4.654774] usb-storage 3-2:1.0: USB Mass Storage device detected
<6>[    4.654901] scsi host6: usb-storage 3-2:1.0
<6>[    4.654955] usbcore: registered new interface driver usb-storage
<6>[    4.656071] usbcore: registered new interface driver uas
<6>[    4.662009] sr 2:0:0:0: [sr0] scsi3-mmc drive: 24x/24x writer dvd-ram cd/rw xa/form2 cdda tray
<6>[    4.662011] cdrom: Uniform CD-ROM driver Revision: 3.20
<7>[    4.662127] sr 2:0:0:0: Attached scsi CD-ROM sr0
<5>[    4.662238] sr 2:0:0:0: Attached scsi generic sg2 type 5
<6>[    4.817188] usb 3-3: new full-speed USB device number 3 using xhci_hcd
<6>[    4.869199] usb 1-1.1: new full-speed USB device number 3 using ehci-pci
<6>[    4.883810]  sdb: sdb1 sdb2
<5>[    4.884734] sd 1:0:0:0: [sdb] Attached SCSI disk
<6>[    4.925210] usb 2-1.5: new high-speed USB device number 3 using ehci-pci
<6>[    4.944371] psmouse serio4: synaptics: queried max coordinates: x [..5588], y [..4690]
<6>[    4.947130] usb 3-3: New USB device found, idVendor=0b05, idProduct=17ac
<6>[    4.947133] usb 3-3: New USB device strings: Mfr=0, Product=2, SerialNumber=0
<6>[    4.947134] usb 3-3: Product: ASUS Laser GAMING MOUSE
<6>[    4.949919] hidraw: raw HID events driver (C) Jiri Kosina
<6>[    4.952314] usbcore: registered new interface driver usbhid
<6>[    4.952315] usbhid: USB HID core driver
<6>[    4.953705] input: ASUS Laser GAMING MOUSE as /devices/pci0000:00/0000:00:14.0/usb3/3-3/3-3:1.0/0003:0B05:17AC.0001/input/input13
<6>[    4.953834] hid-generic 0003:0B05:17AC.0001: input,hidraw0: USB HID v1.11 Mouse [ASUS Laser GAMING MOUSE] on usb-0000:00:14.0-3/input0
<6>[    4.963424] usb 1-1.1: New USB device found, idVendor=13d3, idProduct=3362
<6>[    4.963426] usb 1-1.1: New USB device strings: Mfr=1, Product=2, SerialNumber=3
<6>[    4.963428] usb 1-1.1: Product: Bluetooth USB Host Controller
<6>[    4.963429] usb 1-1.1: Manufacturer: Atheros Communications
<6>[    4.963430] usb 1-1.1: SerialNumber: Alaska Day 2006
<6>[    4.965410] nouveau 0000:01:00.0: DRM: allocated 1920x1080 fb: 0x60000, bo ffff880408cf4800
<6>[    4.965559] fbcon: nouveaufb (fb0) is primary device
<6>[    4.996978] psmouse serio4: synaptics: Touchpad model: 1, fw: 7.4, id: 0x1c0b1, caps: 0xd04733/0xa40000/0xa0400/0x0, board id: 0, fw id: 669039
<6>[    5.018044] usb 2-1.5: New USB device found, idVendor=0955, idProduct=7002
<6>[    5.018045] usb 2-1.5: New USB device strings: Mfr=1, Product=2, SerialNumber=0
<6>[    5.018046] usb 2-1.5: Product: NVIDIA stereo controller
<6>[    5.018046] usb 2-1.5: Manufacturer: Copyright (c) 2009 NVIDIA Corporation
<6>[    5.030603] input: SynPS/2 Synaptics TouchPad as /devices/platform/i8042/serio4/input/input11
<6>[    5.033216] usb 1-1.3: new high-speed USB device number 4 using ehci-pci
<6>[    5.057195] tsc: Refined TSC clocksource calibration: 2294.786 MHz
<6>[    5.057196] clocksource: tsc: mask: 0xffffffffffffffff max_cycles: 0x2113f7e44a7, max_idle_ns: 440795281465 ns
<6>[    5.232411] usb 1-1.3: New USB device found, idVendor=1bcf, idProduct=2885
<6>[    5.232412] usb 1-1.3: New USB device strings: Mfr=1, Product=2, SerialNumber=0
<6>[    5.232413] usb 1-1.3: Product: ASUS USB2.0 Webcam
<6>[    5.232413] usb 1-1.3: Manufacturer: 04G626000610B82AN0005HF
<5>[    5.654296] scsi 6:0:0:0: Direct-Access     Generic  USB Flash Disk   0.00 PQ: 0 ANSI: 6
<5>[    5.654722] sd 6:0:0:0: Attached scsi generic sg3 type 0
<5>[    5.655493] sd 6:0:0:0: [sdc] 7866368 512-byte logical blocks: (4.03 GB/3.75 GiB)
<5>[    5.656389] sd 6:0:0:0: [sdc] Write Protect is off
<7>[    5.656390] sd 6:0:0:0: [sdc] Mode Sense: 23 00 00 00
<5>[    5.657282] sd 6:0:0:0: [sdc] Write cache: disabled, read cache: enabled, doesn't support DPO or FUA
<6>[    5.663145]  sdc: sdc1
<5>[    5.666458] sd 6:0:0:0: [sdc] Attached SCSI removable disk
<6>[    5.740415] Console: switching to colour frame buffer device 240x67
<6>[    5.743083] nouveau 0000:01:00.0: fb0: nouveaufb frame buffer device
<6>[    5.753233] [drm] Initialized nouveau 1.3.1 20120801 for 0000:01:00.0 on minor 0
<6>[    5.998248] EXT4-fs (sda2): INFO: recovery required on readonly filesystem
<6>[    5.998250] EXT4-fs (sda2): write access will be enabled during recovery
<5>[    6.026557] random: nonblocking pool is initialized
<6>[    6.057347] clocksource: Switched to clocksource tsc
<6>[    6.127564] EXT4-fs (sda2): orphan cleanup on readonly fs
<6>[    6.136296] EXT4-fs (sda2): 37 orphan inodes deleted
<6>[    6.136297] EXT4-fs (sda2): recovery complete
<6>[    6.164079] EXT4-fs (sda2): mounted filesystem with ordered data mode. Opts: (null)
<6>[    6.199416] EXT4-fs (sda4): INFO: recovery required on readonly filesystem
<6>[    6.199418] EXT4-fs (sda4): write access will be enabled during recovery
<6>[    6.206226] EXT4-fs (sda4): recovery complete
<6>[    6.211684] EXT4-fs (sda4): mounted filesystem with ordered data mode. Opts: (null)
<6>[    6.525956] EXT4-fs (sdb1): INFO: recovery required on readonly filesystem
<6>[    6.525959] EXT4-fs (sdb1): write access will be enabled during recovery
<6>[    6.539687] EXT4-fs (sdb1): recovery complete
<6>[    6.560509] EXT4-fs (sdb1): mounted filesystem with ordered data mode. Opts: (null)
<6>[    6.666215] EXT4-fs (sdb2): INFO: recovery required on readonly filesystem
<6>[    6.666218] EXT4-fs (sdb2): write access will be enabled during recovery
<6>[    7.166576] EXT4-fs (sdb2): orphan cleanup on readonly fs
<6>[    7.190503] EXT4-fs (sdb2): 1 orphan inode deleted
<6>[    7.190506] EXT4-fs (sdb2): recovery complete
<6>[    7.340328] EXT4-fs (sdb2): mounted filesystem with ordered data mode. Opts: (null)
<6>[    8.326014] EXT4-fs (loop0): mounting ext3 file system using the ext4 subsystem
<4>[    8.342328] EXT4-fs (loop0): warning: checktime reached, running e2fsck is recommended
<6>[    8.348094] EXT4-fs (loop0): mounted filesystem with ordered data mode. Opts: (null)
<6>[    8.509376] squashfs: version 4.0 (2009/01/31) Phillip Lougher
<30>[   20.280384] systemd-udevd[2356]: starting version 204
<6>[   20.477292] shpchp: Standard Hot Plug PCI Controller Driver version: 0.4
<4>[   20.560876] ACPI Warning: SystemIO range 0x0000000000000428-0x000000000000042F conflicts with OpRegion 0x0000000000000400-0x000000000000044F (\GPIS) (20150930/utaddress-254)
<4>[   20.560882] ACPI Warning: SystemIO range 0x0000000000000428-0x000000000000042F conflicts with OpRegion 0x0000000000000400-0x000000000000047F (\PMIO) (20150930/utaddress-254)
<6>[   20.560885] ACPI: If an ACPI driver is available for this device, you should use it instead of the native driver
<4>[   20.560888] ACPI Warning: SystemIO range 0x0000000000000540-0x000000000000054F conflicts with OpRegion 0x0000000000000500-0x000000000000057F (\GPIO) (20150930/utaddress-254)
<4>[   20.560890] ACPI Warning: SystemIO range 0x0000000000000540-0x000000000000054F conflicts with OpRegion 0x0000000000000500-0x0000000000000563 (\GP01) (20150930/utaddress-254)
<6>[   20.560892] ACPI: If an ACPI driver is available for this device, you should use it instead of the native driver
<4>[   20.560893] ACPI Warning: SystemIO range 0x0000000000000530-0x000000000000053F conflicts with OpRegion 0x0000000000000500-0x000000000000057F (\GPIO) (20150930/utaddress-254)
<4>[   20.560895] ACPI Warning: SystemIO range 0x0000000000000530-0x000000000000053F conflicts with OpRegion 0x0000000000000500-0x0000000000000563 (\GP01) (20150930/utaddress-254)
<6>[   20.560897] ACPI: If an ACPI driver is available for this device, you should use it instead of the native driver
<4>[   20.560898] ACPI Warning: SystemIO range 0x0000000000000500-0x000000000000052F conflicts with OpRegion 0x0000000000000500-0x000000000000057F (\GPIO) (20150930/utaddress-254)
<4>[   20.560900] ACPI Warning: SystemIO range 0x0000000000000500-0x000000000000052F conflicts with OpRegion 0x0000000000000500-0x0000000000000563 (\GP01) (20150930/utaddress-254)
<6>[   20.560902] ACPI: If an ACPI driver is available for this device, you should use it instead of the native driver
<4>[   20.560902] lpc_ich: Resource conflict(s) found affecting gpio_ich
<6>[   20.591363] media: Linux media interface: v0.10
<12>[   20.725530] init: failsafe main process (2439) killed by TERM signal
<6>[   20.728940] AVX version of gcm_enc/dec engaged.
<6>[   20.728942] AES CTR mode by8 optimization enabled
<6>[   20.738256] asus_wmi: ASUS WMI generic driver loaded
<6>[   20.738745] Linux video capture interface: v2.00
<6>[   20.775642] asus_wmi: Initialization: 0x1
<6>[   20.775685] asus_wmi: BIOS WMI version: 7.9
<6>[   20.775733] asus_wmi: SFUN value: 0x6a0877
<6>[   20.776318] input: Asus WMI hotkeys as /devices/platform/asus-nb-wmi/input/input14
<6>[   20.798402] asus_wmi: Number of fans: 1
<6>[   20.828806] Bluetooth: Core ver 2.21
<6>[   20.828847] NET: Registered protocol family 31
<6>[   20.828849] Bluetooth: HCI device and connection manager initialized
<6>[   20.828853] Bluetooth: HCI socket layer initialized
<6>[   20.828917] Bluetooth: L2CAP socket layer initialized
<6>[   20.828923] Bluetooth: SCO socket layer initialized
<6>[   20.870984] snd_hda_intel 0000:01:00.1: Disabling MSI
<6>[   20.870989] snd_hda_intel 0000:01:00.1: Handle vga_switcheroo audio client
<6>[   20.921574] uvcvideo: Found UVC 1.00 device ASUS USB2.0 Webcam (1bcf:2885)
<6>[   20.938581] input: ASUS USB2.0 Webcam as /devices/pci0000:00/0000:00:1a.0/usb1/1-1/1-1.3/1-1.3:1.0/input/input15
<6>[   20.938623] usbcore: registered new interface driver uvcvideo
<6>[   20.938624] USB Video Class driver (1.1.1)
<6>[   20.944827] snd_hda_codec_via hdaudioC0D0: autoconfig for VT1802: line_outs=2 (0x24/0x33/0x0/0x0/0x0) type:speaker
<6>[   20.944830] snd_hda_codec_via hdaudioC0D0:    speaker_outs=0 (0x0/0x0/0x0/0x0/0x0)
<6>[   20.944831] snd_hda_codec_via hdaudioC0D0:    hp_outs=1 (0x25/0x0/0x0/0x0/0x0)
<6>[   20.944832] snd_hda_codec_via hdaudioC0D0:    mono: mono_out=0x0
<6>[   20.944833] snd_hda_codec_via hdaudioC0D0:    dig-out=0x2d/0x0
<6>[   20.944834] snd_hda_codec_via hdaudioC0D0:    inputs:
<6>[   20.944836] snd_hda_codec_via hdaudioC0D0:      Mic=0x2b
<6>[   20.944837] snd_hda_codec_via hdaudioC0D0:      Internal Mic=0x29
<6>[   20.957425] usbcore: registered new interface driver btusb
<6>[   20.958423] input: HDA Intel PCH Mic as /devices/pci0000:00/0000:00:1b.0/sound/card0/input16
<6>[   20.958494] input: HDA Intel PCH Front Headphone as /devices/pci0000:00/0000:00:1b.0/sound/card0/input17
<4>[   21.019957] usb 1-1.1: Direct firmware load for ar3k/AthrBT_0x01020200.dfu failed with error -2
<3>[   21.019960] Bluetooth: Patch file not found ar3k/AthrBT_0x01020200.dfu
<3>[   21.019961] Bluetooth: Loading patch file failed
<4>[   21.019965] ath3k: probe of 1-1.1:1.0 failed with error -2
<6>[   21.019988] usbcore: registered new interface driver ath3k
<12>[   21.079938] init: ttyS0 main process (2687) terminated with status 1
<12>[   21.079945] init: ttyS0 main process ended, respawning
<12>[   21.084874] init: ttyS0 main process (2702) terminated with status 1
<12>[   21.084883] init: ttyS0 main process ended, respawning
<12>[   21.089057] init: ttyS0 main process (2708) terminated with status 1
<12>[   21.089065] init: ttyS0 main process ended, respawning
<12>[   21.091455] init: ttyS0 main process (2710) terminated with status 1
<12>[   21.091462] init: ttyS0 main process ended, respawning
<12>[   21.094441] init: ttyS0 main process (2712) terminated with status 1
<12>[   21.094449] init: ttyS0 main process ended, respawning
<12>[   21.096682] init: ttyS0 main process (2715) terminated with status 1
<12>[   21.096689] init: ttyS0 main process ended, respawning
<12>[   21.099041] init: ttyS0 main process (2717) terminated with status 1
<12>[   21.099051] init: ttyS0 main process ended, respawning
<12>[   21.101698] init: ttyS0 main process (2719) terminated with status 1
<12>[   21.101707] init: ttyS0 main process ended, respawning
<12>[   21.104392] init: ttyS0 main process (2721) terminated with status 1
<12>[   21.104403] init: ttyS0 main process ended, respawning
<12>[   21.108155] init: plymouth-upstart-bridge main process ended, respawning
<12>[   21.108309] init: ttyS0 main process (2723) terminated with status 1
<12>[   21.108318] init: ttyS0 main process ended, respawning
<12>[   21.114816] init: ttyS0 main process (2726) terminated with status 1
<12>[   21.114823] init: ttyS0 respawning too fast, stopped
<6>[   21.122136] intel_rapl: Found RAPL domain package
<6>[   21.122139] intel_rapl: Found RAPL domain core
<6>[   21.122143] intel_rapl: RAPL package 0 domain package locked by BIOS
<6>[   21.191077] cfg80211: World regulatory domain updated:
<6>[   21.191080] cfg80211:  DFS Master region: unset
<6>[   21.191081] cfg80211:   (start_freq - end_freq @ bandwidth), (max_antenna_gain, max_eirp), (dfs_cac_time)
<6>[   21.191083] cfg80211:   (2402000 KHz - 2472000 KHz @ 40000 KHz), (300 mBi, 2000 mBm), (N/A)
<6>[   21.191085] cfg80211:   (2457000 KHz - 2482000 KHz @ 40000 KHz), (300 mBi, 2000 mBm), (N/A)
<6>[   21.191086] cfg80211:   (2474000 KHz - 2494000 KHz @ 20000 KHz), (300 mBi, 2000 mBm), (N/A)
<6>[   21.191087] cfg80211:   (5170000 KHz - 5250000 KHz @ 40000 KHz), (300 mBi, 2000 mBm), (N/A)
<6>[   21.191088] cfg80211:   (5735000 KHz - 5835000 KHz @ 40000 KHz), (300 mBi, 2000 mBm), (N/A)
<6>[   21.212008] ath: phy0: Disable PLL PowerSave
<6>[   21.219674] ath: phy0: ASPM enabled: 0x42
<7>[   21.219675] ath: EEPROM regdomain: 0x60
<7>[   21.219676] ath: EEPROM indicates we should expect a direct regpair map
<7>[   21.219677] ath: Country alpha2 being used: 00
<7>[   21.219678] ath: Regpair used: 0x60
<7>[   21.223078] ieee80211 phy0: Selected rate control algorithm 'minstrel_ht'
<6>[   21.223298] ieee80211 phy0: Atheros AR9485 Rev:1 mem=0xffffc90002000000, irq=17
<6>[   21.338309] input: HDA NVidia HDMI/DP,pcm=3 as /devices/pci0000:00/0000:00:01.0/0000:01:00.1/sound/card1/input18
<6>[   21.338405] input: HDA NVidia HDMI/DP,pcm=7 as /devices/pci0000:00/0000:00:01.0/0000:01:00.1/sound/card1/input19
<5>[   31.568086] efi_runtime: module verification failed: signature and/or required key missing - tainting kernel
<6>[   31.568412] EFI_RUNTIME Driver v0.1
<6>[   31.573493] EFI_RUNTIME Driver Exit.
<6>[   31.610722] EFI_RUNTIME Driver v0.1
<6>[   50.420179] EFI_RUNTIME Driver Exit.
<6>[   50.436529] EFI_RUNTIME Driver v0.1
<6>[   59.653794] EFI_RUNTIME Driver Exit.
<6>[   59.676869] EFI_RUNTIME Driver v0.1
<3>[   59.677400] efitime: can't read time
<3>[   59.677484] efitime: can't read time
<6>[   61.744581] EFI_RUNTIME Driver Exit.
